2026-05-11 09:14:40 INFO  BUY amount set for 010170: 500000.00
2026-05-11 09:14:40 INFO  BUY amount set for 321260: 500000.00
2026-05-11 09:14:40 INFO  BUY amount set for 072950: 500000.00
2026-05-11 09:14:40 INFO  BUY amount set for 024840: 500000.00
2026-05-11 09:14:40 INFO  BUY amount set for 078150: 500000.00
2026-05-11 09:14:40 INFO  BUY amount set for 439960: 500000.00
2026-05-11 09:14:40 INFO  BUY amount set for 365270: 500000.00
2026-05-11 09:14:40 INFO  BUY amount set for 452200: 500000.00
2026-05-11 09:14:40 INFO  BUY amount set for 429270: 500000.00
2026-05-11 09:14:40 INFO  BUY amount set for 320000: 500000.00
2026-05-11 09:14:40 INFO  BUY amount set for 099410: 500000.00
2026-05-11 09:14:40 INFO  BUY amount set for 060310: 500000.00
2026-05-11 09:14:40 INFO  BUY amount set for 469750: 500000.00
2026-05-11 09:51:08 INFO  BUY [KRX] 439960 mode=VOLUME_BREAKOUT price=20950.0000 qty=23 size=1.0000x score=105(CONV) | WHY: strongBreakout volBreakout retestOK multiUp vol(2.39x) | VWAP: 0.11%(ABOVE slope=UP) | TREND: score=3 vel=3.20%/2.20%/2.95% | VOL: 209365.0000/87511.2000 TO: 4386196750.0000/1809742941.2500 | entryNo=1
2026-05-11 09:51:08 WARN  BUY_REJECTED 439960 phase=NONE
2026-05-11 09:58:06 INFO  BUY [KRX] 452200 mode=VOLUME_BREAKOUT price=4200.0000 qty=119 size=1.0000x score=95(CONV) | WHY: strongBreakout volBreakout retestOK multiUp vol(4.34x) | VWAP: 2.15%(ABOVE slope=UP) | TREND: score=3 vel=1.57%/1.57%/1.57% | VOL: 79430.0000/18284.3000 TO: 333208850.0000/75285165.5000 | entryNo=1
2026-05-11 09:58:06 WARN  BUY_REJECTED 452200 phase=NONE
2026-05-11 10:34:06 INFO  BUY [KRX] 321260 mode=VOLUME_BREAKOUT price=4390.0000 qty=113 size=1.0000x score=105(CONV) | WHY: strongBreakout volBreakout retestOK multiUp vol(2.33x) | VWAP: 0.03%(ABOVE slope=UP) | TREND: score=3 vel=1.39%/0.80%/2.69% | VOL: 47765.0000/20473.4500 TO: 209688350.0000/87803803.7500 | entryNo=1
2026-05-11 10:34:06 WARN  BUY_REJECTED 321260 phase=NONE
2026-05-11 10:36:24 INFO  BUY [KRX] 365270 mode=VOLUME_BREAKOUT price=17150.0000 qty=29 size=1.0000x score=95(CONV) | WHY: strongBreakout volBreakout retestOK multiUp vol(5.69x) | VWAP: 1.63%(ABOVE slope=UP) | TREND: score=3 vel=1.90%/1.42%/2.21% | VOL: 21440.0000/3770.2000 TO: 367481600.0000/63734583.0000 | entryNo=1
2026-05-11 10:36:24 WARN  BUY_REJECTED 365270 phase=NONE
2026-05-11 12:04:10 INFO  BUY [KRX] 010170 mode=BREAKOUT price=28000.0000 qty=14 size=0.8000x score=85(CONV) | WHY: strongBreakout retestOK multiUp vol(1.58x) | VWAP: 2.20%(ABOVE slope=UP) | TREND: score=3 vel=0.54%/0.36%/0.54% | VOL: 129503.0000/82067.8500 TO: 3626084000.0000/2273078960.0000 | entryNo=1
2026-05-11 12:04:10 WARN  BUY_REJECTED 010170 phase=NONE
2026-05-11 12:07:08 INFO  BUY [KRX] 010170 mode=VOLUME_BREAKOUT price=28150.0000 qty=17 size=1.0000x score=95(CONV) | WHY: strongBreakout volBreakout retestOK multiUp vol(2.48x) | VWAP: 2.91%(ABOVE slope=UP) | TREND: score=3 vel=0.89%/0.71%/1.26% | VOL: 241583.0000/97333.3500 TO: 6812640600.0000/2702966267.5000 | entryNo=2
2026-05-11 12:07:08 WARN  BUY_REJECTED 010170 phase=NONE
2026-05-11 12:26:08 INFO  BUY [KRX] 024840 mode=VOLUME_BREAKOUT price=10150.0000 qty=49 size=1.0000x score=105(CONV) | WHY: strongBreakout volBreakout retestOK multiUp vol(3.85x) | VWAP: 0.43%(ABOVE slope=UP) | TREND: score=3 vel=1.61%/1.81%/2.02% | VOL: 37171.0000/9651.5500 TO: 375798810.0000/96320391.0000 | entryNo=1
2026-05-11 12:26:08 WARN  BUY_REJECTED 024840 phase=NONE
2026-05-11 12:32:25 INFO  BUY [KRX] 078150 mode=VOLUME_BREAKOUT price=5300.0000 qty=94 size=1.0000x score=105(CONV) | WHY: strongBreakout volBreakout retestOK multiUp vol(3.72x) | VWAP: 1.40%(ABOVE slope=UP) | TREND: score=3 vel=0.76%/0.76%/0.76% | VOL: 66537.0000/17902.7000 TO: 352646100.0000/94059058.0000 | entryNo=1
2026-05-11 12:32:25 WARN  BUY_REJECTED 078150 phase=NONE
2026-05-11 17:07:06 WARN  BUY_SKIP [US] ETHU reason=AMOUNT_TOO_SMALL amount=0.0000 size=1.0000x price=26.8300
2026-05-11 17:07:21 WARN  BUY_SKIP [US] SMCX reason=AMOUNT_TOO_SMALL amount=0.0000 size=1.0000x price=18.5400
2026-05-11 17:09:08 WARN  BUY_SKIP [US] SQQQ reason=AMOUNT_TOO_SMALL amount=0.0000 size=1.0000x price=42.8500
2026-05-11 17:09:23 WARN  BUY_SKIP [US] SQQQ reason=AMOUNT_TOO_SMALL amount=0.0000 size=1.0000x price=42.8600
2026-05-11 17:12:21 WARN  BUY_SKIP [US] TSLQ reason=AMOUNT_TOO_SMALL amount=0.0000 size=1.0000x price=17.8000
2026-05-11 17:13:06 WARN  BUY_SKIP [US] TSLQ reason=AMOUNT_TOO_SMALL amount=0.0000 size=1.0000x price=17.8100
2026-05-11 17:13:22 WARN  BUY_SKIP [US] TSLQ reason=AMOUNT_TOO_SMALL amount=0.0000 size=1.0000x price=17.8100
2026-05-11 17:15:08 WARN  BUY_SKIP [US] TSLQ reason=AMOUNT_TOO_SMALL amount=0.0000 size=1.0000x price=17.8300
2026-05-11 17:15:24 WARN  BUY_SKIP [US] TSLQ reason=AMOUNT_TOO_SMALL amount=0.0000 size=1.0000x price=17.8300
2026-05-11 17:16:09 WARN  BUY_SKIP [US] META reason=AMOUNT_TOO_SMALL amount=0.0000 size=1.0000x price=607.5900
2026-05-11 17:16:25 WARN  BUY_SKIP [US] META reason=AMOUNT_TOO_SMALL amount=0.0000 size=1.0000x price=607.7000
2026-05-11 17:19:08 WARN  BUY_SKIP [US] ETHU reason=AMOUNT_TOO_SMALL amount=0.0000 size=0.8000x price=26.8300
2026-05-11 17:21:09 WARN  BUY_SKIP [US] META reason=AMOUNT_TOO_SMALL amount=0.0000 size=0.8000x price=607.9700
2026-05-11 17:21:25 WARN  BUY_SKIP [US] META reason=AMOUNT_TOO_SMALL amount=0.0000 size=0.8000x price=607.9700
2026-05-11 17:22:05 WARN  BUY_SKIP [US] TQQQ reason=AMOUNT_TOO_SMALL amount=0.0000 size=1.0000x price=76.0400
2026-05-11 17:22:21 WARN  BUY_SKIP [US] META reason=AMOUNT_TOO_SMALL amount=0.0000 size=0.8000x price=607.7700
2026-05-11 17:22:21 WARN  BUY_SKIP [US] TQQQ reason=AMOUNT_TOO_SMALL amount=0.0000 size=1.0000x price=76.0300
2026-05-11 17:23:07 WARN  BUY_SKIP [US] AMZU reason=AMOUNT_TOO_SMALL amount=0.0000 size=1.0000x price=44.6400
2026-05-11 17:23:22 WARN  BUY_SKIP [US] AMZU reason=AMOUNT_TOO_SMALL amount=0.0000 size=1.0000x price=44.6400
2026-05-11 17:23:22 WARN  BUY_SKIP [US] SMU reason=AMOUNT_TOO_SMALL amount=0.0000 size=0.8000x price=15.4800
2026-05-11 17:28:07 WARN  BUY_SKIP [US] AMZU reason=AMOUNT_TOO_SMALL amount=0.0000 size=1.0000x price=44.6600
2026-05-11 17:29:08 WARN  BUY_SKIP [US] TSLQ reason=AMOUNT_TOO_SMALL amount=0.0000 size=1.0000x price=17.8600
2026-05-11 17:29:23 WARN  BUY_SKIP [US] TSLQ reason=AMOUNT_TOO_SMALL amount=0.0000 size=1.0000x price=17.8600
2026-05-11 17:30:09 WARN  BUY_SKIP [US] TSLQ reason=AMOUNT_TOO_SMALL amount=0.0000 size=0.8000x price=17.8700
2026-05-11 17:30:09 WARN  BUY_SKIP [US] SQQQ reason=AMOUNT_TOO_SMALL amount=0.0000 size=0.8000x price=42.9300
2026-05-11 17:30:24 WARN  BUY_SKIP [US] TSLQ reason=AMOUNT_TOO_SMALL amount=0.0000 size=0.8000x price=17.8700
2026-05-11 17:30:24 WARN  BUY_SKIP [US] SQQQ reason=AMOUNT_TOO_SMALL amount=0.0000 size=0.8000x price=42.9200
2026-05-11 17:31:05 WARN  BUY_SKIP [US] TSLQ reason=AMOUNT_TOO_SMALL amount=0.0000 size=0.8000x price=17.8700
2026-05-11 17:31:20 WARN  BUY_SKIP [US] TSLQ reason=AMOUNT_TOO_SMALL amount=0.0000 size=0.8000x price=17.8500
2026-05-11 17:36:05 WARN  BUY_SKIP [US] AAPU reason=AMOUNT_TOO_SMALL amount=0.0000 size=1.0000x price=36.8900
2026-05-11 17:36:20 WARN  BUY_SKIP [US] AAPU reason=AMOUNT_TOO_SMALL amount=0.0000 size=1.0000x price=36.8900
2026-05-11 17:37:06 WARN  BUY_SKIP [US] TSLQ reason=AMOUNT_TOO_SMALL amount=0.0000 size=1.0000x price=17.8700
2026-05-11 17:37:21 WARN  BUY_SKIP [US] TSLQ reason=AMOUNT_TOO_SMALL amount=0.0000 size=1.0000x price=17.8700
2026-05-11 17:37:21 WARN  BUY_SKIP [US] SQQQ reason=AMOUNT_TOO_SMALL amount=0.0000 size=0.8000x price=42.8900
2026-05-11 17:38:07 WARN  BUY_SKIP [US] TSLQ reason=AMOUNT_TOO_SMALL amount=0.0000 size=1.0000x price=17.8700
2026-05-11 17:38:07 WARN  BUY_SKIP [US] ETHU reason=AMOUNT_TOO_SMALL amount=0.0000 size=0.8000x price=26.8200
2026-05-11 17:38:22 WARN  BUY_SKIP [US] TSLQ reason=AMOUNT_TOO_SMALL amount=0.0000 size=1.0000x price=17.8700
2026-05-11 17:40:09 WARN  BUY_SKIP [US] TSLQ reason=AMOUNT_TOO_SMALL amount=0.0000 size=0.8000x price=17.8800
2026-05-11 17:40:24 WARN  BUY_SKIP [US] TSLQ reason=AMOUNT_TOO_SMALL amount=0.0000 size=0.8000x price=17.8800
2026-05-11 17:42:21 WARN  BUY_SKIP [US] TQQQ reason=AMOUNT_TOO_SMALL amount=0.0000 size=1.0000x price=75.8500
2026-05-11 17:44:23 WARN  BUY_SKIP [US] NFLX reason=AMOUNT_TOO_SMALL amount=0.0000 size=1.0000x price=87.2100
2026-05-11 17:45:14 WARN  BUY_SKIP [US] AAPU reason=AMOUNT_TOO_SMALL amount=0.0000 size=1.0000x price=36.9500
2026-05-11 17:45:29 WARN  BUY_SKIP [US] AAPU reason=AMOUNT_TOO_SMALL amount=0.0000 size=1.0000x price=36.9500
2026-05-11 17:48:23 WARN  BUY_SKIP [US] META reason=AMOUNT_TOO_SMALL amount=0.0000 size=0.8000x price=607.4700
2026-05-11 17:49:09 WARN  BUY_SKIP [US] NFLX reason=AMOUNT_TOO_SMALL amount=0.0000 size=1.0000x price=87.3200
2026-05-11 17:49:24 WARN  BUY_SKIP [US] NFLX reason=AMOUNT_TOO_SMALL amount=0.0000 size=1.0000x price=87.3400
2026-05-11 17:51:07 WARN  BUY_SKIP [US] NVDL reason=AMOUNT_TOO_SMALL amount=0.0000 size=1.0000x price=106.5700
2026-05-11 17:54:25 WARN  BUY_SKIP [US] NVDL reason=AMOUNT_TOO_SMALL amount=0.0000 size=0.8000x price=106.6000
2026-05-11 17:55:06 WARN  BUY_SKIP [US] TQQQ reason=AMOUNT_TOO_SMALL amount=0.0000 size=1.0000x price=76.0400
2026-05-11 17:55:21 WARN  BUY_SKIP [US] TQQQ reason=AMOUNT_TOO_SMALL amount=0.0000 size=1.0000x price=76.0500
2026-05-11 17:59:09 WARN  BUY_SKIP [US] SMU reason=AMOUNT_TOO_SMALL amount=0.0000 size=1.0000x price=15.3900
2026-05-11 17:59:25 WARN  BUY_SKIP [US] SMU reason=AMOUNT_TOO_SMALL amount=0.0000 size=1.0000x price=15.3900
2026-05-11 18:00:05 WARN  BUY_SKIP [US] TSLQ reason=AMOUNT_TOO_SMALL amount=0.0000 size=0.8000x price=17.8700
2026-05-11 18:00:21 WARN  BUY_SKIP [US] TSLQ reason=AMOUNT_TOO_SMALL amount=0.0000 size=0.8000x price=17.8700
2026-05-11 18:01:06 WARN  BUY_SKIP [US] NFLX reason=AMOUNT_TOO_SMALL amount=0.0000 size=1.0000x price=87.3700
2026-05-11 18:01:22 WARN  BUY_SKIP [US] NFLX reason=AMOUNT_TOO_SMALL amount=0.0000 size=1.0000x price=87.3700
2026-05-11 18:03:09 WARN  BUY_SKIP [US] META reason=AMOUNT_TOO_SMALL amount=0.0000 size=0.8000x price=607.6300
2026-05-11 18:03:24 WARN  BUY_SKIP [US] META reason=AMOUNT_TOO_SMALL amount=0.0000 size=0.8000x price=607.5000
2026-05-11 18:04:05 WARN  BUY_SKIP [US] META reason=AMOUNT_TOO_SMALL amount=0.0000 size=0.8000x price=607.5000
2026-05-11 18:04:20 WARN  BUY_SKIP [US] META reason=AMOUNT_TOO_SMALL amount=0.0000 size=0.8000x price=607.5000
2026-05-11 18:05:05 WARN  BUY_SKIP [US] SOXL reason=AMOUNT_TOO_SMALL amount=0.0000 size=1.0000x price=177.4900
2026-05-11 18:05:05 WARN  BUY_SKIP [US] ETHU reason=AMOUNT_TOO_SMALL amount=0.0000 size=0.8000x price=26.8400
2026-05-11 18:05:20 WARN  BUY_SKIP [US] SOXL reason=AMOUNT_TOO_SMALL amount=0.0000 size=1.0000x price=177.7000
2026-05-11 18:05:21 WARN  BUY_SKIP [US] ETHU reason=AMOUNT_TOO_SMALL amount=0.0000 size=0.8000x price=26.8400
2026-05-11 18:06:06 WARN  BUY_SKIP [US] ETHU reason=AMOUNT_TOO_SMALL amount=0.0000 size=0.8000x price=26.8400
2026-05-11 18:06:07 WARN  BUY_SKIP [US] NVDL reason=AMOUNT_TOO_SMALL amount=0.0000 size=0.8000x price=106.7500
2026-05-11 18:06:22 WARN  BUY_SKIP [US] ETHU reason=AMOUNT_TOO_SMALL amount=0.0000 size=0.8000x price=26.8400
2026-05-11 18:06:22 WARN  BUY_SKIP [US] NVDL reason=AMOUNT_TOO_SMALL amount=0.0000 size=0.8000x price=106.8400
2026-05-11 18:07:08 WARN  BUY_SKIP [US] TQQQ reason=AMOUNT_TOO_SMALL amount=0.0000 size=1.0000x price=76.1600
2026-05-11 18:07:23 WARN  BUY_SKIP [US] TQQQ reason=AMOUNT_TOO_SMALL amount=0.0000 size=1.0000x price=76.1500
2026-05-11 18:09:05 WARN  BUY_SKIP [US] SMU reason=AMOUNT_TOO_SMALL amount=0.0000 size=1.0000x price=15.4100
2026-05-11 18:09:20 WARN  BUY_SKIP [US] SMU reason=AMOUNT_TOO_SMALL amount=0.0000 size=1.0000x price=15.4100
2026-05-11 18:10:06 WARN  BUY_SKIP [US] SMU reason=AMOUNT_TOO_SMALL amount=0.0000 size=0.8000x price=15.4200
2026-05-11 18:10:21 WARN  BUY_SKIP [US] SMU reason=AMOUNT_TOO_SMALL amount=0.0000 size=0.8000x price=15.4200
2026-05-11 18:11:07 WARN  BUY_SKIP [US] ETHU reason=AMOUNT_TOO_SMALL amount=0.0000 size=1.0000x price=26.8900
2026-05-11 18:11:07 WARN  BUY_SKIP [US] SMU reason=AMOUNT_TOO_SMALL amount=0.0000 size=0.8000x price=15.4200
2026-05-11 18:11:22 WARN  BUY_SKIP [US] ETHU reason=AMOUNT_TOO_SMALL amount=0.0000 size=1.0000x price=26.8800
2026-05-11 18:11:22 WARN  BUY_SKIP [US] SMU reason=AMOUNT_TOO_SMALL amount=0.0000 size=0.8000x price=15.4200
2026-05-11 18:21:08 WARN  BUY_SKIP [US] TQQQ reason=AMOUNT_TOO_SMALL amount=0.0000 size=1.0000x price=76.1300
2026-05-11 18:21:23 WARN  BUY_SKIP [US] TQQQ reason=AMOUNT_TOO_SMALL amount=0.0000 size=1.0000x price=76.1300
2026-05-11 18:23:09 WARN  BUY_SKIP [US] ETHU reason=AMOUNT_TOO_SMALL amount=0.0000 size=1.0000x price=26.9300
2026-05-11 18:24:21 WARN  BUY_SKIP [US] META reason=AMOUNT_TOO_SMALL amount=0.0000 size=0.8000x price=607.5400
2026-05-11 18:25:07 WARN  BUY_SKIP [US] SMCX reason=AMOUNT_TOO_SMALL amount=0.0000 size=1.0000x price=18.1600
2026-05-11 18:25:22 WARN  BUY_SKIP [US] SMCX reason=AMOUNT_TOO_SMALL amount=0.0000 size=1.0000x price=18.1600
2026-05-11 18:26:07 WARN  BUY_SKIP [US] META reason=AMOUNT_TOO_SMALL amount=0.0000 size=1.0000x price=607.6000
2026-05-11 18:26:08 WARN  BUY_SKIP [US] SMCX reason=AMOUNT_TOO_SMALL amount=0.0000 size=1.0000x price=18.1600
2026-05-11 18:26:12 WARN  BUY_SKIP [US] AAPU reason=AMOUNT_TOO_SMALL amount=0.0000 size=1.0000x price=36.9900
2026-05-11 18:26:23 WARN  BUY_SKIP [US] META reason=AMOUNT_TOO_SMALL amount=0.0000 size=1.0000x price=607.4600
2026-05-11 18:26:23 WARN  BUY_SKIP [US] SMCX reason=AMOUNT_TOO_SMALL amount=0.0000 size=1.0000x price=18.1600
2026-05-11 18:26:27 WARN  BUY_SKIP [US] AAPU reason=AMOUNT_TOO_SMALL amount=0.0000 size=1.0000x price=36.9900
2026-05-11 18:29:05 WARN  BUY_SKIP [US] TSLQ reason=AMOUNT_TOO_SMALL amount=0.0000 size=0.8000x price=17.9700
2026-05-11 18:29:26 WARN  BUY_SKIP [US] TSLQ reason=AMOUNT_TOO_SMALL amount=0.0000 size=0.8000x price=17.9600
2026-05-11 18:30:06 WARN  BUY_SKIP [US] AAPU reason=AMOUNT_TOO_SMALL amount=0.0000 size=1.0000x price=37.0400
2026-05-11 18:30:21 WARN  BUY_SKIP [US] AAPU reason=AMOUNT_TOO_SMALL amount=0.0000 size=1.0000x price=37.0400
2026-05-11 18:32:08 WARN  BUY_SKIP [US] SOXL reason=AMOUNT_TOO_SMALL amount=0.0000 size=1.0000x price=179.2600
2026-05-11 18:33:09 WARN  BUY_SKIP [US] AMZU reason=AMOUNT_TOO_SMALL amount=0.0000 size=1.0000x price=44.6500
2026-05-11 18:33:24 WARN  BUY_SKIP [US] AMZU reason=AMOUNT_TOO_SMALL amount=0.0000 size=1.0000x price=44.6500
2026-05-11 18:35:07 WARN  BUY_SKIP [US] TSLQ reason=AMOUNT_TOO_SMALL amount=0.0000 size=0.8000x price=17.9900
2026-05-11 18:35:22 WARN  BUY_SKIP [US] TSLQ reason=AMOUNT_TOO_SMALL amount=0.0000 size=0.8000x price=17.9900
2026-05-11 18:36:08 WARN  BUY_SKIP [US] TSLQ reason=AMOUNT_TOO_SMALL amount=0.0000 size=1.0000x price=17.9900
2026-05-11 18:36:23 WARN  BUY_SKIP [US] TSLQ reason=AMOUNT_TOO_SMALL amount=0.0000 size=1.0000x price=18.0100
2026-05-11 18:40:22 WARN  BUY_SKIP [US] AMZU reason=AMOUNT_TOO_SMALL amount=0.0000 size=1.0000x price=44.6700
2026-05-11 18:42:09 WARN  BUY_SKIP [US] AAPU reason=AMOUNT_TOO_SMALL amount=0.0000 size=1.0000x price=37.0500
2026-05-11 18:42:09 WARN  BUY_SKIP [US] TQQQ reason=AMOUNT_TOO_SMALL amount=0.0000 size=1.0000x price=76.2300
2026-05-11 18:42:24 WARN  BUY_SKIP [US] AAPU reason=AMOUNT_TOO_SMALL amount=0.0000 size=1.0000x price=37.0500
2026-05-11 18:42:24 WARN  BUY_SKIP [US] TQQQ reason=AMOUNT_TOO_SMALL amount=0.0000 size=1.0000x price=76.2300
2026-05-11 18:43:10 WARN  BUY_SKIP [US] AAPU reason=AMOUNT_TOO_SMALL amount=0.0000 size=1.0000x price=37.0500
2026-05-11 18:43:25 WARN  BUY_SKIP [US] AAPU reason=AMOUNT_TOO_SMALL amount=0.0000 size=1.0000x price=37.0500
2026-05-11 18:44:06 WARN  BUY_SKIP [US] META reason=AMOUNT_TOO_SMALL amount=0.0000 size=0.8000x price=607.8000
2026-05-11 18:44:06 WARN  BUY_SKIP [US] SMU reason=AMOUNT_TOO_SMALL amount=0.0000 size=0.8000x price=15.4100
2026-05-11 18:44:21 WARN  BUY_SKIP [US] META reason=AMOUNT_TOO_SMALL amount=0.0000 size=0.8000x price=607.8800
2026-05-11 18:44:21 WARN  BUY_SKIP [US] SMU reason=AMOUNT_TOO_SMALL amount=0.0000 size=0.8000x price=15.4100
2026-05-11 18:45:07 WARN  BUY_SKIP [US] TQQQ reason=AMOUNT_TOO_SMALL amount=0.0000 size=0.8000x price=76.2800
2026-05-11 18:47:09 WARN  BUY_SKIP [US] TQQQ reason=AMOUNT_TOO_SMALL amount=0.0000 size=0.8000x price=76.3000
2026-05-11 18:47:24 WARN  BUY_SKIP [US] TQQQ reason=AMOUNT_TOO_SMALL amount=0.0000 size=0.8000x price=76.3000
2026-05-11 18:48:05 WARN  BUY_SKIP [US] TQQQ reason=AMOUNT_TOO_SMALL amount=0.0000 size=0.8000x price=76.3600
2026-05-11 18:48:20 WARN  BUY_SKIP [US] TQQQ reason=AMOUNT_TOO_SMALL amount=0.0000 size=0.8000x price=76.4600
2026-05-11 18:49:06 WARN  BUY_SKIP [US] SMCX reason=AMOUNT_TOO_SMALL amount=0.0000 size=0.8000x price=18.2200
2026-05-11 18:49:21 WARN  BUY_SKIP [US] SMCX reason=AMOUNT_TOO_SMALL amount=0.0000 size=0.8000x price=18.2200
2026-05-11 18:53:05 WARN  BUY_SKIP [US] TSLQ reason=AMOUNT_TOO_SMALL amount=0.0000 size=0.8000x price=17.9800
2026-05-11 18:54:06 WARN  BUY_SKIP [US] SMU reason=AMOUNT_TOO_SMALL amount=0.0000 size=1.0000x price=15.4400
2026-05-11 18:54:06 WARN  BUY_SKIP [US] TSLQ reason=AMOUNT_TOO_SMALL amount=0.0000 size=0.8000x price=18.0000
2026-05-11 18:54:21 WARN  BUY_SKIP [US] SMU reason=AMOUNT_TOO_SMALL amount=0.0000 size=1.0000x price=15.4400
2026-05-11 18:54:21 WARN  BUY_SKIP [US] TSLQ reason=AMOUNT_TOO_SMALL amount=0.0000 size=0.8000x price=18.0000
2026-05-11 18:55:07 WARN  BUY_SKIP [US] SMCX reason=AMOUNT_TOO_SMALL amount=0.0000 size=0.8000x price=18.2700
2026-05-11 18:55:07 WARN  BUY_SKIP [US] SMU reason=AMOUNT_TOO_SMALL amount=0.0000 size=1.0000x price=15.4400
2026-05-11 18:55:07 WARN  BUY_SKIP [US] TSLQ reason=AMOUNT_TOO_SMALL amount=0.0000 size=0.8000x price=18.0000
2026-05-11 18:55:22 WARN  BUY_SKIP [US] SMCX reason=AMOUNT_TOO_SMALL amount=0.0000 size=0.8000x price=18.2700
2026-05-11 18:55:22 WARN  BUY_SKIP [US] SMU reason=AMOUNT_TOO_SMALL amount=0.0000 size=1.0000x price=15.4400
2026-05-11 18:55:22 WARN  BUY_SKIP [US] TSLQ reason=AMOUNT_TOO_SMALL amount=0.0000 size=0.8000x price=18.0000
2026-05-11 18:56:08 WARN  BUY_SKIP [US] TSLQ reason=AMOUNT_TOO_SMALL amount=0.0000 size=1.0000x price=18.0100
2026-05-11 18:56:23 WARN  BUY_SKIP [US] TSLQ reason=AMOUNT_TOO_SMALL amount=0.0000 size=1.0000x price=18.0200
2026-05-11 18:57:10 WARN  BUY_SKIP [US] TSLQ reason=AMOUNT_TOO_SMALL amount=0.0000 size=0.8000x price=18.0200
2026-05-11 18:57:25 WARN  BUY_SKIP [US] TSLQ reason=AMOUNT_TOO_SMALL amount=0.0000 size=0.8000x price=18.0200
2026-05-11 18:58:06 WARN  BUY_SKIP [US] TSLQ reason=AMOUNT_TOO_SMALL amount=0.0000 size=1.0000x price=18.0100
2026-05-11 18:58:21 WARN  BUY_SKIP [US] TSLQ reason=AMOUNT_TOO_SMALL amount=0.0000 size=1.0000x price=18.0100
2026-05-11 19:00:08 WARN  BUY_SKIP [US] TSLQ reason=AMOUNT_TOO_SMALL amount=0.0000 size=0.8000x price=18.0400
2026-05-11 19:00:23 WARN  BUY_SKIP [US] TSLQ reason=AMOUNT_TOO_SMALL amount=0.0000 size=0.8000x price=18.0400
2026-05-11 19:01:24 WARN  BUY_SKIP [US] TSLQ reason=AMOUNT_TOO_SMALL amount=0.0000 size=0.8000x price=18.0100
2026-05-11 19:10:08 WARN  BUY_SKIP [US] ETHU reason=AMOUNT_TOO_SMALL amount=0.0000 size=0.8000x price=26.9500
2026-05-11 19:10:23 WARN  BUY_SKIP [US] ETHU reason=AMOUNT_TOO_SMALL amount=0.0000 size=0.8000x price=26.9500
2026-05-11 19:11:05 WARN  BUY_SKIP [US] TQQQ reason=AMOUNT_TOO_SMALL amount=0.0000 size=0.8000x price=76.1500
2026-05-11 19:11:09 WARN  BUY_SKIP [US] ETHU reason=AMOUNT_TOO_SMALL amount=0.0000 size=0.8000x price=26.9500
2026-05-11 19:11:20 WARN  BUY_SKIP [US] TQQQ reason=AMOUNT_TOO_SMALL amount=0.0000 size=0.8000x price=76.1400
2026-05-11 19:11:24 WARN  BUY_SKIP [US] ETHU reason=AMOUNT_TOO_SMALL amount=0.0000 size=0.8000x price=26.9500
2026-05-11 19:12:11 WARN  BUY_SKIP [US] TQQQ reason=AMOUNT_TOO_SMALL amount=0.0000 size=0.8000x price=76.1400
2026-05-11 19:12:26 WARN  BUY_SKIP [US] TQQQ reason=AMOUNT_TOO_SMALL amount=0.0000 size=0.8000x price=76.1300
2026-05-11 19:13:07 WARN  BUY_SKIP [US] AMZU reason=AMOUNT_TOO_SMALL amount=0.0000 size=0.8000x price=44.5600
2026-05-11 19:13:12 WARN  BUY_SKIP [US] SMU reason=AMOUNT_TOO_SMALL amount=0.0000 size=0.8000x price=15.3700
2026-05-11 19:13:22 WARN  BUY_SKIP [US] AMZU reason=AMOUNT_TOO_SMALL amount=0.0000 size=0.8000x price=44.5600
2026-05-11 19:13:27 WARN  BUY_SKIP [US] SMU reason=AMOUNT_TOO_SMALL amount=0.0000 size=0.8000x price=15.3700
2026-05-11 19:19:07 WARN  BUY_SKIP [US] TSLQ reason=AMOUNT_TOO_SMALL amount=0.0000 size=1.0000x price=18.0500
2026-05-11 19:19:22 WARN  BUY_SKIP [US] TSLQ reason=AMOUNT_TOO_SMALL amount=0.0000 size=1.0000x price=18.0500
2026-05-11 19:23:07 WARN  BUY_SKIP [US] AAPU reason=AMOUNT_TOO_SMALL amount=0.0000 size=1.0000x price=37.0600
2026-05-11 19:23:22 WARN  BUY_SKIP [US] AAPU reason=AMOUNT_TOO_SMALL amount=0.0000 size=1.0000x price=37.0600
2026-05-11 19:24:08 WARN  BUY_SKIP [US] AMZU reason=AMOUNT_TOO_SMALL amount=0.0000 size=0.8000x price=44.5900
2026-05-11 19:24:23 WARN  BUY_SKIP [US] AMZU reason=AMOUNT_TOO_SMALL amount=0.0000 size=0.8000x price=44.5900
2026-05-11 19:26:05 WARN  BUY_SKIP [US] SMU reason=AMOUNT_TOO_SMALL amount=0.0000 size=0.8000x price=15.3700
2026-05-11 19:26:20 WARN  BUY_SKIP [US] SMU reason=AMOUNT_TOO_SMALL amount=0.0000 size=0.8000x price=15.3700
2026-05-11 19:30:09 WARN  BUY_SKIP [US] AAPU reason=AMOUNT_TOO_SMALL amount=0.0000 size=1.0000x price=37.0600
2026-05-11 19:30:24 WARN  BUY_SKIP [US] AAPU reason=AMOUNT_TOO_SMALL amount=0.0000 size=1.0000x price=37.0600
2026-05-11 19:31:05 WARN  BUY_SKIP [US] AMZU reason=AMOUNT_TOO_SMALL amount=0.0000 size=1.0000x price=44.6100
2026-05-11 19:31:20 WARN  BUY_SKIP [US] AMZU reason=AMOUNT_TOO_SMALL amount=0.0000 size=1.0000x price=44.6100
2026-05-11 19:35:09 WARN  BUY_SKIP [US] SQQQ reason=AMOUNT_TOO_SMALL amount=0.0000 size=1.0000x price=42.7600
2026-05-11 19:35:24 WARN  BUY_SKIP [US] SQQQ reason=AMOUNT_TOO_SMALL amount=0.0000 size=1.0000x price=42.7600
2026-05-11 19:38:07 WARN  BUY_SKIP [US] META reason=AMOUNT_TOO_SMALL amount=0.0000 size=0.8000x price=607.4300
2026-05-11 19:38:22 WARN  BUY_SKIP [US] META reason=AMOUNT_TOO_SMALL amount=0.0000 size=0.8000x price=607.4800
2026-05-11 19:38:22 WARN  BUY_SKIP [US] SQQQ reason=AMOUNT_TOO_SMALL amount=0.0000 size=1.0000x price=42.7700
2026-05-11 19:46:05 WARN  BUY_SKIP [US] AAPU reason=AMOUNT_TOO_SMALL amount=0.0000 size=0.8000x price=37.0700
2026-05-11 19:46:20 WARN  BUY_SKIP [US] AAPU reason=AMOUNT_TOO_SMALL amount=0.0000 size=0.8000x price=37.0700
2026-05-11 19:47:06 WARN  BUY_SKIP [US] AAPU reason=AMOUNT_TOO_SMALL amount=0.0000 size=0.8000x price=37.0700
2026-05-11 19:47:06 WARN  BUY_SKIP [US] SQQQ reason=AMOUNT_TOO_SMALL amount=0.0000 size=0.8000x price=42.8000
2026-05-11 19:47:21 WARN  BUY_SKIP [US] AAPU reason=AMOUNT_TOO_SMALL amount=0.0000 size=0.8000x price=37.0700
2026-05-11 19:47:21 WARN  BUY_SKIP [US] SQQQ reason=AMOUNT_TOO_SMALL amount=0.0000 size=0.8000x price=42.8200
2026-05-11 19:52:06 WARN  BUY_SKIP [US] AMZU reason=AMOUNT_TOO_SMALL amount=0.0000 size=0.8000x price=44.5600
2026-05-11 19:52:21 WARN  BUY_SKIP [US] AMZU reason=AMOUNT_TOO_SMALL amount=0.0000 size=0.8000x price=44.5600
2026-05-11 19:55:09 WARN  BUY_SKIP [US] AAPU reason=AMOUNT_TOO_SMALL amount=0.0000 size=1.0000x price=37.0400
2026-05-11 19:55:24 WARN  BUY_SKIP [US] AAPU reason=AMOUNT_TOO_SMALL amount=0.0000 size=1.0000x price=37.0400
2026-05-11 19:56:05 WARN  BUY_SKIP [US] AAPU reason=AMOUNT_TOO_SMALL amount=0.0000 size=0.8000x price=37.0400
2026-05-11 19:56:05 WARN  BUY_SKIP [US] SQQQ reason=AMOUNT_TOO_SMALL amount=0.0000 size=0.8000x price=42.7700
2026-05-11 19:56:20 WARN  BUY_SKIP [US] AAPU reason=AMOUNT_TOO_SMALL amount=0.0000 size=0.8000x price=37.0400
2026-05-11 19:56:20 WARN  BUY_SKIP [US] SQQQ reason=AMOUNT_TOO_SMALL amount=0.0000 size=0.8000x price=42.7700
2026-05-11 19:57:21 WARN  BUY_SKIP [US] SQQQ reason=AMOUNT_TOO_SMALL amount=0.0000 size=1.0000x price=42.7700
2026-05-11 20:01:09 WARN  BUY_SKIP [US] SMCX reason=AMOUNT_TOO_SMALL amount=0.0000 size=1.0000x price=18.2200
2026-05-11 20:01:25 WARN  BUY_SKIP [US] SMCX reason=AMOUNT_TOO_SMALL amount=0.0000 size=1.0000x price=18.2200
2026-05-11 20:02:06 WARN  BUY_SKIP [US] AAPU reason=AMOUNT_TOO_SMALL amount=0.0000 size=1.0000x price=37.0300
2026-05-11 20:02:21 WARN  BUY_SKIP [US] AAPU reason=AMOUNT_TOO_SMALL amount=0.0000 size=1.0000x price=37.0300
2026-05-11 20:03:06 WARN  BUY_SKIP [US] SOXL reason=AMOUNT_TOO_SMALL amount=0.0000 size=1.0000x price=179.4800
2026-05-11 20:03:22 WARN  BUY_SKIP [US] SOXL reason=AMOUNT_TOO_SMALL amount=0.0000 size=1.0000x price=179.5800
2026-05-11 20:07:06 WARN  BUY_SKIP [US] TQQQ reason=AMOUNT_TOO_SMALL amount=0.0000 size=0.8000x price=76.2300
2026-05-11 20:07:22 WARN  BUY_SKIP [US] TQQQ reason=AMOUNT_TOO_SMALL amount=0.0000 size=0.8000x price=76.2300
2026-05-11 20:09:08 WARN  BUY_SKIP [US] AAPU reason=AMOUNT_TOO_SMALL amount=0.0000 size=1.0000x price=37.1000
2026-05-11 20:09:23 WARN  BUY_SKIP [US] AAPU reason=AMOUNT_TOO_SMALL amount=0.0000 size=1.0000x price=37.1000
2026-05-11 20:10:09 WARN  BUY_SKIP [US] TQQQ reason=AMOUNT_TOO_SMALL amount=0.0000 size=0.8000x price=76.2800
2026-05-11 20:10:25 WARN  BUY_SKIP [US] TQQQ reason=AMOUNT_TOO_SMALL amount=0.0000 size=0.8000x price=76.2800
2026-05-11 20:12:06 WARN  BUY_SKIP [US] SMCX reason=AMOUNT_TOO_SMALL amount=0.0000 size=1.0000x price=18.2300
2026-05-11 20:12:06 WARN  BUY_SKIP [US] AAPU reason=AMOUNT_TOO_SMALL amount=0.0000 size=1.0000x price=37.1800
2026-05-11 20:12:21 WARN  BUY_SKIP [US] SMCX reason=AMOUNT_TOO_SMALL amount=0.0000 size=1.0000x price=18.2300
2026-05-11 20:12:21 WARN  BUY_SKIP [US] AAPU reason=AMOUNT_TOO_SMALL amount=0.0000 size=1.0000x price=37.1500
2026-05-11 20:19:08 WARN  BUY_SKIP [US] SOXL reason=AMOUNT_TOO_SMALL amount=0.0000 size=1.0000x price=180.9800
2026-05-11 20:20:09 WARN  BUY_SKIP [US] TQQQ reason=AMOUNT_TOO_SMALL amount=0.0000 size=0.8000x price=76.4000
2026-05-11 20:20:10 WARN  BUY_SKIP [US] SOXL reason=AMOUNT_TOO_SMALL amount=0.0000 size=0.8000x price=181.3800
2026-05-11 20:20:24 WARN  BUY_SKIP [US] TQQQ reason=AMOUNT_TOO_SMALL amount=0.0000 size=0.8000x price=76.3900
2026-05-11 20:23:07 WARN  BUY_SKIP [US] TSLL reason=AMOUNT_TOO_SMALL amount=0.0000 size=1.0000x price=15.4300
2026-05-11 20:23:08 WARN  BUY_SKIP [US] TQQQ reason=AMOUNT_TOO_SMALL amount=0.0000 size=0.8000x price=76.4900
2026-05-11 20:23:08 WARN  BUY_SKIP [US] SOXL reason=AMOUNT_TOO_SMALL amount=0.0000 size=1.0000x price=182.0300
2026-05-11 20:23:23 WARN  BUY_SKIP [US] TSLL reason=AMOUNT_TOO_SMALL amount=0.0000 size=1.0000x price=15.4400
2026-05-11 20:23:23 WARN  BUY_SKIP [US] TQQQ reason=AMOUNT_TOO_SMALL amount=0.0000 size=0.8000x price=76.4900
2026-05-11 20:23:23 WARN  BUY_SKIP [US] SOXL reason=AMOUNT_TOO_SMALL amount=0.0000 size=1.0000x price=182.0000
2026-05-11 20:26:21 WARN  BUY_SKIP [US] TSLL reason=AMOUNT_TOO_SMALL amount=0.0000 size=1.0000x price=15.4200
2026-05-11 20:27:07 WARN  BUY_SKIP [US] NVDL reason=AMOUNT_TOO_SMALL amount=0.0000 size=1.0000x price=106.6200
2026-05-11 20:27:07 WARN  BUY_SKIP [US] SOXL reason=AMOUNT_TOO_SMALL amount=0.0000 size=0.8000x price=182.3000
2026-05-11 20:27:23 WARN  BUY_SKIP [US] NVDL reason=AMOUNT_TOO_SMALL amount=0.0000 size=1.0000x price=106.6700
2026-05-11 20:27:23 WARN  BUY_SKIP [US] SOXL reason=AMOUNT_TOO_SMALL amount=0.0000 size=0.8000x price=182.4500
2026-05-11 20:28:08 WARN  BUY_SKIP [US] TSLL reason=AMOUNT_TOO_SMALL amount=0.0000 size=1.0000x price=15.4400
2026-05-11 20:28:08 WARN  BUY_SKIP [US] SOXL reason=AMOUNT_TOO_SMALL amount=0.0000 size=0.8000x price=182.6800
2026-05-11 20:28:24 WARN  BUY_SKIP [US] SOXL reason=AMOUNT_TOO_SMALL amount=0.0000 size=0.8000x price=182.6800
2026-05-11 20:29:09 WARN  BUY_SKIP [US] NVDL reason=AMOUNT_TOO_SMALL amount=0.0000 size=0.8000x price=106.7300
2026-05-11 20:30:05 WARN  BUY_SKIP [US] TSLL reason=AMOUNT_TOO_SMALL amount=0.0000 size=1.0000x price=15.4500
2026-05-11 20:30:05 WARN  BUY_SKIP [US] NVDL reason=AMOUNT_TOO_SMALL amount=0.0000 size=1.0000x price=106.8000
2026-05-11 20:30:20 WARN  BUY_SKIP [US] NVDL reason=AMOUNT_TOO_SMALL amount=0.0000 size=1.0000x price=106.8000
2026-05-11 20:31:21 WARN  BUY_SKIP [US] TSLL reason=AMOUNT_TOO_SMALL amount=0.0000 size=0.8000x price=15.4700
2026-05-11 20:36:06 WARN  BUY_SKIP [US] SMCX reason=AMOUNT_TOO_SMALL amount=0.0000 size=1.0000x price=18.4600
2026-05-11 20:36:06 WARN  BUY_SKIP [US] ETHU reason=AMOUNT_TOO_SMALL amount=0.0000 size=1.0000x price=26.9100
2026-05-11 20:36:06 WARN  BUY_SKIP [US] NVDL reason=AMOUNT_TOO_SMALL amount=0.0000 size=0.8000x price=107.0700
2026-05-11 20:36:21 WARN  BUY_SKIP [US] SMCX reason=AMOUNT_TOO_SMALL amount=0.0000 size=1.0000x price=18.4900
2026-05-11 20:36:21 WARN  BUY_SKIP [US] ETHU reason=AMOUNT_TOO_SMALL amount=0.0000 size=1.0000x price=26.9100
2026-05-11 20:36:22 WARN  BUY_SKIP [US] NVDL reason=AMOUNT_TOO_SMALL amount=0.0000 size=0.8000x price=107.0200
2026-05-11 20:41:06 WARN  BUY_SKIP [US] AMZD reason=AMOUNT_TOO_SMALL amount=0.0000 size=1.0000x price=8.4300
2026-05-11 20:41:22 WARN  BUY_SKIP [US] AMZD reason=AMOUNT_TOO_SMALL amount=0.0000 size=1.0000x price=8.4300
2026-05-11 20:45:10 WARN  BUY_SKIP [US] ETHU reason=AMOUNT_TOO_SMALL amount=0.0000 size=1.0000x price=26.9100
2026-05-11 20:45:26 WARN  BUY_SKIP [US] ETHU reason=AMOUNT_TOO_SMALL amount=0.0000 size=1.0000x price=26.9100
2026-05-11 20:49:05 WARN  BUY_SKIP [US] SOXL reason=AMOUNT_TOO_SMALL amount=0.0000 size=0.8000x price=181.7000
2026-05-11 20:49:09 WARN  BUY_SKIP [US] ETHU reason=AMOUNT_TOO_SMALL amount=0.0000 size=1.0000x price=26.9200
2026-05-11 20:52:08 WARN  BUY_SKIP [US] SQQQ reason=AMOUNT_TOO_SMALL amount=0.0000 size=0.8000x price=42.6400
2026-05-11 20:52:23 WARN  BUY_SKIP [US] SQQQ reason=AMOUNT_TOO_SMALL amount=0.0000 size=0.8000x price=42.6600
2026-05-11 20:56:06 WARN  BUY_SKIP [US] TQQQ reason=AMOUNT_TOO_SMALL amount=0.0000 size=1.0000x price=76.2800
2026-05-11 20:56:22 WARN  BUY_SKIP [US] NVDL reason=AMOUNT_TOO_SMALL amount=0.0000 size=1.0000x price=106.7200
2026-05-11 21:02:23 WARN  BUY_SKIP [US] ETHU reason=AMOUNT_TOO_SMALL amount=0.0000 size=1.0000x price=26.9200
2026-05-11 21:03:09 WARN  BUY_SKIP [US] AMZD reason=AMOUNT_TOO_SMALL amount=0.0000 size=1.0000x price=8.4400
2026-05-11 21:03:24 WARN  BUY_SKIP [US] AMZD reason=AMOUNT_TOO_SMALL amount=0.0000 size=1.0000x price=8.4400
2026-05-11 21:06:23 WARN  BUY_SKIP [US] SQQQ reason=AMOUNT_TOO_SMALL amount=0.0000 size=0.8000x price=42.7100
2026-05-11 21:07:24 WARN  BUY_SKIP [US] SQQQ reason=AMOUNT_TOO_SMALL amount=0.0000 size=0.8000x price=42.7300
2026-05-11 21:08:09 WARN  BUY_SKIP [US] NFLX reason=AMOUNT_TOO_SMALL amount=0.0000 size=0.8000x price=86.8400
2026-05-11 21:08:25 WARN  BUY_SKIP [US] NFLX reason=AMOUNT_TOO_SMALL amount=0.0000 size=0.8000x price=86.8400
2026-05-11 21:12:08 WARN  BUY_SKIP [US] NFLX reason=AMOUNT_TOO_SMALL amount=0.0000 size=0.8000x price=86.8600
2026-05-11 21:12:23 WARN  BUY_SKIP [US] NFLX reason=AMOUNT_TOO_SMALL amount=0.0000 size=0.8000x price=86.8700
2026-05-11 21:13:09 WARN  BUY_SKIP [US] NFLX reason=AMOUNT_TOO_SMALL amount=0.0000 size=0.8000x price=86.8800
2026-05-11 21:13:24 WARN  BUY_SKIP [US] NFLX reason=AMOUNT_TOO_SMALL amount=0.0000 size=0.8000x price=86.9300
2026-05-11 21:14:05 WARN  BUY_SKIP [US] NFLX reason=AMOUNT_TOO_SMALL amount=0.0000 size=0.8000x price=86.9300
2026-05-11 21:16:08 WARN  BUY_SKIP [US] SOXL reason=AMOUNT_TOO_SMALL amount=0.0000 size=0.8000x price=180.4800
2026-05-11 21:16:23 WARN  BUY_SKIP [US] SOXL reason=AMOUNT_TOO_SMALL amount=0.0000 size=0.8000x price=180.4700
2026-05-11 21:18:09 WARN  BUY_SKIP [US] TSLQ reason=AMOUNT_TOO_SMALL amount=0.0000 size=0.8000x price=17.9600
2026-05-11 21:18:25 WARN  BUY_SKIP [US] TSLQ reason=AMOUNT_TOO_SMALL amount=0.0000 size=0.8000x price=17.9600
2026-05-11 21:19:05 WARN  BUY_SKIP [US] TSLQ reason=AMOUNT_TOO_SMALL amount=0.0000 size=1.0000x price=17.9600
2026-05-11 21:19:21 WARN  BUY_SKIP [US] TSLQ reason=AMOUNT_TOO_SMALL amount=0.0000 size=1.0000x price=17.9600
2026-05-11 21:20:06 WARN  BUY_SKIP [US] TSLQ reason=AMOUNT_TOO_SMALL amount=0.0000 size=0.8000x price=17.9800
2026-05-11 21:20:22 WARN  BUY_SKIP [US] TSLQ reason=AMOUNT_TOO_SMALL amount=0.0000 size=0.8000x price=17.9800
2026-05-11 21:21:07 WARN  BUY_SKIP [US] TSLQ reason=AMOUNT_TOO_SMALL amount=0.0000 size=0.8000x price=17.9700
2026-05-11 21:21:08 WARN  BUY_SKIP [US] SQQQ reason=AMOUNT_TOO_SMALL amount=0.0000 size=0.8000x price=42.8300
2026-05-11 21:21:23 WARN  BUY_SKIP [US] TSLQ reason=AMOUNT_TOO_SMALL amount=0.0000 size=0.8000x price=17.9700
2026-05-11 21:21:23 WARN  BUY_SKIP [US] SQQQ reason=AMOUNT_TOO_SMALL amount=0.0000 size=0.8000x price=42.8200
2026-05-11 21:25:06 WARN  BUY_SKIP [US] NFLX reason=AMOUNT_TOO_SMALL amount=0.0000 size=0.8000x price=86.9500
2026-05-11 21:28:05 WARN  BUY_SKIP [US] TSLQ reason=AMOUNT_TOO_SMALL amount=0.0000 size=1.0000x price=17.9500
2026-05-11 21:28:09 WARN  BUY_SKIP [US] NFLX reason=AMOUNT_TOO_SMALL amount=0.0000 size=1.0000x price=86.9600
2026-05-11 21:28:20 WARN  BUY_SKIP [US] TSLQ reason=AMOUNT_TOO_SMALL amount=0.0000 size=1.0000x price=17.9500
2026-05-11 21:28:25 WARN  BUY_SKIP [US] NFLX reason=AMOUNT_TOO_SMALL amount=0.0000 size=1.0000x price=86.9600
2026-05-11 21:30:07 WARN  BUY_SKIP [US] SOXL reason=AMOUNT_TOO_SMALL amount=0.0000 size=0.8000x price=180.3600
2026-05-11 21:30:22 WARN  BUY_SKIP [US] SOXL reason=AMOUNT_TOO_SMALL amount=0.0000 size=0.8000x price=180.3800
2026-05-11 21:32:10 WARN  BUY_SKIP [US] TSLQ reason=AMOUNT_TOO_SMALL amount=0.0000 size=1.0000x price=17.9500
2026-05-11 21:32:25 WARN  BUY_SKIP [US] TSLQ reason=AMOUNT_TOO_SMALL amount=0.0000 size=1.0000x price=17.9500
2026-05-11 21:35:07 WARN  BUY_SKIP [US] NVDL reason=AMOUNT_TOO_SMALL amount=0.0000 size=0.8000x price=106.7100
2026-05-11 21:35:08 WARN  BUY_SKIP [US] SMCX reason=AMOUNT_TOO_SMALL amount=0.0000 size=1.0000x price=18.1300
2026-05-11 21:35:23 WARN  BUY_SKIP [US] NVDL reason=AMOUNT_TOO_SMALL amount=0.0000 size=0.8000x price=106.6400
2026-05-11 21:36:09 WARN  BUY_SKIP [US] NVDL reason=AMOUNT_TOO_SMALL amount=0.0000 size=0.8000x price=106.7200
2026-05-11 21:37:05 WARN  BUY_SKIP [US] NVDL reason=AMOUNT_TOO_SMALL amount=0.0000 size=0.8000x price=106.7200
2026-05-11 21:37:10 WARN  BUY_SKIP [US] SMCX reason=AMOUNT_TOO_SMALL amount=0.0000 size=1.0000x price=18.1600
2026-05-11 21:37:20 WARN  BUY_SKIP [US] NVDL reason=AMOUNT_TOO_SMALL amount=0.0000 size=0.8000x price=106.7200
2026-05-11 21:37:25 WARN  BUY_SKIP [US] SMCX reason=AMOUNT_TOO_SMALL amount=0.0000 size=1.0000x price=18.1600
2026-05-11 21:40:23 WARN  BUY_SKIP [US] SQQQ reason=AMOUNT_TOO_SMALL amount=0.0000 size=1.0000x price=42.7900
2026-05-11 21:41:09 WARN  BUY_SKIP [US] NFLX reason=AMOUNT_TOO_SMALL amount=0.0000 size=0.8000x price=86.9000
2026-05-11 21:41:24 WARN  BUY_SKIP [US] NFLX reason=AMOUNT_TOO_SMALL amount=0.0000 size=0.8000x price=86.8900
2026-05-11 21:44:07 WARN  BUY_SKIP [US] SQQQ reason=AMOUNT_TOO_SMALL amount=0.0000 size=0.8000x price=42.8700
2026-05-11 21:44:22 WARN  BUY_SKIP [US] SQQQ reason=AMOUNT_TOO_SMALL amount=0.0000 size=0.8000x price=42.8800
2026-05-11 21:45:13 WARN  BUY_SKIP [US] SQQQ reason=AMOUNT_TOO_SMALL amount=0.0000 size=0.8000x price=42.8800
2026-05-11 21:45:29 WARN  BUY_SKIP [US] SQQQ reason=AMOUNT_TOO_SMALL amount=0.0000 size=0.8000x price=42.8800
2026-05-11 21:54:08 WARN  BUY_SKIP [US] TSLQ reason=AMOUNT_TOO_SMALL amount=0.0000 size=0.8000x price=18.0000
2026-05-11 21:54:23 WARN  BUY_SKIP [US] TSLQ reason=AMOUNT_TOO_SMALL amount=0.0000 size=0.8000x price=18.0100
2026-05-11 21:55:09 WARN  BUY_SKIP [US] TSLQ reason=AMOUNT_TOO_SMALL amount=0.0000 size=0.8000x price=18.0100
2026-05-11 21:55:24 WARN  BUY_SKIP [US] TSLQ reason=AMOUNT_TOO_SMALL amount=0.0000 size=0.8000x price=18.0200
2026-05-11 22:01:20 WARN  BUY_SKIP [US] TQQQ reason=AMOUNT_TOO_SMALL amount=0.0000 size=0.8000x price=75.9300
2026-05-11 22:11:07 WARN  BUY_SKIP [US] SOXL reason=AMOUNT_TOO_SMALL amount=0.0000 size=1.0000x price=181.2700
2026-05-11 22:11:07 WARN  BUY_SKIP [US] TQQQ reason=AMOUNT_TOO_SMALL amount=0.0000 size=1.0000x price=76.0300
2026-05-11 22:11:22 WARN  BUY_SKIP [US] SOXL reason=AMOUNT_TOO_SMALL amount=0.0000 size=1.0000x price=181.4400
2026-05-11 22:11:22 WARN  BUY_SKIP [US] TQQQ reason=AMOUNT_TOO_SMALL amount=0.0000 size=1.0000x price=76.0500
2026-05-11 22:13:09 WARN  BUY_SKIP [US] SOXL reason=AMOUNT_TOO_SMALL amount=0.0000 size=1.0000x price=181.2800
2026-05-11 22:23:09 WARN  BUY_SKIP [US] SOXL reason=AMOUNT_TOO_SMALL amount=0.0000 size=1.0000x price=181.1100
2026-05-11 22:23:24 WARN  BUY_SKIP [US] SOXL reason=AMOUNT_TOO_SMALL amount=0.0000 size=1.0000x price=181.1900
2026-05-11 22:24:21 WARN  BUY_SKIP [US] TQQQ reason=AMOUNT_TOO_SMALL amount=0.0000 size=1.0000x price=76.0200
2026-05-11 22:25:06 WARN  BUY_SKIP [US] SOXL reason=AMOUNT_TOO_SMALL amount=0.0000 size=1.0000x price=181.4700
2026-05-11 22:26:08 WARN  BUY_SKIP [US] TSLQ reason=AMOUNT_TOO_SMALL amount=0.0000 size=0.8000x price=18.1000
2026-05-11 22:26:23 WARN  BUY_SKIP [US] TSLQ reason=AMOUNT_TOO_SMALL amount=0.0000 size=0.8000x price=18.0800
2026-05-11 22:28:10 WARN  BUY_SKIP [US] AMZD reason=AMOUNT_TOO_SMALL amount=0.0000 size=1.0000x price=8.4700
2026-05-11 22:28:25 WARN  BUY_SKIP [US] AMZD reason=AMOUNT_TOO_SMALL amount=0.0000 size=1.0000x price=8.4700
2026-05-11 22:32:10 WARN  BUY_SKIP [US] TQQQ reason=AMOUNT_TOO_SMALL amount=0.0000 size=1.0000x price=76.6800
2026-05-11 22:33:06 WARN  BUY_SKIP [US] AAPD reason=AMOUNT_TOO_SMALL amount=0.0000 size=0.8000x price=12.1700
2026-05-11 22:33:21 WARN  BUY_SKIP [US] AAPD reason=AMOUNT_TOO_SMALL amount=0.0000 size=0.8000x price=12.1600
2026-05-11 22:34:08 WARN  BUY_SKIP [US] NFLX reason=AMOUNT_TOO_SMALL amount=0.0000 size=1.0000x price=86.9300
2026-05-11 22:34:08 WARN  BUY_SKIP [US] AAPD reason=AMOUNT_TOO_SMALL amount=0.0000 size=1.0000x price=12.1700
2026-05-11 22:34:23 WARN  BUY_SKIP [US] NFLX reason=AMOUNT_TOO_SMALL amount=0.0000 size=1.0000x price=87.0100
2026-05-11 22:34:23 WARN  BUY_SKIP [US] AAPD reason=AMOUNT_TOO_SMALL amount=0.0000 size=1.0000x price=12.1700
2026-05-11 22:34:23 WARN  BUY_SKIP [US] TQQQ reason=AMOUNT_TOO_SMALL amount=0.0000 size=1.0000x price=77.0000
2026-05-11 22:40:06 WARN  BUY_SKIP [US] NVDL reason=AMOUNT_TOO_SMALL amount=0.0000 size=1.0000x price=110.3000
2026-05-11 22:40:21 WARN  BUY_SKIP [US] NVDL reason=AMOUNT_TOO_SMALL amount=0.0000 size=1.0000x price=110.2300
2026-05-11 22:40:21 WARN  BUY_SKIP [US] AMZU reason=AMOUNT_TOO_SMALL amount=0.0000 size=1.0000x price=44.9500
2026-05-11 22:41:07 WARN  BUY_SKIP [US] NVDL reason=AMOUNT_TOO_SMALL amount=0.0000 size=1.0000x price=110.7100
2026-05-11 22:41:07 WARN  BUY_SKIP [US] TSLQ reason=AMOUNT_TOO_SMALL amount=0.0000 size=1.0000x price=18.3800
2026-05-11 22:41:07 WARN  BUY_SKIP [US] BAIG reason=AMOUNT_TOO_SMALL amount=0.0000 size=1.0000x price=36.5600
2026-05-11 22:41:22 WARN  BUY_SKIP [US] NVDL reason=AMOUNT_TOO_SMALL amount=0.0000 size=1.0000x price=110.6900
2026-05-11 22:41:22 WARN  BUY_SKIP [US] TSLQ reason=AMOUNT_TOO_SMALL amount=0.0000 size=1.0000x price=18.3600
2026-05-11 22:41:22 WARN  BUY_SKIP [US] BAIG reason=AMOUNT_TOO_SMALL amount=0.0000 size=1.0000x price=36.5600
2026-05-11 22:42:08 WARN  BUY_SKIP [US] BAIG reason=AMOUNT_TOO_SMALL amount=0.0000 size=1.0000x price=36.5600
2026-05-11 22:42:28 WARN  BUY_SKIP [US] BAIG reason=AMOUNT_TOO_SMALL amount=0.0000 size=1.0000x price=36.5600
2026-05-11 22:49:07 WARN  BUY_SKIP [US] BAIG reason=AMOUNT_TOO_SMALL amount=0.0000 size=1.0000x price=36.9000
2026-05-11 22:49:22 WARN  BUY_SKIP [US] BAIG reason=AMOUNT_TOO_SMALL amount=0.0000 size=1.0000x price=36.9000
2026-05-11 22:50:08 WARN  BUY_SKIP [US] BAIG reason=AMOUNT_TOO_SMALL amount=0.0000 size=1.0000x price=36.9000
2026-05-11 22:50:24 WARN  BUY_SKIP [US] BAIG reason=AMOUNT_TOO_SMALL amount=0.0000 size=1.0000x price=36.9000
2026-05-11 22:51:05 WARN  BUY_SKIP [US] AAPD reason=AMOUNT_TOO_SMALL amount=0.0000 size=1.0000x price=12.1800
2026-05-11 22:51:20 WARN  BUY_SKIP [US] AAPD reason=AMOUNT_TOO_SMALL amount=0.0000 size=1.0000x price=12.1800
2026-05-11 22:55:10 WARN  BUY_SKIP [US] GOOD reason=AMOUNT_TOO_SMALL amount=0.0000 size=1.0000x price=12.8200
2026-05-11 22:55:25 WARN  BUY_SKIP [US] GOOD reason=AMOUNT_TOO_SMALL amount=0.0000 size=1.0000x price=12.8200
2026-05-11 23:02:07 WARN  BUY_SKIP [US] TSLQ reason=AMOUNT_TOO_SMALL amount=0.0000 size=0.8000x price=18.2300
2026-05-11 23:02:08 WARN  BUY_SKIP [US] TQQQ reason=AMOUNT_TOO_SMALL amount=0.0000 size=0.8000x price=76.4000
2026-05-11 23:02:23 WARN  BUY_SKIP [US] TQQQ reason=AMOUNT_TOO_SMALL amount=0.0000 size=0.8000x price=76.3000
2026-05-11 23:03:09 WARN  BUY_SKIP [US] GOOD reason=AMOUNT_TOO_SMALL amount=0.0000 size=1.0000x price=12.8300
2026-05-11 23:03:24 WARN  BUY_SKIP [US] GOOD reason=AMOUNT_TOO_SMALL amount=0.0000 size=1.0000x price=12.8300
2026-05-11 23:03:24 WARN  BUY_SKIP [US] META reason=AMOUNT_TOO_SMALL amount=0.0000 size=1.0000x price=602.0500
2026-05-11 23:04:25 WARN  BUY_SKIP [US] AAPU reason=AMOUNT_TOO_SMALL amount=0.0000 size=1.0000x price=36.6400
2026-05-11 23:05:06 WARN  BUY_SKIP [US] META reason=AMOUNT_TOO_SMALL amount=0.0000 size=1.0000x price=602.1600
2026-05-11 23:05:21 WARN  BUY_SKIP [US] META reason=AMOUNT_TOO_SMALL amount=0.0000 size=1.0000x price=602.1600
2026-05-11 23:06:06 WARN  BUY_SKIP [US] TQQQ reason=AMOUNT_TOO_SMALL amount=0.0000 size=1.0000x price=76.5200
2026-05-11 23:06:22 WARN  BUY_SKIP [US] TQQQ reason=AMOUNT_TOO_SMALL amount=0.0000 size=1.0000x price=76.5300
2026-05-11 23:07:08 WARN  BUY_SKIP [US] SOXL reason=AMOUNT_TOO_SMALL amount=0.0000 size=1.0000x price=184.1000
2026-05-11 23:07:23 WARN  BUY_SKIP [US] SOXL reason=AMOUNT_TOO_SMALL amount=0.0000 size=1.0000x price=184.0200
2026-05-11 23:08:09 WARN  BUY_SKIP [US] AMZD reason=AMOUNT_TOO_SMALL amount=0.0000 size=1.0000x price=8.3800
2026-05-11 23:08:09 WARN  BUY_SKIP [US] META reason=AMOUNT_TOO_SMALL amount=0.0000 size=1.0000x price=602.4600
2026-05-11 23:08:25 WARN  BUY_SKIP [US] META reason=AMOUNT_TOO_SMALL amount=0.0000 size=1.0000x price=602.6200
2026-05-11 23:08:29 WARN  BUY_SKIP [US] AMZD reason=AMOUNT_TOO_SMALL amount=0.0000 size=1.0000x price=8.3700
2026-05-11 23:09:21 WARN  BUY_SKIP [US] META reason=AMOUNT_TOO_SMALL amount=0.0000 size=1.0000x price=602.0100
2026-05-11 23:10:21 WARN  BUY_SKIP [US] TSLQ reason=AMOUNT_TOO_SMALL amount=0.0000 size=0.8000x price=18.2500
2026-05-11 23:13:05 WARN  BUY_SKIP [US] TSLQ reason=AMOUNT_TOO_SMALL amount=0.0000 size=0.8000x price=18.3500
2026-05-11 23:13:05 WARN  BUY_SKIP [US] NVDL reason=AMOUNT_TOO_SMALL amount=0.0000 size=1.0000x price=111.5900
2026-05-11 23:13:09 WARN  BUY_SKIP [US] AMZD reason=AMOUNT_TOO_SMALL amount=0.0000 size=1.0000x price=8.4000
2026-05-11 23:13:09 WARN  BUY_SKIP [US] SOXL reason=AMOUNT_TOO_SMALL amount=0.0000 size=0.8000x price=185.3400
2026-05-11 23:13:20 WARN  BUY_SKIP [US] TSLQ reason=AMOUNT_TOO_SMALL amount=0.0000 size=0.8000x price=18.3500
2026-05-11 23:13:25 WARN  BUY_SKIP [US] AMZD reason=AMOUNT_TOO_SMALL amount=0.0000 size=1.0000x price=8.4100
2026-05-11 23:14:06 WARN  BUY_SKIP [US] AMZD reason=AMOUNT_TOO_SMALL amount=0.0000 size=1.0000x price=8.4100
2026-05-11 23:14:21 WARN  BUY_SKIP [US] AMZD reason=AMOUNT_TOO_SMALL amount=0.0000 size=1.0000x price=8.4100
2026-05-11 23:18:05 WARN  BUY_SKIP [US] AAPU reason=AMOUNT_TOO_SMALL amount=0.0000 size=1.0000x price=36.7000
2026-05-11 23:18:25 WARN  BUY_SKIP [US] AAPU reason=AMOUNT_TOO_SMALL amount=0.0000 size=1.0000x price=36.7400
2026-05-11 23:19:06 WARN  BUY_SKIP [US] AAPU reason=AMOUNT_TOO_SMALL amount=0.0000 size=1.0000x price=36.7500
2026-05-11 23:19:21 WARN  BUY_SKIP [US] AAPU reason=AMOUNT_TOO_SMALL amount=0.0000 size=1.0000x price=36.7500
2026-05-11 23:22:09 WARN  BUY_SKIP [US] AAPU reason=AMOUNT_TOO_SMALL amount=0.0000 size=1.0000x price=36.8200
2026-05-11 23:22:09 WARN  BUY_SKIP [US] TSLQ reason=AMOUNT_TOO_SMALL amount=0.0000 size=0.8000x price=18.2800
2026-05-11 23:22:24 WARN  BUY_SKIP [US] AAPU reason=AMOUNT_TOO_SMALL amount=0.0000 size=1.0000x price=36.8200
2026-05-11 23:22:24 WARN  BUY_SKIP [US] TSLQ reason=AMOUNT_TOO_SMALL amount=0.0000 size=0.8000x price=18.2600
2026-05-11 23:23:05 WARN  BUY_SKIP [US] NVDL reason=AMOUNT_TOO_SMALL amount=0.0000 size=1.0000x price=112.2000
2026-05-11 23:25:07 WARN  BUY_SKIP [US] TSLQ reason=AMOUNT_TOO_SMALL amount=0.0000 size=0.8000x price=18.2900
2026-05-11 23:25:22 WARN  BUY_SKIP [US] TSLQ reason=AMOUNT_TOO_SMALL amount=0.0000 size=0.8000x price=18.2900
2026-05-11 23:26:08 WARN  BUY_SKIP [US] TSLQ reason=AMOUNT_TOO_SMALL amount=0.0000 size=1.0000x price=18.3200
2026-05-11 23:29:06 WARN  BUY_SKIP [US] SQQQ reason=AMOUNT_TOO_SMALL amount=0.0000 size=0.8000x price=42.7800
2026-05-11 23:29:22 WARN  BUY_SKIP [US] SQQQ reason=AMOUNT_TOO_SMALL amount=0.0000 size=0.8000x price=42.7600
2026-05-11 23:30:22 WARN  BUY_SKIP [US] NFLX reason=AMOUNT_TOO_SMALL amount=0.0000 size=0.8000x price=87.3100
2026-05-11 23:31:08 WARN  BUY_SKIP [US] AAPD reason=AMOUNT_TOO_SMALL amount=0.0000 size=1.0000x price=12.1200
2026-05-11 23:31:09 WARN  BUY_SKIP [US] GOOD reason=AMOUNT_TOO_SMALL amount=0.0000 size=0.8000x price=12.7800
2026-05-11 23:31:24 WARN  BUY_SKIP [US] AAPD reason=AMOUNT_TOO_SMALL amount=0.0000 size=1.0000x price=12.1200
2026-05-11 23:31:24 WARN  BUY_SKIP [US] GOOD reason=AMOUNT_TOO_SMALL amount=0.0000 size=0.8000x price=12.7800
2026-05-11 23:32:10 WARN  BUY_SKIP [US] AAPD reason=AMOUNT_TOO_SMALL amount=0.0000 size=1.0000x price=12.1200
2026-05-11 23:32:25 WARN  BUY_SKIP [US] AAPD reason=AMOUNT_TOO_SMALL amount=0.0000 size=1.0000x price=12.1200
2026-05-11 23:38:05 WARN  BUY_SKIP [US] AAPU reason=AMOUNT_TOO_SMALL amount=0.0000 size=1.0000x price=36.7000
2026-05-11 23:38:21 WARN  BUY_SKIP [US] AAPU reason=AMOUNT_TOO_SMALL amount=0.0000 size=1.0000x price=36.7000
2026-05-11 23:40:08 WARN  BUY_SKIP [US] AAPU reason=AMOUNT_TOO_SMALL amount=0.0000 size=1.0000x price=36.7600
2026-05-11 23:40:23 WARN  BUY_SKIP [US] AAPU reason=AMOUNT_TOO_SMALL amount=0.0000 size=1.0000x price=36.7600
2026-05-11 23:40:23 WARN  BUY_SKIP [US] NVDL reason=AMOUNT_TOO_SMALL amount=0.0000 size=0.8000x price=111.4200
2026-05-11 23:41:09 WARN  BUY_SKIP [US] AAPU reason=AMOUNT_TOO_SMALL amount=0.0000 size=1.0000x price=36.7500
2026-05-11 23:41:24 WARN  BUY_SKIP [US] AAPU reason=AMOUNT_TOO_SMALL amount=0.0000 size=1.0000x price=36.7500
2026-05-11 23:41:24 WARN  BUY_SKIP [US] NVDL reason=AMOUNT_TOO_SMALL amount=0.0000 size=1.0000x price=111.6900
2026-05-11 23:42:20 WARN  BUY_SKIP [US] SOXL reason=AMOUNT_TOO_SMALL amount=0.0000 size=0.8000x price=185.0400
2026-05-11 23:42:54 INFO  BUY amount set for NFLX: 300.00
2026-05-11 23:42:54 INFO  BUY amount set for GOOD: 300.00
2026-05-11 23:42:54 INFO  BUY amount set for META: 300.00
2026-05-11 23:42:54 INFO  BUY amount set for GOOX: 300.00
2026-05-11 23:42:54 INFO  BUY amount set for AAPU: 300.00
2026-05-11 23:42:54 INFO  BUY amount set for AAPD: 300.00
2026-05-11 23:42:54 INFO  BUY amount set for AMZD: 300.00
2026-05-11 23:42:54 INFO  BUY amount set for AMZU: 300.00
2026-05-11 23:42:54 INFO  BUY amount set for WEBL: 300.00
2026-05-11 23:42:54 INFO  BUY amount set for WEBS: 300.00
2026-05-11 23:42:54 INFO  BUY amount set for BERZ: 300.00
2026-05-11 23:42:54 INFO  BUY amount set for BULZ: 300.00
2026-05-11 23:42:54 INFO  BUY amount set for LABU: 300.00
2026-05-11 23:42:54 INFO  BUY amount set for LABD: 300.00
2026-05-11 23:42:54 INFO  BUY amount set for SQQQ: 300.00
2026-05-11 23:42:54 INFO  BUY amount set for TQQQ: 300.00
2026-05-11 23:42:54 INFO  BUY amount set for NVDQ: 300.00
2026-05-11 23:42:54 INFO  BUY amount set for SMCX: 300.00
2026-05-11 23:42:54 INFO  BUY amount set for BAIG: 300.00
2026-05-11 23:42:54 INFO  BUY amount set for TSLQ: 300.00
2026-05-11 23:42:54 INFO  BUY amount set for NVDL: 300.00
2026-05-11 23:42:54 INFO  BUY amount set for SOXL: 300.00
2026-05-11 23:42:54 INFO  BUY amount set for SOXS: 300.00
2026-05-11 23:42:54 INFO  BUY amount set for SMU: 300.00
2026-05-11 23:42:54 INFO  BUY amount set for TSLL: 300.00
2026-05-11 23:42:54 INFO  BUY amount set for ETHU: 300.00
2026-05-11 23:50:07 INFO  BUY [US] NVDL mode=VOLUME_BREAKOUT price=113.0600 qty=2 size=0.8000x score=95(CONV) | WHY: strongBreakout volBreakout retestOK multiUp vol(1.66x) | VWAP: 0.68%(ABOVE slope=UP) | TREND: score=3 vel=0.44%/0.52%/0.91% | VOL: 2698815.0000/1626686.5000 TO: 304682719.4250/182402861.1261 | entryNo=1
2026-05-11 23:50:08 INFO  BUY_FILLED NVDL phase=HOLDING
2026-05-11 23:50:12 INFO  BUY_FILLED NVDL phase=HOLDING
2026-05-11 23:50:17 INFO  BUY_FILLED NVDL phase=HOLDING
2026-05-11 23:50:22 INFO  BUY_FILLED NVDL phase=HOLDING
2026-05-11 23:50:28 INFO  BUY_FILLED NVDL phase=HOLDING
2026-05-11 23:50:33 INFO  BUY_FILLED NVDL phase=HOLDING
2026-05-11 23:50:38 INFO  BUY_FILLED NVDL phase=HOLDING
2026-05-11 23:50:43 INFO  BUY_FILLED NVDL phase=HOLDING
2026-05-11 23:50:48 INFO  BUY_FILLED NVDL phase=HOLDING
2026-05-11 23:50:53 INFO  BUY_FILLED NVDL phase=HOLDING
2026-05-11 23:50:58 INFO  BUY_FILLED NVDL phase=HOLDING
2026-05-11 23:51:03 INFO  BUY_FILLED NVDL phase=HOLDING
2026-05-11 23:51:08 INFO  BUY [US] TQQQ mode=VOLUME_BREAKOUT price=76.5800 qty=3 size=0.8000x score=87(CONV) | WHY: strongBreakout volBreakout retestOK multiUp vol(2.28x) | VWAP: 0.05%(ABOVE slope=UP) | TREND: score=3 vel=0.01%/0.08%/0.16% | VOL: 18465116.0000/8095099.8889 TO: 1414150908.8600/619672010.7756 | entryNo=1
2026-05-11 23:51:08 WARN  BUY_REJECTED TQQQ phase=NONE
2026-05-11 23:51:08 INFO  BUY_FILLED NVDL phase=HOLDING
2026-05-11 23:51:13 INFO  BUY_FILLED NVDL phase=HOLDING
2026-05-11 23:51:18 INFO  BUY_FILLED NVDL phase=HOLDING
2026-05-11 23:51:23 INFO  BUY [US] TSLL mode=VOLUME_BREAKOUT price=15.1500 qty=19 size=1.0000x score=95(CONV) | WHY: strongBreakout volBreakout retestOK multiUp vol(2.31x) | VWAP: 0.80%(ABOVE slope=UP) | TREND: score=3 vel=0.32%/0.50%/1.69% | VOL: 23966123.0000/10388690.8889 TO: 362128118.5300/155734573.9834 | entryNo=1
2026-05-11 23:51:23 WARN  BUY_REJECTED TSLL phase=NONE
2026-05-11 23:51:23 INFO  BUY_FILLED NVDL phase=HOLDING
2026-05-11 23:51:29 INFO  BUY_FILLED NVDL phase=HOLDING
2026-05-11 23:51:34 INFO  BUY_FILLED NVDL phase=HOLDING
2026-05-11 23:51:39 INFO  BUY_FILLED NVDL phase=HOLDING
2026-05-11 23:51:44 INFO  BUY_FILLED NVDL phase=HOLDING
2026-05-11 23:51:49 INFO  BUY_FILLED NVDL phase=HOLDING
2026-05-11 23:51:54 INFO  BUY_FILLED NVDL phase=HOLDING
2026-05-11 23:51:59 INFO  BUY_FILLED NVDL phase=HOLDING
2026-05-11 23:52:04 INFO  BUY_FILLED NVDL phase=HOLDING
2026-05-11 23:52:05 INFO  BUY [US] AMZD mode=VOLUME_BREAKOUT price=8.4300 qty=28 size=0.8000x score=95(CONV) | WHY: strongBreakout volBreakout retestOK multiUp vol(1.69x) | VWAP: 0.10%(ABOVE slope=UP) | TREND: score=3 vel=0.12%/0.12%/0.12% | VOL: 1122573.0000/662881.9000 TO: 9452064.6600/5576020.1159 | entryNo=1
2026-05-11 23:52:05 WARN  BUY_REJECTED AMZD phase=NONE
2026-05-11 23:52:05 WARN  BUY_SKIP [US] SOXL reason=AMOUNT_TOO_SMALL amount=300.0000 size=0.8000x price=185.2300
2026-05-11 23:52:09 INFO  BUY [US] GOOD mode=VOLUME_BREAKOUT price=12.7700 qty=23 size=1.0000x score=95(CONV) | WHY: strongBreakout volBreakout retestOK multiUp vol(4.88x) | VWAP: 0.12%(ABOVE slope=UP) | TREND: score=3 vel=0.22%/0.24%/0.31% | VOL: 60323.0000/12354.3000 TO: 770324.7100/157578.9319 | entryNo=1
2026-05-11 23:52:09 WARN  BUY_REJECTED GOOD phase=NONE
2026-05-11 23:52:09 INFO  BUY_FILLED NVDL phase=HOLDING
2026-05-11 23:52:15 INFO  BUY_FILLED NVDL phase=HOLDING
2026-05-11 23:52:20 INFO  BUY_FILLED NVDL phase=HOLDING
2026-05-11 23:52:20 WARN  BUY_SKIP [US] SOXL reason=AMOUNT_TOO_SMALL amount=300.0000 size=0.8000x price=185.3400
2026-05-11 23:52:25 INFO  BUY_FILLED NVDL phase=HOLDING
2026-05-11 23:52:30 INFO  BUY_FILLED NVDL phase=HOLDING
2026-05-11 23:52:35 INFO  BUY_FILLED NVDL phase=HOLDING
2026-05-11 23:52:40 INFO  BUY_FILLED NVDL phase=HOLDING
2026-05-11 23:52:45 INFO  BUY_FILLED NVDL phase=HOLDING
2026-05-11 23:52:50 INFO  BUY_FILLED NVDL phase=HOLDING
2026-05-11 23:52:55 INFO  BUY_FILLED NVDL phase=HOLDING
2026-05-11 23:53:05 INFO  BUY_FILLED NVDL phase=HOLDING
2026-05-11 23:53:10 INFO  BUY_FILLED NVDL phase=HOLDING
2026-05-11 23:53:15 INFO  BUY_FILLED NVDL phase=HOLDING
2026-05-11 23:53:21 INFO  BUY_FILLED NVDL phase=HOLDING
2026-05-11 23:53:26 INFO  BUY_FILLED NVDL phase=HOLDING
2026-05-11 23:53:31 INFO  BUY_FILLED NVDL phase=HOLDING
2026-05-11 23:53:36 INFO  BUY_FILLED NVDL phase=HOLDING
2026-05-11 23:53:41 INFO  BUY_FILLED NVDL phase=HOLDING
2026-05-11 23:53:46 INFO  BUY_FILLED NVDL phase=HOLDING
2026-05-11 23:53:51 INFO  BUY_FILLED NVDL phase=HOLDING
2026-05-11 23:53:56 INFO  BUY_FILLED NVDL phase=HOLDING
2026-05-11 23:54:01 INFO  BUY_FILLED NVDL phase=HOLDING
2026-05-11 23:54:06 INFO  BUY_FILLED NVDL phase=HOLDING
2026-05-11 23:54:06 INFO  BUY [US] SMCX mode=VOLUME_BREAKOUT price=18.5600 qty=16 size=1.0000x score=105(CONV) | WHY: strongBreakout volBreakout retestOK multiUp vol(2.69x) | VWAP: 0.93%(ABOVE slope=UP) | TREND: score=3 vel=0.68%/1.26%/1.26% | VOL: 1727865.0000/642364.4167 TO: 32051895.7500/11806094.6788 | entryNo=1
2026-05-11 23:54:06 WARN  BUY_REJECTED SMCX phase=NONE
2026-05-11 23:54:11 INFO  BUY_FILLED NVDL phase=HOLDING
2026-05-11 23:54:16 INFO  BUY_FILLED NVDL phase=HOLDING
2026-05-11 23:54:22 INFO  BUY_FILLED NVDL phase=HOLDING
2026-05-11 23:54:27 INFO  BUY_FILLED NVDL phase=HOLDING
2026-05-11 23:54:32 INFO  BUY_FILLED NVDL phase=HOLDING
2026-05-11 23:54:37 INFO  BUY_FILLED NVDL phase=HOLDING
2026-05-11 23:54:42 INFO  BUY_FILLED NVDL phase=HOLDING
2026-05-11 23:54:47 INFO  BUY_FILLED NVDL phase=HOLDING
2026-05-11 23:54:52 INFO  BUY_FILLED NVDL phase=HOLDING
2026-05-11 23:54:57 INFO  BUY_FILLED NVDL phase=HOLDING
2026-05-11 23:55:02 INFO  BUY_FILLED NVDL phase=HOLDING
2026-05-11 23:55:07 INFO  BUY_FILLED NVDL phase=HOLDING
2026-05-11 23:55:12 INFO  BUY_FILLED NVDL phase=HOLDING
2026-05-11 23:55:18 INFO  BUY_FILLED NVDL phase=HOLDING
2026-05-11 23:55:24 INFO  BUY_FILLED NVDL phase=HOLDING
2026-05-11 23:55:29 INFO  BUY_FILLED NVDL phase=HOLDING
2026-05-11 23:55:34 INFO  BUY_FILLED NVDL phase=HOLDING
2026-05-11 23:55:39 INFO  BUY_FILLED NVDL phase=HOLDING
2026-05-11 23:55:44 INFO  BUY_FILLED NVDL phase=HOLDING
2026-05-11 23:55:49 INFO  BUY_FILLED NVDL phase=HOLDING
2026-05-11 23:55:54 INFO  BUY_FILLED NVDL phase=HOLDING
2026-05-11 23:55:59 INFO  BUY_FILLED NVDL phase=HOLDING
2026-05-11 23:56:04 INFO  BUY_FILLED NVDL phase=HOLDING
2026-05-11 23:56:09 INFO  BUY_FILLED NVDL phase=HOLDING
2026-05-11 23:56:15 INFO  BUY_FILLED NVDL phase=HOLDING
2026-05-11 23:56:20 INFO  BUY_FILLED NVDL phase=HOLDING
2026-05-11 23:56:25 INFO  BUY_FILLED NVDL phase=HOLDING
2026-05-11 23:56:30 INFO  BUY_FILLED NVDL phase=HOLDING
2026-05-11 23:56:35 INFO  BUY_FILLED NVDL phase=HOLDING
2026-05-11 23:56:40 INFO  BUY_FILLED NVDL phase=HOLDING
2026-05-11 23:56:45 INFO  BUY_FILLED NVDL phase=HOLDING
2026-05-11 23:56:50 INFO  BUY_FILLED NVDL phase=HOLDING
2026-05-11 23:56:55 INFO  BUY_FILLED NVDL phase=HOLDING
2026-05-11 23:57:00 INFO  BUY_FILLED NVDL phase=HOLDING
2026-05-11 23:57:05 INFO  BUY_FILLED NVDL phase=HOLDING
2026-05-11 23:57:10 INFO  BUY_FILLED NVDL phase=HOLDING
2026-05-11 23:57:15 INFO  BUY_FILLED NVDL phase=HOLDING
2026-05-11 23:57:21 INFO  BUY_FILLED NVDL phase=HOLDING
2026-05-11 23:57:26 INFO  BUY_FILLED NVDL phase=HOLDING
2026-05-11 23:57:31 INFO  BUY_FILLED NVDL phase=HOLDING
2026-05-11 23:57:36 INFO  BUY_FILLED NVDL phase=HOLDING
2026-05-11 23:57:41 INFO  BUY_FILLED NVDL phase=HOLDING
2026-05-11 23:57:46 INFO  BUY_FILLED NVDL phase=HOLDING
2026-05-11 23:57:51 INFO  BUY_FILLED NVDL phase=HOLDING
2026-05-11 23:57:56 INFO  BUY_FILLED NVDL phase=HOLDING
2026-05-11 23:58:01 INFO  BUY_FILLED NVDL phase=HOLDING
2026-05-11 23:58:06 INFO  BUY_FILLED NVDL phase=HOLDING
2026-05-11 23:58:11 INFO  BUY_FILLED NVDL phase=HOLDING
2026-05-11 23:58:17 INFO  BUY_FILLED NVDL phase=HOLDING
2026-05-11 23:58:22 INFO  BUY_FILLED NVDL phase=HOLDING
2026-05-11 23:58:27 INFO  BUY_FILLED NVDL phase=HOLDING
2026-05-11 23:58:32 INFO  BUY_FILLED NVDL phase=HOLDING
2026-05-11 23:58:37 INFO  BUY_FILLED NVDL phase=HOLDING
2026-05-11 23:58:42 INFO  BUY_FILLED NVDL phase=HOLDING
2026-05-11 23:58:47 INFO  BUY_FILLED NVDL phase=HOLDING
2026-05-11 23:58:52 INFO  BUY_FILLED NVDL phase=HOLDING
2026-05-11 23:58:57 INFO  BUY_FILLED NVDL phase=HOLDING
2026-05-11 23:59:02 INFO  BUY_FILLED NVDL phase=HOLDING
2026-05-11 23:59:07 INFO  BUY_FILLED NVDL phase=HOLDING
2026-05-11 23:59:12 INFO  BUY_FILLED NVDL phase=HOLDING
2026-05-11 23:59:17 INFO  BUY_FILLED NVDL phase=HOLDING
2026-05-11 23:59:23 INFO  BUY_FILLED NVDL phase=HOLDING
2026-05-11 23:59:28 INFO  BUY_FILLED NVDL phase=HOLDING
2026-05-11 23:59:33 INFO  BUY_FILLED NVDL phase=HOLDING
2026-05-11 23:59:38 INFO  BUY_FILLED NVDL phase=HOLDING
2026-05-11 23:59:43 INFO  BUY_FILLED NVDL phase=HOLDING
2026-05-11 23:59:48 INFO  BUY_FILLED NVDL phase=HOLDING
2026-05-11 23:59:53 INFO  BUY_FILLED NVDL phase=HOLDING
2026-05-11 23:59:58 INFO  BUY_FILLED NVDL phase=HOLDING
