2026-05-21 00:02:27 INFO  BUY amount set for NFLX: 250.00
2026-05-21 00:02:27 INFO  BUY amount set for GOOD: 250.00
2026-05-21 00:02:27 INFO  BUY amount set for META: 250.00
2026-05-21 00:02:27 INFO  BUY amount set for AAPU: 250.00
2026-05-21 00:02:27 INFO  BUY amount set for AAPD: 250.00
2026-05-21 00:02:27 INFO  BUY amount set for GOOX: 250.00
2026-05-21 00:02:27 INFO  BUY amount set for AMZD: 250.00
2026-05-21 00:02:27 INFO  BUY amount set for AMZU: 250.00
2026-05-21 00:02:27 INFO  BUY amount set for WEBS: 250.00
2026-05-21 00:02:27 INFO  BUY amount set for WEBL: 250.00
2026-05-21 00:02:27 INFO  BUY amount set for BULZ: 250.00
2026-05-21 00:02:27 INFO  BUY amount set for BERZ: 250.00
2026-05-21 00:02:27 INFO  BUY amount set for NVDQ: 250.00
2026-05-21 00:02:27 INFO  BUY amount set for TQQQ: 250.00
2026-05-21 00:02:27 INFO  BUY amount set for SQQQ: 250.00
2026-05-21 00:02:27 INFO  BUY amount set for LABU: 250.00
2026-05-21 00:02:27 INFO  BUY amount set for LABD: 250.00
2026-05-21 00:02:27 INFO  BUY amount set for TSLQ: 250.00
2026-05-21 00:02:27 INFO  BUY amount set for BAIG: 250.00
2026-05-21 00:02:27 INFO  BUY amount set for SMCX: 250.00
2026-05-21 00:02:27 INFO  BUY amount set for NVDL: 250.00
2026-05-21 00:02:27 INFO  BUY amount set for SOXS: 250.00
2026-05-21 00:02:27 INFO  BUY amount set for SOXL: 250.00
2026-05-21 00:02:27 INFO  BUY amount set for SMU: 250.00
2026-05-21 00:02:27 INFO  BUY amount set for ETHU: 250.00
2026-05-21 00:02:27 INFO  BUY amount set for TSLL: 250.00
2026-05-21 00:14:06 INFO  BUY [US] NVDL mode=VOLUME_BREAKOUT price=117.0900 qty=2 size=1.0000x score=83 | WHY: strongBreakout volBreakout retestOK multiUp vol(2.65x) | VWAP: 0.27%(ABOVE slope=UP) allowedGap=2.20% | TREND: score=3 vel=0.18%/0.10%/0.36% accel=true | VOL: 7801358.0000/2947488.5000 TO: 913422001.4300/344168524.4796 | HIGH: 117.2000 fromHigh=-0.10% | entryNo=1
2026-05-21 00:14:06 WARN  BUY_REJECTED NVDL phase=NONE
2026-05-21 00:15:08 INFO  BUY [US] TSLQ mode=VOLUME_BREAKOUT price=18.9100 qty=10 size=0.8000x score=95(CONV) | WHY: strongBreakout volBreakout retestOK multiUp vol(1.65x) | VWAP: 0.64%(ABOVE slope=UP) allowedGap=2.80% | TREND: score=3 vel=0.42%/0.36%/0.69% accel=true | VOL: 2946032.0000/1784016.2308 TO: 55738925.4400/33538798.8603 | HIGH: 18.9200 fromHigh=0.00% | entryNo=1
2026-05-21 00:15:09 INFO  BUY_FILLED TSLQ phase=HOLDING
2026-05-21 00:15:13 INFO  BUY_FILLED TSLQ phase=HOLDING
2026-05-21 00:15:18 INFO  BUY_FILLED TSLQ phase=HOLDING
2026-05-21 00:15:23 INFO  BUY_FILLED TSLQ phase=HOLDING
2026-05-21 00:15:28 INFO  BUY_FILLED TSLQ phase=HOLDING
2026-05-21 00:15:33 INFO  BUY_FILLED TSLQ phase=HOLDING
2026-05-21 00:15:39 INFO  BUY_FILLED TSLQ phase=HOLDING
2026-05-21 00:15:44 INFO  BUY_FILLED TSLQ phase=HOLDING
2026-05-21 00:15:49 INFO  BUY_FILLED TSLQ phase=HOLDING
2026-05-21 00:15:55 INFO  BUY_FILLED TSLQ phase=HOLDING
2026-05-21 00:16:00 INFO  BUY_FILLED TSLQ phase=HOLDING
2026-05-21 00:16:05 INFO  BUY_FILLED TSLQ phase=HOLDING
2026-05-21 00:16:10 INFO  BUY_FILLED TSLQ phase=HOLDING
2026-05-21 00:16:15 INFO  BUY_FILLED TSLQ phase=HOLDING
2026-05-21 00:16:20 INFO  BUY_FILLED TSLQ phase=HOLDING
2026-05-21 00:16:25 INFO  BUY_FILLED TSLQ phase=HOLDING
2026-05-21 00:16:31 INFO  BUY_FILLED TSLQ phase=HOLDING
2026-05-21 00:16:36 INFO  BUY_FILLED TSLQ phase=HOLDING
2026-05-21 00:16:41 INFO  BUY_FILLED TSLQ phase=HOLDING
2026-05-21 00:16:46 INFO  BUY_FILLED TSLQ phase=HOLDING
2026-05-21 00:16:51 INFO  BUY_FILLED TSLQ phase=HOLDING
2026-05-21 00:16:56 INFO  BUY_FILLED TSLQ phase=HOLDING
2026-05-21 00:17:01 INFO  BUY_FILLED TSLQ phase=HOLDING
2026-05-21 00:17:07 INFO  BUY_FILLED TSLQ phase=HOLDING
2026-05-21 00:17:12 INFO  BUY_FILLED TSLQ phase=HOLDING
2026-05-21 00:17:17 INFO  BUY_FILLED TSLQ phase=HOLDING
2026-05-21 00:17:22 INFO  BUY_FILLED TSLQ phase=HOLDING
2026-05-21 00:17:27 INFO  BUY_FILLED TSLQ phase=HOLDING
2026-05-21 00:17:32 INFO  BUY_FILLED TSLQ phase=HOLDING
2026-05-21 00:17:38 INFO  BUY_FILLED TSLQ phase=HOLDING
2026-05-21 00:17:43 INFO  BUY_FILLED TSLQ phase=HOLDING
2026-05-21 00:17:48 INFO  BUY_FILLED TSLQ phase=HOLDING
2026-05-21 00:17:53 INFO  BUY_FILLED TSLQ phase=HOLDING
2026-05-21 00:17:58 INFO  BUY_FILLED TSLQ phase=HOLDING
2026-05-21 00:18:03 INFO  BUY_FILLED TSLQ phase=HOLDING
2026-05-21 00:18:08 INFO  BUY_FILLED TSLQ phase=HOLDING
2026-05-21 00:18:13 INFO  BUY_FILLED TSLQ phase=HOLDING
2026-05-21 00:18:19 INFO  BUY_FILLED TSLQ phase=HOLDING
2026-05-21 00:18:24 INFO  BUY_FILLED TSLQ phase=HOLDING
2026-05-21 00:18:29 INFO  BUY_FILLED TSLQ phase=HOLDING
2026-05-21 00:18:35 INFO  BUY_FILLED TSLQ phase=HOLDING
2026-05-21 00:18:40 INFO  BUY_FILLED TSLQ phase=HOLDING
2026-05-21 00:18:45 INFO  BUY_FILLED TSLQ phase=HOLDING
2026-05-21 00:18:50 INFO  BUY_FILLED TSLQ phase=HOLDING
2026-05-21 00:19:00 INFO  BUY_FILLED TSLQ phase=HOLDING
2026-05-21 00:19:05 INFO  BUY_FILLED TSLQ phase=HOLDING
2026-05-21 00:19:10 INFO  BUY_FILLED TSLQ phase=HOLDING
2026-05-21 00:19:16 INFO  BUY_FILLED TSLQ phase=HOLDING
2026-05-21 00:19:21 INFO  BUY_FILLED TSLQ phase=HOLDING
2026-05-21 00:19:26 INFO  BUY_FILLED TSLQ phase=HOLDING
2026-05-21 00:19:31 INFO  BUY_FILLED TSLQ phase=HOLDING
2026-05-21 00:19:36 INFO  BUY_FILLED TSLQ phase=HOLDING
2026-05-21 00:19:41 INFO  BUY_FILLED TSLQ phase=HOLDING
2026-05-21 00:19:47 INFO  BUY_FILLED TSLQ phase=HOLDING
2026-05-21 00:19:52 INFO  BUY_FILLED TSLQ phase=HOLDING
2026-05-21 00:19:57 INFO  BUY_FILLED TSLQ phase=HOLDING
2026-05-21 00:20:02 INFO  BUY_FILLED TSLQ phase=HOLDING
2026-05-21 00:20:07 INFO  BUY_FILLED TSLQ phase=HOLDING
2026-05-21 00:20:12 INFO  BUY_FILLED TSLQ phase=HOLDING
2026-05-21 00:20:12 INFO  SELL_EXECUTED [US] TSLQ mode=VOLUME_BREAKOUT phase=EXITING exitType=TIMESTOP price=18.6450 qty=10 reason=TIME_STOP_SOFT pnl=-1.34% peakPnl=0.11% holdMs=303632 high=18.9200 avgPrice=18.8990 weightedPnl=-1.02% (pending fill)
2026-05-21 00:20:16 WARN  SELL_REJECTED TSLQ reason=TIME_STOP_SOFT phase=HOLDING
2026-05-21 00:20:18 INFO  BUY_FILLED TSLQ phase=HOLDING
2026-05-21 00:20:28 INFO  BUY_FILLED TSLQ phase=HOLDING
2026-05-21 00:20:28 INFO  SELL_EXECUTED [US] TSLQ mode=VOLUME_BREAKOUT phase=EXITING exitType=TIMESTOP price=18.6200 qty=10 reason=TIME_STOP_SOFT pnl=-1.48% peakPnl=0.11% holdMs=319458 high=18.9200 avgPrice=18.8990 weightedPnl=-1.12% (pending fill)
2026-05-21 00:20:29 WARN  SELL_REJECTED TSLQ reason=TIME_STOP_SOFT phase=HOLDING
2026-05-21 00:50:17 INFO  BUY [US] TSLL mode=VOLUME_BREAKOUT price=14.3700 qty=13 size=0.8000x score=95(CONV) | WHY: strongBreakout volBreakout retestOK multiUp vol(1.94x) | VWAP: 0.49%(ABOVE slope=UP) allowedGap=2.80% | TREND: score=3 vel=0.21%/0.17%/0.38% accel=true | VOL: 53151362.0000/27403537.6500 TO: 764050828.7500/392894824.0656 | HIGH: 14.3814 fromHigh=-0.04% | entryNo=1
2026-05-21 00:50:18 INFO  BUY_FILLED TSLL phase=HOLDING
2026-05-21 00:50:23 INFO  BUY_FILLED TSLL phase=HOLDING
2026-05-21 00:50:28 INFO  BUY_FILLED TSLL phase=HOLDING
2026-05-21 00:50:33 INFO  BUY_FILLED TSLL phase=HOLDING
2026-05-21 00:50:38 INFO  BUY_FILLED TSLL phase=HOLDING
2026-05-21 00:50:43 INFO  BUY_FILLED TSLL phase=HOLDING
2026-05-21 00:50:48 INFO  BUY_FILLED TSLL phase=HOLDING
2026-05-21 00:50:54 INFO  BUY_FILLED TSLL phase=HOLDING
2026-05-21 00:50:59 INFO  BUY_FILLED TSLL phase=HOLDING
2026-05-21 00:51:04 INFO  BUY_FILLED TSLL phase=HOLDING
2026-05-21 00:51:09 INFO  BUY_FILLED TSLL phase=HOLDING
2026-05-21 00:51:14 INFO  BUY_FILLED TSLL phase=HOLDING
2026-05-21 00:51:20 INFO  BUY_FILLED TSLL phase=HOLDING
2026-05-21 00:51:25 INFO  BUY_FILLED TSLL phase=HOLDING
2026-05-21 00:51:30 INFO  BUY_FILLED TSLL phase=HOLDING
2026-05-21 00:51:35 INFO  BUY_FILLED TSLL phase=HOLDING
2026-05-21 00:51:40 INFO  BUY_FILLED TSLL phase=HOLDING
2026-05-21 00:51:45 INFO  BUY_FILLED TSLL phase=HOLDING
2026-05-21 00:51:50 INFO  BUY_FILLED TSLL phase=HOLDING
2026-05-21 00:51:56 INFO  BUY_FILLED TSLL phase=HOLDING
2026-05-21 00:52:01 INFO  BUY_FILLED TSLL phase=HOLDING
2026-05-21 00:52:06 INFO  BUY_FILLED TSLL phase=HOLDING
2026-05-21 00:52:11 INFO  BUY_FILLED TSLL phase=HOLDING
2026-05-21 00:52:16 INFO  BUY_FILLED TSLL phase=HOLDING
2026-05-21 00:52:21 INFO  BUY_FILLED TSLL phase=HOLDING
2026-05-21 00:52:26 INFO  BUY_FILLED TSLL phase=HOLDING
2026-05-21 00:52:31 INFO  BUY_FILLED TSLL phase=HOLDING
2026-05-21 00:52:37 INFO  BUY_FILLED TSLL phase=HOLDING
2026-05-21 00:52:42 INFO  BUY_FILLED TSLL phase=HOLDING
2026-05-21 00:52:47 INFO  BUY_FILLED TSLL phase=HOLDING
2026-05-21 00:52:52 INFO  BUY_FILLED TSLL phase=HOLDING
2026-05-21 00:52:57 INFO  BUY_FILLED TSLL phase=HOLDING
2026-05-21 00:53:02 INFO  BUY_FILLED TSLL phase=HOLDING
2026-05-21 00:53:07 INFO  BUY_FILLED TSLL phase=HOLDING
2026-05-21 00:53:13 INFO  BUY_FILLED TSLL phase=HOLDING
2026-05-21 00:53:18 INFO  BUY_FILLED TSLL phase=HOLDING
2026-05-21 00:53:23 INFO  BUY_FILLED TSLL phase=HOLDING
2026-05-21 00:53:28 INFO  BUY_FILLED TSLL phase=HOLDING
2026-05-21 00:53:33 INFO  BUY_FILLED TSLL phase=HOLDING
2026-05-21 00:53:39 INFO  BUY_FILLED TSLL phase=HOLDING
2026-05-21 00:53:44 INFO  BUY_FILLED TSLL phase=HOLDING
2026-05-21 00:53:50 INFO  BUY_FILLED TSLL phase=HOLDING
2026-05-21 00:53:55 INFO  BUY_FILLED TSLL phase=HOLDING
2026-05-21 00:54:00 INFO  BUY_FILLED TSLL phase=HOLDING
2026-05-21 00:54:05 INFO  BUY_FILLED TSLL phase=HOLDING
2026-05-21 00:54:10 INFO  BUY_FILLED TSLL phase=HOLDING
2026-05-21 00:54:15 INFO  BUY_FILLED TSLL phase=HOLDING
2026-05-21 00:54:21 INFO  BUY_FILLED TSLL phase=HOLDING
2026-05-21 00:54:26 INFO  BUY_FILLED TSLL phase=HOLDING
2026-05-21 00:54:31 INFO  BUY_FILLED TSLL phase=HOLDING
2026-05-21 00:54:36 INFO  BUY_FILLED TSLL phase=HOLDING
2026-05-21 00:54:41 INFO  BUY_FILLED TSLL phase=HOLDING
2026-05-21 00:54:46 INFO  BUY_FILLED TSLL phase=HOLDING
2026-05-21 00:54:51 INFO  BUY_FILLED TSLL phase=HOLDING
2026-05-21 00:54:57 INFO  BUY_FILLED TSLL phase=HOLDING
2026-05-21 00:55:02 INFO  BUY_FILLED TSLL phase=HOLDING
2026-05-21 00:55:07 INFO  BUY_FILLED TSLL phase=HOLDING
2026-05-21 00:55:07 INFO  BUY [US] SMU mode=VOLUME_BREAKOUT price=10.7700 qty=23 size=1.0000x score=95(CONV) | WHY: strongBreakout volBreakout retestOK multiUp vol(5.77x) | VWAP: 0.78%(ABOVE slope=UP) allowedGap=2.80% | TREND: score=3 vel=0.28%/0.19%/0.75% accel=true | VOL: 792328.0000/137427.6500 TO: 8533689.4912/1471345.9179 | HIGH: 10.7704 fromHigh=0.00% | entryNo=1
2026-05-21 00:55:07 WARN  BUY_REJECTED SMU phase=NONE
2026-05-21 00:55:12 INFO  BUY_FILLED TSLL phase=HOLDING
2026-05-21 00:55:17 INFO  BUY_FILLED TSLL phase=HOLDING
2026-05-21 00:55:22 INFO  BUY_FILLED TSLL phase=HOLDING
2026-05-21 00:55:22 INFO  SELL_EXECUTED [US] TSLL mode=VOLUME_BREAKOUT phase=EXITING exitType=TIMESTOP price=14.3450 qty=13 reason=TIME_STOP_SOFT pnl=-0.16% peakPnl=0.15% holdMs=303899 high=14.3900 avgPrice=14.3679 weightedPnl=-0.12% (pending fill)
2026-05-21 00:55:26 WARN  SELL_REJECTED TSLL reason=TIME_STOP_SOFT phase=HOLDING
2026-05-21 00:55:28 INFO  BUY_FILLED TSLL phase=HOLDING
2026-05-21 00:55:33 INFO  BUY_FILLED TSLL phase=HOLDING
2026-05-21 00:55:33 INFO  SELL_EXECUTED [US] TSLL mode=VOLUME_BREAKOUT phase=EXITING exitType=TIMESTOP price=14.3600 qty=13 reason=TIME_STOP_SOFT pnl=-0.05% peakPnl=0.15% holdMs=314440 high=14.3900 avgPrice=14.3679 weightedPnl=-0.04% (pending fill)
2026-05-21 00:55:33 WARN  SELL_REJECTED TSLL reason=TIME_STOP_SOFT phase=HOLDING
2026-05-21 00:55:38 INFO  BUY_FILLED TSLL phase=HOLDING
2026-05-21 00:55:38 INFO  SELL_EXECUTED [US] TSLL mode=VOLUME_BREAKOUT phase=EXITING exitType=TIMESTOP price=14.3600 qty=13 reason=TIME_STOP_SOFT pnl=-0.05% peakPnl=0.15% holdMs=320068 high=14.3900 avgPrice=14.3679 weightedPnl=-0.04% (pending fill)
2026-05-21 00:55:44 INFO  BUY_FILLED TSLL phase=HOLDING
2026-05-21 17:06:07 INFO  BUY [US] TSLQ mode=PULLBACK price=17.7600 qty=16 size=1.2000x score=90(CONV) | WHY: zone(-2.26%fromHigh) vel+ priceAboveAvg vol(1.53x) | VWAP: 0.32%(ABOVE slope=UP) allowedGap=1.60% | TREND: score=3 vel=0.45%/0.28%/0.06% accel=true | VOL: 43572.0000/28523.4000 TO: 773838.7200/504959.0525 | HIGH: 18.1700 fromHigh=-2.26% | entryNo=1
2026-05-21 17:52:05 INFO  BUY [US] SMCX mode=VOLUME_BREAKOUT price=16.0200 qty=12 size=0.8000x score=95(CONV) | WHY: strongBreakout volBreakout retestOK multiUp vol(1.84x) | VWAP: 0.68%(ABOVE slope=UP) allowedGap=2.80% | TREND: score=3 vel=0.73%/0.71%/0.71% accel=true | VOL: 7181.0000/3903.5500 TO: 115016.6408/62242.6670 | HIGH: 16.0168 fromHigh=0.00% | entryNo=1
2026-05-21 19:51:08 WARN  BUY pending timeout cleared for TSLQ
2026-05-21 19:51:13 INFO  BUY [US] TSLQ mode=VOLUME_BREAKOUT price=17.9700 qty=13 size=1.0000x score=85(CONV) | WHY: strongBreakout volBreakout retestOK multiUp vol(4.11x) | VWAP: 2.16%(ABOVE slope=UP) allowedGap=2.80% | TREND: score=3 vel=0.43%/0.27%/0.60% accel=true | VOL: 371105.0000/90201.2500 TO: 6671651.4690/1613587.5120 | HIGH: 17.9800 fromHigh=-0.01% | entryNo=2
2026-05-21 21:39:47 INFO  BUY amount set for NFLX: 250.00
2026-05-21 21:39:47 INFO  BUY amount set for GOOD: 250.00
2026-05-21 21:39:47 INFO  BUY amount set for META: 250.00
2026-05-21 21:39:47 INFO  BUY amount set for GOOX: 250.00
2026-05-21 21:39:47 INFO  BUY amount set for AAPD: 250.00
2026-05-21 21:39:47 INFO  BUY amount set for AAPU: 250.00
2026-05-21 21:39:47 INFO  BUY amount set for AMZD: 250.00
2026-05-21 21:39:47 INFO  BUY amount set for AMZU: 250.00
2026-05-21 21:39:47 INFO  BUY amount set for WEBS: 250.00
2026-05-21 21:39:47 INFO  BUY amount set for WEBL: 250.00
2026-05-21 21:39:47 INFO  BUY amount set for BERZ: 250.00
2026-05-21 21:39:47 INFO  BUY amount set for BULZ: 250.00
2026-05-21 21:39:47 INFO  BUY amount set for LABD: 250.00
2026-05-21 21:39:47 INFO  BUY amount set for LABU: 250.00
2026-05-21 21:39:47 INFO  BUY amount set for SQQQ: 250.00
2026-05-21 21:39:47 INFO  BUY amount set for TQQQ: 250.00
2026-05-21 21:39:47 INFO  BUY amount set for NVDQ: 250.00
2026-05-21 21:39:47 INFO  BUY amount set for TSLQ: 250.00
2026-05-21 21:39:47 INFO  BUY amount set for BAIG: 250.00
2026-05-21 21:39:47 INFO  BUY amount set for SMCX: 250.00
2026-05-21 21:39:47 INFO  BUY amount set for NVDL: 250.00
2026-05-21 21:39:47 INFO  BUY amount set for SOXS: 250.00
2026-05-21 21:39:47 INFO  BUY amount set for SOXL: 250.00
2026-05-21 21:39:47 INFO  BUY amount set for SMU: 250.00
2026-05-21 21:39:47 INFO  BUY amount set for TSLL: 250.00
2026-05-21 21:39:47 INFO  BUY amount set for ETHU: 250.00
2026-05-21 22:56:42 INFO  BUY [US] NVDL mode=PULLBACK price=114.4300 qty=2 size=1.2000x score=80 | WHY: zone(-1.67%fromHigh) vel+ avgCross priceAboveAvg vol(1.91x) | VWAP: 0.13%(ABOVE slope=DN) allowedGap=1.00% | TREND: score=3 vel=0.45%/0.82%/0.73% accel=false | VOL: 2298581.0000/1202321.0500 TO: 263417382.6000/137940236.4692 | HIGH: 116.5500 fromHigh=-1.67% | entryNo=1
2026-05-21 22:56:42 WARN  BUY_REJECTED NVDL phase=NONE
2026-05-21 23:05:13 INFO  BUY [US] TSLQ mode=VOLUME_BREAKOUT price=18.1800 qty=11 size=0.8000x score=85(CONV) | WHY: strongBreakout volBreakout retestOK multiUp vol(1.97x) | VWAP: 1.81%(ABOVE slope=UP) allowedGap=2.80% | TREND: score=3 vel=0.66%/0.60%/0.75% accel=true | VOL: 2242800.0000/1137457.4500 TO: 40751676.0000/20491643.4368 | HIGH: 18.1700 fromHigh=0.00% | entryNo=1
2026-05-21 23:05:14 INFO  BUY_FILLED TSLQ phase=HOLDING
2026-05-21 23:05:18 INFO  BUY_FILLED TSLQ phase=HOLDING
2026-05-21 23:05:24 INFO  BUY_FILLED TSLQ phase=HOLDING
2026-05-21 23:05:29 INFO  BUY_FILLED TSLQ phase=HOLDING
2026-05-21 23:05:34 INFO  BUY_FILLED TSLQ phase=HOLDING
2026-05-21 23:05:39 INFO  BUY_FILLED TSLQ phase=HOLDING
2026-05-21 23:05:44 INFO  BUY_FILLED TSLQ phase=HOLDING
2026-05-21 23:05:54 INFO  BUY_FILLED TSLQ phase=HOLDING
2026-05-21 23:05:59 INFO  BUY_FILLED TSLQ phase=HOLDING
2026-05-21 23:06:05 INFO  BUY_FILLED TSLQ phase=HOLDING
2026-05-21 23:06:10 INFO  BUY_FILLED TSLQ phase=HOLDING
2026-05-21 23:06:16 INFO  BUY_FILLED TSLQ phase=HOLDING
2026-05-21 23:06:21 INFO  BUY_FILLED TSLQ phase=HOLDING
2026-05-21 23:06:26 INFO  BUY_FILLED TSLQ phase=HOLDING
2026-05-21 23:06:31 INFO  BUY_FILLED TSLQ phase=HOLDING
2026-05-21 23:06:36 INFO  BUY_FILLED TSLQ phase=HOLDING
2026-05-21 23:06:41 INFO  BUY_FILLED TSLQ phase=HOLDING
2026-05-21 23:06:47 INFO  BUY_FILLED TSLQ phase=HOLDING
2026-05-21 23:06:52 INFO  BUY_FILLED TSLQ phase=HOLDING
2026-05-21 23:06:57 INFO  BUY_FILLED TSLQ phase=HOLDING
2026-05-21 23:07:02 INFO  BUY_FILLED TSLQ phase=HOLDING
2026-05-21 23:07:07 INFO  BUY_FILLED TSLQ phase=HOLDING
2026-05-21 23:07:12 INFO  BUY_FILLED TSLQ phase=HOLDING
2026-05-21 23:07:18 INFO  BUY_FILLED TSLQ phase=HOLDING
2026-05-21 23:07:23 INFO  BUY_FILLED TSLQ phase=HOLDING
2026-05-21 23:07:28 INFO  BUY_FILLED TSLQ phase=HOLDING
2026-05-21 23:07:33 INFO  BUY_FILLED TSLQ phase=HOLDING
2026-05-21 23:07:39 INFO  BUY_FILLED TSLQ phase=HOLDING
2026-05-21 23:07:44 INFO  BUY_FILLED TSLQ phase=HOLDING
2026-05-21 23:07:49 INFO  BUY_FILLED TSLQ phase=HOLDING
2026-05-21 23:07:54 INFO  BUY_FILLED TSLQ phase=HOLDING
2026-05-21 23:07:59 INFO  BUY_FILLED TSLQ phase=HOLDING
2026-05-21 23:08:05 INFO  BUY_FILLED TSLQ phase=HOLDING
2026-05-21 23:08:10 INFO  BUY_FILLED TSLQ phase=HOLDING
2026-05-21 23:08:15 INFO  BUY_FILLED TSLQ phase=HOLDING
2026-05-21 23:08:20 INFO  BUY_FILLED TSLQ phase=HOLDING
2026-05-21 23:08:25 INFO  BUY_FILLED TSLQ phase=HOLDING
2026-05-21 23:08:30 INFO  BUY_FILLED TSLQ phase=HOLDING
2026-05-21 23:08:35 INFO  BUY_FILLED TSLQ phase=HOLDING
2026-05-21 23:08:40 INFO  BUY_FILLED TSLQ phase=HOLDING
2026-05-21 23:08:45 INFO  BUY_FILLED TSLQ phase=HOLDING
2026-05-21 23:08:50 INFO  BUY_FILLED TSLQ phase=HOLDING
2026-05-21 23:08:55 INFO  BUY_FILLED TSLQ phase=HOLDING
2026-05-21 23:09:01 INFO  BUY_FILLED TSLQ phase=HOLDING
2026-05-21 23:09:06 INFO  BUY_FILLED TSLQ phase=HOLDING
2026-05-21 23:09:11 INFO  BUY_FILLED TSLQ phase=HOLDING
2026-05-21 23:09:16 INFO  BUY_FILLED TSLQ phase=HOLDING
2026-05-21 23:09:22 INFO  BUY_FILLED TSLQ phase=HOLDING
2026-05-21 23:09:27 INFO  BUY_FILLED TSLQ phase=HOLDING
2026-05-21 23:09:32 INFO  BUY_FILLED TSLQ phase=HOLDING
2026-05-21 23:09:37 INFO  BUY_FILLED TSLQ phase=HOLDING
2026-05-21 23:09:42 INFO  BUY_FILLED TSLQ phase=HOLDING
2026-05-21 23:09:48 INFO  BUY_FILLED TSLQ phase=HOLDING
2026-05-21 23:09:53 INFO  BUY_FILLED TSLQ phase=HOLDING
2026-05-21 23:09:58 INFO  BUY_FILLED TSLQ phase=HOLDING
2026-05-21 23:10:03 INFO  BUY_FILLED TSLQ phase=HOLDING
2026-05-21 23:10:08 INFO  BUY_FILLED TSLQ phase=HOLDING
2026-05-21 23:10:13 INFO  BUY_FILLED TSLQ phase=HOLDING
2026-05-21 23:10:19 INFO  BUY_FILLED TSLQ phase=HOLDING
2026-05-21 23:10:19 INFO  SELL_EXECUTED [US] TSLQ mode=VOLUME_BREAKOUT phase=EXITING exitType=TIMESTOP price=18.0101 qty=11 reason=TIME_STOP_SOFT pnl=-0.93% peakPnl=-0.07% holdMs=304637 high=18.1666 avgPrice=18.1800 weightedPnl=-0.75% (pending fill)
2026-05-21 23:10:23 WARN  SELL_REJECTED TSLQ reason=TIME_STOP_SOFT phase=HOLDING
2026-05-21 23:10:24 INFO  BUY_FILLED TSLQ phase=HOLDING
2026-05-21 23:10:29 INFO  BUY_FILLED TSLQ phase=HOLDING
2026-05-21 23:10:29 INFO  SELL_EXECUTED [US] TSLQ mode=VOLUME_BREAKOUT phase=EXITING exitType=TIMESTOP price=18.0400 qty=11 reason=TIME_STOP_SOFT pnl=-0.77% peakPnl=-0.07% holdMs=315196 high=18.1666 avgPrice=18.1800 weightedPnl=-0.62% (pending fill)
2026-05-21 23:10:29 WARN  SELL_REJECTED TSLQ reason=TIME_STOP_SOFT phase=HOLDING
2026-05-21 23:10:34 INFO  BUY_FILLED TSLQ phase=HOLDING
2026-05-21 23:10:34 INFO  SELL_EXECUTED [US] TSLQ mode=VOLUME_BREAKOUT phase=EXITING exitType=TIMESTOP price=18.0399 qty=11 reason=TIME_STOP_SOFT pnl=-0.77% peakPnl=-0.07% holdMs=320520 high=18.1666 avgPrice=18.1800 weightedPnl=-0.62% (pending fill)
2026-05-21 23:10:40 INFO  BUY_FILLED TSLQ phase=HOLDING
2026-05-21 23:10:45 INFO  BUY_FILLED TSLQ phase=HOLDING
2026-05-21 23:10:50 INFO  BUY_FILLED TSLQ phase=HOLDING
2026-05-21 23:10:50 WARN  SELL timeout for TSLQ — issuing immediate MARKET sell qty=11
2026-05-21 23:19:06 INFO  BUY [US] GOOD mode=VOLUME_BREAKOUT price=12.7600 qty=19 size=1.0000x score=95(CONV) | WHY: strongBreakout volBreakout retestOK multiUp vol(3.54x) | VWAP: 0.29%(ABOVE slope=UP) allowedGap=2.80% | TREND: score=3 vel=0.20%/0.16%/0.14% accel=true | VOL: 134683.0000/38060.8000 TO: 1718555.0800/484512.7466 | HIGH: 12.7600 fromHigh=0.00% | entryNo=1
2026-05-21 23:19:06 INFO  BUY_FILLED GOOD phase=HOLDING
2026-05-21 23:19:11 INFO  BUY_FILLED GOOD phase=HOLDING
2026-05-21 23:19:16 INFO  BUY_FILLED GOOD phase=HOLDING
2026-05-21 23:19:21 INFO  BUY_FILLED GOOD phase=HOLDING
2026-05-21 23:19:26 INFO  BUY_FILLED GOOD phase=HOLDING
2026-05-21 23:19:32 INFO  BUY_FILLED GOOD phase=HOLDING
2026-05-21 23:19:37 INFO  BUY_FILLED GOOD phase=HOLDING
2026-05-21 23:19:42 INFO  BUY_FILLED GOOD phase=HOLDING
2026-05-21 23:19:47 INFO  BUY_FILLED GOOD phase=HOLDING
2026-05-21 23:19:52 INFO  BUY_FILLED GOOD phase=HOLDING
2026-05-21 23:19:57 INFO  BUY_FILLED GOOD phase=HOLDING
2026-05-21 23:20:07 INFO  BUY_FILLED GOOD phase=HOLDING
2026-05-21 23:20:13 INFO  BUY_FILLED GOOD phase=HOLDING
2026-05-21 23:20:18 INFO  BUY_FILLED GOOD phase=HOLDING
2026-05-21 23:20:23 INFO  BUY_FILLED GOOD phase=HOLDING
2026-05-21 23:20:28 INFO  BUY_FILLED GOOD phase=HOLDING
2026-05-21 23:20:33 INFO  BUY_FILLED GOOD phase=HOLDING
2026-05-21 23:20:38 INFO  BUY_FILLED GOOD phase=HOLDING
2026-05-21 23:20:43 INFO  BUY_FILLED GOOD phase=HOLDING
2026-05-21 23:20:48 INFO  BUY_FILLED GOOD phase=HOLDING
2026-05-21 23:20:53 INFO  BUY_FILLED GOOD phase=HOLDING
2026-05-21 23:20:59 INFO  BUY_FILLED GOOD phase=HOLDING
2026-05-21 23:21:04 INFO  BUY_FILLED GOOD phase=HOLDING
2026-05-21 23:21:10 INFO  BUY_FILLED GOOD phase=HOLDING
2026-05-21 23:21:15 INFO  BUY_FILLED GOOD phase=HOLDING
2026-05-21 23:21:20 INFO  BUY_FILLED GOOD phase=HOLDING
2026-05-21 23:21:25 INFO  BUY_FILLED GOOD phase=HOLDING
2026-05-21 23:21:30 INFO  BUY_FILLED GOOD phase=HOLDING
2026-05-21 23:21:36 INFO  BUY_FILLED GOOD phase=HOLDING
2026-05-21 23:21:41 INFO  BUY_FILLED GOOD phase=HOLDING
2026-05-21 23:21:46 INFO  BUY_FILLED GOOD phase=HOLDING
2026-05-21 23:21:51 INFO  BUY_FILLED GOOD phase=HOLDING
2026-05-21 23:21:56 INFO  BUY_FILLED GOOD phase=HOLDING
2026-05-21 23:22:01 INFO  BUY_FILLED GOOD phase=HOLDING
2026-05-21 23:22:07 INFO  BUY_FILLED GOOD phase=HOLDING
2026-05-21 23:22:12 INFO  BUY_FILLED GOOD phase=HOLDING
2026-05-21 23:22:17 INFO  BUY_FILLED GOOD phase=HOLDING
2026-05-21 23:22:22 INFO  BUY_FILLED GOOD phase=HOLDING
2026-05-21 23:22:32 INFO  BUY_FILLED GOOD phase=HOLDING
2026-05-21 23:22:37 INFO  BUY_FILLED GOOD phase=HOLDING
2026-05-21 23:22:42 INFO  BUY_FILLED GOOD phase=HOLDING
2026-05-21 23:22:47 INFO  BUY_FILLED GOOD phase=HOLDING
2026-05-21 23:22:52 INFO  BUY_FILLED GOOD phase=HOLDING
2026-05-21 23:22:58 INFO  BUY_FILLED GOOD phase=HOLDING
2026-05-21 23:23:03 INFO  BUY_FILLED GOOD phase=HOLDING
2026-05-21 23:23:08 INFO  BUY_FILLED GOOD phase=HOLDING
2026-05-21 23:23:13 INFO  BUY_FILLED GOOD phase=HOLDING
2026-05-21 23:23:18 INFO  BUY_FILLED GOOD phase=HOLDING
2026-05-21 23:23:23 INFO  BUY_FILLED GOOD phase=HOLDING
2026-05-21 23:23:29 INFO  BUY_FILLED GOOD phase=HOLDING
2026-05-21 23:23:34 INFO  BUY_FILLED GOOD phase=HOLDING
2026-05-21 23:23:39 INFO  BUY_FILLED GOOD phase=HOLDING
2026-05-21 23:23:44 INFO  BUY_FILLED GOOD phase=HOLDING
2026-05-21 23:23:50 INFO  BUY_FILLED GOOD phase=HOLDING
2026-05-21 23:23:55 INFO  BUY_FILLED GOOD phase=HOLDING
2026-05-21 23:24:00 INFO  BUY_FILLED GOOD phase=HOLDING
2026-05-21 23:24:05 INFO  BUY_FILLED GOOD phase=HOLDING
2026-05-21 23:24:10 INFO  BUY_FILLED GOOD phase=HOLDING
2026-05-21 23:24:10 INFO  SELL_EXECUTED [US] GOOD mode=VOLUME_BREAKOUT phase=EXITING exitType=TIMESTOP price=12.7750 qty=19 reason=TIME_STOP_SOFT pnl=0.12% peakPnl=0.12% holdMs=303492 high=12.7750 avgPrice=12.7600 weightedPnl=0.11% (pending fill)
2026-05-21 23:24:14 WARN  SELL_REJECTED GOOD reason=TIME_STOP_SOFT phase=HOLDING
2026-05-21 23:24:15 INFO  BUY_FILLED GOOD phase=HOLDING
2026-05-21 23:24:20 INFO  BUY_FILLED GOOD phase=HOLDING
2026-05-21 23:24:20 INFO  SELL_EXECUTED [US] GOOD mode=VOLUME_BREAKOUT phase=EXITING exitType=TIMESTOP price=12.7750 qty=19 reason=TIME_STOP_SOFT pnl=0.12% peakPnl=0.12% holdMs=313935 high=12.7750 avgPrice=12.7600 weightedPnl=0.11% (pending fill)
2026-05-21 23:24:22 WARN  SELL_REJECTED GOOD reason=TIME_STOP_SOFT phase=HOLDING
2026-05-21 23:24:27 INFO  BUY_FILLED GOOD phase=HOLDING
2026-05-21 23:24:27 INFO  SELL_EXECUTED [US] GOOD mode=VOLUME_BREAKOUT phase=EXITING exitType=TIMESTOP price=12.7750 qty=19 reason=TIME_STOP_SOFT pnl=0.12% peakPnl=0.12% holdMs=320343 high=12.7750 avgPrice=12.7600 weightedPnl=0.11% (pending fill)
2026-05-21 23:24:32 INFO  BUY_FILLED GOOD phase=HOLDING
2026-05-21 23:24:37 INFO  BUY_FILLED GOOD phase=HOLDING
2026-05-21 23:24:42 INFO  BUY_FILLED GOOD phase=HOLDING
2026-05-21 23:24:42 WARN  SELL timeout for GOOD — issuing immediate MARKET sell qty=19
2026-05-21 23:24:47 INFO  BUY_FILLED GOOD phase=HOLDING
2026-05-21 23:24:52 INFO  BUY_FILLED GOOD phase=HOLDING
2026-05-21 23:31:09 INFO  BUY [US] AMZU mode=VOLUME_BREAKOUT price=41.9700 qty=4 size=0.8000x score=95(CONV) | WHY: strongBreakout volBreakout retestOK multiUp vol(1.82x) | VWAP: 0.65%(ABOVE slope=UP) allowedGap=2.80% | TREND: score=3 vel=0.33%/0.21%/0.18% accel=true | VOL: 333950.0000/183534.7500 TO: 14032044.6800/7678153.4681 | HIGH: 42.0207 fromHigh=-0.01% | entryNo=1
2026-05-21 23:32:06 INFO  BUY_FILLED AMZU phase=HOLDING
2026-05-21 23:32:11 INFO  BUY_FILLED AMZU phase=HOLDING
2026-05-21 23:32:16 INFO  BUY_FILLED AMZU phase=HOLDING
2026-05-21 23:32:21 INFO  BUY_FILLED AMZU phase=HOLDING
2026-05-21 23:32:27 INFO  BUY_FILLED AMZU phase=HOLDING
2026-05-21 23:32:32 INFO  BUY_FILLED AMZU phase=HOLDING
2026-05-21 23:32:37 INFO  BUY_FILLED AMZU phase=HOLDING
2026-05-21 23:32:42 INFO  BUY_FILLED AMZU phase=HOLDING
2026-05-21 23:32:47 INFO  BUY_FILLED AMZU phase=HOLDING
2026-05-21 23:32:53 INFO  BUY_FILLED AMZU phase=HOLDING
2026-05-21 23:32:58 INFO  BUY_FILLED AMZU phase=HOLDING
2026-05-21 23:33:03 INFO  BUY_FILLED AMZU phase=HOLDING
2026-05-21 23:33:08 INFO  BUY_FILLED AMZU phase=HOLDING
2026-05-21 23:33:13 INFO  BUY_FILLED AMZU phase=HOLDING
2026-05-21 23:33:18 INFO  BUY_FILLED AMZU phase=HOLDING
2026-05-21 23:33:23 INFO  BUY_FILLED AMZU phase=HOLDING
2026-05-21 23:33:28 INFO  BUY_FILLED AMZU phase=HOLDING
2026-05-21 23:33:33 INFO  BUY_FILLED AMZU phase=HOLDING
2026-05-21 23:33:39 INFO  BUY_FILLED AMZU phase=HOLDING
2026-05-21 23:33:44 INFO  BUY_FILLED AMZU phase=HOLDING
2026-05-21 23:33:49 INFO  BUY_FILLED AMZU phase=HOLDING
2026-05-21 23:33:55 INFO  BUY_FILLED AMZU phase=HOLDING
2026-05-21 23:34:00 INFO  BUY_FILLED AMZU phase=HOLDING
2026-05-21 23:34:05 INFO  BUY_FILLED AMZU phase=HOLDING
2026-05-21 23:34:10 INFO  BUY_FILLED AMZU phase=HOLDING
2026-05-21 23:34:15 INFO  BUY_FILLED AMZU phase=HOLDING
2026-05-21 23:34:21 INFO  BUY_FILLED AMZU phase=HOLDING
2026-05-21 23:34:26 INFO  BUY_FILLED AMZU phase=HOLDING
2026-05-21 23:34:31 INFO  BUY_FILLED AMZU phase=HOLDING
2026-05-21 23:34:36 INFO  BUY_FILLED AMZU phase=HOLDING
2026-05-21 23:34:41 INFO  BUY_FILLED AMZU phase=HOLDING
2026-05-21 23:34:46 INFO  BUY_FILLED AMZU phase=HOLDING
2026-05-21 23:34:52 INFO  BUY_FILLED AMZU phase=HOLDING
2026-05-21 23:34:57 INFO  BUY_FILLED AMZU phase=HOLDING
2026-05-21 23:35:02 INFO  BUY_FILLED AMZU phase=HOLDING
2026-05-21 23:35:07 INFO  BUY_FILLED AMZU phase=HOLDING
2026-05-21 23:35:12 INFO  BUY_FILLED AMZU phase=HOLDING
2026-05-21 23:35:18 INFO  BUY_FILLED AMZU phase=HOLDING
2026-05-21 23:35:23 INFO  BUY_FILLED AMZU phase=HOLDING
2026-05-21 23:35:28 INFO  BUY_FILLED AMZU phase=HOLDING
2026-05-21 23:35:33 INFO  BUY_FILLED AMZU phase=HOLDING
2026-05-21 23:35:38 INFO  BUY_FILLED AMZU phase=HOLDING
2026-05-21 23:35:43 INFO  BUY_FILLED AMZU phase=HOLDING
2026-05-21 23:35:48 INFO  BUY_FILLED AMZU phase=HOLDING
2026-05-21 23:35:54 INFO  BUY_FILLED AMZU phase=HOLDING
2026-05-21 23:35:59 INFO  BUY_FILLED AMZU phase=HOLDING
2026-05-21 23:36:04 INFO  BUY_FILLED AMZU phase=HOLDING
2026-05-21 23:36:09 INFO  BUY_FILLED AMZU phase=HOLDING
2026-05-21 23:36:15 INFO  BUY_FILLED AMZU phase=HOLDING
2026-05-21 23:36:20 INFO  BUY_FILLED AMZU phase=HOLDING
2026-05-21 23:36:25 INFO  BUY_FILLED AMZU phase=HOLDING
2026-05-21 23:36:30 INFO  BUY_FILLED AMZU phase=HOLDING
2026-05-21 23:36:35 INFO  BUY_FILLED AMZU phase=HOLDING
2026-05-21 23:36:40 INFO  BUY_FILLED AMZU phase=HOLDING
2026-05-21 23:36:45 INFO  BUY_FILLED AMZU phase=HOLDING
2026-05-21 23:36:51 INFO  BUY_FILLED AMZU phase=HOLDING
2026-05-21 23:36:56 INFO  BUY_FILLED AMZU phase=HOLDING
2026-05-21 23:37:01 INFO  BUY_FILLED AMZU phase=HOLDING
2026-05-21 23:37:06 INFO  BUY_FILLED AMZU phase=HOLDING
2026-05-21 23:37:11 INFO  BUY_FILLED AMZU phase=HOLDING
2026-05-21 23:37:16 INFO  BUY_FILLED AMZU phase=HOLDING
2026-05-21 23:37:22 INFO  BUY_FILLED AMZU phase=HOLDING
2026-05-21 23:37:27 INFO  BUY_FILLED AMZU phase=HOLDING
2026-05-21 23:37:32 INFO  BUY_FILLED AMZU phase=HOLDING
2026-05-21 23:37:37 INFO  BUY_FILLED AMZU phase=HOLDING
2026-05-21 23:37:42 INFO  BUY_FILLED AMZU phase=HOLDING
2026-05-21 23:37:47 INFO  BUY_FILLED AMZU phase=HOLDING
2026-05-21 23:37:52 INFO  BUY_FILLED AMZU phase=HOLDING
2026-05-21 23:37:58 INFO  BUY_FILLED AMZU phase=HOLDING
2026-05-21 23:38:03 INFO  BUY_FILLED AMZU phase=HOLDING
2026-05-21 23:38:08 INFO  BUY_FILLED AMZU phase=HOLDING
2026-05-21 23:38:13 INFO  BUY_FILLED AMZU phase=HOLDING
2026-05-21 23:38:18 INFO  BUY_FILLED AMZU phase=HOLDING
2026-05-21 23:38:23 INFO  BUY_FILLED AMZU phase=HOLDING
2026-05-21 23:38:28 INFO  BUY_FILLED AMZU phase=HOLDING
2026-05-21 23:38:34 INFO  BUY_FILLED AMZU phase=HOLDING
2026-05-21 23:38:39 INFO  BUY_FILLED AMZU phase=HOLDING
2026-05-21 23:38:44 INFO  BUY_FILLED AMZU phase=HOLDING
2026-05-21 23:38:49 INFO  BUY_FILLED AMZU phase=HOLDING
2026-05-21 23:38:54 INFO  BUY_FILLED AMZU phase=HOLDING
2026-05-21 23:38:59 INFO  BUY_FILLED AMZU phase=HOLDING
2026-05-21 23:39:05 INFO  BUY_FILLED AMZU phase=HOLDING
2026-05-21 23:39:10 INFO  BUY_FILLED AMZU phase=HOLDING
2026-05-21 23:39:15 INFO  BUY_FILLED AMZU phase=HOLDING
2026-05-21 23:39:20 INFO  BUY_FILLED AMZU phase=HOLDING
2026-05-21 23:39:25 INFO  BUY_FILLED AMZU phase=HOLDING
2026-05-21 23:39:30 INFO  BUY_FILLED AMZU phase=HOLDING
2026-05-21 23:39:36 INFO  BUY_FILLED AMZU phase=HOLDING
2026-05-21 23:39:41 INFO  BUY_FILLED AMZU phase=HOLDING
2026-05-21 23:39:46 INFO  BUY_FILLED AMZU phase=HOLDING
2026-05-21 23:39:51 INFO  BUY_FILLED AMZU phase=HOLDING
2026-05-21 23:39:56 INFO  BUY_FILLED AMZU phase=HOLDING
2026-05-21 23:40:02 INFO  BUY_FILLED AMZU phase=HOLDING
2026-05-21 23:40:07 INFO  BUY_FILLED AMZU phase=HOLDING
2026-05-21 23:40:12 INFO  BUY_FILLED AMZU phase=HOLDING
2026-05-21 23:40:17 INFO  BUY_FILLED AMZU phase=HOLDING
2026-05-21 23:40:22 INFO  BUY_FILLED AMZU phase=HOLDING
2026-05-21 23:40:27 INFO  BUY_FILLED AMZU phase=HOLDING
2026-05-21 23:40:32 INFO  BUY_FILLED AMZU phase=HOLDING
2026-05-21 23:40:38 INFO  BUY_FILLED AMZU phase=HOLDING
2026-05-21 23:40:43 INFO  BUY_FILLED AMZU phase=HOLDING
2026-05-21 23:40:48 INFO  BUY_FILLED AMZU phase=HOLDING
2026-05-21 23:40:48 INFO  SELL_EXECUTED [US] AMZU mode=VOLUME_BREAKOUT phase=EXITING exitType=TIMESTOP price=41.9800 qty=4 reason=TIME_STOP_SOFT pnl=0.02% peakPnl=0.33% holdMs=522593 high=42.1100 avgPrice=41.9700 weightedPnl=0.02% (pending fill)
2026-05-21 23:40:52 WARN  SELL_REJECTED AMZU reason=TIME_STOP_SOFT phase=HOLDING
2026-05-21 23:40:54 INFO  BUY_FILLED AMZU phase=HOLDING
2026-05-21 23:40:59 INFO  BUY_FILLED AMZU phase=HOLDING
2026-05-21 23:40:59 INFO  SELL_EXECUTED [US] AMZU mode=VOLUME_BREAKOUT phase=EXITING exitType=TIMESTOP price=41.9800 qty=4 reason=TIME_STOP_SOFT pnl=0.02% peakPnl=0.33% holdMs=533137 high=42.1100 avgPrice=41.9700 weightedPnl=0.02% (pending fill)
