2026-05-29 00:04:09 INFO  SELL_EXECUTED [US] TSLL mode=VOLUME_BREAKOUT phase=EXITING exitType=TIMESTOP price=16.4250 qty=15 reason=TIME_STOP_SOFT pnl=-0.15% peakPnl=0.21% holdMs=420240 high=16.4850 avgPrice=16.4500 weightedPnl=-0.15% (pending fill)
2026-05-29 00:04:09 WARN  SELL_REJECTED TSLL reason=TIME_STOP_SOFT phase=HOLDING kisMsg=주문단가를 입력 하십시오
2026-05-29 00:04:14 INFO  SELL_EXECUTED [US] TSLL mode=VOLUME_BREAKOUT phase=EXITING exitType=TIMESTOP price=16.4299 qty=15 reason=TIME_STOP_SOFT pnl=-0.12% peakPnl=0.21% holdMs=425786 high=16.4850 avgPrice=16.4500 weightedPnl=-0.12% (pending fill)
2026-05-29 00:04:30 WARN  SELL timeout for TSLL — issuing immediate LIMIT sell qty=15 fallbackPrice=16.3900
2026-05-29 00:04:45 WARN  SELL timeout for TSLL — issuing immediate LIMIT sell qty=15 fallbackPrice=16.3900
2026-05-29 00:04:45 WARN  SELL_REJECTED TSLL reason=SELL_TIMEOUT_MARKET_RETRY phase=HOLDING kisMsg=초당 거래건수를 초과하였습니다.
2026-05-29 00:04:50 INFO  SELL_EXECUTED [US] TSLL mode=VOLUME_BREAKOUT phase=EXITING exitType=TIMESTOP price=16.4280 qty=15 reason=TIME_STOP_SOFT pnl=-0.13% peakPnl=0.21% holdMs=462090 high=16.4850 avgPrice=16.4500 weightedPnl=-0.13% (pending fill)
2026-05-29 00:05:06 WARN  SELL timeout for TSLL — issuing immediate LIMIT sell qty=15 fallbackPrice=16.4100
2026-05-29 00:05:22 WARN  SELL timeout for TSLL — issuing immediate LIMIT sell qty=15 fallbackPrice=16.4200
2026-05-29 00:05:31 WARN  SELL_REJECTED TSLL reason=SELL_TIMEOUT_MARKET_RETRY phase=HOLDING kisMsg=FILL_UNRESOLVABLE
2026-05-29 01:19:07 INFO  BUY [US] ETHU mode=VOLUME_BREAKOUT price=19.3000 qty=12 size=1.0000x score=95(CONV) | WHY: strongBreakout volBreakout retestOK multiUp vol(4.04x) | VWAP: 0.87%(ABOVE slope=UP) allowedGap=2.80% | TREND: score=3 vel=0.29%/0.21%/0.21% accel=true | VOL: 1901847.0000/470997.0000 TO: 36686628.6300/9042475.3598 | HIGH: 19.2900 fromHigh=0.00% | entryNo=1
2026-05-29 01:19:08 INFO  BUY_FILLED ETHU phase=HOLDING
2026-05-29 01:31:11 INFO  SELL_EXECUTED [US] ETHU mode=VOLUME_BREAKOUT phase=EXITING exitType=TIMESTOP price=19.3250 qty=12 reason=TIME_STOP_HARD pnl=0.18% peakPnl=0.60% holdMs=722960 high=19.4050 avgPrice=19.2899 weightedPnl=0.17% (pending fill)
2026-05-29 01:31:11 WARN  SELL_REJECTED ETHU reason=TIME_STOP_HARD phase=HOLDING kisMsg=주문단가를 입력 하십시오
2026-05-29 01:31:16 INFO  SELL_EXECUTED [US] ETHU mode=VOLUME_BREAKOUT phase=EXITING exitType=TIMESTOP price=19.3150 qty=12 reason=TIME_STOP_HARD pnl=0.13% peakPnl=0.60% holdMs=728167 high=19.4050 avgPrice=19.2899 weightedPnl=0.12% (pending fill)
2026-05-29 01:31:32 WARN  SELL timeout for ETHU — issuing immediate LIMIT sell qty=12 fallbackPrice=19.2800
2026-05-29 01:31:47 WARN  SELL timeout for ETHU — issuing immediate LIMIT sell qty=12 fallbackPrice=19.2700
2026-05-29 01:31:56 WARN  SELL_REJECTED ETHU reason=SELL_TIMEOUT_MARKET_RETRY phase=HOLDING kisMsg=FILL_UNRESOLVABLE
2026-05-29 10:22:18 INFO  BUY amount set for 126730: 490000.00
2026-05-29 10:22:18 INFO  BUY amount set for 242040: 490000.00
2026-05-29 10:22:18 INFO  BUY amount set for 241520: 490000.00
2026-05-29 10:22:18 INFO  BUY amount set for 131400: 490000.00
2026-05-29 10:22:18 INFO  BUY amount set for 457370: 490000.00
2026-05-29 10:22:18 INFO  BUY amount set for 317770: 490000.00
2026-05-29 10:22:18 INFO  BUY amount set for 008700: 490000.00
2026-05-29 10:22:18 INFO  BUY amount set for 012205: 490000.00
2026-05-29 10:22:18 INFO  BUY amount set for 011080: 490000.00
2026-05-29 10:22:18 INFO  BUY amount set for 309960: 490000.00
2026-05-29 10:22:18 INFO  BUY amount set for 393210: 490000.00
2026-05-29 10:22:18 INFO  BUY amount set for 308100: 490000.00
2026-05-29 10:54:09 INFO  BUY [KRX] 317770 mode=PULLBACK price=3490.0000 qty=168 size=1.2000x score=80 | WHY: zone(-2.10%fromHigh) vel+ avgCross priceAboveAvg vol(1.55x) | VWAP: 0.13%(ABOVE slope=DN) allowedGap=1.00% | TREND: score=3 vel=1.01%/1.45%/0.58% accel=false | VOL: 21367.0000/13763.9500 TO: 74570830.0000/47980092.7500 | HIGH: 3565.0000 fromHigh=-2.10% | entryNo=1
2026-05-29 10:54:09 WARN  BUY_REJECTED 317770 phase=NONE
2026-05-29 11:04:01 INFO  BUY amount set for 126730: 440000.00
2026-05-29 11:04:01 INFO  BUY amount set for 241520: 440000.00
2026-05-29 11:04:01 INFO  BUY amount set for 242040: 440000.00
2026-05-29 11:04:01 INFO  BUY amount set for 131400: 440000.00
2026-05-29 11:04:01 INFO  BUY amount set for 457370: 440000.00
2026-05-29 11:04:01 INFO  BUY amount set for 317770: 440000.00
2026-05-29 11:04:01 INFO  BUY amount set for 008700: 440000.00
2026-05-29 11:04:01 INFO  BUY amount set for 012205: 440000.00
2026-05-29 11:04:01 INFO  BUY amount set for 011080: 440000.00
2026-05-29 11:04:01 INFO  BUY amount set for 309960: 440000.00
2026-05-29 11:04:01 INFO  BUY amount set for 393210: 440000.00
2026-05-29 11:04:01 INFO  BUY amount set for 308100: 440000.00
2026-05-29 11:04:36 INFO  BUY amount set for 126730: 440000.00
2026-05-29 11:04:36 INFO  BUY amount set for 241520: 440000.00
2026-05-29 11:04:36 INFO  BUY amount set for 242040: 440000.00
2026-05-29 11:04:36 INFO  BUY amount set for 131400: 440000.00
2026-05-29 11:04:36 INFO  BUY amount set for 457370: 440000.00
2026-05-29 11:04:36 INFO  BUY amount set for 317770: 440000.00
2026-05-29 11:04:36 INFO  BUY amount set for 008700: 440000.00
2026-05-29 11:04:36 INFO  BUY amount set for 012205: 440000.00
2026-05-29 11:04:36 INFO  BUY amount set for 309960: 440000.00
2026-05-29 11:04:36 INFO  BUY amount set for 011080: 440000.00
2026-05-29 11:04:36 INFO  BUY amount set for 393210: 440000.00
2026-05-29 11:04:36 INFO  BUY amount set for 308100: 440000.00
2026-05-29 11:04:36 INFO  BUY amount set for 004410: 440000.00
2026-05-29 11:04:36 INFO  BUY amount set for 263800: 440000.00
2026-05-29 11:38:25 INFO  BUY amount set for 126730: 440000.00
2026-05-29 11:38:25 INFO  BUY amount set for 241520: 440000.00
2026-05-29 11:38:25 INFO  BUY amount set for 242040: 440000.00
2026-05-29 11:38:25 INFO  BUY amount set for 131400: 440000.00
2026-05-29 11:38:25 INFO  BUY amount set for 457370: 440000.00
2026-05-29 11:38:25 INFO  BUY amount set for 317770: 440000.00
2026-05-29 11:38:25 INFO  BUY amount set for 008700: 440000.00
2026-05-29 11:38:25 INFO  BUY amount set for 012205: 440000.00
2026-05-29 11:38:25 INFO  BUY amount set for 309960: 440000.00
2026-05-29 11:38:25 INFO  BUY amount set for 011080: 440000.00
2026-05-29 11:38:25 INFO  BUY amount set for 308100: 440000.00
2026-05-29 11:38:25 INFO  BUY amount set for 393210: 440000.00
2026-05-29 11:38:25 INFO  BUY amount set for 004410: 440000.00
2026-05-29 11:38:25 INFO  BUY amount set for 263800: 440000.00
2026-05-29 11:38:25 INFO  BUY amount set for 208710: 440000.00
2026-05-29 11:38:25 INFO  BUY amount set for 389140: 440000.00
2026-05-29 12:23:10 INFO  BUY [KRX] 241520 mode=VOLUME_BREAKOUT price=14500.0000 qty=24 size=0.8000x score=95(CONV) | WHY: strongBreakout volBreakout retestOK multiUp vol(2.23x) | VWAP: 1.29%(ABOVE slope=UP) allowedGap=2.80% | TREND: score=3 vel=1.12%/1.05%/1.68% accel=true | VOL: 13868.0000/6212.5500 TO: 200947320.0000/88962115.0000 | HIGH: 14500.0000 fromHigh=-0.07% | entryNo=1
2026-05-29 12:23:12 INFO  BUY_FILLED 241520 phase=HOLDING
2026-05-29 12:26:27 INFO  SELL_EXECUTED [KRX] 241520 mode=VOLUME_BREAKOUT phase=EXITING exitType=PROFIT price=15150.0000 qty=24 reason=TAKE_PROFIT_VOLUME_BREAKOUT pnl=4.63% peakPnl=4.63% holdMs=195597 high=15150.0000 avgPrice=14480.0000 weightedPnl=3.65% (pending fill)
2026-05-29 12:26:30 INFO  SELL_FILLED_PNL 241520 reason=TAKE_PROFIT_VOLUME_BREAKOUT filledQty=24/24 fillRatio=1.00 weightedPnl=3.65% dailyPnl=3.65%
2026-05-29 12:26:30 INFO  SELL_FILLED 241520 reason=TAKE_PROFIT_VOLUME_BREAKOUT remainingQty=0 phase=NONE exitType=PROFIT
2026-05-29 12:27:30 WARN  SELL_SKIP [KRX] 241520 reason=PHANTOM_POSITION phase=NONE qty=33 avgPrice=15140.0000
2026-05-29 12:27:35 WARN  SELL_SKIP [KRX] 241520 reason=PHANTOM_POSITION phase=NONE qty=33 avgPrice=15140.0000
2026-05-29 12:27:40 WARN  SELL_SKIP [KRX] 241520 reason=PHANTOM_POSITION phase=NONE qty=33 avgPrice=15140.0000
2026-05-29 12:27:45 WARN  SELL_SKIP [KRX] 241520 reason=PHANTOM_POSITION phase=NONE qty=33 avgPrice=15140.0000
2026-05-29 12:27:50 WARN  SELL_SKIP [KRX] 241520 reason=PHANTOM_POSITION phase=NONE qty=33 avgPrice=15140.0000
2026-05-29 12:27:55 WARN  SELL_SKIP [KRX] 241520 reason=PHANTOM_POSITION phase=NONE qty=33 avgPrice=15140.0000
2026-05-29 12:28:01 WARN  SELL_SKIP [KRX] 241520 reason=PHANTOM_POSITION phase=NONE qty=33 avgPrice=15140.0000
2026-05-29 12:28:06 WARN  SELL_SKIP [KRX] 241520 reason=PHANTOM_POSITION phase=NONE qty=33 avgPrice=15140.0000
2026-05-29 12:28:11 WARN  SELL_SKIP [KRX] 241520 reason=PHANTOM_POSITION phase=NONE qty=33 avgPrice=15140.0000
2026-05-29 12:28:16 WARN  SELL_SKIP [KRX] 241520 reason=PHANTOM_POSITION phase=NONE qty=33 avgPrice=15140.0000
2026-05-29 12:28:20 INFO  FORCE_HOLDING 241520 phase=HOLDING (startup recovery)
2026-05-29 12:34:44 INFO  SELL_EXECUTED [KRX] 241520 mode=NONE phase=EXITING exitType=PROFIT price=15450.0000 qty=33 reason=TAKE_PROFIT_DEFAULT pnl=1.92% peakPnl=1.92% holdMs=384815 high=15430.0000 avgPrice=15140.0000 weightedPnl=2.18% (pending fill)
2026-05-29 12:34:47 WARN  SELL_REJECTED 241520 reason=TAKE_PROFIT_DEFAULT phase=HOLDING kisMsg=FILL_UNCONFIRMED
2026-05-29 12:35:10 WARN  SELL fallback to MARKET for 241520 reason=TAKE_PROFIT_DEFAULT (retry after unfilled LIMIT)
2026-05-29 12:35:10 INFO  SELL_EXECUTED [KRX] 241520 mode=NONE phase=EXITING exitType=PROFIT price=15400.0000 qty=33 reason=TAKE_PROFIT_DEFAULT pnl=1.72% peakPnl=1.92% holdMs=410432 high=15430.0000 avgPrice=15140.0000 weightedPnl=1.95% (pending fill)
2026-05-29 12:35:10 WARN  SELL_REJECTED 241520 reason=TAKE_PROFIT_DEFAULT phase=HOLDING kisMsg=주문 가능한 수량을 초과했습니다.
2026-05-29 12:35:21 INFO  SELL [TRAIL_DEFAULT] 241520 pnl=1.25% peakPnl=1.92% high=15430.0000 current=15330.0000
2026-05-29 12:35:21 INFO  SELL_EXECUTED [KRX] 241520 mode=NONE phase=EXITING exitType=TRAIL price=15330.0000 qty=33 reason=TRAIL_DEFAULT pnl=1.25% peakPnl=1.92% holdMs=421067 high=15430.0000 avgPrice=15140.0000 weightedPnl=1.42% (pending fill)
2026-05-29 12:35:36 WARN  SELL timeout for 241520 — issuing immediate MARKET sell qty=33 fallbackPrice=0.0000
2026-05-29 12:35:52 WARN  SELL timeout for 241520 — issuing immediate MARKET sell qty=33 fallbackPrice=0.0000
2026-05-29 12:36:07 WARN  SELL_SKIP [KRX] 241520 reason=PHANTOM_POSITION phase=NONE qty=33 avgPrice=15510.0000
2026-05-29 12:36:17 WARN  SELL_SKIP [KRX] 241520 reason=PHANTOM_POSITION phase=NONE qty=33 avgPrice=15510.0000
2026-05-29 12:36:23 WARN  SELL_SKIP [KRX] 241520 reason=PHANTOM_POSITION phase=NONE qty=33 avgPrice=15510.0000
2026-05-29 12:36:23 INFO  FORCE_HOLDING 241520 phase=HOLDING (startup recovery)
2026-05-29 12:39:03 INFO  SELL_EXECUTED [KRX] 241520 mode=NONE phase=EXITING exitType=STOPLOSS price=15340.0000 qty=33 reason=STOP_LOSS_DEFAULT pnl=-1.10% peakPnl=-0.06% holdMs=159601 high=15500.0000 avgPrice=15510.0000 weightedPnl=-1.27% (pending fill)
2026-05-29 12:39:03 INFO  SELL_FILLED_PNL 241520 reason=STOP_LOSS_DEFAULT filledQty=33/33 fillRatio=1.00 weightedPnl=-1.27% dailyPnl=2.38%
2026-05-29 12:39:03 INFO  SELL_FILLED 241520 reason=STOP_LOSS_DEFAULT remainingQty=0 phase=NONE exitType=STOPLOSS
2026-05-29 12:39:29 WARN  SELL_SKIP [KRX] 241520 reason=PHANTOM_POSITION phase=NONE qty=32 avgPrice=15360.0000
2026-05-29 12:39:34 WARN  SELL_SKIP [KRX] 241520 reason=PHANTOM_POSITION phase=NONE qty=32 avgPrice=15360.0000
2026-05-29 12:39:39 WARN  SELL_SKIP [KRX] 241520 reason=PHANTOM_POSITION phase=NONE qty=32 avgPrice=15360.0000
2026-05-29 12:39:44 WARN  SELL_SKIP [KRX] 241520 reason=PHANTOM_POSITION phase=NONE qty=32 avgPrice=15360.0000
2026-05-29 12:39:50 WARN  SELL_SKIP [KRX] 241520 reason=PHANTOM_POSITION phase=NONE qty=32 avgPrice=15360.0000
2026-05-29 12:39:55 WARN  SELL_SKIP [KRX] 241520 reason=PHANTOM_POSITION phase=NONE qty=32 avgPrice=15360.0000
2026-05-29 12:40:00 WARN  SELL_SKIP [KRX] 241520 reason=PHANTOM_POSITION phase=NONE qty=32 avgPrice=15360.0000
2026-05-29 12:40:05 WARN  SELL_SKIP [KRX] 241520 reason=PHANTOM_POSITION phase=NONE qty=32 avgPrice=15360.0000
2026-05-29 12:40:10 WARN  SELL_SKIP [KRX] 241520 reason=PHANTOM_POSITION phase=NONE qty=32 avgPrice=15360.0000
2026-05-29 12:40:15 WARN  SELL_SKIP [KRX] 241520 reason=PHANTOM_POSITION phase=NONE qty=32 avgPrice=15360.0000
2026-05-29 12:40:21 WARN  SELL_SKIP [KRX] 241520 reason=PHANTOM_POSITION phase=NONE qty=32 avgPrice=15360.0000
2026-05-29 12:40:25 INFO  FORCE_HOLDING 241520 phase=HOLDING (startup recovery)
2026-05-29 12:40:31 INFO  SELL_EXECUTED [KRX] 241520 mode=NONE phase=EXITING exitType=STOPLOSS price=15100.0000 qty=32 reason=STOP_LOSS_DEFAULT pnl=-1.69% peakPnl=-1.69% holdMs=6176 high=15100.0000 avgPrice=15360.0000 weightedPnl=-1.89% (pending fill)
2026-05-29 12:40:31 INFO  SELL_FILLED_PNL 241520 reason=STOP_LOSS_DEFAULT filledQty=32/32 fillRatio=1.00 weightedPnl=-1.89% dailyPnl=0.49%
2026-05-29 12:40:31 INFO  SELL_FILLED 241520 reason=STOP_LOSS_DEFAULT remainingQty=0 phase=NONE exitType=STOPLOSS
2026-05-29 12:40:36 WARN  SELL_SKIP [KRX] 241520 reason=PHANTOM_POSITION phase=NONE qty=32 avgPrice=15360.0000
2026-05-29 12:40:41 WARN  SELL_SKIP [KRX] 241520 reason=PHANTOM_POSITION phase=NONE qty=32 avgPrice=15360.0000
2026-05-29 12:40:46 WARN  SELL_SKIP [KRX] 241520 reason=PHANTOM_POSITION phase=NONE qty=32 avgPrice=15360.0000
2026-05-29 12:40:57 WARN  SELL_SKIP [KRX] 241520 reason=PHANTOM_POSITION phase=NONE qty=32 avgPrice=15090.0000
2026-05-29 12:41:02 WARN  SELL_SKIP [KRX] 241520 reason=PHANTOM_POSITION phase=NONE qty=32 avgPrice=15090.0000
2026-05-29 12:41:07 WARN  SELL_SKIP [KRX] 241520 reason=PHANTOM_POSITION phase=NONE qty=32 avgPrice=15090.0000
2026-05-29 12:41:13 WARN  SELL_SKIP [KRX] 241520 reason=PHANTOM_POSITION phase=NONE qty=32 avgPrice=15090.0000
2026-05-29 12:41:23 WARN  SELL_SKIP [KRX] 241520 reason=PHANTOM_POSITION phase=NONE qty=32 avgPrice=15090.0000
2026-05-29 12:41:25 INFO  FORCE_HOLDING 241520 phase=HOLDING (startup recovery)
2026-05-29 12:43:32 INFO  SELL_EXECUTED [KRX] 241520 mode=NONE phase=EXITING exitType=STOPLOSS price=14930.0000 qty=32 reason=STOP_LOSS_DEFAULT pnl=-1.06% peakPnl=0.20% holdMs=127545 high=15120.0000 avgPrice=15090.0000 weightedPnl=-1.16% (pending fill)
2026-05-29 12:43:33 INFO  SELL_FILLED_PNL 241520 reason=STOP_LOSS_DEFAULT filledQty=32/32 fillRatio=1.00 weightedPnl=-1.16% dailyPnl=-0.67%
2026-05-29 12:43:33 INFO  SELL_FILLED 241520 reason=STOP_LOSS_DEFAULT remainingQty=0 phase=NONE exitType=STOPLOSS
2026-05-29 12:46:18 WARN  SELL_SKIP [KRX] 241520 reason=PHANTOM_POSITION phase=NONE qty=32 avgPrice=14930.0000
2026-05-29 12:46:27 INFO  FORCE_HOLDING 241520 phase=HOLDING (startup recovery)
2026-05-29 12:48:37 INFO  SELL_EXECUTED [KRX] 241520 mode=NONE phase=EXITING exitType=STOPLOSS price=14780.0000 qty=32 reason=STOP_LOSS_DEFAULT pnl=-1.00% peakPnl=0.80% holdMs=130311 high=15050.0000 avgPrice=14930.0000 weightedPnl=-1.09% (pending fill)
2026-05-29 12:48:38 INFO  SELL_FILLED_PNL 241520 reason=STOP_LOSS_DEFAULT filledQty=32/32 fillRatio=1.00 weightedPnl=-1.09% dailyPnl=-1.77%
2026-05-29 12:48:38 INFO  SELL_FILLED 241520 reason=STOP_LOSS_DEFAULT remainingQty=0 phase=NONE exitType=STOPLOSS
2026-05-29 12:48:53 WARN  SELL_SKIP [KRX] 241520 reason=PHANTOM_POSITION phase=NONE qty=31 avgPrice=14840.0000
2026-05-29 12:48:58 WARN  SELL_SKIP [KRX] 241520 reason=PHANTOM_POSITION phase=NONE qty=31 avgPrice=14840.0000
2026-05-29 12:49:03 WARN  SELL_SKIP [KRX] 241520 reason=PHANTOM_POSITION phase=NONE qty=31 avgPrice=14840.0000
2026-05-29 12:49:08 WARN  SELL_SKIP [KRX] 241520 reason=PHANTOM_POSITION phase=NONE qty=31 avgPrice=14840.0000
2026-05-29 12:49:13 WARN  SELL_SKIP [KRX] 241520 reason=PHANTOM_POSITION phase=NONE qty=31 avgPrice=14840.0000
2026-05-29 12:49:19 WARN  SELL_SKIP [KRX] 241520 reason=PHANTOM_POSITION phase=NONE qty=31 avgPrice=14840.0000
2026-05-29 12:49:24 WARN  SELL_SKIP [KRX] 241520 reason=PHANTOM_POSITION phase=NONE qty=31 avgPrice=14840.0000
2026-05-29 12:49:28 INFO  FORCE_HOLDING 241520 phase=HOLDING (startup recovery)
2026-05-29 12:54:29 INFO  SELL_EXECUTED [KRX] 241520 mode=NONE phase=EXITING exitType=STOPLOSS price=14680.0000 qty=31 reason=STOP_LOSS_DEFAULT pnl=-1.08% peakPnl=0.67% holdMs=301790 high=14940.0000 avgPrice=14840.0000 weightedPnl=-1.13% (pending fill)
2026-05-29 12:54:30 INFO  SELL_FILLED_PNL 241520 reason=STOP_LOSS_DEFAULT filledQty=31/31 fillRatio=1.00 weightedPnl=-1.13% dailyPnl=-2.89%
2026-05-29 12:54:30 INFO  SELL_FILLED 241520 reason=STOP_LOSS_DEFAULT remainingQty=0 phase=NONE exitType=STOPLOSS
2026-05-29 12:54:50 WARN  SELL_SKIP [KRX] 241520 reason=PHANTOM_POSITION phase=NONE qty=31 avgPrice=14670.0000
2026-05-29 12:55:00 WARN  SELL_SKIP [KRX] 241520 reason=PHANTOM_POSITION phase=NONE qty=31 avgPrice=14670.0000
2026-05-29 12:55:11 WARN  SELL_SKIP [KRX] 241520 reason=PHANTOM_POSITION phase=NONE qty=31 avgPrice=14670.0000
2026-05-29 12:55:16 WARN  SELL_SKIP [KRX] 241520 reason=PHANTOM_POSITION phase=NONE qty=31 avgPrice=14670.0000
2026-05-29 12:55:21 WARN  SELL_SKIP [KRX] 241520 reason=PHANTOM_POSITION phase=NONE qty=31 avgPrice=14670.0000
2026-05-29 12:55:26 WARN  SELL_SKIP [KRX] 241520 reason=PHANTOM_POSITION phase=NONE qty=31 avgPrice=14670.0000
2026-05-29 12:55:30 INFO  FORCE_HOLDING 241520 phase=HOLDING (startup recovery)
2026-05-29 13:01:33 INFO  SELL_EXECUTED [KRX] 241520 mode=NONE phase=EXITING exitType=VWAP_BREAK price=14610.0000 qty=31 reason=VWAP_BREAK pnl=-0.41% peakPnl=0.68% holdMs=363303 high=14770.0000 avgPrice=14670.0000 weightedPnl=-0.42% (pending fill)
2026-05-29 13:01:34 INFO  SELL_FILLED_PNL 241520 reason=VWAP_BREAK filledQty=31/31 fillRatio=1.00 weightedPnl=-0.42% dailyPnl=-3.32%
2026-05-29 13:01:34 INFO  SELL_FILLED 241520 reason=VWAP_BREAK remainingQty=0 phase=NONE exitType=VWAP_BREAK
2026-05-29 13:04:03 WARN  SELL_SKIP [KRX] 241520 reason=PHANTOM_POSITION phase=NONE qty=30 avgPrice=14700.0000
2026-05-29 13:04:09 WARN  SELL_SKIP [KRX] 241520 reason=PHANTOM_POSITION phase=NONE qty=30 avgPrice=14700.0000
2026-05-29 13:04:14 WARN  SELL_SKIP [KRX] 241520 reason=PHANTOM_POSITION phase=NONE qty=30 avgPrice=14700.0000
2026-05-29 13:04:19 WARN  SELL_SKIP [KRX] 241520 reason=PHANTOM_POSITION phase=NONE qty=30 avgPrice=14700.0000
2026-05-29 13:04:24 WARN  SELL_SKIP [KRX] 241520 reason=PHANTOM_POSITION phase=NONE qty=30 avgPrice=14700.0000
2026-05-29 13:04:29 WARN  SELL_SKIP [KRX] 241520 reason=PHANTOM_POSITION phase=NONE qty=30 avgPrice=14700.0000
2026-05-29 13:04:33 INFO  FORCE_HOLDING 241520 phase=HOLDING (startup recovery)
2026-05-29 13:05:21 INFO  SELL [TRAIL_DEFAULT] 241520 pnl=0.07% peakPnl=1.29% high=14890.0000 current=14710.0000
2026-05-29 13:05:21 INFO  SELL_EXECUTED [KRX] 241520 mode=NONE phase=EXITING exitType=TRAIL price=14710.0000 qty=30 reason=TRAIL_DEFAULT pnl=0.07% peakPnl=1.29% holdMs=47697 high=14890.0000 avgPrice=14700.0000 weightedPnl=0.07% (pending fill)
2026-05-29 13:05:22 INFO  SELL_FILLED_PNL 241520 reason=TRAIL_DEFAULT filledQty=30/30 fillRatio=1.00 weightedPnl=0.07% dailyPnl=-3.25%
2026-05-29 13:05:22 INFO  SELL_FILLED 241520 reason=TRAIL_DEFAULT remainingQty=0 phase=NONE exitType=TRAIL
2026-05-29 13:06:23 WARN  SELL_SKIP [KRX] 241520 reason=PHANTOM_POSITION phase=NONE qty=30 avgPrice=14660.0000
2026-05-29 13:06:28 WARN  SELL_SKIP [KRX] 241520 reason=PHANTOM_POSITION phase=NONE qty=30 avgPrice=14660.0000
2026-05-29 13:06:33 WARN  SELL_SKIP [KRX] 241520 reason=PHANTOM_POSITION phase=NONE qty=30 avgPrice=14660.0000
2026-05-29 13:06:34 INFO  FORCE_HOLDING 241520 phase=HOLDING (startup recovery)
2026-05-29 13:12:00 INFO  SELL_EXECUTED [KRX] 241520 mode=NONE phase=EXITING exitType=STOPLOSS price=14500.0000 qty=30 reason=STOP_LOSS_DEFAULT pnl=-1.09% peakPnl=0.27% holdMs=325681 high=14700.0000 avgPrice=14660.0000 weightedPnl=-1.09% (pending fill)
2026-05-29 13:12:00 INFO  SELL_FILLED_PNL 241520 reason=STOP_LOSS_DEFAULT filledQty=30/30 fillRatio=1.00 weightedPnl=-1.09% dailyPnl=-4.34%
2026-05-29 13:12:00 INFO  SELL_FILLED 241520 reason=STOP_LOSS_DEFAULT remainingQty=0 phase=NONE exitType=STOPLOSS
2026-05-29 13:15:21 WARN  SELL_SKIP [KRX] 241520 reason=PHANTOM_POSITION phase=NONE qty=30 avgPrice=14460.0000
2026-05-29 13:15:26 WARN  SELL_SKIP [KRX] 241520 reason=PHANTOM_POSITION phase=NONE qty=30 avgPrice=14460.0000
2026-05-29 13:15:31 WARN  SELL_SKIP [KRX] 241520 reason=PHANTOM_POSITION phase=NONE qty=30 avgPrice=14460.0000
2026-05-29 13:15:36 WARN  SELL_SKIP [KRX] 241520 reason=PHANTOM_POSITION phase=NONE qty=30 avgPrice=14460.0000
2026-05-29 13:15:37 INFO  FORCE_HOLDING 241520 phase=HOLDING (startup recovery)
2026-05-29 13:23:59 INFO  SELL [TRAIL_DEFAULT] 241520 pnl=0.69% peakPnl=1.66% high=14700.0000 current=14560.0000
2026-05-29 13:23:59 INFO  SELL_EXECUTED [KRX] 241520 mode=NONE phase=EXITING exitType=TRAIL price=14560.0000 qty=30 reason=TRAIL_DEFAULT pnl=0.69% peakPnl=1.66% holdMs=501439 high=14700.0000 avgPrice=14460.0000 weightedPnl=0.68% (pending fill)
2026-05-29 13:23:59 INFO  SELL_FILLED_PNL 241520 reason=TRAIL_DEFAULT filledQty=30/30 fillRatio=1.00 weightedPnl=0.68% dailyPnl=-3.66%
2026-05-29 13:23:59 INFO  SELL_FILLED 241520 reason=TRAIL_DEFAULT remainingQty=0 phase=NONE exitType=TRAIL
2026-05-29 13:24:45 WARN  SELL_SKIP [KRX] 241520 reason=PHANTOM_POSITION phase=NONE qty=15 avgPrice=14680.0000
2026-05-29 13:24:50 WARN  SELL_SKIP [KRX] 241520 reason=PHANTOM_POSITION phase=NONE qty=29 avgPrice=14680.0000
2026-05-29 13:24:55 WARN  SELL_SKIP [KRX] 241520 reason=PHANTOM_POSITION phase=NONE qty=29 avgPrice=14680.0000
2026-05-29 13:25:01 WARN  SELL_SKIP [KRX] 241520 reason=PHANTOM_POSITION phase=NONE qty=29 avgPrice=14680.0000
2026-05-29 13:25:06 WARN  SELL_SKIP [KRX] 241520 reason=PHANTOM_POSITION phase=NONE qty=29 avgPrice=14680.0000
2026-05-29 13:25:16 WARN  SELL_SKIP [KRX] 241520 reason=PHANTOM_POSITION phase=NONE qty=29 avgPrice=14680.0000
2026-05-29 13:25:21 WARN  SELL_SKIP [KRX] 241520 reason=PHANTOM_POSITION phase=NONE qty=29 avgPrice=14680.0000
2026-05-29 13:25:27 WARN  SELL_SKIP [KRX] 241520 reason=PHANTOM_POSITION phase=NONE qty=29 avgPrice=14680.0000
2026-05-29 13:25:32 WARN  SELL_SKIP [KRX] 241520 reason=PHANTOM_POSITION phase=NONE qty=29 avgPrice=14680.0000
2026-05-29 13:25:37 WARN  SELL_SKIP [KRX] 241520 reason=PHANTOM_POSITION phase=NONE qty=29 avgPrice=14680.0000
2026-05-29 13:25:41 INFO  FORCE_HOLDING 241520 phase=HOLDING (startup recovery)
2026-05-29 13:31:08 INFO  SELL [TRAIL_DEFAULT] 241520 pnl=0.82% peakPnl=1.50% high=14900.0000 current=14800.0000
2026-05-29 13:31:08 INFO  SELL_EXECUTED [KRX] 241520 mode=NONE phase=EXITING exitType=TRAIL price=14800.0000 qty=29 reason=TRAIL_DEFAULT pnl=0.82% peakPnl=1.50% holdMs=327532 high=14900.0000 avgPrice=14680.0000 weightedPnl=0.79% (pending fill)
2026-05-29 13:31:10 INFO  SELL_FILLED_PNL 241520 reason=TRAIL_DEFAULT filledQty=29/29 fillRatio=1.00 weightedPnl=0.79% dailyPnl=-2.87%
2026-05-29 13:31:10 INFO  SELL_FILLED 241520 reason=TRAIL_DEFAULT remainingQty=0 phase=NONE exitType=TRAIL
2026-05-29 13:43:45 WARN  SELL_SKIP [KRX] 241520 reason=PHANTOM_POSITION phase=NONE qty=28 avgPrice=14880.0000
2026-05-29 13:43:49 INFO  FORCE_HOLDING 241520 phase=HOLDING (startup recovery)
2026-05-29 13:51:04 INFO  SELL_EXECUTED [KRX] 241520 mode=NONE phase=EXITING exitType=TIMESTOP price=14800.0000 qty=28 reason=TIME_STOP_SOFT pnl=-0.54% peakPnl=0.27% holdMs=435481 high=14920.0000 avgPrice=14880.0000 weightedPnl=-0.51% (pending fill)
2026-05-29 13:51:05 INFO  SELL_FILLED_PNL 241520 reason=TIME_STOP_SOFT filledQty=28/28 fillRatio=1.00 weightedPnl=-0.51% dailyPnl=-3.37%
2026-05-29 13:51:05 INFO  SELL_FILLED 241520 reason=TIME_STOP_SOFT remainingQty=0 phase=NONE exitType=TIMESTOP
