2026-04-30 09:03:46 INFO  BUY amount set for 125020: 400000.00
2026-04-30 09:03:46 INFO  BUY amount set for 039830: 400000.00
2026-04-30 09:03:46 INFO  BUY amount set for 396300: 400000.00
2026-04-30 09:03:46 INFO  BUY amount set for 024840: 400000.00
2026-04-30 09:03:46 INFO  BUY amount set for 006340: 400000.00
2026-04-30 09:03:46 INFO  BUY amount set for 452190: 400000.00
2026-04-30 09:03:46 INFO  BUY amount set for 006345: 400000.00
2026-04-30 09:04:06 INFO  BUY amount set for 452190: 400000.00
2026-04-30 09:04:06 INFO  BUY amount set for 006340: 400000.00
2026-04-30 09:04:06 INFO  BUY amount set for 125020: 400000.00
2026-04-30 09:04:06 INFO  BUY amount set for 024840: 400000.00
2026-04-30 09:04:06 INFO  BUY amount set for 347770: 400000.00
2026-04-30 09:04:06 INFO  BUY amount set for 006345: 400000.00
2026-04-30 09:04:06 INFO  BUY amount set for 039830: 400000.00
2026-04-30 09:04:06 INFO  BUY amount set for 396300: 400000.00
2026-04-30 09:04:13 INFO  BUY amount set for 006340: 400000.00
2026-04-30 09:04:13 INFO  BUY amount set for 452190: 400000.00
2026-04-30 09:04:13 INFO  BUY amount set for 125020: 400000.00
2026-04-30 09:04:13 INFO  BUY amount set for 024840: 400000.00
2026-04-30 09:04:13 INFO  BUY amount set for 396300: 400000.00
2026-04-30 09:04:13 INFO  BUY amount set for 039830: 400000.00
2026-04-30 09:04:13 INFO  BUY amount set for 006345: 400000.00
2026-04-30 09:04:13 INFO  BUY amount set for 347770: 400000.00
2026-04-30 09:04:13 INFO  BUY amount set for 215100: 400000.00
2026-04-30 09:04:32 INFO  BUY amount set for 006340: 400000.00
2026-04-30 09:04:32 INFO  BUY amount set for 452190: 400000.00
2026-04-30 09:04:32 INFO  BUY amount set for 125020: 400000.00
2026-04-30 09:04:32 INFO  BUY amount set for 024840: 400000.00
2026-04-30 09:04:32 INFO  BUY amount set for 396300: 400000.00
2026-04-30 09:04:32 INFO  BUY amount set for 039830: 400000.00
2026-04-30 09:04:32 INFO  BUY amount set for 006345: 400000.00
2026-04-30 09:04:32 INFO  BUY amount set for 347770: 400000.00
2026-04-30 09:04:32 INFO  BUY amount set for 215100: 400000.00
2026-04-30 09:04:32 INFO  BUY amount set for 199820: 400000.00
2026-04-30 09:04:38 INFO  BUY amount set for 006340: 400000.00
2026-04-30 09:04:38 INFO  BUY amount set for 452190: 400000.00
2026-04-30 09:04:38 INFO  BUY amount set for 125020: 400000.00
2026-04-30 09:04:38 INFO  BUY amount set for 024840: 400000.00
2026-04-30 09:04:38 INFO  BUY amount set for 396300: 400000.00
2026-04-30 09:04:38 INFO  BUY amount set for 039830: 400000.00
2026-04-30 09:04:38 INFO  BUY amount set for 006345: 400000.00
2026-04-30 09:04:38 INFO  BUY amount set for 347770: 400000.00
2026-04-30 09:04:38 INFO  BUY amount set for 215100: 400000.00
2026-04-30 09:04:38 INFO  BUY amount set for 039860: 400000.00
2026-04-30 09:04:38 INFO  BUY amount set for 199820: 400000.00
2026-04-30 09:04:50 INFO  BUY amount set for 006340: 400000.00
2026-04-30 09:04:50 INFO  BUY amount set for 452190: 400000.00
2026-04-30 09:04:50 INFO  BUY amount set for 125020: 400000.00
2026-04-30 09:04:50 INFO  BUY amount set for 024840: 400000.00
2026-04-30 09:04:50 INFO  BUY amount set for 396300: 400000.00
2026-04-30 09:04:50 INFO  BUY amount set for 039830: 400000.00
2026-04-30 09:04:50 INFO  BUY amount set for 006345: 400000.00
2026-04-30 09:04:50 INFO  BUY amount set for 347770: 400000.00
2026-04-30 09:04:50 INFO  BUY amount set for 215100: 400000.00
2026-04-30 09:04:50 INFO  BUY amount set for 199820: 400000.00
2026-04-30 09:04:50 INFO  BUY amount set for 039860: 400000.00
2026-04-30 09:04:50 INFO  BUY amount set for 048770: 400000.00
2026-04-30 09:05:05 INFO  BUY amount set for 006340: 400000.00
2026-04-30 09:05:05 INFO  BUY amount set for 452190: 400000.00
2026-04-30 09:05:05 INFO  BUY amount set for 125020: 400000.00
2026-04-30 09:05:05 INFO  BUY amount set for 024840: 400000.00
2026-04-30 09:05:05 INFO  BUY amount set for 396300: 400000.00
2026-04-30 09:05:05 INFO  BUY amount set for 039830: 400000.00
2026-04-30 09:05:05 INFO  BUY amount set for 006345: 400000.00
2026-04-30 09:05:05 INFO  BUY amount set for 347770: 400000.00
2026-04-30 09:05:05 INFO  BUY amount set for 199820: 400000.00
2026-04-30 09:05:05 INFO  BUY amount set for 215100: 400000.00
2026-04-30 09:05:05 INFO  BUY amount set for 048770: 400000.00
2026-04-30 09:05:05 INFO  BUY amount set for 039860: 400000.00
2026-04-30 09:05:05 INFO  BUY amount set for 017510: 400000.00
2026-04-30 09:05:09 INFO  BUY amount set for 452190: 400000.00
2026-04-30 09:05:09 INFO  BUY amount set for 024840: 400000.00
2026-04-30 09:05:09 INFO  BUY amount set for 125020: 400000.00
2026-04-30 09:05:09 INFO  BUY amount set for 006340: 400000.00
2026-04-30 09:05:09 INFO  BUY amount set for 396300: 400000.00
2026-04-30 09:05:09 INFO  BUY amount set for 039830: 400000.00
2026-04-30 09:05:09 INFO  BUY amount set for 006345: 400000.00
2026-04-30 09:05:09 INFO  BUY amount set for 215100: 400000.00
2026-04-30 09:05:09 INFO  BUY amount set for 199820: 400000.00
2026-04-30 09:05:09 INFO  BUY amount set for 347770: 400000.00
2026-04-30 09:05:09 INFO  BUY amount set for 048770: 400000.00
2026-04-30 09:05:09 INFO  BUY amount set for 039860: 400000.00
2026-04-30 09:05:09 INFO  BUY amount set for 017510: 400000.00
2026-04-30 09:05:09 INFO  BUY amount set for 039980: 400000.00
2026-04-30 09:10:35 INFO  BUY amount set for 006340: 400000.00
2026-04-30 09:10:35 INFO  BUY amount set for 452190: 400000.00
2026-04-30 09:10:35 INFO  BUY amount set for 125020: 400000.00
2026-04-30 09:10:35 INFO  BUY amount set for 024840: 400000.00
2026-04-30 09:10:35 INFO  BUY amount set for 396300: 400000.00
2026-04-30 09:10:35 INFO  BUY amount set for 039830: 400000.00
2026-04-30 09:10:35 INFO  BUY amount set for 006345: 400000.00
2026-04-30 09:10:35 INFO  BUY amount set for 347770: 400000.00
2026-04-30 09:10:35 INFO  BUY amount set for 215100: 400000.00
2026-04-30 09:10:35 INFO  BUY amount set for 039860: 400000.00
2026-04-30 09:10:35 INFO  BUY amount set for 199820: 400000.00
2026-04-30 09:10:35 INFO  BUY amount set for 048770: 400000.00
2026-04-30 09:10:35 INFO  BUY amount set for 017510: 400000.00
2026-04-30 09:10:35 INFO  BUY amount set for 039980: 400000.00
2026-04-30 09:10:35 INFO  BUY amount set for 065440: 400000.00
2026-04-30 09:10:40 INFO  BUY amount set for 006340: 400000.00
2026-04-30 09:10:40 INFO  BUY amount set for 125020: 400000.00
2026-04-30 09:10:40 INFO  BUY amount set for 024840: 400000.00
2026-04-30 09:10:40 INFO  BUY amount set for 396300: 400000.00
2026-04-30 09:10:40 INFO  BUY amount set for 452190: 400000.00
2026-04-30 09:10:40 INFO  BUY amount set for 039830: 400000.00
2026-04-30 09:10:40 INFO  BUY amount set for 006345: 400000.00
2026-04-30 09:10:40 INFO  BUY amount set for 215100: 400000.00
2026-04-30 09:10:40 INFO  BUY amount set for 199820: 400000.00
2026-04-30 09:10:40 INFO  BUY amount set for 347770: 400000.00
2026-04-30 09:10:40 INFO  BUY amount set for 039860: 400000.00
2026-04-30 09:10:40 INFO  BUY amount set for 048770: 400000.00
2026-04-30 09:10:40 INFO  BUY amount set for 017510: 400000.00
2026-04-30 09:10:40 INFO  BUY amount set for 065440: 400000.00
2026-04-30 09:10:40 INFO  BUY amount set for 039980: 400000.00
2026-04-30 09:10:40 INFO  BUY amount set for 459510: 400000.00
2026-04-30 09:10:40 INFO  BUY amount set for 475430: 400000.00
2026-04-30 09:10:47 INFO  BUY amount set for 006340: 400000.00
2026-04-30 09:10:47 INFO  BUY amount set for 452190: 400000.00
2026-04-30 09:10:47 INFO  BUY amount set for 024840: 400000.00
2026-04-30 09:10:47 INFO  BUY amount set for 125020: 400000.00
2026-04-30 09:10:47 INFO  BUY amount set for 396300: 400000.00
2026-04-30 09:10:47 INFO  BUY amount set for 039830: 400000.00
2026-04-30 09:10:47 INFO  BUY amount set for 006345: 400000.00
2026-04-30 09:10:47 INFO  BUY amount set for 347770: 400000.00
2026-04-30 09:10:47 INFO  BUY amount set for 215100: 400000.00
2026-04-30 09:10:47 INFO  BUY amount set for 048770: 400000.00
2026-04-30 09:10:47 INFO  BUY amount set for 039860: 400000.00
2026-04-30 09:10:47 INFO  BUY amount set for 199820: 400000.00
2026-04-30 09:10:47 INFO  BUY amount set for 017510: 400000.00
2026-04-30 09:10:47 INFO  BUY amount set for 039980: 400000.00
2026-04-30 09:10:47 INFO  BUY amount set for 065440: 400000.00
2026-04-30 09:10:47 INFO  BUY amount set for 475430: 400000.00
2026-04-30 09:10:47 INFO  BUY amount set for 459510: 400000.00
2026-04-30 09:10:47 INFO  BUY amount set for 381620: 400000.00
2026-04-30 09:11:02 INFO  BUY amount set for 006340: 380000.00
2026-04-30 09:11:02 INFO  BUY amount set for 452190: 380000.00
2026-04-30 09:11:02 INFO  BUY amount set for 024840: 380000.00
2026-04-30 09:11:02 INFO  BUY amount set for 396300: 380000.00
2026-04-30 09:11:02 INFO  BUY amount set for 125020: 380000.00
2026-04-30 09:11:02 INFO  BUY amount set for 039830: 380000.00
2026-04-30 09:11:02 INFO  BUY amount set for 006345: 380000.00
2026-04-30 09:11:02 INFO  BUY amount set for 347770: 380000.00
2026-04-30 09:11:02 INFO  BUY amount set for 215100: 380000.00
2026-04-30 09:11:02 INFO  BUY amount set for 199820: 380000.00
2026-04-30 09:11:02 INFO  BUY amount set for 039860: 380000.00
2026-04-30 09:11:02 INFO  BUY amount set for 048770: 380000.00
2026-04-30 09:11:02 INFO  BUY amount set for 017510: 380000.00
2026-04-30 09:11:02 INFO  BUY amount set for 039980: 380000.00
2026-04-30 09:11:02 INFO  BUY amount set for 065440: 380000.00
2026-04-30 09:11:02 INFO  BUY amount set for 459510: 380000.00
2026-04-30 09:11:02 INFO  BUY amount set for 475430: 380000.00
2026-04-30 09:11:02 INFO  BUY amount set for 381620: 380000.00
2026-04-30 09:16:10 INFO  BUY [KRX] 215100 mode=VOLUME_BREAKOUT price=8620.0000 qty=44 size=1.0000x score=95(CONV) | WHY: strongBreakout volBreakout retestOK multiUp vol(2.40x) | VWAP: 3.43%(ABOVE slope=UP) | TREND: score=3 vel=3.48%/3.98%/6.68% | VOL: 356354.0000/148570.7500 TO: 3071771480.0000/1238172875.0000 | entryNo=1
2026-04-30 09:17:25 INFO  BUY_FILLED 215100 phase=HOLDING
2026-04-30 09:17:30 INFO  BUY_FILLED 215100 phase=HOLDING
2026-04-30 09:17:35 INFO  BUY_FILLED 215100 phase=HOLDING
2026-04-30 09:17:40 INFO  BUY_FILLED 215100 phase=HOLDING
2026-04-30 09:17:45 INFO  BUY_FILLED 215100 phase=HOLDING
2026-04-30 09:17:50 INFO  BUY_FILLED 215100 phase=HOLDING
2026-04-30 09:17:55 INFO  BUY_FILLED 215100 phase=HOLDING
2026-04-30 09:18:00 INFO  BUY_FILLED 215100 phase=HOLDING
2026-04-30 09:18:05 INFO  BUY_FILLED 215100 phase=HOLDING
2026-04-30 09:18:10 INFO  BUY_FILLED 215100 phase=HOLDING
2026-04-30 09:18:16 INFO  BUY_FILLED 215100 phase=HOLDING
2026-04-30 09:18:21 INFO  BUY_FILLED 215100 phase=HOLDING
2026-04-30 09:18:26 INFO  BUY_FILLED 215100 phase=HOLDING
2026-04-30 09:18:31 INFO  BUY_FILLED 215100 phase=HOLDING
2026-04-30 09:18:36 INFO  BUY_FILLED 215100 phase=HOLDING
2026-04-30 09:18:41 INFO  BUY_FILLED 215100 phase=HOLDING
2026-04-30 09:18:46 INFO  BUY_FILLED 215100 phase=HOLDING
2026-04-30 09:18:51 INFO  BUY_FILLED 215100 phase=HOLDING
2026-04-30 09:18:56 INFO  BUY_FILLED 215100 phase=HOLDING
2026-04-30 09:18:56 INFO  SELL_EXECUTED [KRX] 215100 mode=VOLUME_BREAKOUT phase=EXITING exitType=PROFIT price=8800.0000 qty=44 reason=TAKE_PROFIT_VOLUME_BREAKOUT pnl=2.09% peakPnl=2.09% holdMs=90444 high=8800.0000 avgPrice=8620.0000 weightedPnl=2.08% dailyPnl=2.08%
2026-04-30 09:18:56 INFO  SELL_FILLED 215100 reason=TAKE_PROFIT_VOLUME_BREAKOUT remainingQty=0 phase=NONE exitType=PROFIT partialDone=false
2026-04-30 09:23:05 WARN  BUY_SKIP [KRX] 475430 reason=DAILY_PROFIT_TARGET_HIT dailyPnl=2.08%
2026-04-30 09:23:20 WARN  BUY_SKIP [KRX] 475430 reason=DAILY_PROFIT_TARGET_HIT dailyPnl=2.08%
2026-04-30 09:29:06 WARN  BUY_SKIP [KRX] 065440 reason=DAILY_PROFIT_TARGET_HIT dailyPnl=2.08%
2026-04-30 09:29:22 WARN  BUY_SKIP [KRX] 065440 reason=DAILY_PROFIT_TARGET_HIT dailyPnl=2.08%
2026-04-30 09:35:09 WARN  BUY_SKIP [KRX] 039830 reason=DAILY_PROFIT_TARGET_HIT dailyPnl=2.08%
2026-04-30 09:35:34 WARN  BUY_SKIP [KRX] 039830 reason=DAILY_PROFIT_TARGET_HIT dailyPnl=2.08%
2026-04-30 09:59:06 WARN  BUY_SKIP [KRX] 039830 reason=DAILY_PROFIT_TARGET_HIT dailyPnl=2.08%
2026-04-30 09:59:22 WARN  BUY_SKIP [KRX] 039830 reason=DAILY_PROFIT_TARGET_HIT dailyPnl=2.08%
2026-04-30 10:09:07 WARN  BUY_SKIP [KRX] 006340 reason=DAILY_PROFIT_TARGET_HIT dailyPnl=2.08%
2026-04-30 10:09:22 WARN  BUY_SKIP [KRX] 006340 reason=DAILY_PROFIT_TARGET_HIT dailyPnl=2.08%
2026-04-30 10:18:08 WARN  BUY_SKIP [KRX] 006340 reason=DAILY_PROFIT_TARGET_HIT dailyPnl=2.08%
2026-04-30 10:57:12 WARN  BUY_SKIP [KRX] 065440 reason=DAILY_PROFIT_TARGET_HIT dailyPnl=2.08%
2026-04-30 10:57:28 WARN  BUY_SKIP [KRX] 065440 reason=DAILY_PROFIT_TARGET_HIT dailyPnl=2.08%
2026-04-30 11:21:44 INFO  BUY amount set for 006340: 380000.00
2026-04-30 11:21:44 INFO  BUY amount set for 452190: 380000.00
2026-04-30 11:21:44 INFO  BUY amount set for 024840: 380000.00
2026-04-30 11:21:44 INFO  BUY amount set for 125020: 380000.00
2026-04-30 11:21:44 INFO  BUY amount set for 396300: 380000.00
2026-04-30 11:21:44 INFO  BUY amount set for 039830: 380000.00
2026-04-30 11:21:44 INFO  BUY amount set for 006345: 380000.00
2026-04-30 11:21:44 INFO  BUY amount set for 347770: 380000.00
2026-04-30 11:21:44 INFO  BUY amount set for 215100: 380000.00
2026-04-30 11:21:44 INFO  BUY amount set for 039860: 380000.00
2026-04-30 11:21:44 INFO  BUY amount set for 048770: 380000.00
2026-04-30 11:21:44 INFO  BUY amount set for 199820: 380000.00
2026-04-30 11:21:44 INFO  BUY amount set for 017510: 380000.00
2026-04-30 11:21:44 INFO  BUY amount set for 039980: 380000.00
2026-04-30 11:21:44 INFO  BUY amount set for 065440: 380000.00
2026-04-30 11:21:44 INFO  BUY amount set for 459510: 380000.00
2026-04-30 11:21:44 INFO  BUY amount set for 475430: 380000.00
2026-04-30 11:21:44 INFO  BUY amount set for 381620: 380000.00
2026-04-30 11:21:44 INFO  BUY amount set for 025860: 380000.00
2026-04-30 11:21:44 INFO  BUY amount set for 432720: 380000.00
2026-04-30 11:21:44 INFO  BUY amount set for 076610: 380000.00
2026-04-30 11:21:44 INFO  BUY amount set for 095910: 380000.00
2026-04-30 11:21:44 INFO  BUY amount set for 041910: 380000.00
2026-04-30 11:21:44 INFO  BUY amount set for 147830: 380000.00
2026-04-30 11:21:44 INFO  BUY amount set for 060900: 380000.00
2026-04-30 11:21:44 INFO  BUY amount set for 340810: 380000.00
2026-04-30 11:21:44 INFO  BUY amount set for 357230: 380000.00
2026-04-30 11:21:44 INFO  BUY amount set for 460470: 380000.00
2026-04-30 11:25:09 WARN  BUY_SKIP [KRX] 039830 reason=DAILY_PROFIT_TARGET_HIT dailyPnl=2.08%
2026-04-30 11:25:24 WARN  BUY_SKIP [KRX] 039830 reason=DAILY_PROFIT_TARGET_HIT dailyPnl=2.08%
2026-04-30 11:31:05 WARN  BUY_SKIP [KRX] 025860 reason=DAILY_PROFIT_TARGET_HIT dailyPnl=2.08%
2026-04-30 11:31:26 WARN  BUY_SKIP [KRX] 025860 reason=DAILY_PROFIT_TARGET_HIT dailyPnl=2.08%
2026-04-30 11:32:07 WARN  BUY_SKIP [KRX] 025860 reason=DAILY_PROFIT_TARGET_HIT dailyPnl=2.08%
2026-04-30 11:32:22 WARN  BUY_SKIP [KRX] 025860 reason=DAILY_PROFIT_TARGET_HIT dailyPnl=2.08%
2026-04-30 11:48:05 WARN  BUY_SKIP [KRX] 041910 reason=DAILY_PROFIT_TARGET_HIT dailyPnl=2.08%
2026-04-30 11:48:20 WARN  BUY_SKIP [KRX] 041910 reason=DAILY_PROFIT_TARGET_HIT dailyPnl=2.08%
2026-04-30 12:01:05 WARN  BUY_SKIP [KRX] 025860 reason=DAILY_PROFIT_TARGET_HIT dailyPnl=2.08%
2026-04-30 12:01:20 WARN  BUY_SKIP [KRX] 025860 reason=DAILY_PROFIT_TARGET_HIT dailyPnl=2.08%
2026-04-30 12:11:07 WARN  BUY_SKIP [KRX] 095910 reason=DAILY_PROFIT_TARGET_HIT dailyPnl=2.08%
2026-04-30 12:11:22 WARN  BUY_SKIP [KRX] 095910 reason=DAILY_PROFIT_TARGET_HIT dailyPnl=2.08%
2026-04-30 12:20:07 WARN  BUY_SKIP [KRX] 125020 reason=DAILY_PROFIT_TARGET_HIT dailyPnl=2.08%
2026-04-30 12:20:22 WARN  BUY_SKIP [KRX] 125020 reason=DAILY_PROFIT_TARGET_HIT dailyPnl=2.08%
2026-04-30 12:25:07 WARN  BUY_SKIP [KRX] 125020 reason=DAILY_PROFIT_TARGET_HIT dailyPnl=2.08%
2026-04-30 12:25:23 WARN  BUY_SKIP [KRX] 125020 reason=DAILY_PROFIT_TARGET_HIT dailyPnl=2.08%
2026-04-30 12:26:09 WARN  BUY_SKIP [KRX] 076610 reason=DAILY_PROFIT_TARGET_HIT dailyPnl=2.08%
2026-04-30 12:26:24 WARN  BUY_SKIP [KRX] 076610 reason=DAILY_PROFIT_TARGET_HIT dailyPnl=2.08%
2026-04-30 12:28:06 WARN  BUY_SKIP [KRX] 006340 reason=DAILY_PROFIT_TARGET_HIT dailyPnl=2.08%
2026-04-30 12:28:27 WARN  BUY_SKIP [KRX] 006340 reason=DAILY_PROFIT_TARGET_HIT dailyPnl=2.08%
2026-04-30 12:29:07 WARN  BUY_SKIP [KRX] 125020 reason=DAILY_PROFIT_TARGET_HIT dailyPnl=2.08%
2026-04-30 12:29:07 WARN  BUY_SKIP [KRX] 006340 reason=DAILY_PROFIT_TARGET_HIT dailyPnl=2.08%
2026-04-30 12:29:08 WARN  BUY_SKIP [KRX] 076610 reason=DAILY_PROFIT_TARGET_HIT dailyPnl=2.08%
2026-04-30 12:29:22 WARN  BUY_SKIP [KRX] 125020 reason=DAILY_PROFIT_TARGET_HIT dailyPnl=2.08%
2026-04-30 12:29:23 WARN  BUY_SKIP [KRX] 006340 reason=DAILY_PROFIT_TARGET_HIT dailyPnl=2.08%
2026-04-30 12:29:23 WARN  BUY_SKIP [KRX] 076610 reason=DAILY_PROFIT_TARGET_HIT dailyPnl=2.08%
2026-04-30 12:30:09 WARN  BUY_SKIP [KRX] 459510 reason=DAILY_PROFIT_TARGET_HIT dailyPnl=2.08%
2026-04-30 12:30:24 WARN  BUY_SKIP [KRX] 459510 reason=DAILY_PROFIT_TARGET_HIT dailyPnl=2.08%
2026-04-30 12:30:35 WARN  BUY_SKIP [KRX] 147830 reason=DAILY_PROFIT_TARGET_HIT dailyPnl=2.08%
2026-04-30 12:33:23 WARN  BUY_SKIP [KRX] 432720 reason=DAILY_PROFIT_TARGET_HIT dailyPnl=2.08%
2026-04-30 12:34:09 WARN  BUY_SKIP [KRX] 432720 reason=DAILY_PROFIT_TARGET_HIT dailyPnl=2.08%
2026-04-30 12:34:24 WARN  BUY_SKIP [KRX] 432720 reason=DAILY_PROFIT_TARGET_HIT dailyPnl=2.08%
2026-04-30 12:38:08 WARN  BUY_SKIP [KRX] 459510 reason=DAILY_PROFIT_TARGET_HIT dailyPnl=2.08%
2026-04-30 12:38:23 WARN  BUY_SKIP [KRX] 459510 reason=DAILY_PROFIT_TARGET_HIT dailyPnl=2.08%
2026-04-30 12:39:09 WARN  BUY_SKIP [KRX] 125020 reason=DAILY_PROFIT_TARGET_HIT dailyPnl=2.08%
2026-04-30 12:39:24 WARN  BUY_SKIP [KRX] 125020 reason=DAILY_PROFIT_TARGET_HIT dailyPnl=2.08%
2026-04-30 12:46:07 WARN  BUY_SKIP [KRX] 340810 reason=DAILY_PROFIT_TARGET_HIT dailyPnl=2.08%
2026-04-30 12:46:22 WARN  BUY_SKIP [KRX] 340810 reason=DAILY_PROFIT_TARGET_HIT dailyPnl=2.08%
2026-04-30 12:51:08 WARN  BUY_SKIP [KRX] 006340 reason=DAILY_PROFIT_TARGET_HIT dailyPnl=2.08%
2026-04-30 12:51:09 WARN  BUY_SKIP [KRX] 147830 reason=DAILY_PROFIT_TARGET_HIT dailyPnl=2.08%
2026-04-30 12:51:23 WARN  BUY_SKIP [KRX] 006340 reason=DAILY_PROFIT_TARGET_HIT dailyPnl=2.08%
2026-04-30 12:51:29 WARN  BUY_SKIP [KRX] 147830 reason=DAILY_PROFIT_TARGET_HIT dailyPnl=2.08%
2026-04-30 13:05:20 WARN  BUY_SKIP [KRX] 357230 reason=DAILY_PROFIT_TARGET_HIT dailyPnl=2.08%
2026-04-30 13:08:07 WARN  BUY_SKIP [KRX] 125020 reason=DAILY_PROFIT_TARGET_HIT dailyPnl=2.08%
2026-04-30 13:08:28 WARN  BUY_SKIP [KRX] 125020 reason=DAILY_PROFIT_TARGET_HIT dailyPnl=2.08%
2026-04-30 13:10:09 WARN  BUY_SKIP [KRX] 041910 reason=DAILY_PROFIT_TARGET_HIT dailyPnl=2.08%
2026-04-30 13:10:25 WARN  BUY_SKIP [KRX] 041910 reason=DAILY_PROFIT_TARGET_HIT dailyPnl=2.08%
2026-04-30 13:12:07 WARN  BUY_SKIP [KRX] 041910 reason=DAILY_PROFIT_TARGET_HIT dailyPnl=2.08%
2026-04-30 13:12:22 WARN  BUY_SKIP [KRX] 041910 reason=DAILY_PROFIT_TARGET_HIT dailyPnl=2.08%
2026-04-30 13:13:09 WARN  BUY_SKIP [KRX] 025860 reason=DAILY_PROFIT_TARGET_HIT dailyPnl=2.08%
2026-04-30 13:13:24 WARN  BUY_SKIP [KRX] 025860 reason=DAILY_PROFIT_TARGET_HIT dailyPnl=2.08%
2026-04-30 22:44:26 INFO  BUY amount set for META: 3000.00
2026-04-30 22:44:31 INFO  BUY amount set for META: 3000.00
2026-04-30 22:44:56 INFO  BUY amount set for META: 3000.00
2026-04-30 22:45:01 INFO  BUY amount set for BAIG: 3000.00
2026-04-30 22:45:01 INFO  BUY amount set for SOXL: 3000.00
2026-04-30 22:45:01 INFO  BUY amount set for NVDL: 3000.00
2026-04-30 22:45:01 INFO  BUY amount set for SMCX: 3000.00
2026-04-30 22:45:01 INFO  BUY amount set for SOXS: 3000.00
2026-04-30 22:45:01 INFO  BUY amount set for TSLL: 3000.00
2026-04-30 22:45:01 INFO  BUY amount set for SMU: 3000.00
2026-04-30 22:45:01 INFO  BUY amount set for ETHU: 3000.00
2026-04-30 23:04:06 WARN  BUY_SKIP [US] SOXL reason=DAILY_PROFIT_TARGET_HIT dailyPnl=2.08%
2026-04-30 23:04:06 WARN  BUY_SKIP [US] ETHU reason=DAILY_PROFIT_TARGET_HIT dailyPnl=2.08%
2026-04-30 23:04:21 WARN  BUY_SKIP [US] SOXL reason=DAILY_PROFIT_TARGET_HIT dailyPnl=2.08%
2026-04-30 23:04:21 WARN  BUY_SKIP [US] ETHU reason=DAILY_PROFIT_TARGET_HIT dailyPnl=2.08%
2026-04-30 23:07:09 WARN  BUY_SKIP [US] BAIG reason=DAILY_PROFIT_TARGET_HIT dailyPnl=2.08%
2026-04-30 23:15:08 WARN  BUY_SKIP [US] BAIG reason=DAILY_PROFIT_TARGET_HIT dailyPnl=2.08%
2026-04-30 23:15:08 WARN  BUY_SKIP [US] TSLL reason=DAILY_PROFIT_TARGET_HIT dailyPnl=2.08%
2026-04-30 23:15:23 WARN  BUY_SKIP [US] BAIG reason=DAILY_PROFIT_TARGET_HIT dailyPnl=2.08%
2026-04-30 23:15:23 WARN  BUY_SKIP [US] TSLL reason=DAILY_PROFIT_TARGET_HIT dailyPnl=2.08%
2026-04-30 23:32:06 WARN  BUY_SKIP [US] TSLL reason=DAILY_PROFIT_TARGET_HIT dailyPnl=2.08%
2026-04-30 23:32:06 WARN  BUY_SKIP [US] SMU reason=DAILY_PROFIT_TARGET_HIT dailyPnl=2.08%
2026-04-30 23:32:21 WARN  BUY_SKIP [US] TSLL reason=DAILY_PROFIT_TARGET_HIT dailyPnl=2.08%
2026-04-30 23:32:26 WARN  BUY_SKIP [US] SMU reason=DAILY_PROFIT_TARGET_HIT dailyPnl=2.08%
2026-04-30 23:42:06 WARN  BUY_SKIP [US] BAIG reason=DAILY_PROFIT_TARGET_HIT dailyPnl=2.08%
2026-04-30 23:42:22 WARN  BUY_SKIP [US] BAIG reason=DAILY_PROFIT_TARGET_HIT dailyPnl=2.08%
2026-04-30 23:43:07 WARN  BUY_SKIP [US] SMCX reason=DAILY_PROFIT_TARGET_HIT dailyPnl=2.08%
2026-04-30 23:43:23 WARN  BUY_SKIP [US] SMCX reason=DAILY_PROFIT_TARGET_HIT dailyPnl=2.08%
2026-04-30 23:47:06 WARN  BUY_SKIP [US] SMU reason=DAILY_PROFIT_TARGET_HIT dailyPnl=2.08%
2026-04-30 23:47:06 WARN  BUY_SKIP [US] SOXL reason=DAILY_PROFIT_TARGET_HIT dailyPnl=2.08%
2026-04-30 23:47:06 WARN  BUY_SKIP [US] ETHU reason=DAILY_PROFIT_TARGET_HIT dailyPnl=2.08%
2026-04-30 23:47:21 WARN  BUY_SKIP [US] SMU reason=DAILY_PROFIT_TARGET_HIT dailyPnl=2.08%
2026-04-30 23:47:21 WARN  BUY_SKIP [US] SOXL reason=DAILY_PROFIT_TARGET_HIT dailyPnl=2.08%
2026-04-30 23:47:21 WARN  BUY_SKIP [US] ETHU reason=DAILY_PROFIT_TARGET_HIT dailyPnl=2.08%
2026-04-30 23:50:10 WARN  BUY_SKIP [US] BAIG reason=DAILY_PROFIT_TARGET_HIT dailyPnl=2.08%
2026-04-30 23:50:25 WARN  BUY_SKIP [US] BAIG reason=DAILY_PROFIT_TARGET_HIT dailyPnl=2.08%
2026-04-30 23:52:07 WARN  BUY_SKIP [US] BAIG reason=DAILY_PROFIT_TARGET_HIT dailyPnl=2.08%
2026-04-30 23:52:22 WARN  BUY_SKIP [US] BAIG reason=DAILY_PROFIT_TARGET_HIT dailyPnl=2.08%
2026-04-30 23:53:07 WARN  BUY_SKIP [US] NVDL reason=DAILY_PROFIT_TARGET_HIT dailyPnl=2.08%
2026-04-30 23:53:08 WARN  BUY_SKIP [US] BAIG reason=DAILY_PROFIT_TARGET_HIT dailyPnl=2.08%
2026-04-30 23:53:23 WARN  BUY_SKIP [US] NVDL reason=DAILY_PROFIT_TARGET_HIT dailyPnl=2.08%
2026-04-30 23:53:23 WARN  BUY_SKIP [US] BAIG reason=DAILY_PROFIT_TARGET_HIT dailyPnl=2.08%
2026-04-30 23:59:09 WARN  BUY_SKIP [US] SOXL reason=DAILY_PROFIT_TARGET_HIT dailyPnl=2.08%
2026-04-30 23:59:09 WARN  BUY_SKIP [US] NVDL reason=DAILY_PROFIT_TARGET_HIT dailyPnl=2.08%
2026-04-30 23:59:12 INFO  BUY amount set for BAIG: 300.00
2026-04-30 23:59:12 INFO  BUY amount set for SMCX: 300.00
2026-04-30 23:59:12 INFO  BUY amount set for NVDL: 300.00
2026-04-30 23:59:12 INFO  BUY amount set for SOXS: 300.00
2026-04-30 23:59:12 INFO  BUY amount set for SOXL: 300.00
2026-04-30 23:59:12 INFO  BUY amount set for TSLL: 300.00
2026-04-30 23:59:12 INFO  BUY amount set for SMU: 300.00
2026-04-30 23:59:12 INFO  BUY amount set for ETHU: 300.00
2026-04-30 23:59:24 WARN  BUY_SKIP [US] SOXL reason=DAILY_PROFIT_TARGET_HIT dailyPnl=2.08%
2026-04-30 23:59:29 WARN  BUY_SKIP [US] NVDL reason=DAILY_PROFIT_TARGET_HIT dailyPnl=2.08%
