2026-05-15 00:21:58 INFO  BUY amount set for META: 280.00
2026-05-15 00:21:58 INFO  BUY amount set for AAPD: 280.00
2026-05-15 00:21:58 INFO  BUY amount set for GOOX: 280.00
2026-05-15 00:21:58 INFO  BUY amount set for NFLX: 280.00
2026-05-15 00:21:58 INFO  BUY amount set for GOOD: 280.00
2026-05-15 00:21:58 INFO  BUY amount set for AAPU: 280.00
2026-05-15 00:21:58 INFO  BUY amount set for AMZD: 280.00
2026-05-15 00:21:58 INFO  BUY amount set for AMZU: 280.00
2026-05-15 00:21:58 INFO  BUY amount set for BULZ: 280.00
2026-05-15 00:21:58 INFO  BUY amount set for WEBS: 280.00
2026-05-15 00:21:58 INFO  BUY amount set for BERZ: 280.00
2026-05-15 00:21:58 INFO  BUY amount set for WEBL: 280.00
2026-05-15 00:21:58 INFO  BUY amount set for TQQQ: 280.00
2026-05-15 00:21:58 INFO  BUY amount set for SQQQ: 280.00
2026-05-15 00:21:58 INFO  BUY amount set for LABU: 280.00
2026-05-15 00:21:58 INFO  BUY amount set for LABD: 280.00
2026-05-15 00:21:58 INFO  BUY amount set for NVDQ: 280.00
2026-05-15 00:21:58 INFO  BUY amount set for TSLQ: 280.00
2026-05-15 00:21:58 INFO  BUY amount set for BAIG: 280.00
2026-05-15 00:21:58 INFO  BUY amount set for SMCX: 280.00
2026-05-15 00:21:58 INFO  BUY amount set for NVDL: 280.00
2026-05-15 00:21:58 INFO  BUY amount set for SOXS: 280.00
2026-05-15 00:21:58 INFO  BUY amount set for SOXL: 280.00
2026-05-15 00:21:58 INFO  BUY amount set for TSLL: 280.00
2026-05-15 00:21:58 INFO  BUY amount set for SMU: 280.00
2026-05-15 00:21:58 INFO  BUY amount set for ETHU: 280.00
2026-05-15 00:29:06 INFO  BUY [US] AMZU mode=VOLUME_BREAKOUT price=43.4700 qty=5 size=0.8000x score=95(CONV) | WHY: strongBreakout volBreakout retestOK multiUp vol(2.02x) | VWAP: 0.11%(ABOVE slope=UP) | TREND: score=3 vel=0.13%/0.20%/0.15% | VOL: 995931.0000/492956.7500 TO: 43288140.9150/21403021.0402 | entryNo=1
2026-05-15 00:29:06 WARN  BUY_REJECTED AMZU phase=NONE
2026-05-15 00:30:07 INFO  BUY [US] AAPD mode=VOLUME_BREAKOUT price=11.8400 qty=23 size=1.0000x score=95(CONV) | WHY: strongBreakout volBreakout retestOK multiUp vol(3.73x) | VWAP: 0.05%(ABOVE slope=UP) | TREND: score=3 vel=0.08%/0.08%/0.08% | VOL: 26473.0000/7101.1111 TO: 313437.6727/84035.5264 | entryNo=1
2026-05-15 00:30:07 INFO  BUY_FILLED AAPD phase=HOLDING
2026-05-15 00:30:12 INFO  BUY_FILLED AAPD phase=HOLDING
2026-05-15 00:30:17 INFO  BUY_FILLED AAPD phase=HOLDING
2026-05-15 00:30:22 INFO  BUY_FILLED AAPD phase=HOLDING
2026-05-15 00:30:27 INFO  BUY_FILLED AAPD phase=HOLDING
2026-05-15 00:30:32 INFO  BUY_FILLED AAPD phase=HOLDING
2026-05-15 00:30:37 INFO  BUY_FILLED AAPD phase=HOLDING
2026-05-15 00:30:42 INFO  BUY_FILLED AAPD phase=HOLDING
2026-05-15 00:30:47 INFO  BUY_FILLED AAPD phase=HOLDING
2026-05-15 00:30:52 INFO  BUY_FILLED AAPD phase=HOLDING
2026-05-15 00:30:57 INFO  BUY_FILLED AAPD phase=HOLDING
2026-05-15 00:31:03 INFO  BUY_FILLED AAPD phase=HOLDING
2026-05-15 00:31:08 INFO  BUY_FILLED AAPD phase=HOLDING
2026-05-15 00:31:08 INFO  BUY [US] TSLQ mode=VOLUME_BREAKOUT price=16.0400 qty=13 size=0.8000x score=95(CONV) | WHY: strongBreakout volBreakout retestOK multiUp vol(1.67x) | VWAP: 0.10%(ABOVE slope=UP) | TREND: score=3 vel=0.19%/0.06%/0.36% | VOL: 3366193.0000/2018054.1000 TO: 53993735.7200/32336877.8254 | entryNo=1
2026-05-15 00:31:08 WARN  BUY_REJECTED TSLQ phase=NONE
2026-05-15 00:31:09 INFO  BUY [US] ETHU mode=VOLUME_BREAKOUT price=25.8400 qty=8 size=0.8000x score=95(CONV) | WHY: strongBreakout volBreakout retestOK multiUp vol(1.86x) | VWAP: 0.18%(ABOVE slope=UP) | TREND: score=3 vel=0.19%/0.21%/0.25% | VOL: 1483681.0000/799259.8000 TO: 38367990.6600/20631237.6856 | entryNo=1
2026-05-15 00:31:09 WARN  BUY_REJECTED ETHU phase=NONE
2026-05-15 00:31:13 INFO  BUY_FILLED AAPD phase=HOLDING
2026-05-15 00:31:18 INFO  BUY_FILLED AAPD phase=HOLDING
2026-05-15 00:31:23 INFO  BUY_FILLED AAPD phase=HOLDING
2026-05-15 00:31:28 INFO  BUY_FILLED AAPD phase=HOLDING
2026-05-15 00:31:33 INFO  BUY_FILLED AAPD phase=HOLDING
2026-05-15 00:31:38 INFO  BUY_FILLED AAPD phase=HOLDING
2026-05-15 00:31:43 INFO  BUY_FILLED AAPD phase=HOLDING
2026-05-15 00:31:48 INFO  BUY_FILLED AAPD phase=HOLDING
2026-05-15 00:31:54 INFO  BUY_FILLED AAPD phase=HOLDING
2026-05-15 00:31:59 INFO  BUY_FILLED AAPD phase=HOLDING
2026-05-15 00:32:04 INFO  BUY_FILLED AAPD phase=HOLDING
2026-05-15 00:32:09 INFO  BUY_FILLED AAPD phase=HOLDING
2026-05-15 00:32:14 INFO  BUY_FILLED AAPD phase=HOLDING
2026-05-15 00:32:14 INFO  BUY [US] SMU mode=VOLUME_BREAKOUT price=14.1900 qty=19 size=1.0000x score=105(CONV) | WHY: strongBreakout volBreakout retestOK multiUp vol(2.49x) | VWAP: 0.95%(ABOVE slope=UP) | TREND: score=3 vel=1.06%/1.07%/1.50% | VOL: 444703.0000/178666.8182 TO: 6310335.5700/2511471.5965 | entryNo=1
2026-05-15 00:32:15 WARN  BUY_REJECTED SMU phase=NONE
2026-05-15 00:32:19 INFO  BUY_FILLED AAPD phase=HOLDING
2026-05-15 00:32:24 INFO  BUY_FILLED AAPD phase=HOLDING
2026-05-15 00:32:29 INFO  BUY_FILLED AAPD phase=HOLDING
2026-05-15 00:32:34 INFO  BUY_FILLED AAPD phase=HOLDING
2026-05-15 00:32:39 INFO  BUY_FILLED AAPD phase=HOLDING
2026-05-15 00:32:44 INFO  BUY_FILLED AAPD phase=HOLDING
2026-05-15 00:32:49 INFO  BUY_FILLED AAPD phase=HOLDING
2026-05-15 00:32:55 INFO  BUY_FILLED AAPD phase=HOLDING
2026-05-15 00:33:00 INFO  BUY_FILLED AAPD phase=HOLDING
2026-05-15 00:33:05 INFO  BUY_FILLED AAPD phase=HOLDING
2026-05-15 00:33:05 INFO  BUY [US] TSLQ mode=BREAKOUT price=16.0800 qty=13 size=0.8000x score=85(CONV) | WHY: strongBreakout retestOK multiUp vol(1.52x) | VWAP: 0.23%(ABOVE slope=UP) | TREND: score=3 vel=0.18%/0.12%/0.25% | VOL: 3413872.0000/2249734.2500 TO: 54858533.3296/36069649.9570 | entryNo=2
2026-05-15 00:33:05 WARN  BUY_REJECTED TSLQ phase=NONE
2026-05-15 00:33:10 INFO  BUY_FILLED AAPD phase=HOLDING
2026-05-15 00:33:15 INFO  BUY_FILLED AAPD phase=HOLDING
2026-05-15 00:33:20 INFO  BUY_FILLED AAPD phase=HOLDING
2026-05-15 00:33:25 INFO  BUY_FILLED AAPD phase=HOLDING
2026-05-15 00:33:30 INFO  BUY_FILLED AAPD phase=HOLDING
2026-05-15 00:33:35 INFO  BUY_FILLED AAPD phase=HOLDING
2026-05-15 00:33:40 INFO  BUY_FILLED AAPD phase=HOLDING
2026-05-15 00:33:45 INFO  BUY_FILLED AAPD phase=HOLDING
2026-05-15 00:33:51 INFO  BUY_FILLED AAPD phase=HOLDING
2026-05-15 00:33:56 INFO  BUY_FILLED AAPD phase=HOLDING
2026-05-15 00:34:01 INFO  BUY_FILLED AAPD phase=HOLDING
2026-05-15 00:34:06 INFO  BUY_FILLED AAPD phase=HOLDING
2026-05-15 00:34:07 INFO  BUY [US] NFLX mode=VOLUME_BREAKOUT price=87.8900 qty=3 size=1.0000x score=95(CONV) | WHY: strongBreakout volBreakout retestOK multiUp vol(2.67x) | VWAP: 0.24%(ABOVE slope=UP) | TREND: score=3 vel=0.11%/0.15%/0.14% | VOL: 12312524.0000/4612578.6154 TO: 1082147734.3600/404430732.7479 | entryNo=1
2026-05-15 00:34:07 WARN  BUY_REJECTED NFLX phase=NONE
2026-05-15 00:34:11 INFO  BUY_FILLED AAPD phase=HOLDING
2026-05-15 00:34:16 INFO  BUY_FILLED AAPD phase=HOLDING
2026-05-15 00:34:21 INFO  BUY_FILLED AAPD phase=HOLDING
2026-05-15 00:34:26 INFO  BUY_FILLED AAPD phase=HOLDING
2026-05-15 00:34:31 INFO  BUY_FILLED AAPD phase=HOLDING
2026-05-15 00:34:36 INFO  BUY_FILLED AAPD phase=HOLDING
2026-05-15 00:34:41 INFO  BUY_FILLED AAPD phase=HOLDING
2026-05-15 00:34:46 INFO  BUY_FILLED AAPD phase=HOLDING
2026-05-15 00:34:52 INFO  BUY_FILLED AAPD phase=HOLDING
2026-05-15 00:34:57 INFO  BUY_FILLED AAPD phase=HOLDING
2026-05-15 00:35:02 INFO  BUY_FILLED AAPD phase=HOLDING
2026-05-15 00:35:07 INFO  BUY_FILLED AAPD phase=HOLDING
2026-05-15 00:35:07 INFO  BUY [US] GOOD mode=VOLUME_BREAKOUT price=12.5300 qty=17 size=0.8000x score=87(CONV) | WHY: strongBreakout volBreakout retestOK multiUp vol(2.18x) | VWAP: 0.05%(ABOVE slope=UP) | TREND: score=3 vel=0.04%/0.04%/0.04% | VOL: 138947.0000/63785.0000 TO: 1740311.1750/798541.4632 | entryNo=1
2026-05-15 00:35:08 WARN  BUY_REJECTED GOOD phase=NONE
2026-05-15 00:35:12 INFO  BUY_FILLED AAPD phase=HOLDING
2026-05-15 00:35:12 INFO  SELL_EXECUTED [US] AAPD mode=VOLUME_BREAKOUT phase=EXITING exitType=TIMESTOP price=11.8300 qty=23 reason=TIME_STOP_SOFT pnl=-0.08% peakPnl=-0.00% holdMs=304484 high=11.8399 avgPrice=11.8400 weightedPnl=-0.08% dailyPnl=-0.08%
2026-05-15 00:35:15 WARN  SELL_REJECTED AAPD reason=TIME_STOP_SOFT rolledBack=partialDone:false phase=HOLDING
2026-05-15 00:35:17 INFO  BUY_FILLED AAPD phase=HOLDING
2026-05-15 00:35:22 INFO  BUY_FILLED AAPD phase=HOLDING
2026-05-15 00:35:22 INFO  SELL_EXECUTED [US] AAPD mode=VOLUME_BREAKOUT phase=EXITING exitType=TIMESTOP price=11.8300 qty=23 reason=TIME_STOP_SOFT pnl=-0.08% peakPnl=-0.00% holdMs=314727 high=11.8399 avgPrice=11.8400 weightedPnl=-0.08% dailyPnl=-0.08%
2026-05-15 00:35:22 WARN  SELL_REJECTED AAPD reason=TIME_STOP_SOFT rolledBack=partialDone:false phase=HOLDING
2026-05-15 00:35:27 INFO  BUY_FILLED AAPD phase=HOLDING
2026-05-15 00:35:27 INFO  SELL_EXECUTED [US] AAPD mode=VOLUME_BREAKOUT phase=EXITING exitType=TIMESTOP price=11.8300 qty=23 reason=TIME_STOP_SOFT pnl=-0.08% peakPnl=-0.00% holdMs=319949 high=11.8399 avgPrice=11.8400 weightedPnl=-0.08% dailyPnl=-0.08%
2026-05-15 00:35:32 INFO  BUY_FILLED AAPD phase=HOLDING
2026-05-15 00:36:08 INFO  BUY [US] TSLL mode=VOLUME_BREAKOUT price=17.0800 qty=16 size=1.0000x score=95(CONV) | WHY: strongBreakout volBreakout retestOK multiUp vol(3.03x) | VWAP: 0.45%(ABOVE slope=UP) | TREND: score=3 vel=0.44%/1.10%/0.80% | VOL: 26445232.0000/8725380.6000 TO: 451287884.0800/148235557.9029 | entryNo=1
2026-05-15 00:36:09 INFO  BUY_FILLED TSLL phase=HOLDING
2026-05-15 00:36:13 INFO  BUY_FILLED TSLL phase=HOLDING
2026-05-15 00:36:18 INFO  BUY_FILLED TSLL phase=HOLDING
2026-05-15 00:36:23 INFO  BUY_FILLED TSLL phase=HOLDING
2026-05-15 00:36:28 INFO  BUY_FILLED TSLL phase=HOLDING
2026-05-15 00:36:33 INFO  BUY_FILLED TSLL phase=HOLDING
2026-05-15 00:36:38 INFO  BUY_FILLED TSLL phase=HOLDING
2026-05-15 00:36:44 INFO  BUY_FILLED TSLL phase=HOLDING
2026-05-15 00:36:49 INFO  BUY_FILLED TSLL phase=HOLDING
2026-05-15 00:36:54 INFO  BUY_FILLED TSLL phase=HOLDING
2026-05-15 00:36:59 INFO  BUY_FILLED TSLL phase=HOLDING
2026-05-15 00:37:04 INFO  BUY_FILLED TSLL phase=HOLDING
2026-05-15 00:37:09 INFO  BUY_FILLED TSLL phase=HOLDING
2026-05-15 00:37:14 INFO  BUY_FILLED TSLL phase=HOLDING
2026-05-15 00:37:19 INFO  BUY_FILLED TSLL phase=HOLDING
2026-05-15 00:37:24 INFO  BUY_FILLED TSLL phase=HOLDING
2026-05-15 00:37:29 INFO  BUY_FILLED TSLL phase=HOLDING
2026-05-15 00:37:34 INFO  BUY_FILLED TSLL phase=HOLDING
2026-05-15 00:37:40 INFO  BUY_FILLED TSLL phase=HOLDING
2026-05-15 00:37:45 INFO  BUY_FILLED TSLL phase=HOLDING
2026-05-15 00:37:50 INFO  BUY_FILLED TSLL phase=HOLDING
2026-05-15 00:37:55 INFO  BUY_FILLED TSLL phase=HOLDING
2026-05-15 00:38:00 INFO  BUY_FILLED TSLL phase=HOLDING
2026-05-15 00:38:05 INFO  BUY_FILLED TSLL phase=HOLDING
2026-05-15 00:38:10 INFO  BUY_FILLED TSLL phase=HOLDING
2026-05-15 00:38:15 INFO  BUY_FILLED TSLL phase=HOLDING
2026-05-15 00:38:20 INFO  BUY_FILLED TSLL phase=HOLDING
2026-05-15 00:38:25 INFO  BUY_FILLED TSLL phase=HOLDING
2026-05-15 00:38:30 INFO  BUY_FILLED TSLL phase=HOLDING
2026-05-15 00:38:35 INFO  BUY_FILLED TSLL phase=HOLDING
2026-05-15 00:38:41 INFO  BUY_FILLED TSLL phase=HOLDING
2026-05-15 00:38:46 INFO  BUY_FILLED TSLL phase=HOLDING
2026-05-15 00:38:51 INFO  BUY_FILLED TSLL phase=HOLDING
2026-05-15 00:38:56 INFO  BUY_FILLED TSLL phase=HOLDING
2026-05-15 00:39:01 INFO  BUY_FILLED TSLL phase=HOLDING
2026-05-15 00:39:06 INFO  BUY_FILLED TSLL phase=HOLDING
2026-05-15 00:39:11 INFO  BUY_FILLED TSLL phase=HOLDING
2026-05-15 00:39:16 INFO  BUY_FILLED TSLL phase=HOLDING
2026-05-15 00:39:21 INFO  BUY_FILLED TSLL phase=HOLDING
2026-05-15 00:39:26 INFO  BUY_FILLED TSLL phase=HOLDING
2026-05-15 00:39:37 INFO  BUY_FILLED TSLL phase=HOLDING
2026-05-15 00:39:42 INFO  BUY_FILLED TSLL phase=HOLDING
2026-05-15 00:39:47 INFO  BUY_FILLED TSLL phase=HOLDING
2026-05-15 00:39:52 INFO  BUY_FILLED TSLL phase=HOLDING
2026-05-15 00:39:57 INFO  BUY_FILLED TSLL phase=HOLDING
2026-05-15 00:40:02 INFO  BUY_FILLED TSLL phase=HOLDING
2026-05-15 00:40:07 INFO  BUY_FILLED TSLL phase=HOLDING
2026-05-15 00:40:12 INFO  BUY_FILLED TSLL phase=HOLDING
2026-05-15 00:40:17 INFO  BUY_FILLED TSLL phase=HOLDING
2026-05-15 00:40:23 INFO  BUY_FILLED TSLL phase=HOLDING
2026-05-15 00:40:23 INFO  BUY [US] AMZD mode=BREAKOUT price=8.5400 qty=26 size=0.8000x score=85(CONV) | WHY: strongBreakout retestOK multiUp vol(1.56x) | VWAP: 0.09%(ABOVE slope=UP) | TREND: score=3 vel=0.12%/0.12%/0.12% | VOL: 1086558.0000/695601.1053 TO: 9279313.9758/5935158.9133 | entryNo=1
2026-05-15 00:40:23 WARN  BUY_REJECTED AMZD phase=NONE
2026-05-15 00:40:28 INFO  BUY_FILLED TSLL phase=HOLDING
2026-05-15 00:40:33 INFO  BUY_FILLED TSLL phase=HOLDING
2026-05-15 00:40:38 INFO  BUY_FILLED TSLL phase=HOLDING
2026-05-15 00:40:43 INFO  BUY_FILLED TSLL phase=HOLDING
2026-05-15 00:40:48 INFO  BUY_FILLED TSLL phase=HOLDING
2026-05-15 00:40:53 INFO  BUY_FILLED TSLL phase=HOLDING
2026-05-15 00:40:58 INFO  BUY_FILLED TSLL phase=HOLDING
2026-05-15 00:41:03 INFO  BUY_FILLED TSLL phase=HOLDING
2026-05-15 00:41:09 INFO  BUY_FILLED TSLL phase=HOLDING
2026-05-15 00:41:14 INFO  BUY_FILLED TSLL phase=HOLDING
2026-05-15 00:41:19 INFO  BUY_FILLED TSLL phase=HOLDING
2026-05-15 00:41:24 INFO  BUY_FILLED TSLL phase=HOLDING
2026-05-15 00:41:29 INFO  BUY_FILLED TSLL phase=HOLDING
2026-05-15 00:41:34 INFO  BUY_FILLED TSLL phase=HOLDING
2026-05-15 00:41:39 INFO  BUY_FILLED TSLL phase=HOLDING
2026-05-15 00:41:44 INFO  BUY_FILLED TSLL phase=HOLDING
2026-05-15 00:41:49 INFO  BUY_FILLED TSLL phase=HOLDING
2026-05-15 00:41:54 INFO  BUY_FILLED TSLL phase=HOLDING
2026-05-15 00:41:59 INFO  BUY_FILLED TSLL phase=HOLDING
2026-05-15 00:42:04 INFO  BUY_FILLED TSLL phase=HOLDING
2026-05-15 00:42:10 INFO  BUY_FILLED TSLL phase=HOLDING
2026-05-15 00:42:15 INFO  BUY_FILLED TSLL phase=HOLDING
2026-05-15 00:42:20 INFO  BUY_FILLED TSLL phase=HOLDING
2026-05-15 00:42:25 INFO  BUY_FILLED TSLL phase=HOLDING
2026-05-15 00:42:30 INFO  BUY_FILLED TSLL phase=HOLDING
2026-05-15 00:42:35 INFO  BUY_FILLED TSLL phase=HOLDING
2026-05-15 00:42:40 INFO  BUY_FILLED TSLL phase=HOLDING
2026-05-15 00:42:45 INFO  BUY_FILLED TSLL phase=HOLDING
2026-05-15 00:42:50 INFO  BUY_FILLED TSLL phase=HOLDING
2026-05-15 00:42:55 INFO  BUY_FILLED TSLL phase=HOLDING
2026-05-15 00:43:00 INFO  BUY_FILLED TSLL phase=HOLDING
2026-05-15 00:43:05 INFO  BUY_FILLED TSLL phase=HOLDING
2026-05-15 00:43:06 INFO  BUY [US] AAPU mode=VOLUME_BREAKOUT price=38.4100 qty=7 size=1.0000x score=95(CONV) | WHY: strongBreakout volBreakout retestOK multiUp vol(2.95x) | VWAP: 0.03%(ABOVE slope=UP) | TREND: score=3 vel=0.17%/0.17%/0.26% | VOL: 837828.0000/284155.1500 TO: 32180387.0004/10911759.3046 | entryNo=1
2026-05-15 00:43:06 WARN  BUY_REJECTED AAPU phase=NONE
2026-05-15 00:43:11 INFO  BUY_FILLED TSLL phase=HOLDING
2026-05-15 00:43:16 INFO  BUY_FILLED TSLL phase=HOLDING
2026-05-15 00:43:21 INFO  BUY_FILLED TSLL phase=HOLDING
2026-05-15 00:43:26 INFO  BUY_FILLED TSLL phase=HOLDING
2026-05-15 00:43:31 INFO  BUY_FILLED TSLL phase=HOLDING
2026-05-15 00:43:36 INFO  BUY_FILLED TSLL phase=HOLDING
2026-05-15 00:43:41 INFO  BUY_FILLED TSLL phase=HOLDING
2026-05-15 00:43:46 INFO  BUY_FILLED TSLL phase=HOLDING
2026-05-15 00:43:51 INFO  BUY_FILLED TSLL phase=HOLDING
2026-05-15 00:43:56 INFO  BUY_FILLED TSLL phase=HOLDING
2026-05-15 00:44:01 INFO  BUY_FILLED TSLL phase=HOLDING
2026-05-15 00:44:06 INFO  BUY_FILLED TSLL phase=HOLDING
2026-05-15 00:44:11 INFO  BUY_FILLED TSLL phase=HOLDING
2026-05-15 00:44:17 INFO  BUY_FILLED TSLL phase=HOLDING
2026-05-15 00:44:22 INFO  BUY_FILLED TSLL phase=HOLDING
2026-05-15 00:44:27 INFO  BUY_FILLED TSLL phase=HOLDING
2026-05-15 00:44:32 INFO  BUY_FILLED TSLL phase=HOLDING
2026-05-15 00:44:37 INFO  BUY_FILLED TSLL phase=HOLDING
2026-05-15 00:44:42 INFO  BUY_FILLED TSLL phase=HOLDING
2026-05-15 00:44:47 INFO  BUY_FILLED TSLL phase=HOLDING
2026-05-15 00:44:52 INFO  BUY_FILLED TSLL phase=HOLDING
2026-05-15 00:44:57 INFO  BUY_FILLED TSLL phase=HOLDING
2026-05-15 00:45:02 INFO  BUY_FILLED TSLL phase=HOLDING
2026-05-15 00:45:07 INFO  BUY_FILLED TSLL phase=HOLDING
2026-05-15 00:45:13 INFO  BUY_FILLED TSLL phase=HOLDING
2026-05-15 00:45:18 INFO  BUY_FILLED TSLL phase=HOLDING
2026-05-15 00:45:23 INFO  BUY_FILLED TSLL phase=HOLDING
2026-05-15 00:45:23 INFO  BUY [US] ETHU mode=BREAKOUT price=25.8100 qty=8 size=0.8000x score=85(CONV) | WHY: strongBreakout retestOK multiUp vol(1.56x) | VWAP: 0.02%(ABOVE slope=UP) | TREND: score=3 vel=0.08%/0.22%/0.47% | VOL: 832419.0000/533177.7500 TO: 21469001.6709/13744729.3803 | entryNo=2
2026-05-15 00:45:24 WARN  BUY_REJECTED ETHU phase=NONE
2026-05-15 00:45:28 INFO  BUY_FILLED TSLL phase=HOLDING
2026-05-15 00:45:33 INFO  BUY_FILLED TSLL phase=HOLDING
2026-05-15 00:45:38 INFO  BUY_FILLED TSLL phase=HOLDING
2026-05-15 00:45:43 INFO  BUY_FILLED TSLL phase=HOLDING
2026-05-15 00:45:48 INFO  BUY_FILLED TSLL phase=HOLDING
2026-05-15 00:45:53 INFO  BUY_FILLED TSLL phase=HOLDING
2026-05-15 00:45:58 INFO  BUY_FILLED TSLL phase=HOLDING
2026-05-15 00:46:03 INFO  BUY_FILLED TSLL phase=HOLDING
2026-05-15 00:46:08 INFO  BUY_FILLED TSLL phase=HOLDING
2026-05-15 00:46:14 INFO  BUY_FILLED TSLL phase=HOLDING
2026-05-15 00:46:14 INFO  SELL_EXECUTED [US] TSLL mode=VOLUME_BREAKOUT phase=EXITING exitType=TIMESTOP price=17.1086 qty=16 reason=TIME_STOP_HARD pnl=0.18% peakPnl=0.54% holdMs=604900 high=17.1714 avgPrice=17.0784 weightedPnl=0.17% dailyPnl=0.09%
2026-05-15 00:46:17 WARN  SELL_REJECTED TSLL reason=TIME_STOP_HARD rolledBack=partialDone:false phase=HOLDING
2026-05-15 00:46:19 INFO  BUY_FILLED TSLL phase=HOLDING
2026-05-15 00:46:24 INFO  BUY_FILLED TSLL phase=HOLDING
2026-05-15 00:46:24 INFO  SELL_EXECUTED [US] TSLL mode=VOLUME_BREAKOUT phase=EXITING exitType=TIMESTOP price=17.1110 qty=16 reason=TIME_STOP_HARD pnl=0.19% peakPnl=0.54% holdMs=615049 high=17.1714 avgPrice=17.0784 weightedPnl=0.19% dailyPnl=0.10%
2026-05-15 00:46:24 WARN  SELL_REJECTED TSLL reason=TIME_STOP_HARD rolledBack=partialDone:false phase=HOLDING
2026-05-15 00:46:29 INFO  BUY_FILLED TSLL phase=HOLDING
2026-05-15 00:46:29 INFO  SELL_EXECUTED [US] TSLL mode=VOLUME_BREAKOUT phase=EXITING exitType=TIMESTOP price=17.1150 qty=16 reason=TIME_STOP_HARD pnl=0.21% peakPnl=0.54% holdMs=620241 high=17.1714 avgPrice=17.0784 weightedPnl=0.21% dailyPnl=0.13%
2026-05-15 00:46:34 INFO  BUY_FILLED TSLL phase=HOLDING
2026-05-15 00:53:21 INFO  BUY [US] NFLX mode=BREAKOUT price=88.1600 qty=2 size=0.8000x score=85(CONV) | WHY: strongBreakout retestOK multiUp vol(1.51x) | VWAP: 0.39%(ABOVE slope=UP) | TREND: score=3 vel=0.14%/0.14%/0.12% | VOL: 6759134.0000/4475105.1500 TO: 595783866.4300/393337138.9673 | entryNo=2
2026-05-15 00:53:22 INFO  BUY_FILLED NFLX phase=HOLDING
2026-05-15 00:53:27 INFO  BUY_FILLED NFLX phase=HOLDING
2026-05-15 00:53:32 INFO  BUY_FILLED NFLX phase=HOLDING
2026-05-15 00:53:37 INFO  BUY_FILLED NFLX phase=HOLDING
2026-05-15 00:53:42 INFO  BUY_FILLED NFLX phase=HOLDING
2026-05-15 00:53:47 INFO  BUY_FILLED NFLX phase=HOLDING
2026-05-15 00:53:52 INFO  BUY_FILLED NFLX phase=HOLDING
2026-05-15 00:53:57 INFO  BUY_FILLED NFLX phase=HOLDING
2026-05-15 00:54:02 INFO  BUY_FILLED NFLX phase=HOLDING
2026-05-15 00:54:08 INFO  BUY_FILLED NFLX phase=HOLDING
2026-05-15 00:54:13 INFO  BUY_FILLED NFLX phase=HOLDING
2026-05-15 00:54:18 INFO  BUY_FILLED NFLX phase=HOLDING
2026-05-15 00:54:23 INFO  BUY_FILLED NFLX phase=HOLDING
2026-05-15 00:54:28 INFO  BUY_FILLED NFLX phase=HOLDING
2026-05-15 00:54:33 INFO  BUY_FILLED NFLX phase=HOLDING
2026-05-15 00:54:38 INFO  BUY_FILLED NFLX phase=HOLDING
2026-05-15 00:54:43 INFO  BUY_FILLED NFLX phase=HOLDING
2026-05-15 00:54:48 INFO  BUY_FILLED NFLX phase=HOLDING
2026-05-15 00:54:53 INFO  BUY_FILLED NFLX phase=HOLDING
2026-05-15 00:54:58 INFO  BUY_FILLED NFLX phase=HOLDING
2026-05-15 00:55:04 INFO  BUY_FILLED NFLX phase=HOLDING
2026-05-15 00:55:09 INFO  BUY_FILLED NFLX phase=HOLDING
2026-05-15 00:55:14 INFO  BUY_FILLED NFLX phase=HOLDING
2026-05-15 00:55:19 INFO  BUY_FILLED NFLX phase=HOLDING
2026-05-15 00:55:24 INFO  BUY_FILLED NFLX phase=HOLDING
2026-05-15 00:55:29 INFO  BUY_FILLED NFLX phase=HOLDING
2026-05-15 00:55:34 INFO  BUY_FILLED NFLX phase=HOLDING
2026-05-15 00:55:39 INFO  BUY_FILLED NFLX phase=HOLDING
2026-05-15 00:55:44 INFO  BUY_FILLED NFLX phase=HOLDING
2026-05-15 00:55:49 INFO  BUY_FILLED NFLX phase=HOLDING
2026-05-15 00:55:54 INFO  BUY_FILLED NFLX phase=HOLDING
2026-05-15 00:55:59 INFO  BUY_FILLED NFLX phase=HOLDING
2026-05-15 00:56:05 INFO  BUY_FILLED NFLX phase=HOLDING
2026-05-15 00:56:10 INFO  BUY_FILLED NFLX phase=HOLDING
2026-05-15 00:56:15 INFO  BUY_FILLED NFLX phase=HOLDING
2026-05-15 00:56:20 INFO  BUY_FILLED NFLX phase=HOLDING
2026-05-15 00:56:25 INFO  BUY [US] TQQQ mode=BREAKOUT price=79.5200 qty=2 size=0.8000x score=85(CONV) | WHY: strongBreakout retestOK multiUp vol(1.59x) | VWAP: 0.09%(ABOVE slope=UP) | TREND: score=3 vel=0.14%/0.16%/0.12% | VOL: 22712232.0000/14289247.1000 TO: 1805963127.4800/1134768321.6722 | entryNo=1
2026-05-15 00:56:25 WARN  BUY_REJECTED TQQQ phase=NONE
2026-05-15 00:56:25 INFO  BUY_FILLED NFLX phase=HOLDING
2026-05-15 00:56:30 INFO  BUY_FILLED NFLX phase=HOLDING
2026-05-15 00:56:35 INFO  BUY_FILLED NFLX phase=HOLDING
2026-05-15 00:56:40 INFO  BUY_FILLED NFLX phase=HOLDING
2026-05-15 00:56:45 INFO  BUY_FILLED NFLX phase=HOLDING
2026-05-15 00:56:50 INFO  BUY_FILLED NFLX phase=HOLDING
2026-05-15 00:56:55 INFO  BUY_FILLED NFLX phase=HOLDING
2026-05-15 00:57:00 INFO  BUY_FILLED NFLX phase=HOLDING
2026-05-15 00:57:06 INFO  BUY_FILLED NFLX phase=HOLDING
2026-05-15 00:57:11 INFO  BUY_FILLED NFLX phase=HOLDING
2026-05-15 00:57:16 INFO  BUY_FILLED NFLX phase=HOLDING
2026-05-15 00:57:21 INFO  BUY_FILLED NFLX phase=HOLDING
2026-05-15 00:57:26 INFO  BUY_FILLED NFLX phase=HOLDING
2026-05-15 00:57:31 INFO  BUY_FILLED NFLX phase=HOLDING
2026-05-15 00:57:36 INFO  BUY_FILLED NFLX phase=HOLDING
2026-05-15 00:57:41 INFO  BUY_FILLED NFLX phase=HOLDING
2026-05-15 00:57:46 INFO  BUY_FILLED NFLX phase=HOLDING
2026-05-15 00:57:51 INFO  BUY_FILLED NFLX phase=HOLDING
2026-05-15 00:57:56 INFO  BUY_FILLED NFLX phase=HOLDING
2026-05-15 00:58:02 INFO  BUY_FILLED NFLX phase=HOLDING
2026-05-15 00:58:07 INFO  BUY_FILLED NFLX phase=HOLDING
2026-05-15 00:58:12 INFO  BUY_FILLED NFLX phase=HOLDING
2026-05-15 00:58:17 INFO  BUY_FILLED NFLX phase=HOLDING
2026-05-15 00:58:22 INFO  BUY_FILLED NFLX phase=HOLDING
2026-05-15 00:58:27 INFO  BUY_FILLED NFLX phase=HOLDING
2026-05-15 00:58:27 INFO  SELL_EXECUTED [US] NFLX mode=BREAKOUT phase=EXITING exitType=TIMESTOP price=88.0800 qty=2 reason=TIME_STOP_SOFT pnl=-0.07% peakPnl=0.00% holdMs=304611 high=88.1416 avgPrice=88.1383 weightedPnl=-0.04% dailyPnl=0.09%
2026-05-15 00:58:31 WARN  SELL_REJECTED NFLX reason=TIME_STOP_SOFT rolledBack=partialDone:false phase=HOLDING
2026-05-15 00:58:32 INFO  BUY_FILLED NFLX phase=HOLDING
2026-05-15 00:58:37 INFO  BUY_FILLED NFLX phase=HOLDING
2026-05-15 01:00:08 INFO  BUY [US] BAIG mode=VOLUME_BREAKOUT price=39.1800 qty=7 size=1.0000x score=105(CONV) | WHY: strongBreakout volBreakout retestOK multiUp vol(2.42x) | VWAP: 0.66%(ABOVE slope=UP) | TREND: score=3 vel=0.64%/0.64%/0.64% | VOL: 1202.0000/496.3000 TO: 47094.3600/19335.9840 | entryNo=1
2026-05-15 01:00:09 INFO  BUY [US] GOOD mode=BREAKOUT price=12.5300 qty=17 size=0.8000x score=85(CONV) | WHY: strongBreakout retestOK multiUp vol(1.50x) | VWAP: 0.03%(ABOVE slope=UP) | TREND: score=3 vel=0.08%/0.08%/0.04% | VOL: 77224.0000/51413.0000 TO: 967616.7200/644071.3348 | entryNo=2
2026-05-15 01:00:09 WARN  BUY_REJECTED GOOD phase=NONE
2026-05-15 01:00:09 INFO  BUY_FILLED BAIG phase=HOLDING
2026-05-15 01:00:13 INFO  BUY_FILLED BAIG phase=HOLDING
2026-05-15 01:00:18 INFO  BUY_FILLED BAIG phase=HOLDING
2026-05-15 01:00:24 INFO  BUY_FILLED BAIG phase=HOLDING
2026-05-15 01:00:29 INFO  BUY_FILLED BAIG phase=HOLDING
2026-05-15 01:00:34 INFO  BUY_FILLED BAIG phase=HOLDING
2026-05-15 01:00:39 INFO  BUY_FILLED BAIG phase=HOLDING
2026-05-15 01:00:44 INFO  BUY_FILLED BAIG phase=HOLDING
2026-05-15 01:00:49 INFO  BUY_FILLED BAIG phase=HOLDING
2026-05-15 01:00:54 INFO  BUY_FILLED BAIG phase=HOLDING
2026-05-15 01:00:59 INFO  BUY_FILLED BAIG phase=HOLDING
2026-05-15 01:01:04 INFO  BUY_FILLED BAIG phase=HOLDING
2026-05-15 01:01:09 INFO  BUY_FILLED BAIG phase=HOLDING
2026-05-15 01:01:14 INFO  BUY_FILLED BAIG phase=HOLDING
2026-05-15 01:01:19 INFO  BUY_FILLED BAIG phase=HOLDING
2026-05-15 01:01:25 INFO  BUY_FILLED BAIG phase=HOLDING
2026-05-15 01:01:30 INFO  BUY_FILLED BAIG phase=HOLDING
2026-05-15 01:01:35 INFO  BUY_FILLED BAIG phase=HOLDING
2026-05-15 01:01:40 INFO  BUY_FILLED BAIG phase=HOLDING
2026-05-15 01:01:45 INFO  BUY_FILLED BAIG phase=HOLDING
2026-05-15 01:01:50 INFO  BUY_FILLED BAIG phase=HOLDING
2026-05-15 01:01:55 INFO  BUY_FILLED BAIG phase=HOLDING
2026-05-15 01:02:00 INFO  BUY_FILLED BAIG phase=HOLDING
2026-05-15 01:02:05 INFO  BUY_FILLED BAIG phase=HOLDING
2026-05-15 01:02:10 INFO  BUY_FILLED BAIG phase=HOLDING
2026-05-15 01:02:15 INFO  BUY_FILLED BAIG phase=HOLDING
2026-05-15 01:02:20 INFO  BUY_FILLED BAIG phase=HOLDING
2026-05-15 01:02:26 INFO  BUY_FILLED BAIG phase=HOLDING
2026-05-15 01:02:31 INFO  BUY_FILLED BAIG phase=HOLDING
2026-05-15 01:02:36 INFO  BUY_FILLED BAIG phase=HOLDING
2026-05-15 01:02:41 INFO  BUY_FILLED BAIG phase=HOLDING
2026-05-15 01:02:46 INFO  BUY_FILLED BAIG phase=HOLDING
2026-05-15 01:02:51 INFO  BUY_FILLED BAIG phase=HOLDING
2026-05-15 01:02:56 INFO  BUY_FILLED BAIG phase=HOLDING
2026-05-15 01:03:01 INFO  BUY_FILLED BAIG phase=HOLDING
2026-05-15 01:03:06 INFO  BUY_FILLED BAIG phase=HOLDING
2026-05-15 01:03:11 INFO  BUY_FILLED BAIG phase=HOLDING
2026-05-15 01:03:17 INFO  BUY_FILLED BAIG phase=HOLDING
2026-05-15 01:03:22 INFO  BUY_FILLED BAIG phase=HOLDING
2026-05-15 01:03:27 INFO  BUY_FILLED BAIG phase=HOLDING
2026-05-15 01:03:32 INFO  BUY_FILLED BAIG phase=HOLDING
2026-05-15 01:03:37 INFO  BUY_FILLED BAIG phase=HOLDING
2026-05-15 01:03:42 INFO  BUY_FILLED BAIG phase=HOLDING
2026-05-15 01:03:47 INFO  BUY_FILLED BAIG phase=HOLDING
2026-05-15 01:03:52 INFO  BUY_FILLED BAIG phase=HOLDING
2026-05-15 01:03:57 INFO  BUY_FILLED BAIG phase=HOLDING
2026-05-15 01:04:02 INFO  BUY_FILLED BAIG phase=HOLDING
2026-05-15 01:04:07 INFO  BUY_FILLED BAIG phase=HOLDING
2026-05-15 01:04:12 INFO  BUY_FILLED BAIG phase=HOLDING
2026-05-15 01:04:18 INFO  BUY_FILLED BAIG phase=HOLDING
2026-05-15 01:04:23 INFO  BUY_FILLED BAIG phase=HOLDING
2026-05-15 01:04:33 INFO  BUY_FILLED BAIG phase=HOLDING
2026-05-15 01:04:38 INFO  BUY_FILLED BAIG phase=HOLDING
2026-05-15 01:04:43 INFO  BUY_FILLED BAIG phase=HOLDING
2026-05-15 01:04:48 INFO  BUY_FILLED BAIG phase=HOLDING
2026-05-15 01:04:53 INFO  BUY_FILLED BAIG phase=HOLDING
2026-05-15 01:04:58 INFO  BUY_FILLED BAIG phase=HOLDING
2026-05-15 01:05:03 INFO  BUY_FILLED BAIG phase=HOLDING
2026-05-15 01:05:08 INFO  BUY_FILLED BAIG phase=HOLDING
2026-05-15 01:05:13 INFO  BUY_FILLED BAIG phase=HOLDING
2026-05-15 01:05:19 INFO  BUY_FILLED BAIG phase=HOLDING
2026-05-15 01:05:24 INFO  BUY_FILLED BAIG phase=HOLDING
2026-05-15 01:05:34 INFO  BUY_FILLED BAIG phase=HOLDING
2026-05-15 01:05:39 INFO  BUY_FILLED BAIG phase=HOLDING
2026-05-15 01:05:44 INFO  BUY_FILLED BAIG phase=HOLDING
2026-05-15 01:05:49 INFO  BUY_FILLED BAIG phase=HOLDING
2026-05-15 01:05:54 INFO  BUY_FILLED BAIG phase=HOLDING
2026-05-15 01:05:59 INFO  BUY_FILLED BAIG phase=HOLDING
2026-05-15 01:06:04 INFO  BUY_FILLED BAIG phase=HOLDING
2026-05-15 01:06:09 INFO  BUY_FILLED BAIG phase=HOLDING
2026-05-15 01:06:14 INFO  BUY_FILLED BAIG phase=HOLDING
2026-05-15 01:06:20 INFO  BUY_FILLED BAIG phase=HOLDING
2026-05-15 01:06:25 INFO  BUY_FILLED BAIG phase=HOLDING
2026-05-15 01:06:30 INFO  BUY_FILLED BAIG phase=HOLDING
2026-05-15 01:06:35 INFO  BUY_FILLED BAIG phase=HOLDING
2026-05-15 01:06:40 INFO  BUY_FILLED BAIG phase=HOLDING
2026-05-15 01:06:45 INFO  BUY_FILLED BAIG phase=HOLDING
2026-05-15 01:06:50 INFO  BUY_FILLED BAIG phase=HOLDING
2026-05-15 01:06:55 INFO  BUY_FILLED BAIG phase=HOLDING
2026-05-15 01:07:00 INFO  BUY_FILLED BAIG phase=HOLDING
2026-05-15 01:07:05 INFO  BUY_FILLED BAIG phase=HOLDING
2026-05-15 01:07:10 INFO  BUY_FILLED BAIG phase=HOLDING
2026-05-15 01:07:16 INFO  BUY_FILLED BAIG phase=HOLDING
2026-05-15 01:07:21 INFO  BUY_FILLED BAIG phase=HOLDING
2026-05-15 01:07:26 INFO  BUY_FILLED BAIG phase=HOLDING
2026-05-15 01:07:31 INFO  BUY_FILLED BAIG phase=HOLDING
2026-05-15 01:07:36 INFO  BUY_FILLED BAIG phase=HOLDING
2026-05-15 01:07:41 INFO  BUY_FILLED BAIG phase=HOLDING
2026-05-15 01:07:46 INFO  BUY_FILLED BAIG phase=HOLDING
2026-05-15 01:07:51 INFO  BUY_FILLED BAIG phase=HOLDING
2026-05-15 01:07:56 INFO  BUY_FILLED BAIG phase=HOLDING
2026-05-15 01:08:01 INFO  BUY_FILLED BAIG phase=HOLDING
2026-05-15 01:08:06 WARN  BUY_SKIP [US] META reason=AMOUNT_TOO_SMALL amount=280.0000 size=1.0000x price=623.4200
2026-05-15 01:08:06 INFO  BUY_FILLED BAIG phase=HOLDING
2026-05-15 01:08:11 INFO  BUY_FILLED BAIG phase=HOLDING
2026-05-15 01:08:17 INFO  BUY_FILLED BAIG phase=HOLDING
2026-05-15 01:08:22 WARN  BUY_SKIP [US] META reason=AMOUNT_TOO_SMALL amount=280.0000 size=1.0000x price=623.3700
2026-05-15 01:08:22 INFO  BUY_FILLED BAIG phase=HOLDING
2026-05-15 01:08:27 INFO  BUY_FILLED BAIG phase=HOLDING
2026-05-15 01:08:32 INFO  BUY_FILLED BAIG phase=HOLDING
2026-05-15 01:08:37 INFO  BUY_FILLED BAIG phase=HOLDING
2026-05-15 01:08:42 INFO  BUY_FILLED BAIG phase=HOLDING
2026-05-15 01:08:47 INFO  BUY_FILLED BAIG phase=HOLDING
2026-05-15 01:08:52 INFO  BUY_FILLED BAIG phase=HOLDING
2026-05-15 01:08:57 INFO  BUY_FILLED BAIG phase=HOLDING
2026-05-15 01:09:02 INFO  BUY_FILLED BAIG phase=HOLDING
2026-05-15 01:09:07 INFO  BUY_FILLED BAIG phase=HOLDING
2026-05-15 01:09:12 INFO  BUY_FILLED BAIG phase=HOLDING
2026-05-15 01:09:18 INFO  BUY_FILLED BAIG phase=HOLDING
2026-05-15 01:09:23 INFO  BUY_FILLED BAIG phase=HOLDING
2026-05-15 01:09:28 INFO  BUY_FILLED BAIG phase=HOLDING
2026-05-15 01:09:33 INFO  BUY_FILLED BAIG phase=HOLDING
2026-05-15 01:09:38 INFO  BUY_FILLED BAIG phase=HOLDING
2026-05-15 01:09:43 INFO  BUY_FILLED BAIG phase=HOLDING
2026-05-15 01:09:48 INFO  BUY_FILLED BAIG phase=HOLDING
2026-05-15 01:09:53 INFO  BUY_FILLED BAIG phase=HOLDING
2026-05-15 01:09:58 INFO  BUY_FILLED BAIG phase=HOLDING
2026-05-15 01:10:03 INFO  BUY_FILLED BAIG phase=HOLDING
2026-05-15 01:10:08 INFO  BUY_FILLED BAIG phase=HOLDING
2026-05-15 01:10:13 INFO  BUY_FILLED BAIG phase=HOLDING
2026-05-15 01:10:13 INFO  SELL_EXECUTED [US] BAIG mode=VOLUME_BREAKOUT phase=EXITING exitType=TIMESTOP price=39.1800 qty=7 reason=TIME_STOP_HARD pnl=0.00% peakPnl=0.00% holdMs=604445 high=39.1800 avgPrice=39.1800 weightedPnl=0.00% dailyPnl=0.13%
2026-05-15 01:10:17 WARN  SELL_REJECTED BAIG reason=TIME_STOP_HARD rolledBack=partialDone:false phase=HOLDING
2026-05-15 01:10:19 INFO  BUY_FILLED BAIG phase=HOLDING
2026-05-15 01:10:24 INFO  BUY_FILLED BAIG phase=HOLDING
2026-05-15 01:10:24 INFO  SELL_EXECUTED [US] BAIG mode=VOLUME_BREAKOUT phase=EXITING exitType=TIMESTOP price=39.1800 qty=7 reason=TIME_STOP_HARD pnl=0.00% peakPnl=0.00% holdMs=614682 high=39.1800 avgPrice=39.1800 weightedPnl=0.00% dailyPnl=0.13%
2026-05-15 01:10:24 WARN  SELL_REJECTED BAIG reason=TIME_STOP_HARD rolledBack=partialDone:false phase=HOLDING
2026-05-15 01:10:29 INFO  BUY_FILLED BAIG phase=HOLDING
2026-05-15 01:10:29 INFO  SELL_EXECUTED [US] BAIG mode=VOLUME_BREAKOUT phase=EXITING exitType=TIMESTOP price=39.1800 qty=7 reason=TIME_STOP_HARD pnl=0.00% peakPnl=0.00% holdMs=619865 high=39.1800 avgPrice=39.1800 weightedPnl=0.00% dailyPnl=0.13%
2026-05-15 01:10:34 INFO  BUY_FILLED BAIG phase=HOLDING
2026-05-15 01:10:39 INFO  BUY_FILLED BAIG phase=HOLDING
2026-05-15 01:12:06 INFO  BUY [US] TQQQ mode=VOLUME_BREAKOUT price=79.6800 qty=2 size=0.8000x score=95(CONV) | WHY: strongBreakout volBreakout retestOK multiUp vol(2.26x) | VWAP: 0.20%(ABOVE slope=UP) | TREND: score=3 vel=0.10%/0.09%/0.09% | VOL: 23321927.0000/10329161.3000 TO: 1857241656.6450/821681176.2995 | entryNo=2
2026-05-15 01:12:06 INFO  BUY_FILLED TQQQ phase=HOLDING
2026-05-15 01:12:11 INFO  BUY_FILLED TQQQ phase=HOLDING
2026-05-15 01:12:16 INFO  BUY_FILLED TQQQ phase=HOLDING
2026-05-15 01:12:21 INFO  BUY_FILLED TQQQ phase=HOLDING
2026-05-15 01:12:26 INFO  BUY_FILLED TQQQ phase=HOLDING
2026-05-15 01:12:31 INFO  BUY_FILLED TQQQ phase=HOLDING
2026-05-15 01:12:36 INFO  BUY_FILLED TQQQ phase=HOLDING
2026-05-15 01:12:41 INFO  BUY_FILLED TQQQ phase=HOLDING
2026-05-15 01:12:46 INFO  BUY_FILLED TQQQ phase=HOLDING
2026-05-15 01:12:51 INFO  BUY_FILLED TQQQ phase=HOLDING
2026-05-15 01:12:57 INFO  BUY_FILLED TQQQ phase=HOLDING
2026-05-15 01:13:02 INFO  BUY_FILLED TQQQ phase=HOLDING
2026-05-15 01:13:07 INFO  BUY_FILLED TQQQ phase=HOLDING
2026-05-15 01:13:07 WARN  BUY_SKIP [US] SOXL reason=AMOUNT_TOO_SMALL amount=280.0000 size=1.0000x price=188.5700
2026-05-15 01:13:12 INFO  BUY_FILLED TQQQ phase=HOLDING
2026-05-15 01:13:17 INFO  BUY_FILLED TQQQ phase=HOLDING
2026-05-15 01:13:27 INFO  BUY_FILLED TQQQ phase=HOLDING
2026-05-15 01:13:32 INFO  BUY_FILLED TQQQ phase=HOLDING
2026-05-15 01:13:37 INFO  BUY_FILLED TQQQ phase=HOLDING
2026-05-15 01:13:42 INFO  BUY_FILLED TQQQ phase=HOLDING
2026-05-15 01:13:47 INFO  BUY_FILLED TQQQ phase=HOLDING
2026-05-15 01:13:52 INFO  BUY_FILLED TQQQ phase=HOLDING
2026-05-15 01:13:57 INFO  BUY_FILLED TQQQ phase=HOLDING
2026-05-15 01:14:03 INFO  BUY_FILLED TQQQ phase=HOLDING
2026-05-15 01:14:08 INFO  BUY_FILLED TQQQ phase=HOLDING
2026-05-15 01:14:13 INFO  BUY_FILLED TQQQ phase=HOLDING
2026-05-15 01:14:18 INFO  BUY_FILLED TQQQ phase=HOLDING
2026-05-15 01:14:23 INFO  BUY_FILLED TQQQ phase=HOLDING
2026-05-15 01:14:28 INFO  BUY_FILLED TQQQ phase=HOLDING
2026-05-15 01:14:33 INFO  BUY_FILLED TQQQ phase=HOLDING
2026-05-15 01:14:38 INFO  BUY_FILLED TQQQ phase=HOLDING
2026-05-15 01:14:48 INFO  BUY_FILLED TQQQ phase=HOLDING
2026-05-15 01:14:53 INFO  BUY_FILLED TQQQ phase=HOLDING
2026-05-15 01:14:59 INFO  BUY_FILLED TQQQ phase=HOLDING
2026-05-15 01:15:04 INFO  BUY_FILLED TQQQ phase=HOLDING
2026-05-15 01:15:09 INFO  BUY [US] SQQQ mode=VOLUME_BREAKOUT price=40.7800 qty=5 size=0.8000x score=95(CONV) | WHY: strongBreakout volBreakout retestOK multiUp vol(2.04x) | VWAP: 0.02%(ABOVE slope=UP) | TREND: score=3 vel=0.25%/0.25%/0.11% | VOL: 16606045.0000/8128554.8500 TO: 677526636.0000/331172710.0650 | entryNo=1
2026-05-15 01:15:09 WARN  BUY_REJECTED SQQQ phase=NONE
2026-05-15 01:15:09 INFO  BUY_FILLED TQQQ phase=HOLDING
2026-05-15 01:15:14 INFO  BUY_FILLED TQQQ phase=HOLDING
2026-05-15 01:15:19 INFO  BUY_FILLED TQQQ phase=HOLDING
2026-05-15 01:15:24 INFO  BUY_FILLED TQQQ phase=HOLDING
2026-05-15 01:15:29 INFO  BUY_FILLED TQQQ phase=HOLDING
2026-05-15 01:15:34 INFO  BUY_FILLED TQQQ phase=HOLDING
2026-05-15 01:15:39 INFO  BUY_FILLED TQQQ phase=HOLDING
2026-05-15 01:15:44 INFO  BUY_FILLED TQQQ phase=HOLDING
2026-05-15 01:15:49 INFO  BUY_FILLED TQQQ phase=HOLDING
2026-05-15 01:15:54 INFO  BUY_FILLED TQQQ phase=HOLDING
2026-05-15 01:16:00 INFO  BUY_FILLED TQQQ phase=HOLDING
2026-05-15 01:16:05 INFO  BUY_FILLED TQQQ phase=HOLDING
2026-05-15 01:16:10 INFO  BUY_FILLED TQQQ phase=HOLDING
2026-05-15 01:16:15 INFO  BUY_FILLED TQQQ phase=HOLDING
2026-05-15 01:16:20 INFO  BUY_FILLED TQQQ phase=HOLDING
2026-05-15 01:16:25 INFO  BUY_FILLED TQQQ phase=HOLDING
2026-05-15 01:16:30 INFO  BUY_FILLED TQQQ phase=HOLDING
2026-05-15 01:16:35 INFO  BUY_FILLED TQQQ phase=HOLDING
2026-05-15 01:16:40 INFO  BUY_FILLED TQQQ phase=HOLDING
2026-05-15 01:16:45 INFO  BUY_FILLED TQQQ phase=HOLDING
2026-05-15 01:16:50 INFO  BUY_FILLED TQQQ phase=HOLDING
2026-05-15 01:16:56 INFO  BUY_FILLED TQQQ phase=HOLDING
2026-05-15 01:17:01 INFO  BUY_FILLED TQQQ phase=HOLDING
2026-05-15 01:17:06 INFO  BUY_FILLED TQQQ phase=HOLDING
2026-05-15 01:17:11 INFO  BUY_FILLED TQQQ phase=HOLDING
2026-05-15 01:17:11 INFO  SELL_EXECUTED [US] TQQQ mode=VOLUME_BREAKOUT phase=EXITING exitType=TIMESTOP price=79.6150 qty=2 reason=TIME_STOP_SOFT pnl=-0.08% peakPnl=0.00% holdMs=304371 high=79.6800 avgPrice=79.6769 weightedPnl=-0.04% dailyPnl=0.08%
2026-05-15 01:17:11 WARN  SELL_REJECTED TQQQ reason=TIME_STOP_SOFT rolledBack=partialDone:false phase=HOLDING
2026-05-15 01:17:16 INFO  BUY_FILLED TQQQ phase=HOLDING
2026-05-15 01:17:16 INFO  SELL_EXECUTED [US] TQQQ mode=VOLUME_BREAKOUT phase=EXITING exitType=TIMESTOP price=79.6155 qty=2 reason=TIME_STOP_SOFT pnl=-0.08% peakPnl=0.00% holdMs=309479 high=79.6800 avgPrice=79.6769 weightedPnl=-0.04% dailyPnl=0.08%
2026-05-15 01:17:21 INFO  BUY_FILLED TQQQ phase=HOLDING
2026-05-15 01:17:26 INFO  BUY_FILLED TQQQ phase=HOLDING
2026-05-15 01:17:31 INFO  BUY_FILLED TQQQ phase=HOLDING
2026-05-15 01:17:31 WARN  SELL pending timeout cleared for TQQQ
2026-05-15 01:17:31 INFO  SELL_EXECUTED [US] TQQQ mode=VOLUME_BREAKOUT phase=EXITING exitType=TIMESTOP price=79.6250 qty=2 reason=TIME_STOP_SOFT pnl=-0.07% peakPnl=0.00% holdMs=324733 high=79.6800 avgPrice=79.6769 weightedPnl=-0.04% dailyPnl=0.09%
2026-05-15 01:17:36 INFO  BUY_FILLED TQQQ phase=HOLDING
2026-05-15 01:17:41 INFO  BUY_FILLED TQQQ phase=HOLDING
2026-05-15 01:17:46 INFO  BUY_FILLED TQQQ phase=HOLDING
2026-05-15 01:17:46 WARN  SELL pending timeout cleared for TQQQ
2026-05-15 01:17:46 INFO  SELL_EXECUTED [US] TQQQ mode=VOLUME_BREAKOUT phase=EXITING exitType=TIMESTOP price=79.6000 qty=2 reason=TIME_STOP_SOFT pnl=-0.10% peakPnl=0.00% holdMs=340015 high=79.6800 avgPrice=79.6769 weightedPnl=-0.05% dailyPnl=0.07%
2026-05-15 01:17:50 WARN  SELL_REJECTED TQQQ reason=TIME_STOP_SOFT rolledBack=partialDone:false phase=HOLDING
2026-05-15 01:17:52 INFO  BUY_FILLED TQQQ phase=HOLDING
2026-05-15 01:17:57 INFO  BUY_FILLED TQQQ phase=HOLDING
2026-05-15 01:17:57 INFO  SELL_EXECUTED [US] TQQQ mode=VOLUME_BREAKOUT phase=EXITING exitType=TIMESTOP price=79.6150 qty=2 reason=TIME_STOP_SOFT pnl=-0.08% peakPnl=0.00% holdMs=350180 high=79.6800 avgPrice=79.6769 weightedPnl=-0.04% dailyPnl=0.08%
2026-05-15 01:17:57 WARN  SELL_REJECTED TQQQ reason=TIME_STOP_SOFT rolledBack=partialDone:false phase=HOLDING
2026-05-15 01:18:02 INFO  BUY_FILLED TQQQ phase=HOLDING
2026-05-15 01:18:02 INFO  SELL_EXECUTED [US] TQQQ mode=VOLUME_BREAKOUT phase=EXITING exitType=TIMESTOP price=79.6300 qty=2 reason=TIME_STOP_SOFT pnl=-0.06% peakPnl=0.00% holdMs=355367 high=79.6800 avgPrice=79.6769 weightedPnl=-0.03% dailyPnl=0.09%
2026-05-15 01:18:07 INFO  BUY_FILLED TQQQ phase=HOLDING
2026-05-15 01:18:12 INFO  BUY_FILLED TQQQ phase=HOLDING
2026-05-15 01:18:17 INFO  BUY_FILLED TQQQ phase=HOLDING
2026-05-15 01:18:17 WARN  SELL pending timeout cleared for TQQQ
2026-05-15 01:18:17 INFO  SELL_EXECUTED [US] TQQQ mode=VOLUME_BREAKOUT phase=EXITING exitType=TIMESTOP price=79.6200 qty=2 reason=TIME_STOP_SOFT pnl=-0.07% peakPnl=0.00% holdMs=371013 high=79.6800 avgPrice=79.6769 weightedPnl=-0.04% dailyPnl=0.09%
2026-05-15 01:18:22 INFO  BUY_FILLED TQQQ phase=HOLDING
2026-05-15 01:18:28 INFO  BUY_FILLED TQQQ phase=HOLDING
2026-05-15 01:18:33 INFO  BUY_FILLED TQQQ phase=HOLDING
2026-05-15 01:18:33 WARN  SELL pending timeout cleared for TQQQ
2026-05-15 01:18:33 INFO  SELL_EXECUTED [US] TQQQ mode=VOLUME_BREAKOUT phase=EXITING exitType=TIMESTOP price=79.6250 qty=2 reason=TIME_STOP_SOFT pnl=-0.07% peakPnl=0.00% holdMs=386097 high=79.6800 avgPrice=79.6769 weightedPnl=-0.04% dailyPnl=0.09%
2026-05-15 01:18:33 WARN  SELL_REJECTED TQQQ reason=TIME_STOP_SOFT rolledBack=partialDone:false phase=HOLDING
2026-05-15 01:18:38 INFO  BUY_FILLED TQQQ phase=HOLDING
2026-05-15 01:18:38 INFO  SELL_EXECUTED [US] TQQQ mode=VOLUME_BREAKOUT phase=EXITING exitType=TIMESTOP price=79.6400 qty=2 reason=TIME_STOP_SOFT pnl=-0.05% peakPnl=0.00% holdMs=391265 high=79.6800 avgPrice=79.6769 weightedPnl=-0.03% dailyPnl=0.10%
2026-05-15 01:43:08 WARN  BUY_SKIP [US] NVDL reason=AMOUNT_TOO_SMALL amount=280.0000 size=0.8000x price=128.4200
2026-05-15 01:43:23 WARN  BUY_SKIP [US] NVDL reason=AMOUNT_TOO_SMALL amount=280.0000 size=0.8000x price=128.4700
2026-05-15 01:50:20 WARN  BUY_SKIP [US] NVDL reason=AMOUNT_TOO_SMALL amount=280.0000 size=0.8000x price=128.3300
2026-05-15 01:53:08 INFO  BUY [US] NVDL mode=VOLUME_BREAKOUT price=128.7800 qty=2 size=1.0000x score=95(CONV) | WHY: strongBreakout volBreakout retestOK multiUp vol(3.11x) | VWAP: 0.33%(ABOVE slope=UP) | TREND: score=3 vel=0.34%/0.26%/0.34% | VOL: 10555754.0000/3396770.2000 TO: 1359264442.5800/435813186.5571 | entryNo=1
2026-05-15 01:53:23 INFO  BUY_FILLED NVDL phase=HOLDING
2026-05-15 01:53:28 INFO  BUY_FILLED NVDL phase=HOLDING
2026-05-15 01:53:33 INFO  BUY_FILLED NVDL phase=HOLDING
2026-05-15 01:53:39 INFO  BUY_FILLED NVDL phase=HOLDING
2026-05-15 01:53:44 INFO  BUY_FILLED NVDL phase=HOLDING
2026-05-15 01:53:49 INFO  BUY_FILLED NVDL phase=HOLDING
2026-05-15 01:53:54 INFO  BUY_FILLED NVDL phase=HOLDING
2026-05-15 01:53:59 INFO  BUY_FILLED NVDL phase=HOLDING
2026-05-15 01:54:04 INFO  BUY_FILLED NVDL phase=HOLDING
2026-05-15 01:54:09 INFO  BUY_FILLED NVDL phase=HOLDING
2026-05-15 01:54:14 INFO  BUY_FILLED NVDL phase=HOLDING
2026-05-15 01:54:19 INFO  BUY_FILLED NVDL phase=HOLDING
2026-05-15 01:54:24 INFO  BUY_FILLED NVDL phase=HOLDING
2026-05-15 01:54:29 INFO  BUY_FILLED NVDL phase=HOLDING
2026-05-15 01:54:35 INFO  BUY_FILLED NVDL phase=HOLDING
2026-05-15 01:54:40 INFO  BUY_FILLED NVDL phase=HOLDING
2026-05-15 01:54:45 INFO  BUY_FILLED NVDL phase=HOLDING
2026-05-15 01:54:50 INFO  BUY_FILLED NVDL phase=HOLDING
2026-05-15 01:54:55 INFO  BUY_FILLED NVDL phase=HOLDING
2026-05-15 01:55:00 INFO  BUY_FILLED NVDL phase=HOLDING
2026-05-15 01:55:05 INFO  BUY_FILLED NVDL phase=HOLDING
2026-05-15 01:55:10 INFO  BUY_FILLED NVDL phase=HOLDING
2026-05-15 01:55:15 INFO  BUY_FILLED NVDL phase=HOLDING
2026-05-15 01:55:20 INFO  BUY_FILLED NVDL phase=HOLDING
2026-05-15 01:55:25 INFO  BUY_FILLED NVDL phase=HOLDING
2026-05-15 01:55:30 INFO  BUY_FILLED NVDL phase=HOLDING
2026-05-15 01:55:36 INFO  BUY_FILLED NVDL phase=HOLDING
2026-05-15 01:55:41 INFO  BUY_FILLED NVDL phase=HOLDING
2026-05-15 01:55:46 INFO  BUY_FILLED NVDL phase=HOLDING
2026-05-15 01:55:51 INFO  BUY_FILLED NVDL phase=HOLDING
2026-05-15 01:55:56 INFO  BUY_FILLED NVDL phase=HOLDING
2026-05-15 01:56:01 INFO  BUY_FILLED NVDL phase=HOLDING
2026-05-15 01:56:12 INFO  BUY_FILLED NVDL phase=HOLDING
2026-05-15 01:56:17 INFO  BUY_FILLED NVDL phase=HOLDING
2026-05-15 01:56:22 INFO  BUY_FILLED NVDL phase=HOLDING
2026-05-15 01:56:27 INFO  BUY_FILLED NVDL phase=HOLDING
2026-05-15 01:56:32 INFO  BUY_FILLED NVDL phase=HOLDING
2026-05-15 01:56:47 INFO  BUY_FILLED NVDL phase=HOLDING
2026-05-15 01:56:52 INFO  BUY_FILLED NVDL phase=HOLDING
2026-05-15 01:56:57 INFO  BUY_FILLED NVDL phase=HOLDING
2026-05-15 01:57:03 INFO  BUY_FILLED NVDL phase=HOLDING
2026-05-15 01:57:08 INFO  BUY_FILLED NVDL phase=HOLDING
2026-05-15 01:57:13 INFO  BUY_FILLED NVDL phase=HOLDING
2026-05-15 01:57:18 INFO  BUY_FILLED NVDL phase=HOLDING
2026-05-15 01:57:23 INFO  BUY_FILLED NVDL phase=HOLDING
2026-05-15 01:57:28 INFO  BUY_FILLED NVDL phase=HOLDING
2026-05-15 01:57:33 INFO  BUY_FILLED NVDL phase=HOLDING
2026-05-15 01:57:38 INFO  BUY_FILLED NVDL phase=HOLDING
2026-05-15 01:57:43 INFO  BUY_FILLED NVDL phase=HOLDING
2026-05-15 01:57:48 INFO  BUY_FILLED NVDL phase=HOLDING
2026-05-15 01:57:53 INFO  BUY_FILLED NVDL phase=HOLDING
2026-05-15 01:57:58 INFO  BUY_FILLED NVDL phase=HOLDING
2026-05-15 01:58:04 INFO  BUY_FILLED NVDL phase=HOLDING
2026-05-15 01:58:09 INFO  BUY_FILLED NVDL phase=HOLDING
2026-05-15 01:58:14 INFO  BUY_FILLED NVDL phase=HOLDING
2026-05-15 01:58:19 INFO  BUY_FILLED NVDL phase=HOLDING
2026-05-15 01:58:24 INFO  BUY_FILLED NVDL phase=HOLDING
2026-05-15 01:58:24 INFO  SELL_EXECUTED [US] NVDL mode=VOLUME_BREAKOUT phase=EXITING exitType=TIMESTOP price=128.7400 qty=2 reason=TIME_STOP_SOFT pnl=-0.03% peakPnl=0.17% holdMs=300678 high=129.0000 avgPrice=128.7800 weightedPnl=-0.03% dailyPnl=0.07%
2026-05-15 01:58:28 WARN  SELL_REJECTED NVDL reason=TIME_STOP_SOFT rolledBack=partialDone:false phase=HOLDING
2026-05-15 01:58:29 INFO  BUY_FILLED NVDL phase=HOLDING
2026-05-15 01:58:34 INFO  BUY_FILLED NVDL phase=HOLDING
2026-05-15 01:58:34 INFO  SELL_EXECUTED [US] NVDL mode=VOLUME_BREAKOUT phase=EXITING exitType=TIMESTOP price=128.6850 qty=2 reason=TIME_STOP_SOFT pnl=-0.07% peakPnl=0.17% holdMs=310822 high=129.0000 avgPrice=128.7800 weightedPnl=-0.07% dailyPnl=0.03%
2026-05-15 01:58:34 WARN  SELL_REJECTED NVDL reason=TIME_STOP_SOFT rolledBack=partialDone:false phase=HOLDING
2026-05-15 01:58:39 INFO  BUY_FILLED NVDL phase=HOLDING
2026-05-15 01:58:39 INFO  SELL_EXECUTED [US] NVDL mode=VOLUME_BREAKOUT phase=EXITING exitType=TIMESTOP price=128.6750 qty=2 reason=TIME_STOP_SOFT pnl=-0.08% peakPnl=0.17% holdMs=316087 high=129.0000 avgPrice=128.7800 weightedPnl=-0.07% dailyPnl=0.03%
2026-05-15 02:11:08 INFO  BUY [US] AMZD mode=VOLUME_BREAKOUT price=8.5200 qty=32 size=1.0000x score=95(CONV) | WHY: strongBreakout volBreakout retestOK multiUp vol(2.91x) | VWAP: 0.05%(ABOVE slope=UP) | TREND: score=3 vel=0.06%/0.06%/0.06% | VOL: 1733387.0000/595981.4500 TO: 14768630.5787/5072672.2496 | entryNo=2
2026-05-15 02:11:09 INFO  BUY_FILLED AMZD phase=HOLDING
2026-05-15 02:11:13 INFO  BUY_FILLED AMZD phase=HOLDING
2026-05-15 02:11:18 INFO  BUY_FILLED AMZD phase=HOLDING
2026-05-15 02:11:23 INFO  BUY_FILLED AMZD phase=HOLDING
2026-05-15 02:11:28 INFO  BUY_FILLED AMZD phase=HOLDING
2026-05-15 02:11:33 INFO  BUY_FILLED AMZD phase=HOLDING
2026-05-15 02:11:38 INFO  BUY_FILLED AMZD phase=HOLDING
2026-05-15 02:11:43 INFO  BUY_FILLED AMZD phase=HOLDING
2026-05-15 02:11:49 INFO  BUY_FILLED AMZD phase=HOLDING
2026-05-15 02:11:54 INFO  BUY_FILLED AMZD phase=HOLDING
2026-05-15 02:11:59 INFO  BUY_FILLED AMZD phase=HOLDING
2026-05-15 02:12:04 INFO  BUY_FILLED AMZD phase=HOLDING
2026-05-15 02:12:09 INFO  BUY_FILLED AMZD phase=HOLDING
2026-05-15 02:12:14 INFO  BUY_FILLED AMZD phase=HOLDING
2026-05-15 02:12:19 INFO  BUY_FILLED AMZD phase=HOLDING
2026-05-15 02:12:24 INFO  BUY_FILLED AMZD phase=HOLDING
2026-05-15 02:12:29 INFO  BUY_FILLED AMZD phase=HOLDING
2026-05-15 02:12:34 INFO  BUY_FILLED AMZD phase=HOLDING
2026-05-15 02:12:39 INFO  BUY_FILLED AMZD phase=HOLDING
2026-05-15 02:12:44 INFO  BUY_FILLED AMZD phase=HOLDING
2026-05-15 02:12:50 INFO  BUY_FILLED AMZD phase=HOLDING
2026-05-15 02:12:55 INFO  BUY_FILLED AMZD phase=HOLDING
2026-05-15 02:13:00 INFO  BUY_FILLED AMZD phase=HOLDING
2026-05-15 02:13:05 INFO  BUY_FILLED AMZD phase=HOLDING
2026-05-15 02:13:10 INFO  BUY_FILLED AMZD phase=HOLDING
2026-05-15 02:13:15 INFO  BUY_FILLED AMZD phase=HOLDING
2026-05-15 02:13:20 INFO  BUY_FILLED AMZD phase=HOLDING
2026-05-15 02:13:25 INFO  BUY_FILLED AMZD phase=HOLDING
2026-05-15 02:13:30 INFO  BUY_FILLED AMZD phase=HOLDING
2026-05-15 02:13:35 INFO  BUY_FILLED AMZD phase=HOLDING
2026-05-15 02:13:40 INFO  BUY_FILLED AMZD phase=HOLDING
2026-05-15 02:13:46 INFO  BUY_FILLED AMZD phase=HOLDING
2026-05-15 02:13:51 INFO  BUY_FILLED AMZD phase=HOLDING
2026-05-15 02:13:56 INFO  BUY_FILLED AMZD phase=HOLDING
2026-05-15 02:14:01 INFO  BUY_FILLED AMZD phase=HOLDING
2026-05-15 02:14:06 INFO  BUY_FILLED AMZD phase=HOLDING
2026-05-15 02:14:11 INFO  BUY_FILLED AMZD phase=HOLDING
2026-05-15 02:14:16 INFO  BUY_FILLED AMZD phase=HOLDING
2026-05-15 02:14:21 INFO  BUY_FILLED AMZD phase=HOLDING
2026-05-15 02:14:26 INFO  BUY_FILLED AMZD phase=HOLDING
2026-05-15 02:14:31 INFO  BUY_FILLED AMZD phase=HOLDING
2026-05-15 02:14:36 INFO  BUY_FILLED AMZD phase=HOLDING
2026-05-15 02:14:41 INFO  BUY_FILLED AMZD phase=HOLDING
2026-05-15 02:14:47 INFO  BUY_FILLED AMZD phase=HOLDING
2026-05-15 02:14:52 INFO  BUY_FILLED AMZD phase=HOLDING
2026-05-15 02:14:57 INFO  BUY_FILLED AMZD phase=HOLDING
2026-05-15 02:15:02 INFO  BUY_FILLED AMZD phase=HOLDING
2026-05-15 02:15:07 INFO  BUY_FILLED AMZD phase=HOLDING
2026-05-15 02:15:12 INFO  BUY_FILLED AMZD phase=HOLDING
2026-05-15 02:15:17 INFO  BUY_FILLED AMZD phase=HOLDING
2026-05-15 02:15:22 INFO  BUY_FILLED AMZD phase=HOLDING
2026-05-15 02:15:27 INFO  BUY_FILLED AMZD phase=HOLDING
2026-05-15 02:15:32 INFO  BUY_FILLED AMZD phase=HOLDING
2026-05-15 02:15:37 INFO  BUY_FILLED AMZD phase=HOLDING
2026-05-15 02:15:42 INFO  BUY_FILLED AMZD phase=HOLDING
2026-05-15 02:15:48 INFO  BUY_FILLED AMZD phase=HOLDING
2026-05-15 02:15:53 INFO  BUY_FILLED AMZD phase=HOLDING
2026-05-15 02:15:58 INFO  BUY_FILLED AMZD phase=HOLDING
2026-05-15 02:16:03 INFO  BUY_FILLED AMZD phase=HOLDING
2026-05-15 02:16:08 INFO  BUY_FILLED AMZD phase=HOLDING
2026-05-15 02:16:13 INFO  BUY_FILLED AMZD phase=HOLDING
2026-05-15 02:16:13 INFO  SELL_EXECUTED [US] AMZD mode=VOLUME_BREAKOUT phase=EXITING exitType=TIMESTOP price=8.5186 qty=32 reason=TIME_STOP_SOFT pnl=-0.02% peakPnl=0.00% holdMs=304391 high=8.5201 avgPrice=8.5200 weightedPnl=-0.02% dailyPnl=0.01%
2026-05-15 02:16:17 WARN  SELL_REJECTED AMZD reason=TIME_STOP_SOFT rolledBack=partialDone:false phase=HOLDING
2026-05-15 02:16:18 INFO  BUY_FILLED AMZD phase=HOLDING
2026-05-15 02:16:23 INFO  BUY_FILLED AMZD phase=HOLDING
2026-05-15 02:16:23 INFO  SELL_EXECUTED [US] AMZD mode=VOLUME_BREAKOUT phase=EXITING exitType=TIMESTOP price=8.5186 qty=32 reason=TIME_STOP_SOFT pnl=-0.02% peakPnl=0.00% holdMs=314558 high=8.5201 avgPrice=8.5200 weightedPnl=-0.02% dailyPnl=0.01%
2026-05-15 02:16:23 WARN  SELL_REJECTED AMZD reason=TIME_STOP_SOFT rolledBack=partialDone:false phase=HOLDING
2026-05-15 02:16:28 INFO  BUY_FILLED AMZD phase=HOLDING
2026-05-15 02:16:28 INFO  SELL_EXECUTED [US] AMZD mode=VOLUME_BREAKOUT phase=EXITING exitType=TIMESTOP price=8.5186 qty=32 reason=TIME_STOP_SOFT pnl=-0.02% peakPnl=0.00% holdMs=319776 high=8.5201 avgPrice=8.5200 weightedPnl=-0.02% dailyPnl=0.01%
2026-05-15 02:16:33 INFO  BUY_FILLED AMZD phase=HOLDING
2026-05-15 02:16:38 INFO  BUY_FILLED AMZD phase=HOLDING
2026-05-15 02:16:44 INFO  BUY_FILLED AMZD phase=HOLDING
2026-05-15 02:16:44 WARN  SELL pending timeout cleared for AMZD
2026-05-15 02:16:44 INFO  SELL_EXECUTED [US] AMZD mode=VOLUME_BREAKOUT phase=EXITING exitType=TIMESTOP price=8.5186 qty=32 reason=TIME_STOP_SOFT pnl=-0.02% peakPnl=0.00% holdMs=334925 high=8.5201 avgPrice=8.5200 weightedPnl=-0.02% dailyPnl=0.01%
2026-05-15 02:56:08 WARN  BUY_SKIP [US] SOXL reason=AMOUNT_TOO_SMALL amount=280.0000 size=1.0000x price=187.5200
2026-05-15 03:02:09 INFO  BUY [US] AAPD mode=BREAKOUT price=11.8800 qty=18 size=0.8000x score=85(CONV) | WHY: strongBreakout retestOK multiUp vol(1.58x) | VWAP: 0.08%(ABOVE slope=UP) | TREND: score=3 vel=0.11%/0.11%/0.11% | VOL: 2156973.0000/1367230.2000 TO: 25631094.4617/16231980.8501 | entryNo=2
2026-05-15 03:08:56 INFO  BUY_FILLED AAPD phase=HOLDING
2026-05-15 03:09:01 INFO  BUY_FILLED AAPD phase=HOLDING
2026-05-15 03:09:07 INFO  BUY_FILLED AAPD phase=HOLDING
2026-05-15 03:09:12 INFO  BUY_FILLED AAPD phase=HOLDING
2026-05-15 03:09:17 INFO  BUY_FILLED AAPD phase=HOLDING
2026-05-15 03:09:22 INFO  BUY_FILLED AAPD phase=HOLDING
2026-05-15 03:09:27 INFO  BUY_FILLED AAPD phase=HOLDING
2026-05-15 03:09:32 INFO  BUY_FILLED AAPD phase=HOLDING
2026-05-15 03:09:37 INFO  BUY_FILLED AAPD phase=HOLDING
2026-05-15 03:09:42 INFO  BUY_FILLED AAPD phase=HOLDING
2026-05-15 03:09:47 INFO  BUY_FILLED AAPD phase=HOLDING
2026-05-15 03:09:52 INFO  BUY_FILLED AAPD phase=HOLDING
2026-05-15 03:09:57 INFO  BUY_FILLED AAPD phase=HOLDING
2026-05-15 03:10:02 INFO  BUY_FILLED AAPD phase=HOLDING
2026-05-15 03:10:07 INFO  BUY_FILLED AAPD phase=HOLDING
2026-05-15 03:10:13 INFO  BUY_FILLED AAPD phase=HOLDING
2026-05-15 03:10:18 INFO  BUY_FILLED AAPD phase=HOLDING
2026-05-15 03:10:23 INFO  BUY_FILLED AAPD phase=HOLDING
2026-05-15 03:10:28 INFO  BUY_FILLED AAPD phase=HOLDING
2026-05-15 03:10:33 INFO  BUY_FILLED AAPD phase=HOLDING
2026-05-15 03:10:38 INFO  BUY_FILLED AAPD phase=HOLDING
2026-05-15 03:10:43 INFO  BUY_FILLED AAPD phase=HOLDING
2026-05-15 03:10:48 INFO  BUY_FILLED AAPD phase=HOLDING
2026-05-15 03:10:53 INFO  BUY_FILLED AAPD phase=HOLDING
2026-05-15 03:10:58 INFO  BUY_FILLED AAPD phase=HOLDING
2026-05-15 03:11:03 INFO  BUY_FILLED AAPD phase=HOLDING
2026-05-15 03:11:09 INFO  BUY_FILLED AAPD phase=HOLDING
2026-05-15 03:11:14 INFO  BUY_FILLED AAPD phase=HOLDING
2026-05-15 03:11:19 INFO  BUY_FILLED AAPD phase=HOLDING
2026-05-15 03:11:24 INFO  BUY_FILLED AAPD phase=HOLDING
2026-05-15 03:11:29 INFO  BUY_FILLED AAPD phase=HOLDING
2026-05-15 03:11:34 INFO  BUY_FILLED AAPD phase=HOLDING
2026-05-15 03:11:39 INFO  BUY_FILLED AAPD phase=HOLDING
2026-05-15 03:11:44 INFO  BUY_FILLED AAPD phase=HOLDING
2026-05-15 03:11:49 INFO  BUY_FILLED AAPD phase=HOLDING
2026-05-15 03:11:54 INFO  BUY_FILLED AAPD phase=HOLDING
2026-05-15 03:11:59 INFO  BUY_FILLED AAPD phase=HOLDING
2026-05-15 03:12:05 INFO  BUY_FILLED AAPD phase=HOLDING
2026-05-15 03:12:10 INFO  BUY_FILLED AAPD phase=HOLDING
2026-05-15 03:12:15 INFO  BUY_FILLED AAPD phase=HOLDING
2026-05-15 03:12:20 INFO  BUY_FILLED AAPD phase=HOLDING
2026-05-15 03:12:25 INFO  BUY_FILLED AAPD phase=HOLDING
2026-05-15 03:12:30 INFO  BUY_FILLED AAPD phase=HOLDING
2026-05-15 03:12:35 INFO  BUY_FILLED AAPD phase=HOLDING
2026-05-15 03:12:40 INFO  BUY_FILLED AAPD phase=HOLDING
2026-05-15 03:12:45 INFO  BUY_FILLED AAPD phase=HOLDING
2026-05-15 03:12:51 INFO  BUY_FILLED AAPD phase=HOLDING
2026-05-15 03:12:56 INFO  BUY_FILLED AAPD phase=HOLDING
2026-05-15 03:13:01 INFO  BUY_FILLED AAPD phase=HOLDING
2026-05-15 03:13:06 INFO  BUY_FILLED AAPD phase=HOLDING
2026-05-15 03:13:11 INFO  BUY_FILLED AAPD phase=HOLDING
2026-05-15 03:13:16 INFO  BUY_FILLED AAPD phase=HOLDING
2026-05-15 03:13:26 INFO  BUY_FILLED AAPD phase=HOLDING
2026-05-15 03:13:31 INFO  BUY_FILLED AAPD phase=HOLDING
2026-05-15 03:13:36 INFO  BUY_FILLED AAPD phase=HOLDING
2026-05-15 03:13:41 INFO  BUY_FILLED AAPD phase=HOLDING
2026-05-15 03:13:46 INFO  BUY_FILLED AAPD phase=HOLDING
2026-05-15 03:13:52 INFO  BUY_FILLED AAPD phase=HOLDING
2026-05-15 03:13:57 INFO  BUY_FILLED AAPD phase=HOLDING
2026-05-15 03:13:57 INFO  SELL_EXECUTED [US] AAPD mode=BREAKOUT phase=EXITING exitType=TIMESTOP price=11.8700 qty=18 reason=TIME_STOP_SOFT pnl=-0.08% peakPnl=0.00% holdMs=300276 high=11.8801 avgPrice=11.8800 weightedPnl=-0.06% dailyPnl=-0.05%
2026-05-15 03:14:00 WARN  SELL_REJECTED AAPD reason=TIME_STOP_SOFT rolledBack=partialDone:false phase=HOLDING
2026-05-15 03:14:02 INFO  BUY_FILLED AAPD phase=HOLDING
2026-05-15 03:14:07 INFO  BUY_FILLED AAPD phase=HOLDING
2026-05-15 03:14:07 INFO  SELL_EXECUTED [US] AAPD mode=BREAKOUT phase=EXITING exitType=TIMESTOP price=11.8700 qty=18 reason=TIME_STOP_SOFT pnl=-0.08% peakPnl=0.00% holdMs=310625 high=11.8801 avgPrice=11.8800 weightedPnl=-0.06% dailyPnl=-0.05%
2026-05-15 03:14:07 WARN  SELL_REJECTED AAPD reason=TIME_STOP_SOFT rolledBack=partialDone:false phase=HOLDING
2026-05-15 03:14:12 INFO  BUY_FILLED AAPD phase=HOLDING
2026-05-15 03:14:12 INFO  SELL_EXECUTED [US] AAPD mode=BREAKOUT phase=EXITING exitType=TIMESTOP price=11.8700 qty=18 reason=TIME_STOP_SOFT pnl=-0.08% peakPnl=0.00% holdMs=315967 high=11.8801 avgPrice=11.8800 weightedPnl=-0.06% dailyPnl=-0.05%
2026-05-15 03:14:17 INFO  BUY_FILLED AAPD phase=HOLDING
2026-05-15 03:14:22 INFO  BUY_FILLED AAPD phase=HOLDING
2026-05-15 03:14:28 INFO  BUY_FILLED AAPD phase=HOLDING
2026-05-15 03:14:28 WARN  SELL pending timeout cleared for AAPD
2026-05-15 03:14:28 INFO  SELL_EXECUTED [US] AAPD mode=BREAKOUT phase=EXITING exitType=TIMESTOP price=11.8700 qty=18 reason=TIME_STOP_SOFT pnl=-0.08% peakPnl=0.00% holdMs=331229 high=11.8801 avgPrice=11.8800 weightedPnl=-0.06% dailyPnl=-0.05%
2026-05-15 03:14:33 INFO  BUY_FILLED AAPD phase=HOLDING
2026-05-15 03:14:38 INFO  BUY_FILLED AAPD phase=HOLDING
2026-05-15 03:14:43 INFO  BUY_FILLED AAPD phase=HOLDING
2026-05-15 03:14:43 WARN  SELL pending timeout cleared for AAPD
2026-05-15 03:14:43 INFO  SELL_EXECUTED [US] AAPD mode=BREAKOUT phase=EXITING exitType=TIMESTOP price=11.8701 qty=18 reason=TIME_STOP_SOFT pnl=-0.08% peakPnl=0.00% holdMs=346482 high=11.8801 avgPrice=11.8800 weightedPnl=-0.06% dailyPnl=-0.05%
2026-05-15 03:14:43 WARN  SELL_REJECTED AAPD reason=TIME_STOP_SOFT rolledBack=partialDone:false phase=HOLDING
2026-05-15 03:14:48 INFO  BUY_FILLED AAPD phase=HOLDING
2026-05-15 03:14:48 INFO  SELL_EXECUTED [US] AAPD mode=BREAKOUT phase=EXITING exitType=TIMESTOP price=11.8701 qty=18 reason=TIME_STOP_SOFT pnl=-0.08% peakPnl=0.00% holdMs=351935 high=11.8801 avgPrice=11.8800 weightedPnl=-0.06% dailyPnl=-0.05%
2026-05-15 03:37:21 INFO  BUY [US] SQQQ mode=VOLUME_BREAKOUT price=41.1200 qty=5 size=0.8000x score=82(CONV) | WHY: strongBreakout volBreakout retestOK multiUp vol(2.23x) | VWAP: 0.13%(ABOVE slope=UP) | TREND: score=2 vel=0.04%/0.09%/-0.03% | VOL: 24614422.0000/11015346.2500 TO: 1011354909.6938/452703192.3910 | entryNo=2
2026-05-15 03:37:22 INFO  BUY_FILLED SQQQ phase=HOLDING
2026-05-15 03:37:26 INFO  BUY_FILLED SQQQ phase=HOLDING
2026-05-15 03:37:31 INFO  BUY_FILLED SQQQ phase=HOLDING
2026-05-15 03:37:36 INFO  BUY_FILLED SQQQ phase=HOLDING
2026-05-15 03:37:42 INFO  BUY_FILLED SQQQ phase=HOLDING
2026-05-15 03:37:47 INFO  BUY_FILLED SQQQ phase=HOLDING
2026-05-15 03:37:52 INFO  BUY_FILLED SQQQ phase=HOLDING
2026-05-15 03:37:57 INFO  BUY_FILLED SQQQ phase=HOLDING
2026-05-15 03:38:12 INFO  BUY_FILLED SQQQ phase=HOLDING
2026-05-15 03:38:17 INFO  BUY_FILLED SQQQ phase=HOLDING
2026-05-15 03:38:22 INFO  BUY_FILLED SQQQ phase=HOLDING
2026-05-15 03:38:27 INFO  BUY_FILLED SQQQ phase=HOLDING
2026-05-15 03:38:32 INFO  BUY_FILLED SQQQ phase=HOLDING
2026-05-15 03:38:37 INFO  BUY_FILLED SQQQ phase=HOLDING
2026-05-15 03:38:43 INFO  BUY_FILLED SQQQ phase=HOLDING
2026-05-15 03:38:48 INFO  BUY_FILLED SQQQ phase=HOLDING
2026-05-15 03:38:53 INFO  BUY_FILLED SQQQ phase=HOLDING
2026-05-15 03:38:58 INFO  BUY_FILLED SQQQ phase=HOLDING
2026-05-15 03:39:03 INFO  BUY_FILLED SQQQ phase=HOLDING
2026-05-15 03:39:08 INFO  BUY_FILLED SQQQ phase=HOLDING
2026-05-15 03:39:13 INFO  BUY_FILLED SQQQ phase=HOLDING
2026-05-15 03:39:18 INFO  BUY_FILLED SQQQ phase=HOLDING
2026-05-15 03:39:23 INFO  BUY_FILLED SQQQ phase=HOLDING
2026-05-15 03:39:28 INFO  BUY_FILLED SQQQ phase=HOLDING
2026-05-15 03:39:39 INFO  BUY_FILLED SQQQ phase=HOLDING
2026-05-15 03:39:44 INFO  BUY_FILLED SQQQ phase=HOLDING
2026-05-15 03:39:49 INFO  BUY_FILLED SQQQ phase=HOLDING
2026-05-15 03:39:54 INFO  BUY_FILLED SQQQ phase=HOLDING
2026-05-15 03:40:04 INFO  BUY_FILLED SQQQ phase=HOLDING
2026-05-15 03:40:09 INFO  BUY_FILLED SQQQ phase=HOLDING
2026-05-15 03:40:14 INFO  BUY_FILLED SQQQ phase=HOLDING
2026-05-15 03:40:19 INFO  BUY_FILLED SQQQ phase=HOLDING
2026-05-15 03:40:24 INFO  BUY_FILLED SQQQ phase=HOLDING
2026-05-15 03:40:29 INFO  BUY_FILLED SQQQ phase=HOLDING
2026-05-15 03:40:35 INFO  BUY_FILLED SQQQ phase=HOLDING
2026-05-15 03:40:40 INFO  BUY_FILLED SQQQ phase=HOLDING
2026-05-15 03:40:45 INFO  BUY_FILLED SQQQ phase=HOLDING
2026-05-15 03:40:50 INFO  BUY_FILLED SQQQ phase=HOLDING
2026-05-15 03:40:55 INFO  BUY_FILLED SQQQ phase=HOLDING
2026-05-15 03:41:00 INFO  BUY_FILLED SQQQ phase=HOLDING
2026-05-15 03:41:05 INFO  BUY_FILLED SQQQ phase=HOLDING
2026-05-15 03:41:10 INFO  BUY_FILLED SQQQ phase=HOLDING
2026-05-15 03:41:15 INFO  BUY_FILLED SQQQ phase=HOLDING
2026-05-15 03:41:20 INFO  BUY_FILLED SQQQ phase=HOLDING
2026-05-15 03:41:25 INFO  BUY_FILLED SQQQ phase=HOLDING
2026-05-15 03:41:31 INFO  BUY_FILLED SQQQ phase=HOLDING
2026-05-15 03:41:36 INFO  BUY_FILLED SQQQ phase=HOLDING
2026-05-15 03:41:41 INFO  BUY_FILLED SQQQ phase=HOLDING
2026-05-15 03:41:46 INFO  BUY_FILLED SQQQ phase=HOLDING
2026-05-15 03:41:51 INFO  BUY_FILLED SQQQ phase=HOLDING
2026-05-15 03:41:56 INFO  BUY_FILLED SQQQ phase=HOLDING
2026-05-15 03:42:06 INFO  BUY_FILLED SQQQ phase=HOLDING
2026-05-15 03:42:11 INFO  BUY_FILLED SQQQ phase=HOLDING
2026-05-15 03:42:16 INFO  BUY_FILLED SQQQ phase=HOLDING
2026-05-15 03:42:21 INFO  BUY_FILLED SQQQ phase=HOLDING
2026-05-15 03:42:26 INFO  BUY_FILLED SQQQ phase=HOLDING
2026-05-15 03:42:31 INFO  BUY_FILLED SQQQ phase=HOLDING
2026-05-15 03:42:37 INFO  BUY_FILLED SQQQ phase=HOLDING
2026-05-15 03:42:42 INFO  BUY_FILLED SQQQ phase=HOLDING
2026-05-15 03:42:47 INFO  BUY_FILLED SQQQ phase=HOLDING
2026-05-15 03:42:52 INFO  BUY_FILLED SQQQ phase=HOLDING
2026-05-15 03:42:57 INFO  BUY_FILLED SQQQ phase=HOLDING
2026-05-15 03:43:02 INFO  BUY_FILLED SQQQ phase=HOLDING
2026-05-15 03:43:07 INFO  BUY_FILLED SQQQ phase=HOLDING
2026-05-15 03:43:12 INFO  BUY_FILLED SQQQ phase=HOLDING
2026-05-15 03:43:17 INFO  BUY_FILLED SQQQ phase=HOLDING
2026-05-15 03:43:22 INFO  BUY_FILLED SQQQ phase=HOLDING
2026-05-15 03:43:27 INFO  BUY_FILLED SQQQ phase=HOLDING
2026-05-15 03:43:32 INFO  BUY_FILLED SQQQ phase=HOLDING
2026-05-15 03:43:38 INFO  BUY_FILLED SQQQ phase=HOLDING
2026-05-15 03:43:43 INFO  BUY_FILLED SQQQ phase=HOLDING
2026-05-15 03:43:48 INFO  BUY_FILLED SQQQ phase=HOLDING
2026-05-15 03:43:53 INFO  BUY_FILLED SQQQ phase=HOLDING
2026-05-15 03:43:58 INFO  BUY_FILLED SQQQ phase=HOLDING
2026-05-15 03:44:03 INFO  BUY_FILLED SQQQ phase=HOLDING
2026-05-15 03:44:08 INFO  BUY_FILLED SQQQ phase=HOLDING
2026-05-15 03:44:13 INFO  BUY_FILLED SQQQ phase=HOLDING
2026-05-15 03:44:18 INFO  BUY_FILLED SQQQ phase=HOLDING
2026-05-15 03:44:23 INFO  BUY_FILLED SQQQ phase=HOLDING
2026-05-15 03:44:29 INFO  BUY_FILLED SQQQ phase=HOLDING
2026-05-15 03:44:34 INFO  BUY_FILLED SQQQ phase=HOLDING
2026-05-15 03:44:39 INFO  BUY_FILLED SQQQ phase=HOLDING
2026-05-15 03:44:44 INFO  BUY_FILLED SQQQ phase=HOLDING
2026-05-15 03:44:49 INFO  BUY_FILLED SQQQ phase=HOLDING
2026-05-15 03:44:54 INFO  BUY_FILLED SQQQ phase=HOLDING
2026-05-15 03:44:59 INFO  BUY_FILLED SQQQ phase=HOLDING
2026-05-15 03:45:04 INFO  BUY_FILLED SQQQ phase=HOLDING
2026-05-15 03:45:09 INFO  BUY_FILLED SQQQ phase=HOLDING
2026-05-15 03:45:14 INFO  BUY_FILLED SQQQ phase=HOLDING
2026-05-15 03:45:19 INFO  BUY_FILLED SQQQ phase=HOLDING
2026-05-15 03:45:24 INFO  BUY_FILLED SQQQ phase=HOLDING
2026-05-15 03:45:30 INFO  BUY_FILLED SQQQ phase=HOLDING
2026-05-15 03:45:35 INFO  BUY_FILLED SQQQ phase=HOLDING
2026-05-15 03:45:40 INFO  BUY_FILLED SQQQ phase=HOLDING
2026-05-15 03:45:45 INFO  BUY_FILLED SQQQ phase=HOLDING
2026-05-15 03:45:50 INFO  BUY_FILLED SQQQ phase=HOLDING
2026-05-15 03:45:55 INFO  BUY_FILLED SQQQ phase=HOLDING
2026-05-15 03:46:00 INFO  BUY_FILLED SQQQ phase=HOLDING
2026-05-15 03:46:05 INFO  BUY_FILLED SQQQ phase=HOLDING
2026-05-15 03:46:10 INFO  BUY_FILLED SQQQ phase=HOLDING
2026-05-15 03:46:15 INFO  BUY_FILLED SQQQ phase=HOLDING
2026-05-15 03:46:20 INFO  BUY_FILLED SQQQ phase=HOLDING
2026-05-15 03:46:25 INFO  BUY_FILLED SQQQ phase=HOLDING
2026-05-15 03:46:31 INFO  BUY_FILLED SQQQ phase=HOLDING
2026-05-15 03:46:36 INFO  BUY_FILLED SQQQ phase=HOLDING
2026-05-15 03:46:41 INFO  BUY_FILLED SQQQ phase=HOLDING
2026-05-15 03:46:46 INFO  BUY_FILLED SQQQ phase=HOLDING
2026-05-15 03:46:51 INFO  BUY_FILLED SQQQ phase=HOLDING
2026-05-15 03:46:56 INFO  BUY_FILLED SQQQ phase=HOLDING
2026-05-15 03:47:01 INFO  BUY_FILLED SQQQ phase=HOLDING
2026-05-15 03:47:06 INFO  BUY_FILLED SQQQ phase=HOLDING
2026-05-15 03:47:11 INFO  BUY_FILLED SQQQ phase=HOLDING
2026-05-15 03:47:16 INFO  BUY_FILLED SQQQ phase=HOLDING
2026-05-15 03:47:21 INFO  BUY_FILLED SQQQ phase=HOLDING
2026-05-15 03:47:26 INFO  BUY_FILLED SQQQ phase=HOLDING
2026-05-15 03:47:26 INFO  SELL_EXECUTED [US] SQQQ mode=VOLUME_BREAKOUT phase=EXITING exitType=TIMESTOP price=41.1300 qty=5 reason=TIME_STOP_HARD pnl=0.05% peakPnl=0.22% holdMs=604502 high=41.2000 avgPrice=41.1076 weightedPnl=0.04% dailyPnl=-0.01%
2026-05-15 03:47:30 WARN  SELL_REJECTED SQQQ reason=TIME_STOP_HARD rolledBack=partialDone:false phase=HOLDING
2026-05-15 03:47:32 INFO  BUY_FILLED SQQQ phase=HOLDING
2026-05-15 03:47:37 INFO  BUY_FILLED SQQQ phase=HOLDING
2026-05-15 03:47:37 INFO  SELL_EXECUTED [US] SQQQ mode=VOLUME_BREAKOUT phase=EXITING exitType=TIMESTOP price=41.1138 qty=5 reason=TIME_STOP_HARD pnl=0.02% peakPnl=0.22% holdMs=614749 high=41.2000 avgPrice=41.1076 weightedPnl=0.01% dailyPnl=-0.04%
2026-05-15 03:47:37 WARN  SELL_REJECTED SQQQ reason=TIME_STOP_HARD rolledBack=partialDone:false phase=HOLDING
2026-05-15 03:47:42 INFO  BUY_FILLED SQQQ phase=HOLDING
2026-05-15 03:47:42 INFO  SELL_EXECUTED [US] SQQQ mode=VOLUME_BREAKOUT phase=EXITING exitType=TIMESTOP price=41.1145 qty=5 reason=TIME_STOP_HARD pnl=0.02% peakPnl=0.22% holdMs=619965 high=41.2000 avgPrice=41.1076 weightedPnl=0.01% dailyPnl=-0.04%
2026-05-15 03:47:47 INFO  BUY_FILLED SQQQ phase=HOLDING
2026-05-15 03:47:52 INFO  BUY_FILLED SQQQ phase=HOLDING
2026-05-15 04:20:05 INFO  BUY [US] SMCX mode=VOLUME_BREAKOUT price=15.4700 qty=14 size=0.8000x score=95(CONV) | WHY: strongBreakout volBreakout retestOK multiUp vol(1.68x) | VWAP: 0.23%(ABOVE slope=UP) | TREND: score=3 vel=0.13%/0.13%/0.39% | VOL: 3542705.0000/2111252.6500 TO: 54770219.3000/32592053.0001 | entryNo=1
2026-05-15 04:20:05 WARN  BUY_REJECTED SMCX phase=NONE
2026-05-15 04:22:07 INFO  BUY [US] SMCX mode=BREAKOUT price=15.5200 qty=14 size=0.8000x score=85(CONV) | WHY: strongBreakout retestOK multiUp vol(1.55x) | VWAP: 0.63%(ABOVE slope=UP) | TREND: score=3 vel=0.39%/0.52%/0.52% | VOL: 3548954.0000/2290069.6000 TO: 55079766.0800/35371603.3516 | entryNo=2
2026-05-15 04:22:08 INFO  BUY_FILLED SMCX phase=HOLDING
2026-05-15 04:22:12 INFO  BUY_FILLED SMCX phase=HOLDING
2026-05-15 04:22:17 INFO  BUY_FILLED SMCX phase=HOLDING
2026-05-15 04:22:22 INFO  BUY_FILLED SMCX phase=HOLDING
2026-05-15 04:22:27 INFO  BUY_FILLED SMCX phase=HOLDING
2026-05-15 04:22:32 INFO  BUY_FILLED SMCX phase=HOLDING
2026-05-15 04:22:37 INFO  BUY_FILLED SMCX phase=HOLDING
2026-05-15 04:22:43 INFO  BUY_FILLED SMCX phase=HOLDING
2026-05-15 04:22:48 INFO  BUY_FILLED SMCX phase=HOLDING
2026-05-15 04:22:53 INFO  BUY_FILLED SMCX phase=HOLDING
2026-05-15 04:22:58 INFO  BUY_FILLED SMCX phase=HOLDING
2026-05-15 04:23:03 INFO  BUY_FILLED SMCX phase=HOLDING
2026-05-15 04:23:08 INFO  BUY_FILLED SMCX phase=HOLDING
2026-05-15 04:23:13 INFO  BUY_FILLED SMCX phase=HOLDING
2026-05-15 04:23:18 INFO  BUY_FILLED SMCX phase=HOLDING
2026-05-15 04:23:23 INFO  BUY_FILLED SMCX phase=HOLDING
2026-05-15 04:23:28 INFO  BUY_FILLED SMCX phase=HOLDING
2026-05-15 04:23:33 INFO  BUY_FILLED SMCX phase=HOLDING
2026-05-15 04:23:38 INFO  BUY_FILLED SMCX phase=HOLDING
2026-05-15 04:23:44 INFO  BUY_FILLED SMCX phase=HOLDING
2026-05-15 04:23:49 INFO  BUY_FILLED SMCX phase=HOLDING
2026-05-15 04:23:54 INFO  BUY_FILLED SMCX phase=HOLDING
2026-05-15 04:23:59 INFO  BUY_FILLED SMCX phase=HOLDING
2026-05-15 04:24:04 INFO  BUY_FILLED SMCX phase=HOLDING
2026-05-15 04:24:09 INFO  BUY [US] AAPU mode=BREAKOUT price=38.3600 qty=5 size=0.8000x score=85(CONV) | WHY: strongBreakout retestOK multiUp vol(1.55x) | VWAP: 0.50%(ABOVE slope=UP) | TREND: score=3 vel=0.09%/0.01%/0.05% | VOL: 736472.0000/476485.1000 TO: 28251065.9200/18259096.2739 | entryNo=2
2026-05-15 04:24:09 WARN  BUY_REJECTED AAPU phase=NONE
2026-05-15 04:24:09 INFO  BUY_FILLED SMCX phase=HOLDING
2026-05-15 04:24:19 INFO  BUY_FILLED SMCX phase=HOLDING
2026-05-15 04:24:24 INFO  BUY_FILLED SMCX phase=HOLDING
2026-05-15 04:24:29 INFO  BUY_FILLED SMCX phase=HOLDING
2026-05-15 04:24:34 INFO  BUY_FILLED SMCX phase=HOLDING
2026-05-15 04:24:40 INFO  BUY_FILLED SMCX phase=HOLDING
2026-05-15 04:24:45 INFO  BUY_FILLED SMCX phase=HOLDING
2026-05-15 04:24:50 INFO  BUY_FILLED SMCX phase=HOLDING
2026-05-15 04:24:55 INFO  BUY_FILLED SMCX phase=HOLDING
2026-05-15 04:25:00 INFO  BUY_FILLED SMCX phase=HOLDING
2026-05-15 04:25:05 INFO  BUY_FILLED SMCX phase=HOLDING
2026-05-15 04:25:10 INFO  BUY_FILLED SMCX phase=HOLDING
2026-05-15 04:25:15 INFO  BUY_FILLED SMCX phase=HOLDING
2026-05-15 04:25:20 INFO  BUY_FILLED SMCX phase=HOLDING
2026-05-15 04:25:25 INFO  BUY_FILLED SMCX phase=HOLDING
2026-05-15 04:25:30 INFO  BUY_FILLED SMCX phase=HOLDING
2026-05-15 04:25:35 INFO  BUY_FILLED SMCX phase=HOLDING
2026-05-15 04:25:41 INFO  BUY_FILLED SMCX phase=HOLDING
2026-05-15 04:25:46 INFO  BUY_FILLED SMCX phase=HOLDING
2026-05-15 04:25:51 INFO  BUY_FILLED SMCX phase=HOLDING
2026-05-15 04:25:56 INFO  BUY_FILLED SMCX phase=HOLDING
2026-05-15 04:26:01 INFO  BUY_FILLED SMCX phase=HOLDING
2026-05-15 04:26:06 INFO  BUY_FILLED SMCX phase=HOLDING
2026-05-15 04:26:11 INFO  BUY_FILLED SMCX phase=HOLDING
2026-05-15 04:26:16 INFO  BUY_FILLED SMCX phase=HOLDING
2026-05-15 04:26:21 INFO  BUY_FILLED SMCX phase=HOLDING
2026-05-15 04:26:26 INFO  BUY_FILLED SMCX phase=HOLDING
2026-05-15 04:26:31 INFO  BUY_FILLED SMCX phase=HOLDING
2026-05-15 04:26:36 INFO  BUY_FILLED SMCX phase=HOLDING
2026-05-15 04:26:42 INFO  BUY_FILLED SMCX phase=HOLDING
2026-05-15 04:26:47 INFO  BUY_FILLED SMCX phase=HOLDING
2026-05-15 04:26:52 INFO  BUY_FILLED SMCX phase=HOLDING
2026-05-15 04:26:57 INFO  BUY_FILLED SMCX phase=HOLDING
2026-05-15 04:27:02 INFO  BUY_FILLED SMCX phase=HOLDING
2026-05-15 04:27:07 INFO  BUY_FILLED SMCX phase=HOLDING
2026-05-15 04:27:12 INFO  BUY_FILLED SMCX phase=HOLDING
2026-05-15 04:27:12 INFO  SELL_EXECUTED [US] SMCX mode=BREAKOUT phase=EXITING exitType=TIMESTOP price=15.3950 qty=14 reason=TIME_STOP_SOFT pnl=-0.81% peakPnl=0.00% holdMs=304568 high=15.5200 avgPrice=15.5200 weightedPnl=-0.63% dailyPnl=-0.67%
2026-05-15 04:27:16 WARN  SELL_REJECTED SMCX reason=TIME_STOP_SOFT rolledBack=partialDone:false phase=HOLDING
2026-05-15 04:27:17 INFO  BUY_FILLED SMCX phase=HOLDING
2026-05-15 04:27:22 INFO  BUY_FILLED SMCX phase=HOLDING
2026-05-15 04:27:22 INFO  SELL_EXECUTED [US] SMCX mode=BREAKOUT phase=EXITING exitType=TIMESTOP price=15.3950 qty=14 reason=TIME_STOP_SOFT pnl=-0.81% peakPnl=0.00% holdMs=314673 high=15.5200 avgPrice=15.5200 weightedPnl=-0.63% dailyPnl=-0.67%
2026-05-15 04:27:23 WARN  SELL_REJECTED SMCX reason=TIME_STOP_SOFT rolledBack=partialDone:false phase=HOLDING
2026-05-15 04:27:28 INFO  BUY_FILLED SMCX phase=HOLDING
2026-05-15 04:27:28 INFO  SELL_EXECUTED [US] SMCX mode=BREAKOUT phase=EXITING exitType=TIMESTOP price=15.3950 qty=14 reason=TIME_STOP_SOFT pnl=-0.81% peakPnl=0.00% holdMs=319924 high=15.5200 avgPrice=15.5200 weightedPnl=-0.63% dailyPnl=-0.67%
2026-05-15 04:27:33 INFO  BUY_FILLED SMCX phase=HOLDING
2026-05-15 04:27:38 INFO  BUY_FILLED SMCX phase=HOLDING
2026-05-15 04:27:43 INFO  BUY_FILLED SMCX phase=HOLDING
2026-05-15 04:27:43 WARN  SELL pending timeout cleared for SMCX
2026-05-15 04:27:43 INFO  SELL_EXECUTED [US] SMCX mode=BREAKOUT phase=EXITING exitType=TIMESTOP price=15.3950 qty=14 reason=TIME_STOP_SOFT pnl=-0.81% peakPnl=0.00% holdMs=335014 high=15.5200 avgPrice=15.5200 weightedPnl=-0.63% dailyPnl=-0.67%
2026-05-15 04:27:48 INFO  BUY_FILLED SMCX phase=HOLDING
2026-05-15 04:27:53 INFO  BUY_FILLED SMCX phase=HOLDING
2026-05-15 04:27:58 INFO  BUY_FILLED SMCX phase=HOLDING
2026-05-15 04:27:58 WARN  SELL pending timeout cleared for SMCX
2026-05-15 04:27:58 INFO  SELL_EXECUTED [US] SMCX mode=BREAKOUT phase=EXITING exitType=TIMESTOP price=15.3950 qty=14 reason=TIME_STOP_SOFT pnl=-0.81% peakPnl=0.00% holdMs=350246 high=15.5200 avgPrice=15.5200 weightedPnl=-0.63% dailyPnl=-0.67%
2026-05-15 04:27:58 WARN  SELL_REJECTED SMCX reason=TIME_STOP_SOFT rolledBack=partialDone:false phase=HOLDING
2026-05-15 04:33:24 WARN  BUY_SKIP [US] SOXL reason=AMOUNT_TOO_SMALL amount=280.0000 size=1.0000x price=188.6500
2026-05-15 04:34:05 WARN  BUY_SKIP [US] SOXL reason=AMOUNT_TOO_SMALL amount=280.0000 size=0.8000x price=188.5000
2026-05-15 04:48:05 WARN  BUY_SKIP [US] SOXL reason=AMOUNT_TOO_SMALL amount=280.0000 size=1.0000x price=189.1500
2026-05-15 04:48:20 WARN  BUY_SKIP [US] SOXL reason=AMOUNT_TOO_SMALL amount=280.0000 size=1.0000x price=189.2800
2026-05-15 05:08:05 WARN  BUY_SKIP [US] META reason=AMOUNT_TOO_SMALL amount=280.0000 size=1.0000x price=617.8000
2026-05-15 05:08:20 WARN  BUY_SKIP [US] META reason=AMOUNT_TOO_SMALL amount=280.0000 size=1.0000x price=617.9500
2026-05-15 05:09:21 WARN  BUY_SKIP [US] META reason=AMOUNT_TOO_SMALL amount=280.0000 size=0.8000x price=617.7900
2026-05-15 06:13:05 WARN  BUY_SKIP [US] META reason=AMOUNT_TOO_SMALL amount=280.0000 size=1.0000x price=617.6000
2026-05-15 06:13:20 WARN  BUY_SKIP [US] META reason=AMOUNT_TOO_SMALL amount=280.0000 size=1.0000x price=617.5000
2026-05-15 06:27:09 WARN  BUY_SKIP [US] META reason=AMOUNT_TOO_SMALL amount=280.0000 size=1.0000x price=617.4000
2026-05-15 06:27:30 WARN  BUY_SKIP [US] META reason=AMOUNT_TOO_SMALL amount=280.0000 size=1.0000x price=617.0000
2026-05-15 06:42:09 WARN  BUY_SKIP [US] NVDL reason=AMOUNT_TOO_SMALL amount=280.0000 size=0.8000x price=129.1000
2026-05-15 06:42:25 WARN  BUY_SKIP [US] NVDL reason=AMOUNT_TOO_SMALL amount=280.0000 size=0.8000x price=129.1000
2026-05-15 07:08:22 INFO  BUY [US] TSLL mode=VOLUME_BREAKOUT price=16.6200 qty=13 size=0.8000x score=90(CONV) | WHY: strongBreakout volBreakout retestOK multiUp vol(2.00x) | VWAP: 0.02%(ABOVE slope=UP) | TREND: score=2 vel=0.05%/0.05%/-0.01% | VOL: 45563538.0000/22753572.7500 TO: 757662404.3406/378137557.3779 | entryNo=2
2026-05-15 07:11:24 WARN  BUY_SKIP [US] META reason=AMOUNT_TOO_SMALL amount=280.0000 size=1.0000x price=617.3600
2026-05-15 07:14:08 INFO  BUY [US] NVDL mode=VOLUME_BREAKOUT price=129.6500 qty=2 size=1.0000x score=82(CONV) | WHY: strongBreakout volBreakout retestOK multiUp vol(2.67x) | VWAP: 0.62%(ABOVE slope=UP) | TREND: score=2 vel=0.02%/0.09%/-0.04% | VOL: 14740456.0000/5523890.2500 TO: 1911106016.5824/715668991.7871 | entryNo=2
2026-05-15 07:16:09 WARN  BUY_SKIP [US] META reason=AMOUNT_TOO_SMALL amount=280.0000 size=1.0000x price=617.4500
2026-05-15 07:16:25 WARN  BUY_SKIP [US] META reason=AMOUNT_TOO_SMALL amount=280.0000 size=1.0000x price=617.4500
2026-05-15 07:33:07 WARN  BUY_SKIP [US] SOXL reason=AMOUNT_TOO_SMALL amount=280.0000 size=1.0000x price=187.1000
2026-05-15 07:41:09 WARN  BUY_SKIP [US] META reason=AMOUNT_TOO_SMALL amount=280.0000 size=0.8000x price=617.8800
2026-05-15 07:42:06 WARN  BUY_SKIP [US] SOXL reason=AMOUNT_TOO_SMALL amount=280.0000 size=0.8000x price=187.1000
2026-05-15 07:42:21 WARN  BUY_SKIP [US] SOXL reason=AMOUNT_TOO_SMALL amount=280.0000 size=0.8000x price=187.0900
2026-05-15 07:54:07 WARN  BUY_SKIP [US] META reason=AMOUNT_TOO_SMALL amount=280.0000 size=1.0000x price=617.8800
2026-05-15 07:55:23 WARN  BUY_SKIP [US] META reason=AMOUNT_TOO_SMALL amount=280.0000 size=1.0000x price=617.8000
2026-05-15 07:57:21 WARN  BUY_SKIP [US] SOXL reason=AMOUNT_TOO_SMALL amount=280.0000 size=0.8000x price=186.9900
2026-05-15 08:04:08 WARN  BUY_SKIP [US] SOXL reason=AMOUNT_TOO_SMALL amount=280.0000 size=0.8000x price=186.8500
2026-05-15 08:04:23 WARN  BUY_SKIP [US] SOXL reason=AMOUNT_TOO_SMALL amount=280.0000 size=0.8000x price=187.0000
2026-05-15 08:13:07 WARN  BUY_SKIP [US] SOXL reason=AMOUNT_TOO_SMALL amount=280.0000 size=1.0000x price=187.0000
2026-05-15 08:15:09 WARN  BUY_SKIP [US] SOXL reason=AMOUNT_TOO_SMALL amount=280.0000 size=1.0000x price=187.0200
2026-05-15 08:15:24 WARN  BUY_SKIP [US] SOXL reason=AMOUNT_TOO_SMALL amount=280.0000 size=1.0000x price=187.0200
2026-05-15 08:29:09 WARN  BUY_SKIP [US] SOXL reason=AMOUNT_TOO_SMALL amount=280.0000 size=1.0000x price=187.0400
2026-05-15 08:29:24 WARN  BUY_SKIP [US] SOXL reason=AMOUNT_TOO_SMALL amount=280.0000 size=1.0000x price=187.0600
2026-05-15 08:40:05 WARN  BUY_SKIP [US] SOXL reason=AMOUNT_TOO_SMALL amount=280.0000 size=0.8000x price=187.2500
2026-05-15 08:40:20 WARN  BUY_SKIP [US] SOXL reason=AMOUNT_TOO_SMALL amount=280.0000 size=0.8000x price=187.2500
2026-05-15 08:41:06 WARN  BUY_SKIP [US] SOXL reason=AMOUNT_TOO_SMALL amount=280.0000 size=0.8000x price=187.2500
2026-05-15 08:41:21 WARN  BUY_SKIP [US] SOXL reason=AMOUNT_TOO_SMALL amount=280.0000 size=0.8000x price=187.2000
2026-05-15 08:53:23 WARN  BUY_SKIP [US] META reason=AMOUNT_TOO_SMALL amount=280.0000 size=0.8000x price=617.7500
