2026-04-27 08:55:46 INFO  BUY amount set for 006340: 500000.00
2026-04-27 08:55:46 INFO  BUY amount set for 088280: 500000.00
2026-04-27 08:55:46 INFO  BUY amount set for 226590: 500000.00
2026-04-27 08:55:46 INFO  BUY amount set for 003280: 500000.00
2026-04-27 08:55:46 INFO  BUY amount set for 222080: 500000.00
2026-04-27 08:55:46 INFO  BUY amount set for 490470: 500000.00
2026-04-27 08:55:46 INFO  BUY amount set for 308080: 500000.00
2026-04-27 08:55:46 INFO  BUY amount set for 382800: 500000.00
2026-04-27 08:55:46 INFO  BUY amount set for 203650: 500000.00
2026-04-27 08:55:46 INFO  BUY amount set for 248070: 500000.00
2026-04-27 08:55:46 INFO  BUY amount set for 004140: 500000.00
2026-04-27 08:55:46 INFO  BUY amount set for 125210: 500000.00
2026-04-27 08:55:46 INFO  BUY amount set for 062970: 500000.00
2026-04-27 08:55:46 INFO  BUY amount set for 065440: 500000.00
2026-04-27 08:55:46 INFO  BUY amount set for 413390: 500000.00
2026-04-27 08:55:46 INFO  BUY amount set for 005870: 500000.00
2026-04-27 08:55:46 INFO  BUY amount set for 453450: 500000.00
2026-04-27 09:18:05 INFO  BUY [KRX] 088280 mode=EARLY_MOMENTUM price=6300.0000 qty=39 size=0.5000x score=75(CONV) | WHY: velShort=0.96% velMid=1.94% aboveVwap | VWAP: 2.72%(ABOVE slope=UP) | TREND: score=3 vel=0.96%/1.94%/2.28% | VOL: 63664.0000/44544.5000 TO: 400446560.0000/272759153.5000 | entryNo=1
2026-04-27 09:18:06 INFO  BUY_FILLED 088280 phase=HOLDING
2026-04-27 09:18:10 INFO  BUY_FILLED 088280 phase=HOLDING
2026-04-27 09:18:15 INFO  BUY_FILLED 088280 phase=HOLDING
2026-04-27 09:18:20 INFO  BUY_FILLED 088280 phase=HOLDING
2026-04-27 09:18:25 INFO  BUY_FILLED 088280 phase=HOLDING
2026-04-27 09:18:30 INFO  BUY_FILLED 088280 phase=HOLDING
2026-04-27 09:18:35 INFO  BUY_FILLED 088280 phase=HOLDING
2026-04-27 09:18:40 INFO  BUY_FILLED 088280 phase=HOLDING
2026-04-27 09:18:45 INFO  BUY_FILLED 088280 phase=HOLDING
2026-04-27 09:18:50 INFO  BUY_FILLED 088280 phase=HOLDING
2026-04-27 09:18:56 INFO  BUY_FILLED 088280 phase=HOLDING
2026-04-27 09:19:01 INFO  BUY_FILLED 088280 phase=HOLDING
2026-04-27 09:19:06 INFO  BUY_FILLED 088280 phase=HOLDING
2026-04-27 09:19:11 INFO  BUY_FILLED 088280 phase=HOLDING
2026-04-27 09:19:16 INFO  BUY_FILLED 088280 phase=HOLDING
2026-04-27 09:19:21 INFO  BUY_FILLED 088280 phase=HOLDING
2026-04-27 09:19:26 INFO  BUY_FILLED 088280 phase=HOLDING
2026-04-27 09:19:31 INFO  BUY_FILLED 088280 phase=HOLDING
2026-04-27 09:19:36 INFO  BUY_FILLED 088280 phase=HOLDING
2026-04-27 09:19:41 INFO  BUY_FILLED 088280 phase=HOLDING
2026-04-27 09:19:46 INFO  BUY_FILLED 088280 phase=HOLDING
2026-04-27 09:19:51 INFO  BUY_FILLED 088280 phase=HOLDING
2026-04-27 09:19:56 INFO  BUY_FILLED 088280 phase=HOLDING
2026-04-27 09:20:01 INFO  BUY_FILLED 088280 phase=HOLDING
2026-04-27 09:20:06 INFO  BUY_FILLED 088280 phase=HOLDING
2026-04-27 09:20:11 INFO  BUY_FILLED 088280 phase=HOLDING
2026-04-27 09:20:16 INFO  BUY_FILLED 088280 phase=HOLDING
2026-04-27 09:20:21 INFO  BUY_FILLED 088280 phase=HOLDING
2026-04-27 09:20:26 INFO  BUY_FILLED 088280 phase=HOLDING
2026-04-27 09:20:31 INFO  BUY_FILLED 088280 phase=HOLDING
2026-04-27 09:20:36 INFO  BUY_FILLED 088280 phase=HOLDING
2026-04-27 09:20:36 INFO  SELL [SCALP_TRAIL_EXIT] 088280 pnl=2.38% peakPnl=3.49% high=6520.0 current=6450.0
2026-04-27 09:20:36 INFO  SELL_EXECUTED [KRX] 088280 mode=EARLY_MOMENTUM phase=EXITING exitType=TRAIL price=6450.0000 qty=39 reason=SCALP_TRAIL_EXIT pnl=2.38% peakPnl=3.49% holdMs=150198 high=6520.0000 avgPrice=6300.0000 weightedPnl=1.17% dailyPnl=1.17%
2026-04-27 09:20:37 INFO  SELL_FILLED 088280 reason=SCALP_TRAIL_EXIT remainingQty=0 phase=NONE exitType=TRAIL partialDone=false
2026-04-27 09:23:07 INFO  BUY [KRX] 203650 mode=EARLY_MOMENTUM price=3075.0000 qty=81 size=0.5000x score=70(CONV) | WHY: velShort=1.49% velMid=1.49% aboveVwap | VWAP: 2.28%(ABOVE slope=UP) | TREND: score=3 vel=1.49%/1.49%/0.49% | VOL: 44155.0000/133681.1000 TO: 135555850.0000/402942504.0000 | entryNo=1
2026-04-27 09:23:27 INFO  BUY_FILLED 203650 phase=HOLDING
2026-04-27 09:23:32 INFO  BUY_FILLED 203650 phase=HOLDING
2026-04-27 09:23:37 INFO  BUY_FILLED 203650 phase=HOLDING
2026-04-27 09:23:42 INFO  BUY_FILLED 203650 phase=HOLDING
2026-04-27 09:23:47 INFO  BUY_FILLED 203650 phase=HOLDING
2026-04-27 09:23:52 INFO  BUY_FILLED 203650 phase=HOLDING
2026-04-27 09:23:57 INFO  BUY_FILLED 203650 phase=HOLDING
2026-04-27 09:24:02 INFO  BUY_FILLED 203650 phase=HOLDING
2026-04-27 09:24:07 INFO  BUY_FILLED 203650 phase=HOLDING
2026-04-27 09:24:12 INFO  BUY_FILLED 203650 phase=HOLDING
2026-04-27 09:24:18 INFO  BUY_FILLED 203650 phase=HOLDING
2026-04-27 09:24:23 INFO  BUY_FILLED 203650 phase=HOLDING
2026-04-27 09:24:28 INFO  BUY_FILLED 203650 phase=HOLDING
2026-04-27 09:24:28 INFO  SELL_EXECUTED [KRX] 203650 mode=EARLY_MOMENTUM phase=EXITING exitType=STOPLOSS price=3040.0000 qty=81 reason=STOP_LOSS pnl=-1.14% peakPnl=-0.16% holdMs=60349 high=3070.0000 avgPrice=3075.0000 weightedPnl=-0.57% dailyPnl=0.60%
2026-04-27 09:24:28 WARN  SELL_REJECTED 203650 reason=STOP_LOSS rolledBack=partialDone:false phase=HOLDING
2026-04-27 09:24:33 INFO  BUY_FILLED 203650 phase=HOLDING
2026-04-27 09:24:33 INFO  SELL_EXECUTED [KRX] 203650 mode=EARLY_MOMENTUM phase=EXITING exitType=STOPLOSS price=3040.0000 qty=81 reason=STOP_LOSS pnl=-1.14% peakPnl=-0.16% holdMs=65470 high=3070.0000 avgPrice=3075.0000 weightedPnl=-0.57% dailyPnl=0.60%
2026-04-27 09:24:38 INFO  BUY_FILLED 203650 phase=HOLDING
2026-04-27 09:24:43 INFO  BUY_FILLED 203650 phase=HOLDING
2026-04-27 09:24:48 INFO  BUY_FILLED 203650 phase=HOLDING
2026-04-27 09:24:48 WARN  SELL pending timeout cleared for 203650
2026-04-27 09:24:48 INFO  SELL_EXECUTED [KRX] 203650 mode=EARLY_MOMENTUM phase=EXITING exitType=STOPLOSS price=3020.0000 qty=81 reason=STOP_LOSS pnl=-1.79% peakPnl=-0.16% holdMs=80540 high=3070.0000 avgPrice=3075.0000 weightedPnl=-0.89% dailyPnl=-0.29%
2026-04-27 09:24:53 INFO  BUY_FILLED 203650 phase=HOLDING
2026-04-27 09:24:58 INFO  BUY_FILLED 203650 phase=HOLDING
2026-04-27 09:25:03 INFO  BUY_FILLED 203650 phase=HOLDING
2026-04-27 09:25:03 WARN  SELL pending timeout cleared for 203650
2026-04-27 09:25:03 INFO  SELL_EXECUTED [KRX] 203650 mode=EARLY_MOMENTUM phase=EXITING exitType=STOPLOSS price=3020.0000 qty=81 reason=STOP_LOSS pnl=-1.79% peakPnl=-0.16% holdMs=95596 high=3070.0000 avgPrice=3075.0000 weightedPnl=-0.89% dailyPnl=-1.18%
2026-04-27 09:25:03 INFO  SELL_FILLED 203650 reason=STOP_LOSS remainingQty=0 phase=NONE exitType=STOPLOSS partialDone=false
2026-04-27 09:26:08 INFO  BUY [KRX] 062970 mode=EARLY_MOMENTUM price=3010.0000 qty=83 size=0.5000x score=75(CONV) | WHY: velShort=0.84% velMid=0.50% aboveVwap | VWAP: 0.45%(ABOVE slope=UP) | TREND: score=2 vel=0.84%/0.50%/-1.48% | VOL: 41942.0000/65934.5500 TO: 126035710.0000/198602371.7500 | entryNo=1
2026-04-27 09:26:08 WARN  BUY_REJECTED 062970 phase=NONE
2026-04-27 09:26:23 INFO  BUY [KRX] 006340 mode=EARLY_MOMENTUM price=10500.0000 qty=23 size=0.5000x score=75(CONV) | WHY: velShort=2.64% velMid=2.04% aboveVwap | VWAP: 3.36%(ABOVE slope=UP) | TREND: score=3 vel=2.64%/2.04%/0.48% | VOL: 1177812.0000/854374.5500 TO: 12378804120.0000/8660285314.0000 | entryNo=1
2026-04-27 09:26:24 INFO  BUY_FILLED 006340 phase=HOLDING
2026-04-27 09:26:29 INFO  BUY_FILLED 006340 phase=HOLDING
2026-04-27 09:26:34 INFO  BUY_FILLED 006340 phase=HOLDING
2026-04-27 09:26:39 INFO  BUY_FILLED 006340 phase=HOLDING
2026-04-27 09:26:44 INFO  BUY_FILLED 006340 phase=HOLDING
2026-04-27 09:26:49 INFO  BUY_FILLED 006340 phase=HOLDING
2026-04-27 09:26:54 INFO  BUY_FILLED 006340 phase=HOLDING
2026-04-27 09:26:59 INFO  BUY_FILLED 006340 phase=HOLDING
2026-04-27 09:27:04 INFO  BUY_FILLED 006340 phase=HOLDING
2026-04-27 09:27:09 INFO  BUY_FILLED 006340 phase=HOLDING
2026-04-27 09:27:14 INFO  BUY_FILLED 006340 phase=HOLDING
2026-04-27 09:27:14 INFO  BUY [KRX] 453450 mode=EARLY_MOMENTUM price=24700.0000 qty=10 size=0.5000x score=75(CONV) | WHY: velShort=1.43% velMid=1.43% aboveVwap | VWAP: 2.18%(ABOVE slope=UP) | TREND: score=3 vel=1.43%/1.43%/1.43% | VOL: 4041.0000/3984.0500 TO: 100418850.0000/97335527.5000 | entryNo=1
2026-04-27 09:27:14 WARN  BUY_REJECTED 453450 phase=NONE
2026-04-27 09:27:19 INFO  BUY_FILLED 006340 phase=HOLDING
2026-04-27 09:27:24 INFO  BUY_FILLED 006340 phase=HOLDING
2026-04-27 09:27:29 INFO  BUY_FILLED 006340 phase=HOLDING
2026-04-27 09:27:34 INFO  BUY_FILLED 006340 phase=HOLDING
2026-04-27 09:27:39 INFO  BUY_FILLED 006340 phase=HOLDING
2026-04-27 09:27:44 INFO  BUY_FILLED 006340 phase=HOLDING
2026-04-27 09:27:49 INFO  BUY_FILLED 006340 phase=HOLDING
2026-04-27 09:27:49 INFO  SELL [SCALP_TRAIL_EXIT] 006340 pnl=-0.19% peakPnl=1.33% high=10640.0 current=10480.0
2026-04-27 09:27:49 INFO  SELL_EXECUTED [KRX] 006340 mode=EARLY_MOMENTUM phase=EXITING exitType=TRAIL price=10480.0000 qty=23 reason=SCALP_TRAIL_EXIT pnl=-0.19% peakPnl=1.33% holdMs=84746 high=10640.0000 avgPrice=10500.0000 weightedPnl=-0.09% dailyPnl=-1.27%
2026-04-27 09:27:49 INFO  SELL_FILLED 006340 reason=SCALP_TRAIL_EXIT remainingQty=0 phase=NONE exitType=TRAIL partialDone=false
2026-04-27 09:29:09 INFO  BUY [KRX] 490470 mode=EARLY_MOMENTUM price=39100.0000 qty=6 size=0.5000x score=75(CONV) | WHY: velShort=1.03% velMid=0.90% aboveVwap | VWAP: 0.82%(ABOVE slope=UP) | TREND: score=3 vel=1.03%/0.90%/1.42% | VOL: 19540.0000/10578.9500 TO: 765968000.0000/410709637.5000 | entryNo=1
2026-04-27 09:29:10 INFO  BUY_FILLED 490470 phase=HOLDING
2026-04-27 09:29:14 INFO  BUY_FILLED 490470 phase=HOLDING
2026-04-27 09:29:20 INFO  BUY_FILLED 490470 phase=HOLDING
2026-04-27 09:29:20 INFO  BUY [KRX] 065440 mode=EARLY_MOMENTUM price=3895.0000 qty=64 size=0.5000x score=75(CONV) | WHY: velShort=1.57% velMid=0.78% aboveVwap | VWAP: 2.17%(ABOVE slope=UP) | TREND: score=3 vel=1.57%/0.78%/1.83% | VOL: 93237.0000/34403.1000 TO: 362691930.0000/131825059.5000 | entryNo=1
2026-04-27 09:29:20 WARN  BUY_REJECTED 065440 phase=NONE
2026-04-27 09:29:25 INFO  BUY_FILLED 490470 phase=HOLDING
2026-04-27 09:29:30 INFO  BUY_FILLED 490470 phase=HOLDING
2026-04-27 09:29:35 INFO  BUY_FILLED 490470 phase=HOLDING
2026-04-27 09:29:40 INFO  BUY_FILLED 490470 phase=HOLDING
2026-04-27 09:29:45 INFO  BUY_FILLED 490470 phase=HOLDING
2026-04-27 09:29:50 INFO  BUY_FILLED 490470 phase=HOLDING
2026-04-27 09:29:55 INFO  BUY_FILLED 490470 phase=HOLDING
2026-04-27 09:30:00 INFO  BUY_FILLED 490470 phase=HOLDING
2026-04-27 09:30:05 INFO  BUY [KRX] 222080 mode=EARLY_MOMENTUM price=16950.0000 qty=14 size=0.5000x score=65 | WHY: velShort=1.07% velMid=1.07% aboveVwap | VWAP: 0.52%(ABOVE slope=UP) | TREND: score=2 vel=1.07%/1.07%/-0.12% | VOL: 35374.0000/84962.9500 TO: 598881820.0000/1424514001.0000 | entryNo=1
2026-04-27 09:30:05 INFO  BUY_FILLED 490470 phase=HOLDING
2026-04-27 09:30:06 INFO  BUY_FILLED 222080 phase=HOLDING
2026-04-27 09:30:10 INFO  BUY_FILLED 490470 phase=HOLDING
2026-04-27 09:30:15 INFO  BUY_FILLED 222080 phase=HOLDING
2026-04-27 09:30:15 INFO  BUY_FILLED 490470 phase=HOLDING
2026-04-27 09:30:20 INFO  BUY_FILLED 222080 phase=HOLDING
2026-04-27 09:30:20 INFO  BUY_FILLED 490470 phase=HOLDING
2026-04-27 09:30:25 INFO  BUY_FILLED 222080 phase=HOLDING
2026-04-27 09:30:25 INFO  BUY_FILLED 490470 phase=HOLDING
2026-04-27 09:30:30 INFO  BUY_FILLED 490470 phase=HOLDING
2026-04-27 09:30:30 INFO  BUY_FILLED 222080 phase=HOLDING
2026-04-27 09:30:35 INFO  BUY_FILLED 490470 phase=HOLDING
2026-04-27 09:30:35 INFO  BUY_FILLED 222080 phase=HOLDING
2026-04-27 09:30:40 INFO  BUY_FILLED 490470 phase=HOLDING
2026-04-27 09:30:40 INFO  BUY_FILLED 222080 phase=HOLDING
2026-04-27 09:30:45 INFO  BUY_FILLED 222080 phase=HOLDING
2026-04-27 09:30:45 INFO  BUY_FILLED 490470 phase=HOLDING
2026-04-27 09:30:50 INFO  BUY_FILLED 222080 phase=HOLDING
2026-04-27 09:30:50 INFO  BUY_FILLED 490470 phase=HOLDING
2026-04-27 09:30:55 INFO  BUY_FILLED 222080 phase=HOLDING
2026-04-27 09:31:00 INFO  BUY_FILLED 222080 phase=HOLDING
2026-04-27 09:31:00 INFO  BUY_FILLED 490470 phase=HOLDING
2026-04-27 09:31:05 INFO  BUY_FILLED 222080 phase=HOLDING
2026-04-27 09:31:05 INFO  BUY_FILLED 490470 phase=HOLDING
2026-04-27 09:31:10 INFO  BUY_FILLED 222080 phase=HOLDING
2026-04-27 09:31:10 INFO  BUY_FILLED 490470 phase=HOLDING
2026-04-27 09:31:15 INFO  BUY_FILLED 222080 phase=HOLDING
2026-04-27 09:31:15 INFO  SELL_EXECUTED [KRX] 222080 mode=EARLY_MOMENTUM phase=EXITING exitType=STOPLOSS price=16760.0000 qty=14 reason=STOP_LOSS pnl=-1.00% peakPnl=-0.12% holdMs=69726 high=16910.0000 avgPrice=16930.0000 weightedPnl=-0.48% dailyPnl=-1.75%
2026-04-27 09:31:15 INFO  BUY_FILLED 490470 phase=HOLDING
2026-04-27 09:31:16 INFO  SELL_FILLED 222080 reason=STOP_LOSS remainingQty=0 phase=NONE exitType=STOPLOSS partialDone=false
2026-04-27 09:31:20 INFO  BUY_FILLED 490470 phase=HOLDING
2026-04-27 09:31:25 INFO  BUY_FILLED 490470 phase=HOLDING
2026-04-27 09:31:30 INFO  BUY_FILLED 490470 phase=HOLDING
2026-04-27 09:31:35 INFO  BUY_FILLED 490470 phase=HOLDING
2026-04-27 09:31:40 INFO  BUY_FILLED 490470 phase=HOLDING
2026-04-27 09:31:45 INFO  BUY_FILLED 490470 phase=HOLDING
2026-04-27 09:31:50 INFO  BUY_FILLED 490470 phase=HOLDING
2026-04-27 09:31:55 INFO  BUY_FILLED 490470 phase=HOLDING
2026-04-27 09:32:01 INFO  BUY_FILLED 490470 phase=HOLDING
2026-04-27 09:32:06 INFO  BUY_FILLED 490470 phase=HOLDING
2026-04-27 09:32:11 INFO  BUY_FILLED 490470 phase=HOLDING
2026-04-27 09:32:16 INFO  BUY_FILLED 490470 phase=HOLDING
2026-04-27 09:32:26 INFO  BUY_FILLED 490470 phase=HOLDING
2026-04-27 09:32:31 INFO  BUY_FILLED 490470 phase=HOLDING
2026-04-27 09:32:36 INFO  BUY_FILLED 490470 phase=HOLDING
2026-04-27 09:32:41 INFO  BUY_FILLED 490470 phase=HOLDING
2026-04-27 09:32:51 INFO  BUY_FILLED 490470 phase=HOLDING
2026-04-27 09:32:56 INFO  BUY_FILLED 490470 phase=HOLDING
2026-04-27 09:33:01 INFO  BUY_FILLED 490470 phase=HOLDING
2026-04-27 09:33:06 INFO  BUY_FILLED 490470 phase=HOLDING
2026-04-27 09:33:06 INFO  SELL [BREAKEVEN_GUARD] 490470 pnl=-0.13% peakPnl=0.90% holdMs=235766
2026-04-27 09:33:06 INFO  SELL_EXECUTED [KRX] 490470 mode=EARLY_MOMENTUM phase=EXITING exitType=TRAIL price=39050.0000 qty=6 reason=BREAKEVEN_GUARD pnl=-0.13% peakPnl=0.90% holdMs=235766 high=39450.0000 avgPrice=39100.0000 weightedPnl=-0.06% dailyPnl=-1.81%
2026-04-27 09:33:06 INFO  BUY [KRX] 308080 mode=EARLY_MOMENTUM price=11550.0000 qty=21 size=0.5000x score=70(CONV) | WHY: velShort=1.41% velMid=1.32% aboveVwap | VWAP: 0.67%(ABOVE slope=UP) | TREND: score=3 vel=1.41%/1.32%/0.35% | VOL: 15307.0000/15857.6500 TO: 175877430.0000/179589873.0000 | entryNo=1
2026-04-27 09:33:06 WARN  BUY_REJECTED 308080 phase=NONE
2026-04-27 09:33:06 INFO  SELL_FILLED 490470 reason=BREAKEVEN_GUARD remainingQty=0 phase=NONE exitType=TRAIL partialDone=false
2026-04-27 09:34:06 INFO  BUY [KRX] 006340 mode=EARLY_MOMENTUM price=10450.0000 qty=23 size=0.5000x score=70(CONV) | WHY: velShort=1.26% velMid=1.56% aboveVwap | VWAP: 2.16%(ABOVE slope=UP) | TREND: score=2 vel=1.26%/1.56%/-0.76% | VOL: 379573.0000/812428.2500 TO: 3958946390.0000/8408130544.0000 | entryNo=2
2026-04-27 09:35:07 INFO  BUY_FILLED 006340 phase=HOLDING
2026-04-27 09:35:12 INFO  BUY_FILLED 006340 phase=HOLDING
2026-04-27 09:35:17 INFO  BUY_FILLED 006340 phase=HOLDING
2026-04-27 09:35:22 INFO  BUY_FILLED 006340 phase=HOLDING
2026-04-27 09:35:27 INFO  BUY_FILLED 006340 phase=HOLDING
2026-04-27 09:35:32 INFO  BUY_FILLED 006340 phase=HOLDING
2026-04-27 09:35:37 INFO  BUY_FILLED 006340 phase=HOLDING
2026-04-27 09:35:42 INFO  BUY_FILLED 006340 phase=HOLDING
2026-04-27 09:35:47 INFO  BUY_FILLED 006340 phase=HOLDING
2026-04-27 09:35:52 INFO  BUY_FILLED 006340 phase=HOLDING
2026-04-27 09:35:57 INFO  BUY_FILLED 006340 phase=HOLDING
2026-04-27 09:36:02 INFO  BUY_FILLED 006340 phase=HOLDING
2026-04-27 09:36:07 INFO  BUY [KRX] 453450 mode=EARLY_MOMENTUM price=24900.0000 qty=10 size=0.5000x score=65 | WHY: velShort=0.61% velMid=0.20% aboveVwap | VWAP: 1.55%(ABOVE slope=UP) | TREND: score=2 vel=0.61%/0.20%/0.00% | VOL: 2157.0000/4517.0000 TO: 53493600.0000/111609987.5000 | entryNo=2
2026-04-27 09:36:07 INFO  BUY_FILLED 006340 phase=HOLDING
2026-04-27 09:36:07 WARN  BUY_REJECTED 453450 phase=NONE
2026-04-27 09:36:12 INFO  BUY_FILLED 006340 phase=HOLDING
2026-04-27 09:36:17 INFO  BUY_FILLED 006340 phase=HOLDING
2026-04-27 09:36:17 INFO  SELL_EXECUTED [KRX] 006340 mode=EARLY_MOMENTUM phase=EXITING exitType=STOPLOSS price=10320.0000 qty=45 reason=STOP_LOSS pnl=-1.24% peakPnl=0.29% holdMs=70439 high=10480.0000 avgPrice=10450.0000 weightedPnl=-1.17% dailyPnl=-2.98%
2026-04-27 09:36:18 INFO  SELL_FILLED 006340 reason=STOP_LOSS remainingQty=0 phase=NONE exitType=STOPLOSS partialDone=false
2026-04-27 09:38:23 INFO  SELL_EXECUTED [KRX] 006340 mode=NONE phase=EXITING exitType=STOPLOSS price=10130.0000 qty=45 reason=STOP_LOSS pnl=-1.07% peakPnl=0.49% holdMs=60357 high=10290.0000 avgPrice=10240.0000 weightedPnl=-0.99% dailyPnl=-3.97%
2026-04-27 09:38:24 INFO  SELL_FILLED 006340 reason=STOP_LOSS remainingQty=0 phase=NONE exitType=STOPLOSS partialDone=false
2026-04-27 09:41:24 INFO  BUY [KRX] 062970 mode=EARLY_MOMENTUM price=3055.0000 qty=81 size=0.5000x score=75(CONV) | WHY: velShort=1.84% velMid=1.50% aboveVwap | VWAP: 1.50%(ABOVE slope=UP) | TREND: score=3 vel=1.84%/1.50%/1.16% | VOL: 54812.0000/47174.2500 TO: 166902540.0000/142148091.7500 | entryNo=2
2026-04-27 09:41:24 WARN  BUY_REJECTED 062970 phase=NONE
2026-04-27 09:44:05 INFO  SELL_EXECUTED [KRX] 006340 mode=NONE phase=EXITING exitType=TIMESTOP price=10120.0000 qty=44 reason=TIME_STOP_SOFT pnl=-0.69% peakPnl=0.79% holdMs=301720 high=10270.0000 avgPrice=10190.0000 weightedPnl=-0.62% dailyPnl=-4.58%
2026-04-27 09:44:05 INFO  SELL_FILLED 006340 reason=TIME_STOP_SOFT remainingQty=0 phase=NONE exitType=TIMESTOP partialDone=false
2026-04-27 09:45:05 INFO  BUY [KRX] 226590 mode=VOLUME_BREAKOUT price=28200.0000 qty=14 size=0.8000x score=105(CONV) | WHY: strongBreakout volBreakout retestOK multiUp vol(1.91x) | VWAP: 1.07%(ABOVE slope=UP) | TREND: score=3 vel=0.89%/0.89%/0.53% | VOL: 2077.0000/1089.6000 TO: 58675250.0000/30556350.0000 | entryNo=1
2026-04-27 09:45:05 INFO  BUY [KRX] 003280 mode=VOLUME_BREAKOUT price=3135.0000 qty=159 size=1.0000x score=105(CONV) | WHY: strongBreakout volBreakout retestOK multiUp vol(2.94x) | VWAP: 0.01%(ABOVE slope=UP) | TREND: score=3 vel=0.80%/0.48%/0.32% | VOL: 115166.0000/39197.5000 TO: 361045410.0000/122394436.7500 | entryNo=1
2026-04-27 09:45:05 WARN  BUY_REJECTED 003280 phase=NONE
2026-04-27 09:45:26 INFO  BUY_FILLED 226590 phase=HOLDING
2026-04-27 09:45:31 INFO  BUY_FILLED 226590 phase=HOLDING
2026-04-27 09:45:36 INFO  BUY_FILLED 226590 phase=HOLDING
2026-04-27 09:45:41 INFO  BUY_FILLED 226590 phase=HOLDING
2026-04-27 09:45:46 INFO  BUY_FILLED 226590 phase=HOLDING
2026-04-27 09:45:51 INFO  BUY_FILLED 226590 phase=HOLDING
2026-04-27 09:45:56 INFO  BUY_FILLED 226590 phase=HOLDING
2026-04-27 09:46:01 INFO  BUY_FILLED 226590 phase=HOLDING
2026-04-27 09:46:06 INFO  BUY_FILLED 226590 phase=HOLDING
2026-04-27 09:46:11 INFO  BUY_FILLED 226590 phase=HOLDING
2026-04-27 09:46:16 INFO  BUY_FILLED 226590 phase=HOLDING
2026-04-27 09:46:21 INFO  BUY_FILLED 226590 phase=HOLDING
2026-04-27 09:46:26 INFO  BUY_FILLED 226590 phase=HOLDING
2026-04-27 09:46:31 INFO  BUY_FILLED 226590 phase=HOLDING
2026-04-27 09:46:36 INFO  BUY_FILLED 226590 phase=HOLDING
2026-04-27 09:46:41 INFO  BUY_FILLED 226590 phase=HOLDING
2026-04-27 09:46:46 INFO  BUY_FILLED 226590 phase=HOLDING
2026-04-27 09:46:51 INFO  BUY_FILLED 226590 phase=HOLDING
2026-04-27 09:46:56 INFO  BUY_FILLED 226590 phase=HOLDING
2026-04-27 09:47:01 INFO  BUY_FILLED 226590 phase=HOLDING
2026-04-27 09:47:06 INFO  BUY_FILLED 226590 phase=HOLDING
2026-04-27 09:47:11 INFO  BUY_FILLED 226590 phase=HOLDING
2026-04-27 09:47:16 INFO  BUY_FILLED 226590 phase=HOLDING
2026-04-27 09:47:21 INFO  BUY_FILLED 226590 phase=HOLDING
2026-04-27 09:47:26 INFO  BUY_FILLED 226590 phase=HOLDING
2026-04-27 09:47:31 INFO  BUY_FILLED 226590 phase=HOLDING
2026-04-27 09:47:36 INFO  BUY_FILLED 226590 phase=HOLDING
2026-04-27 09:47:41 INFO  BUY_FILLED 226590 phase=HOLDING
2026-04-27 09:47:46 INFO  BUY_FILLED 226590 phase=HOLDING
2026-04-27 09:47:51 INFO  BUY_FILLED 226590 phase=HOLDING
2026-04-27 09:47:56 INFO  BUY_FILLED 226590 phase=HOLDING
2026-04-27 09:48:01 INFO  BUY_FILLED 226590 phase=HOLDING
2026-04-27 09:48:06 INFO  BUY_FILLED 226590 phase=HOLDING
2026-04-27 09:48:12 INFO  BUY_FILLED 226590 phase=HOLDING
2026-04-27 09:48:17 INFO  BUY_FILLED 226590 phase=HOLDING
2026-04-27 09:48:22 INFO  BUY_FILLED 226590 phase=HOLDING
2026-04-27 09:48:27 INFO  BUY_FILLED 226590 phase=HOLDING
2026-04-27 09:48:32 INFO  BUY_FILLED 226590 phase=HOLDING
2026-04-27 09:48:37 INFO  BUY_FILLED 226590 phase=HOLDING
2026-04-27 09:48:42 INFO  BUY_FILLED 226590 phase=HOLDING
2026-04-27 09:48:47 INFO  BUY_FILLED 226590 phase=HOLDING
2026-04-27 09:48:52 INFO  BUY_FILLED 226590 phase=HOLDING
2026-04-27 09:48:57 INFO  BUY_FILLED 226590 phase=HOLDING
2026-04-27 09:49:02 INFO  BUY_FILLED 226590 phase=HOLDING
2026-04-27 09:49:07 INFO  BUY_FILLED 226590 phase=HOLDING
2026-04-27 09:49:12 INFO  BUY_FILLED 226590 phase=HOLDING
2026-04-27 09:49:17 INFO  BUY_FILLED 226590 phase=HOLDING
2026-04-27 09:49:22 INFO  BUY_FILLED 226590 phase=HOLDING
2026-04-27 09:49:27 INFO  BUY_FILLED 226590 phase=HOLDING
2026-04-27 09:49:32 INFO  BUY_FILLED 226590 phase=HOLDING
2026-04-27 09:49:37 INFO  BUY_FILLED 226590 phase=HOLDING
2026-04-27 09:49:42 INFO  BUY_FILLED 226590 phase=HOLDING
2026-04-27 09:49:47 INFO  BUY_FILLED 226590 phase=HOLDING
2026-04-27 09:49:52 INFO  BUY_FILLED 226590 phase=HOLDING
2026-04-27 09:49:57 INFO  BUY_FILLED 226590 phase=HOLDING
2026-04-27 09:50:02 INFO  BUY_FILLED 226590 phase=HOLDING
2026-04-27 09:50:07 INFO  BUY_FILLED 226590 phase=HOLDING
2026-04-27 09:50:12 INFO  BUY_FILLED 226590 phase=HOLDING
2026-04-27 09:50:17 INFO  BUY_FILLED 226590 phase=HOLDING
2026-04-27 09:50:22 INFO  BUY_FILLED 226590 phase=HOLDING
2026-04-27 09:50:27 INFO  BUY_FILLED 226590 phase=HOLDING
2026-04-27 09:50:32 INFO  BUY_FILLED 226590 phase=HOLDING
2026-04-27 09:50:37 INFO  BUY_FILLED 226590 phase=HOLDING
2026-04-27 09:50:42 INFO  BUY_FILLED 226590 phase=HOLDING
2026-04-27 09:50:48 INFO  BUY_FILLED 226590 phase=HOLDING
2026-04-27 09:50:53 INFO  BUY_FILLED 226590 phase=HOLDING
2026-04-27 09:50:58 INFO  BUY_FILLED 226590 phase=HOLDING
2026-04-27 09:51:03 INFO  BUY_FILLED 226590 phase=HOLDING
2026-04-27 09:51:08 INFO  BUY_FILLED 226590 phase=HOLDING
2026-04-27 09:51:13 INFO  BUY_FILLED 226590 phase=HOLDING
2026-04-27 09:51:18 INFO  BUY_FILLED 226590 phase=HOLDING
2026-04-27 09:51:23 INFO  BUY_FILLED 226590 phase=HOLDING
2026-04-27 09:51:28 INFO  BUY_FILLED 226590 phase=HOLDING
2026-04-27 09:51:33 INFO  BUY_FILLED 226590 phase=HOLDING
2026-04-27 09:51:38 INFO  BUY_FILLED 226590 phase=HOLDING
2026-04-27 09:51:43 INFO  BUY_FILLED 226590 phase=HOLDING
2026-04-27 09:51:48 INFO  BUY_FILLED 226590 phase=HOLDING
2026-04-27 09:51:53 INFO  BUY_FILLED 226590 phase=HOLDING
2026-04-27 09:51:58 INFO  BUY_FILLED 226590 phase=HOLDING
2026-04-27 09:52:03 INFO  BUY_FILLED 226590 phase=HOLDING
2026-04-27 09:52:08 INFO  BUY_FILLED 226590 phase=HOLDING
2026-04-27 09:52:13 INFO  BUY_FILLED 226590 phase=HOLDING
2026-04-27 09:52:18 INFO  BUY_FILLED 226590 phase=HOLDING
2026-04-27 09:52:23 INFO  BUY_FILLED 226590 phase=HOLDING
2026-04-27 09:52:23 INFO  SELL [SCALP_TRAIL_EXIT] 226590 pnl=2.13% peakPnl=2.84% high=29000.0 current=28800.0
2026-04-27 09:52:23 INFO  SELL_EXECUTED [KRX] 226590 mode=VOLUME_BREAKOUT phase=EXITING exitType=TRAIL price=28800.0000 qty=14 reason=SCALP_TRAIL_EXIT pnl=2.13% peakPnl=2.84% holdMs=417505 high=29000.0000 avgPrice=28200.0000 weightedPnl=1.68% dailyPnl=-2.90%
2026-04-27 09:52:24 INFO  SELL_FILLED 226590 reason=SCALP_TRAIL_EXIT remainingQty=0 phase=NONE exitType=TRAIL partialDone=false
2026-04-27 09:54:57 INFO  BUY amount set for 010170: 480000.00
2026-04-27 09:54:57 INFO  BUY amount set for 006340: 480000.00
2026-04-27 09:54:57 INFO  BUY amount set for 098460: 480000.00
2026-04-27 09:54:57 INFO  BUY amount set for 452190: 480000.00
2026-04-27 09:54:57 INFO  BUY amount set for 088280: 480000.00
2026-04-27 09:54:57 INFO  BUY amount set for 017510: 480000.00
2026-04-27 09:54:57 INFO  BUY amount set for 215790: 480000.00
2026-04-27 09:54:57 INFO  BUY amount set for 406820: 480000.00
2026-04-27 09:54:57 INFO  BUY amount set for 006345: 480000.00
2026-04-27 09:54:57 INFO  BUY amount set for 290520: 480000.00
2026-04-27 09:54:57 INFO  BUY amount set for 034810: 480000.00
2026-04-27 10:02:05 INFO  BUY [KRX] 215790 mode=EARLY_MOMENTUM price=1980.0000 qty=121 size=0.5000x score=70(CONV) | WHY: velShort=0.61% velMid=0.25% aboveVwap | VWAP: 0.30%(ABOVE slope=UP) | TREND: score=2 vel=0.61%/0.25%/-0.40% | VOL: 40882.0000/38973.6250 TO: 80946360.0000/76939484.5000 | entryNo=1
2026-04-27 10:02:20 INFO  BUY [KRX] 006340 mode=EARLY_MOMENTUM price=10100.0000 qty=23 size=0.5000x score=75(CONV) | WHY: velShort=0.70% velMid=1.60% aboveVwap | VWAP: 0.54%(ABOVE slope=UP) | TREND: score=3 vel=0.70%/1.60%/1.00% | VOL: 278718.0000/149535.8750 TO: 2826200520.0000/1508122852.5000 | entryNo=1
2026-04-27 10:02:20 WARN  BUY_REJECTED 006340 phase=NONE
2026-04-27 10:03:36 INFO  BUY_FILLED 215790 phase=HOLDING
2026-04-27 10:03:41 INFO  BUY_FILLED 215790 phase=HOLDING
2026-04-27 10:03:46 INFO  BUY_FILLED 215790 phase=HOLDING
2026-04-27 10:03:51 INFO  BUY_FILLED 215790 phase=HOLDING
2026-04-27 10:03:56 INFO  BUY_FILLED 215790 phase=HOLDING
2026-04-27 10:04:06 INFO  BUY_FILLED 215790 phase=HOLDING
2026-04-27 10:04:11 INFO  BUY_FILLED 215790 phase=HOLDING
2026-04-27 10:04:16 INFO  BUY_FILLED 215790 phase=HOLDING
2026-04-27 10:04:21 INFO  BUY_FILLED 215790 phase=HOLDING
2026-04-27 10:04:26 INFO  BUY_FILLED 215790 phase=HOLDING
2026-04-27 10:04:31 INFO  BUY_FILLED 215790 phase=HOLDING
2026-04-27 10:04:36 INFO  BUY_FILLED 215790 phase=HOLDING
2026-04-27 10:04:41 INFO  BUY_FILLED 215790 phase=HOLDING
2026-04-27 10:04:46 INFO  BUY_FILLED 215790 phase=HOLDING
2026-04-27 10:04:51 INFO  BUY_FILLED 215790 phase=HOLDING
2026-04-27 10:04:56 INFO  BUY_FILLED 215790 phase=HOLDING
2026-04-27 10:05:01 INFO  BUY_FILLED 215790 phase=HOLDING
2026-04-27 10:05:06 INFO  BUY_FILLED 215790 phase=HOLDING
2026-04-27 10:05:06 INFO  BUY [KRX] 006340 mode=VOLUME_BREAKOUT price=10300.0000 qty=46 size=1.0000x score=105(CONV) | WHY: strongBreakout volBreakout retestOK multiUp vol(2.58x) | VWAP: 1.46%(ABOVE slope=UP) | TREND: score=3 vel=1.38%/1.48%/2.18% | VOL: 439683.0000/170705.7273 TO: 4524338070.0000/1731348609.0909 | entryNo=2
2026-04-27 10:05:06 WARN  BUY_REJECTED 006340 phase=NONE
2026-04-27 10:05:11 INFO  BUY_FILLED 215790 phase=HOLDING
2026-04-27 10:05:16 INFO  BUY_FILLED 215790 phase=HOLDING
2026-04-27 10:05:21 INFO  BUY_FILLED 215790 phase=HOLDING
2026-04-27 10:05:26 INFO  BUY_FILLED 215790 phase=HOLDING
2026-04-27 10:05:31 INFO  BUY_FILLED 215790 phase=HOLDING
2026-04-27 10:05:36 INFO  BUY_FILLED 215790 phase=HOLDING
2026-04-27 10:05:42 INFO  BUY_FILLED 215790 phase=HOLDING
2026-04-27 10:05:47 INFO  BUY_FILLED 215790 phase=HOLDING
2026-04-27 10:05:52 INFO  BUY_FILLED 215790 phase=HOLDING
2026-04-27 10:05:57 INFO  BUY_FILLED 215790 phase=HOLDING
2026-04-27 10:06:02 INFO  BUY_FILLED 215790 phase=HOLDING
2026-04-27 10:06:07 INFO  BUY_FILLED 215790 phase=HOLDING
2026-04-27 10:06:12 INFO  BUY_FILLED 215790 phase=HOLDING
2026-04-27 10:06:17 INFO  BUY_FILLED 215790 phase=HOLDING
2026-04-27 10:06:22 INFO  BUY_FILLED 215790 phase=HOLDING
2026-04-27 10:06:22 INFO  BUY [KRX] 006345 mode=EARLY_MOMENTUM price=6860.0000 qty=34 size=0.5000x score=75(CONV) | WHY: velShort=0.88% velMid=1.48% aboveVwap | VWAP: 1.24%(ABOVE slope=UP) | TREND: score=3 vel=0.88%/1.48%/1.33% | VOL: 17822.0000/10353.1667 TO: 122258920.0000/70150760.0000 | entryNo=1
2026-04-27 10:06:22 WARN  BUY_REJECTED 006345 phase=NONE
2026-04-27 10:06:27 INFO  BUY_FILLED 215790 phase=HOLDING
2026-04-27 10:06:32 INFO  BUY_FILLED 215790 phase=HOLDING
2026-04-27 10:06:37 INFO  BUY_FILLED 215790 phase=HOLDING
2026-04-27 10:06:42 INFO  BUY_FILLED 215790 phase=HOLDING
2026-04-27 10:06:47 INFO  BUY_FILLED 215790 phase=HOLDING
2026-04-27 10:06:52 INFO  BUY_FILLED 215790 phase=HOLDING
2026-04-27 10:06:57 INFO  BUY_FILLED 215790 phase=HOLDING
2026-04-27 10:07:02 INFO  BUY_FILLED 215790 phase=HOLDING
2026-04-27 10:07:07 INFO  BUY_FILLED 215790 phase=HOLDING
2026-04-27 10:07:07 INFO  BUY [KRX] 406820 mode=VOLUME_BREAKOUT price=3280.0000 qty=146 size=1.0000x score=105(CONV) | WHY: strongBreakout volBreakout retestOK multiUp vol(2.61x) | VWAP: 1.24%(ABOVE slope=UP) | TREND: score=3 vel=1.39%/1.71%/1.87% | VOL: 79393.0000/30376.2308 TO: 260012075.0000/98263713.8462 | entryNo=1
2026-04-27 10:07:07 WARN  BUY_REJECTED 406820 phase=NONE
2026-04-27 10:07:12 INFO  BUY_FILLED 215790 phase=HOLDING
2026-04-27 10:07:17 INFO  BUY_FILLED 215790 phase=HOLDING
2026-04-27 10:07:22 INFO  BUY_FILLED 215790 phase=HOLDING
2026-04-27 10:07:27 INFO  BUY_FILLED 215790 phase=HOLDING
2026-04-27 10:07:32 INFO  BUY_FILLED 215790 phase=HOLDING
2026-04-27 10:07:37 INFO  BUY_FILLED 215790 phase=HOLDING
2026-04-27 10:07:42 INFO  BUY_FILLED 215790 phase=HOLDING
2026-04-27 10:07:47 INFO  BUY_FILLED 215790 phase=HOLDING
2026-04-27 10:07:52 INFO  BUY_FILLED 215790 phase=HOLDING
2026-04-27 10:07:57 INFO  BUY_FILLED 215790 phase=HOLDING
2026-04-27 10:08:02 INFO  BUY_FILLED 215790 phase=HOLDING
2026-04-27 10:08:08 INFO  BUY_FILLED 215790 phase=HOLDING
2026-04-27 10:08:13 INFO  BUY_FILLED 215790 phase=HOLDING
2026-04-27 10:08:18 INFO  BUY_FILLED 215790 phase=HOLDING
2026-04-27 10:08:23 INFO  BUY_FILLED 215790 phase=HOLDING
2026-04-27 10:08:28 INFO  BUY_FILLED 215790 phase=HOLDING
2026-04-27 10:08:33 INFO  BUY_FILLED 215790 phase=HOLDING
2026-04-27 10:08:38 INFO  BUY_FILLED 215790 phase=HOLDING
2026-04-27 10:08:43 INFO  BUY_FILLED 215790 phase=HOLDING
2026-04-27 10:08:48 INFO  BUY_FILLED 215790 phase=HOLDING
2026-04-27 10:08:53 INFO  BUY_FILLED 215790 phase=HOLDING
2026-04-27 10:08:58 INFO  BUY_FILLED 215790 phase=HOLDING
2026-04-27 10:09:03 INFO  BUY_FILLED 215790 phase=HOLDING
2026-04-27 10:09:08 INFO  BUY_FILLED 215790 phase=HOLDING
2026-04-27 10:09:13 INFO  BUY_FILLED 215790 phase=HOLDING
2026-04-27 10:09:18 INFO  BUY_FILLED 215790 phase=HOLDING
2026-04-27 10:09:23 INFO  BUY_FILLED 215790 phase=HOLDING
2026-04-27 10:09:28 INFO  BUY_FILLED 215790 phase=HOLDING
2026-04-27 10:09:38 INFO  BUY_FILLED 215790 phase=HOLDING
2026-04-27 10:09:43 INFO  BUY_FILLED 215790 phase=HOLDING
2026-04-27 10:09:48 INFO  BUY_FILLED 215790 phase=HOLDING
2026-04-27 10:09:53 INFO  BUY_FILLED 215790 phase=HOLDING
2026-04-27 10:09:58 INFO  BUY_FILLED 215790 phase=HOLDING
2026-04-27 10:10:03 INFO  BUY_FILLED 215790 phase=HOLDING
2026-04-27 10:10:08 INFO  BUY_FILLED 215790 phase=HOLDING
2026-04-27 10:10:13 INFO  BUY_FILLED 215790 phase=HOLDING
2026-04-27 10:10:18 INFO  BUY_FILLED 215790 phase=HOLDING
2026-04-27 10:10:23 INFO  BUY_FILLED 215790 phase=HOLDING
2026-04-27 10:10:28 INFO  BUY_FILLED 215790 phase=HOLDING
2026-04-27 10:10:34 INFO  BUY_FILLED 215790 phase=HOLDING
2026-04-27 10:10:44 INFO  BUY_FILLED 215790 phase=HOLDING
2026-04-27 10:10:49 INFO  BUY_FILLED 215790 phase=HOLDING
2026-04-27 10:10:54 INFO  BUY_FILLED 215790 phase=HOLDING
2026-04-27 10:10:59 INFO  BUY_FILLED 215790 phase=HOLDING
2026-04-27 10:11:04 INFO  BUY_FILLED 215790 phase=HOLDING
2026-04-27 10:11:09 INFO  BUY_FILLED 215790 phase=HOLDING
2026-04-27 10:11:14 INFO  BUY_FILLED 215790 phase=HOLDING
2026-04-27 10:11:19 INFO  BUY_FILLED 215790 phase=HOLDING
2026-04-27 10:11:24 INFO  BUY_FILLED 215790 phase=HOLDING
2026-04-27 10:11:29 INFO  BUY_FILLED 215790 phase=HOLDING
2026-04-27 10:11:29 INFO  SELL_EXECUTED [KRX] 215790 mode=EARLY_MOMENTUM phase=EXITING exitType=TIMESTOP price=1979.0000 qty=121 reason=TIME_STOP_SOFT pnl=-0.05% peakPnl=0.76% holdMs=473244 high=1995.0000 avgPrice=1980.0000 weightedPnl=-0.03% dailyPnl=-2.93%
2026-04-27 10:11:29 INFO  SELL_FILLED 215790 reason=TIME_STOP_SOFT remainingQty=0 phase=NONE exitType=TIMESTOP partialDone=false
2026-04-27 10:12:24 INFO  BUY [KRX] 017510 mode=VOLUME_BREAKOUT price=13450.0000 qty=35 size=1.0000x score=105(CONV) | WHY: strongBreakout volBreakout retestOK multiUp vol(2.97x) | VWAP: 1.51%(ABOVE slope=UP) | TREND: score=3 vel=1.59%/0.83%/1.51% | VOL: 60533.0000/20372.7778 TO: 813563520.0000/269735870.8333 | entryNo=1
2026-04-27 10:12:24 WARN  BUY_REJECTED 017510 phase=NONE
2026-04-27 10:13:40 INFO  BUY amount set for 010170: 480000.00
2026-04-27 10:13:40 INFO  BUY amount set for 006340: 480000.00
2026-04-27 10:13:40 INFO  BUY amount set for 098460: 480000.00
2026-04-27 10:13:40 INFO  BUY amount set for 452190: 480000.00
2026-04-27 10:13:40 INFO  BUY amount set for 017510: 480000.00
2026-04-27 10:13:40 INFO  BUY amount set for 088280: 480000.00
2026-04-27 10:13:40 INFO  BUY amount set for 215790: 480000.00
2026-04-27 10:13:40 INFO  BUY amount set for 406820: 480000.00
2026-04-27 10:13:40 INFO  BUY amount set for 006345: 480000.00
2026-04-27 10:13:40 INFO  BUY amount set for 290520: 480000.00
2026-04-27 10:13:40 INFO  BUY amount set for 034810: 480000.00
2026-04-27 10:13:40 INFO  BUY amount set for 024840: 480000.00
2026-04-27 10:13:40 INFO  BUY amount set for 030720: 480000.00
2026-04-27 10:15:05 INFO  BUY [KRX] 452190 mode=EARLY_MOMENTUM price=8210.0000 qty=29 size=0.5000x score=75(CONV) | WHY: velShort=0.86% velMid=1.11% aboveVwap | VWAP: 0.58%(ABOVE slope=UP) | TREND: score=3 vel=0.86%/1.11%/1.48% | VOL: 93893.0000/39423.9000 TO: 771800460.0000/322205921.5000 | entryNo=1
2026-04-27 10:15:06 INFO  BUY_FILLED 452190 phase=HOLDING
2026-04-27 10:15:10 INFO  BUY_FILLED 452190 phase=HOLDING
2026-04-27 10:15:15 INFO  BUY_FILLED 452190 phase=HOLDING
2026-04-27 10:15:20 INFO  BUY_FILLED 452190 phase=HOLDING
2026-04-27 10:15:25 INFO  BUY_FILLED 452190 phase=HOLDING
2026-04-27 10:15:30 INFO  BUY_FILLED 452190 phase=HOLDING
2026-04-27 10:15:35 INFO  BUY_FILLED 452190 phase=HOLDING
2026-04-27 10:15:41 INFO  BUY_FILLED 452190 phase=HOLDING
2026-04-27 10:15:46 INFO  BUY_FILLED 452190 phase=HOLDING
2026-04-27 10:15:51 INFO  BUY_FILLED 452190 phase=HOLDING
2026-04-27 10:15:56 INFO  BUY_FILLED 452190 phase=HOLDING
2026-04-27 10:16:01 INFO  BUY_FILLED 452190 phase=HOLDING
2026-04-27 10:16:06 INFO  BUY_FILLED 452190 phase=HOLDING
2026-04-27 10:16:11 INFO  BUY_FILLED 452190 phase=HOLDING
2026-04-27 10:16:16 INFO  BUY_FILLED 452190 phase=HOLDING
2026-04-27 10:16:21 INFO  BUY_FILLED 452190 phase=HOLDING
2026-04-27 10:16:26 INFO  BUY_FILLED 452190 phase=HOLDING
2026-04-27 10:16:31 INFO  BUY_FILLED 452190 phase=HOLDING
2026-04-27 10:16:36 INFO  BUY_FILLED 452190 phase=HOLDING
2026-04-27 10:16:41 INFO  BUY_FILLED 452190 phase=HOLDING
2026-04-27 10:16:46 INFO  BUY_FILLED 452190 phase=HOLDING
2026-04-27 10:16:51 INFO  BUY_FILLED 452190 phase=HOLDING
2026-04-27 10:16:56 INFO  BUY_FILLED 452190 phase=HOLDING
2026-04-27 10:17:01 INFO  BUY_FILLED 452190 phase=HOLDING
2026-04-27 10:17:06 INFO  BUY [KRX] 290520 mode=PULLBACK price=2715.0000 qty=212 size=1.2000x score=100(CONV) | WHY: zone(-1.82%fromHigh) vel+ avgCross priceAboveAvg vol(2.24x) | VWAP: 1.84%(ABOVE slope=UP) | TREND: score=3 vel=1.89%/2.47%/1.31% | VOL: 26883.0000/12000.1500 TO: 72584100.0000/31806214.7500 | entryNo=1
2026-04-27 10:17:06 WARN  BUY_REJECTED 290520 phase=NONE
2026-04-27 10:17:11 INFO  BUY_FILLED 452190 phase=HOLDING
2026-04-27 10:17:21 INFO  BUY_FILLED 452190 phase=HOLDING
2026-04-27 10:17:26 INFO  BUY_FILLED 452190 phase=HOLDING
2026-04-27 10:17:31 INFO  BUY_FILLED 452190 phase=HOLDING
2026-04-27 10:17:36 INFO  BUY_FILLED 452190 phase=HOLDING
2026-04-27 10:17:41 INFO  BUY_FILLED 452190 phase=HOLDING
2026-04-27 10:17:46 INFO  BUY_FILLED 452190 phase=HOLDING
2026-04-27 10:17:51 INFO  BUY_FILLED 452190 phase=HOLDING
2026-04-27 10:17:56 INFO  BUY_FILLED 452190 phase=HOLDING
2026-04-27 10:18:01 INFO  BUY_FILLED 452190 phase=HOLDING
2026-04-27 10:18:07 INFO  BUY_FILLED 452190 phase=HOLDING
2026-04-27 10:18:12 INFO  BUY_FILLED 452190 phase=HOLDING
2026-04-27 10:18:17 INFO  BUY_FILLED 452190 phase=HOLDING
2026-04-27 10:18:22 INFO  BUY_FILLED 452190 phase=HOLDING
2026-04-27 10:18:27 INFO  BUY_FILLED 452190 phase=HOLDING
2026-04-27 10:18:32 INFO  BUY_FILLED 452190 phase=HOLDING
2026-04-27 10:18:37 INFO  BUY_FILLED 452190 phase=HOLDING
2026-04-27 10:18:37 INFO  SELL_EXECUTED [KRX] 452190 mode=EARLY_MOMENTUM phase=EXITING exitType=STOPLOSS price=8120.0000 qty=29 reason=STOP_LOSS pnl=-1.10% peakPnl=0.00% holdMs=210586 high=8210.0000 avgPrice=8210.0000 weightedPnl=-0.54% dailyPnl=-3.47%
2026-04-27 10:18:37 INFO  SELL_FILLED 452190 reason=STOP_LOSS remainingQty=0 phase=NONE exitType=STOPLOSS partialDone=false
2026-04-27 10:18:47 INFO  SELL_EXECUTED [KRX] 452190 mode=NONE phase=EXITING exitType=STOPLOSS price=8120.0000 qty=29 reason=STOP_LOSS pnl=-1.10% peakPnl=-1.10% holdMs=5020 high=8120.0000 avgPrice=8210.0000 weightedPnl=-0.54% dailyPnl=-4.02%
2026-04-27 10:19:07 INFO  BUY [KRX] 098460 mode=VOLUME_BREAKOUT price=43650.0000 qty=8 size=0.8000x score=105(CONV) | WHY: strongBreakout volBreakout retestOK multiUp vol(1.92x) | VWAP: 1.15%(ABOVE slope=UP) | TREND: score=3 vel=0.81%/0.92%/0.81% | VOL: 53238.0000/27697.8500 TO: 2323838700.0000/1200172902.5000 | entryNo=1
2026-04-27 10:19:08 INFO  BUY_FILLED 098460 phase=HOLDING
2026-04-27 10:19:12 INFO  BUY_FILLED 098460 phase=HOLDING
2026-04-27 10:19:17 INFO  BUY_FILLED 098460 phase=HOLDING
2026-04-27 10:19:22 INFO  BUY_FILLED 098460 phase=HOLDING
2026-04-27 10:19:27 INFO  BUY_FILLED 098460 phase=HOLDING
2026-04-27 10:19:32 INFO  BUY_FILLED 098460 phase=HOLDING
2026-04-27 10:19:37 INFO  BUY_FILLED 098460 phase=HOLDING
2026-04-27 10:19:42 INFO  BUY_FILLED 098460 phase=HOLDING
2026-04-27 10:19:47 INFO  BUY_FILLED 098460 phase=HOLDING
2026-04-27 10:19:52 INFO  BUY_FILLED 098460 phase=HOLDING
2026-04-27 10:19:57 INFO  BUY_FILLED 098460 phase=HOLDING
2026-04-27 10:20:02 INFO  BUY_FILLED 098460 phase=HOLDING
2026-04-27 10:20:07 INFO  BUY_FILLED 098460 phase=HOLDING
2026-04-27 10:20:12 INFO  BUY_FILLED 098460 phase=HOLDING
2026-04-27 10:20:17 INFO  BUY_FILLED 098460 phase=HOLDING
2026-04-27 10:20:22 INFO  BUY_FILLED 098460 phase=HOLDING
2026-04-27 10:20:27 INFO  BUY_FILLED 098460 phase=HOLDING
2026-04-27 10:20:32 INFO  BUY_FILLED 098460 phase=HOLDING
2026-04-27 10:20:38 INFO  BUY_FILLED 098460 phase=HOLDING
2026-04-27 10:20:43 INFO  BUY_FILLED 098460 phase=HOLDING
2026-04-27 10:20:48 INFO  BUY_FILLED 098460 phase=HOLDING
2026-04-27 10:20:53 INFO  BUY_FILLED 098460 phase=HOLDING
2026-04-27 10:20:58 INFO  BUY_FILLED 098460 phase=HOLDING
2026-04-27 10:21:03 INFO  BUY_FILLED 098460 phase=HOLDING
2026-04-27 10:21:08 INFO  BUY_FILLED 098460 phase=HOLDING
2026-04-27 10:21:08 INFO  BUY [KRX] 017510 mode=EARLY_MOMENTUM price=13700.0000 qty=17 size=0.5000x score=65 | WHY: velShort=0.74% velMid=0.44% aboveVwap | VWAP: 1.83%(ABOVE slope=UP) | TREND: score=2 vel=0.74%/0.44%/-0.22% | VOL: 24152.0000/29017.0000 TO: 329916320.0000/391121735.2500 | entryNo=2
2026-04-27 10:21:08 WARN  BUY_REJECTED 017510 phase=NONE
2026-04-27 10:21:08 INFO  BUY [KRX] 024840 mode=EARLY_MOMENTUM price=3120.0000 qty=76 size=0.5000x score=75(CONV) | WHY: velShort=1.13% velMid=0.81% aboveVwap | VWAP: 0.00%(ABOVE slope=UP) | TREND: score=2 vel=1.13%/0.81%/-0.48% | VOL: 59351.0000/70958.7500 TO: 185471875.0000/221735171.8750 | entryNo=1
2026-04-27 10:21:08 WARN  BUY_REJECTED 024840 phase=NONE
2026-04-27 10:21:13 INFO  BUY_FILLED 098460 phase=HOLDING
2026-04-27 10:21:18 INFO  BUY_FILLED 098460 phase=HOLDING
2026-04-27 10:21:23 INFO  BUY_FILLED 098460 phase=HOLDING
2026-04-27 10:21:28 INFO  BUY_FILLED 098460 phase=HOLDING
2026-04-27 10:21:33 INFO  BUY_FILLED 098460 phase=HOLDING
2026-04-27 10:21:38 INFO  BUY_FILLED 098460 phase=HOLDING
2026-04-27 10:21:43 INFO  BUY_FILLED 098460 phase=HOLDING
2026-04-27 10:21:48 INFO  BUY_FILLED 098460 phase=HOLDING
2026-04-27 10:21:53 INFO  BUY_FILLED 098460 phase=HOLDING
2026-04-27 10:21:58 INFO  BUY_FILLED 098460 phase=HOLDING
2026-04-27 10:22:03 INFO  BUY_FILLED 098460 phase=HOLDING
2026-04-27 10:22:08 INFO  BUY_FILLED 098460 phase=HOLDING
2026-04-27 10:22:13 INFO  BUY_FILLED 098460 phase=HOLDING
2026-04-27 10:22:18 INFO  BUY_FILLED 098460 phase=HOLDING
2026-04-27 10:22:23 INFO  BUY_FILLED 098460 phase=HOLDING
2026-04-27 10:22:28 INFO  BUY_FILLED 098460 phase=HOLDING
2026-04-27 10:22:33 INFO  BUY_FILLED 098460 phase=HOLDING
2026-04-27 10:22:38 INFO  BUY_FILLED 098460 phase=HOLDING
2026-04-27 10:22:43 INFO  BUY_FILLED 098460 phase=HOLDING
2026-04-27 10:22:48 INFO  BUY_FILLED 098460 phase=HOLDING
2026-04-27 10:22:53 INFO  BUY_FILLED 098460 phase=HOLDING
2026-04-27 10:22:58 INFO  BUY_FILLED 098460 phase=HOLDING
2026-04-27 10:23:04 INFO  BUY_FILLED 098460 phase=HOLDING
2026-04-27 10:23:09 INFO  BUY_FILLED 098460 phase=HOLDING
2026-04-27 10:23:14 INFO  BUY_FILLED 098460 phase=HOLDING
2026-04-27 10:23:19 INFO  BUY_FILLED 098460 phase=HOLDING
2026-04-27 10:23:24 INFO  BUY_FILLED 098460 phase=HOLDING
2026-04-27 10:23:29 INFO  BUY_FILLED 098460 phase=HOLDING
2026-04-27 10:23:39 INFO  BUY_FILLED 098460 phase=HOLDING
2026-04-27 10:23:44 INFO  BUY_FILLED 098460 phase=HOLDING
2026-04-27 10:23:49 INFO  BUY_FILLED 098460 phase=HOLDING
2026-04-27 10:23:54 INFO  BUY_FILLED 098460 phase=HOLDING
2026-04-27 10:23:59 INFO  BUY_FILLED 098460 phase=HOLDING
2026-04-27 10:24:04 INFO  BUY_FILLED 098460 phase=HOLDING
2026-04-27 10:24:09 INFO  BUY_FILLED 098460 phase=HOLDING
2026-04-27 10:24:09 INFO  BUY [KRX] 024840 mode=EARLY_MOMENTUM price=3170.0000 qty=75 size=0.5000x score=75(CONV) | WHY: velShort=0.80% velMid=0.80% aboveVwap | VWAP: 0.69%(ABOVE slope=UP) | TREND: score=3 vel=0.80%/0.80%/1.94% | VOL: 73542.0000/65568.4545 TO: 231657300.0000/205124130.9091 | entryNo=2
2026-04-27 10:24:09 WARN  BUY_REJECTED 024840 phase=NONE
2026-04-27 10:24:14 INFO  BUY_FILLED 098460 phase=HOLDING
2026-04-27 10:24:19 INFO  BUY_FILLED 098460 phase=HOLDING
2026-04-27 10:24:24 INFO  BUY_FILLED 098460 phase=HOLDING
2026-04-27 10:24:29 INFO  BUY_FILLED 098460 phase=HOLDING
2026-04-27 10:24:39 INFO  BUY_FILLED 098460 phase=HOLDING
2026-04-27 10:24:44 INFO  BUY_FILLED 098460 phase=HOLDING
2026-04-27 10:24:49 INFO  BUY_FILLED 098460 phase=HOLDING
2026-04-27 10:24:54 INFO  BUY_FILLED 098460 phase=HOLDING
2026-04-27 10:24:59 INFO  BUY_FILLED 098460 phase=HOLDING
2026-04-27 10:25:04 INFO  BUY_FILLED 098460 phase=HOLDING
2026-04-27 10:25:09 INFO  BUY_FILLED 098460 phase=HOLDING
2026-04-27 10:25:14 INFO  BUY_FILLED 098460 phase=HOLDING
2026-04-27 10:25:19 INFO  BUY_FILLED 098460 phase=HOLDING
2026-04-27 10:25:24 INFO  BUY_FILLED 098460 phase=HOLDING
2026-04-27 10:25:29 INFO  BUY_FILLED 098460 phase=HOLDING
2026-04-27 10:25:29 INFO  SELL_EXECUTED [KRX] 098460 mode=VOLUME_BREAKOUT phase=EXITING exitType=TIMESTOP price=43600.0000 qty=8 reason=TIME_STOP_SOFT pnl=-0.11% peakPnl=0.69% holdMs=381558 high=43950.0000 avgPrice=43650.0000 weightedPnl=-0.08% dailyPnl=-4.10%
2026-04-27 10:25:30 INFO  SELL_FILLED 098460 reason=TIME_STOP_SOFT remainingQty=0 phase=NONE exitType=TIMESTOP partialDone=false
2026-04-27 10:26:05 INFO  BUY [KRX] 088280 mode=EARLY_MOMENTUM price=6870.0000 qty=34 size=0.5000x score=75(CONV) | WHY: velShort=1.03% velMid=0.73% aboveVwap | VWAP: 0.03%(ABOVE slope=UP) | TREND: score=3 vel=1.03%/0.73%/0.29% | VOL: 13596.0000/8508.9000 TO: 93404520.0000/58023006.5000 | entryNo=1
2026-04-27 10:26:06 INFO  BUY_FILLED 088280 phase=HOLDING
2026-04-27 10:26:10 INFO  BUY_FILLED 088280 phase=HOLDING
2026-04-27 10:26:15 INFO  BUY_FILLED 088280 phase=HOLDING
2026-04-27 10:26:20 INFO  BUY_FILLED 088280 phase=HOLDING
2026-04-27 10:26:25 INFO  BUY_FILLED 088280 phase=HOLDING
2026-04-27 10:26:30 INFO  BUY_FILLED 088280 phase=HOLDING
2026-04-27 10:26:35 INFO  BUY_FILLED 088280 phase=HOLDING
2026-04-27 10:26:40 INFO  BUY_FILLED 088280 phase=HOLDING
2026-04-27 10:26:45 INFO  BUY_FILLED 088280 phase=HOLDING
2026-04-27 10:26:50 INFO  BUY_FILLED 088280 phase=HOLDING
2026-04-27 10:26:55 INFO  BUY_FILLED 088280 phase=HOLDING
2026-04-27 10:27:00 INFO  BUY_FILLED 088280 phase=HOLDING
2026-04-27 10:27:05 INFO  BUY_FILLED 088280 phase=HOLDING
2026-04-27 10:27:10 INFO  BUY_FILLED 088280 phase=HOLDING
2026-04-27 10:27:15 INFO  BUY_FILLED 088280 phase=HOLDING
2026-04-27 10:27:20 INFO  BUY_FILLED 088280 phase=HOLDING
2026-04-27 10:27:25 INFO  BUY_FILLED 088280 phase=HOLDING
2026-04-27 10:27:30 INFO  BUY_FILLED 088280 phase=HOLDING
2026-04-27 10:27:35 INFO  BUY_FILLED 088280 phase=HOLDING
2026-04-27 10:27:41 INFO  BUY_FILLED 088280 phase=HOLDING
2026-04-27 10:27:46 INFO  BUY_FILLED 088280 phase=HOLDING
2026-04-27 10:27:51 INFO  BUY_FILLED 088280 phase=HOLDING
2026-04-27 10:27:56 INFO  BUY_FILLED 088280 phase=HOLDING
2026-04-27 10:28:01 INFO  BUY_FILLED 088280 phase=HOLDING
2026-04-27 10:28:06 INFO  BUY_FILLED 088280 phase=HOLDING
2026-04-27 10:28:11 INFO  BUY_FILLED 088280 phase=HOLDING
2026-04-27 10:28:16 INFO  BUY_FILLED 088280 phase=HOLDING
2026-04-27 10:28:21 INFO  BUY_FILLED 088280 phase=HOLDING
2026-04-27 10:28:26 INFO  BUY_FILLED 088280 phase=HOLDING
2026-04-27 10:28:31 INFO  BUY_FILLED 088280 phase=HOLDING
2026-04-27 10:28:36 INFO  BUY_FILLED 088280 phase=HOLDING
2026-04-27 10:28:41 INFO  BUY_FILLED 088280 phase=HOLDING
2026-04-27 10:28:46 INFO  BUY_FILLED 088280 phase=HOLDING
2026-04-27 10:28:51 INFO  BUY_FILLED 088280 phase=HOLDING
2026-04-27 10:28:56 INFO  BUY_FILLED 088280 phase=HOLDING
2026-04-27 10:29:02 INFO  BUY_FILLED 088280 phase=HOLDING
2026-04-27 10:29:07 INFO  BUY_FILLED 088280 phase=HOLDING
2026-04-27 10:29:07 INFO  BUY [KRX] 010170 mode=VOLUME_BREAKOUT price=16050.0000 qty=29 size=1.0000x score=95(CONV) | WHY: strongBreakout volBreakout retestOK multiUp vol(2.33x) | VWAP: 1.09%(ABOVE slope=UP) | TREND: score=3 vel=0.56%/1.32%/0.82% | VOL: 374152.0000/160742.1000 TO: 6008881120.0000/2547952256.5000 | entryNo=1
2026-04-27 10:29:07 WARN  BUY_REJECTED 010170 phase=NONE
2026-04-27 10:29:12 INFO  BUY_FILLED 088280 phase=HOLDING
2026-04-27 10:29:17 INFO  BUY_FILLED 088280 phase=HOLDING
2026-04-27 10:29:22 INFO  BUY_FILLED 088280 phase=HOLDING
2026-04-27 10:29:27 INFO  BUY_FILLED 088280 phase=HOLDING
2026-04-27 10:29:27 INFO  SELL [SCALP_TRAIL_EXIT] 088280 pnl=2.04% peakPnl=2.91% high=7070.0 current=7010.0
2026-04-27 10:29:27 INFO  SELL_EXECUTED [KRX] 088280 mode=EARLY_MOMENTUM phase=EXITING exitType=TRAIL price=7010.0000 qty=34 reason=SCALP_TRAIL_EXIT pnl=2.04% peakPnl=2.91% holdMs=200847 high=7070.0000 avgPrice=6870.0000 weightedPnl=0.99% dailyPnl=-3.11%
2026-04-27 10:29:27 INFO  SELL_FILLED 088280 reason=SCALP_TRAIL_EXIT remainingQty=0 phase=NONE exitType=TRAIL partialDone=false
2026-04-27 10:30:28 INFO  SELL_EXECUTED [KRX] 088280 mode=NONE phase=EXITING exitType=STOPLOSS price=6960.0000 qty=61 reason=STOP_LOSS pnl=-1.28% peakPnl=0.00% holdMs=35509 high=7050.0000 avgPrice=7050.0000 weightedPnl=-1.14% dailyPnl=-4.25%
2026-04-27 10:30:29 INFO  SELL_FILLED 088280 reason=STOP_LOSS remainingQty=0 phase=NONE exitType=STOPLOSS partialDone=false
2026-04-27 10:31:43 INFO  SELL_EXECUTED [KRX] 088280 mode=NONE phase=EXITING exitType=STOPLOSS price=6910.0000 qty=60 reason=STOP_LOSS pnl=-1.14% peakPnl=0.00% holdMs=60268 high=6990.0000 avgPrice=6990.0000 weightedPnl=-1.00% dailyPnl=-5.25%
2026-04-27 10:31:44 INFO  SELL_FILLED 088280 reason=STOP_LOSS remainingQty=0 phase=NONE exitType=STOPLOSS partialDone=false
2026-04-27 10:35:14 INFO  SELL_EXECUTED [KRX] 088280 mode=NONE phase=EXITING exitType=STOPLOSS price=6940.0000 qty=57 reason=STOP_LOSS pnl=-1.12% peakPnl=0.01% holdMs=180770 high=7020.0000 avgPrice=7018.9474 weightedPnl=-0.94% dailyPnl=-6.19%
2026-04-27 10:35:15 INFO  SELL_FILLED 088280 reason=STOP_LOSS remainingQty=0 phase=NONE exitType=STOPLOSS partialDone=false
2026-04-27 10:35:24 WARN  BUY_SKIP [KRX] 452190 reason=DAILY_LOSS_LIMIT dailyPnl=-6.19%
2026-04-27 10:36:05 WARN  BUY_SKIP [KRX] 452190 reason=DAILY_LOSS_LIMIT dailyPnl=-6.19%
2026-04-27 10:36:20 WARN  BUY_SKIP [KRX] 452190 reason=DAILY_LOSS_LIMIT dailyPnl=-6.19%
2026-04-27 10:40:06 WARN  BUY_SKIP [KRX] 017510 reason=DAILY_LOSS_LIMIT dailyPnl=-6.19%
2026-04-27 10:40:21 WARN  BUY_SKIP [KRX] 017510 reason=DAILY_LOSS_LIMIT dailyPnl=-6.19%
2026-04-27 10:41:07 WARN  BUY_SKIP [KRX] 215790 reason=DAILY_LOSS_LIMIT dailyPnl=-6.19%
2026-04-27 10:41:07 WARN  BUY_SKIP [KRX] 088280 reason=DAILY_LOSS_LIMIT dailyPnl=-6.19%
2026-04-27 10:41:22 WARN  BUY_SKIP [KRX] 088280 reason=DAILY_LOSS_LIMIT dailyPnl=-6.19%
2026-04-27 10:41:22 WARN  BUY_SKIP [KRX] 215790 reason=DAILY_LOSS_LIMIT dailyPnl=-6.19%
2026-04-27 10:42:07 WARN  BUY_SKIP [KRX] 215790 reason=DAILY_LOSS_LIMIT dailyPnl=-6.19%
2026-04-27 10:42:07 WARN  BUY_SKIP [KRX] 452190 reason=DAILY_LOSS_LIMIT dailyPnl=-6.19%
2026-04-27 10:42:07 WARN  BUY_SKIP [KRX] 010170 reason=DAILY_LOSS_LIMIT dailyPnl=-6.19%
2026-04-27 10:42:22 WARN  BUY_SKIP [KRX] 215790 reason=DAILY_LOSS_LIMIT dailyPnl=-6.19%
2026-04-27 10:42:22 WARN  BUY_SKIP [KRX] 010170 reason=DAILY_LOSS_LIMIT dailyPnl=-6.19%
2026-04-27 10:42:22 WARN  BUY_SKIP [KRX] 452190 reason=DAILY_LOSS_LIMIT dailyPnl=-6.19%
2026-04-27 10:43:07 WARN  BUY_SKIP [KRX] 452190 reason=DAILY_LOSS_LIMIT dailyPnl=-6.19%
2026-04-27 10:43:07 WARN  BUY_SKIP [KRX] 010170 reason=DAILY_LOSS_LIMIT dailyPnl=-6.19%
2026-04-27 10:43:07 WARN  BUY_SKIP [KRX] 017510 reason=DAILY_LOSS_LIMIT dailyPnl=-6.19%
2026-04-27 10:43:22 WARN  BUY_SKIP [KRX] 010170 reason=DAILY_LOSS_LIMIT dailyPnl=-6.19%
2026-04-27 10:43:22 WARN  BUY_SKIP [KRX] 017510 reason=DAILY_LOSS_LIMIT dailyPnl=-6.19%
2026-04-27 10:43:22 WARN  BUY_SKIP [KRX] 452190 reason=DAILY_LOSS_LIMIT dailyPnl=-6.19%
2026-04-27 10:46:14 WARN  BUY_SKIP [KRX] 215790 reason=DAILY_LOSS_LIMIT dailyPnl=-6.19%
2026-04-27 10:46:29 WARN  BUY_SKIP [KRX] 215790 reason=DAILY_LOSS_LIMIT dailyPnl=-6.19%
2026-04-27 10:47:09 WARN  BUY_SKIP [KRX] 215790 reason=DAILY_LOSS_LIMIT dailyPnl=-6.19%
2026-04-27 10:47:24 WARN  BUY_SKIP [KRX] 215790 reason=DAILY_LOSS_LIMIT dailyPnl=-6.19%
2026-04-27 10:49:10 WARN  BUY_SKIP [KRX] 010170 reason=DAILY_LOSS_LIMIT dailyPnl=-6.19%
2026-04-27 10:49:25 WARN  BUY_SKIP [KRX] 010170 reason=DAILY_LOSS_LIMIT dailyPnl=-6.19%
2026-04-27 10:50:05 WARN  BUY_SKIP [KRX] 024840 reason=DAILY_LOSS_LIMIT dailyPnl=-6.19%
2026-04-27 10:50:05 WARN  BUY_SKIP [KRX] 017510 reason=DAILY_LOSS_LIMIT dailyPnl=-6.19%
2026-04-27 10:50:20 WARN  BUY_SKIP [KRX] 024840 reason=DAILY_LOSS_LIMIT dailyPnl=-6.19%
2026-04-27 10:50:20 WARN  BUY_SKIP [KRX] 017510 reason=DAILY_LOSS_LIMIT dailyPnl=-6.19%
2026-04-27 10:53:06 WARN  BUY_SKIP [KRX] 088280 reason=DAILY_LOSS_LIMIT dailyPnl=-6.19%
2026-04-27 10:53:21 WARN  BUY_SKIP [KRX] 088280 reason=DAILY_LOSS_LIMIT dailyPnl=-6.19%
2026-04-27 10:57:08 WARN  BUY_SKIP [KRX] 452190 reason=DAILY_LOSS_LIMIT dailyPnl=-6.19%
2026-04-27 10:57:08 WARN  BUY_SKIP [KRX] 010170 reason=DAILY_LOSS_LIMIT dailyPnl=-6.19%
2026-04-27 10:57:23 WARN  BUY_SKIP [KRX] 452190 reason=DAILY_LOSS_LIMIT dailyPnl=-6.19%
2026-04-27 10:57:23 WARN  BUY_SKIP [KRX] 010170 reason=DAILY_LOSS_LIMIT dailyPnl=-6.19%
2026-04-27 10:58:08 WARN  BUY_SKIP [KRX] 452190 reason=DAILY_LOSS_LIMIT dailyPnl=-6.19%
2026-04-27 10:58:23 WARN  BUY_SKIP [KRX] 452190 reason=DAILY_LOSS_LIMIT dailyPnl=-6.19%
2026-04-27 11:00:09 WARN  BUY_SKIP [KRX] 010170 reason=DAILY_LOSS_LIMIT dailyPnl=-6.19%
2026-04-27 11:00:24 WARN  BUY_SKIP [KRX] 010170 reason=DAILY_LOSS_LIMIT dailyPnl=-6.19%
2026-04-27 11:05:06 WARN  BUY_SKIP [KRX] 452190 reason=DAILY_LOSS_LIMIT dailyPnl=-6.19%
2026-04-27 11:05:21 WARN  BUY_SKIP [KRX] 452190 reason=DAILY_LOSS_LIMIT dailyPnl=-6.19%
2026-04-27 11:10:08 WARN  BUY_SKIP [KRX] 452190 reason=DAILY_LOSS_LIMIT dailyPnl=-6.19%
2026-04-27 11:10:08 WARN  BUY_SKIP [KRX] 098460 reason=DAILY_LOSS_LIMIT dailyPnl=-6.19%
2026-04-27 11:10:23 WARN  BUY_SKIP [KRX] 452190 reason=DAILY_LOSS_LIMIT dailyPnl=-6.19%
2026-04-27 11:10:23 WARN  BUY_SKIP [KRX] 098460 reason=DAILY_LOSS_LIMIT dailyPnl=-6.19%
2026-04-27 11:12:08 WARN  BUY_SKIP [KRX] 452190 reason=DAILY_LOSS_LIMIT dailyPnl=-6.19%
2026-04-27 11:12:23 WARN  BUY_SKIP [KRX] 452190 reason=DAILY_LOSS_LIMIT dailyPnl=-6.19%
2026-04-27 11:19:06 WARN  BUY_SKIP [KRX] 088280 reason=DAILY_LOSS_LIMIT dailyPnl=-6.19%
2026-04-27 11:19:21 WARN  BUY_SKIP [KRX] 088280 reason=DAILY_LOSS_LIMIT dailyPnl=-6.19%
2026-04-27 11:22:07 WARN  BUY_SKIP [KRX] 024840 reason=DAILY_LOSS_LIMIT dailyPnl=-6.19%
2026-04-27 11:22:22 WARN  BUY_SKIP [KRX] 024840 reason=DAILY_LOSS_LIMIT dailyPnl=-6.19%
2026-04-27 11:23:05 WARN  BUY_SKIP [KRX] 006345 reason=DAILY_LOSS_LIMIT dailyPnl=-6.19%
2026-04-27 11:23:05 WARN  BUY_SKIP [KRX] 006340 reason=DAILY_LOSS_LIMIT dailyPnl=-6.19%
2026-04-27 11:23:07 WARN  BUY_SKIP [KRX] 024840 reason=DAILY_LOSS_LIMIT dailyPnl=-6.19%
2026-04-27 11:23:20 WARN  BUY_SKIP [KRX] 006345 reason=DAILY_LOSS_LIMIT dailyPnl=-6.19%
2026-04-27 11:23:20 WARN  BUY_SKIP [KRX] 006340 reason=DAILY_LOSS_LIMIT dailyPnl=-6.19%
2026-04-27 11:23:22 WARN  BUY_SKIP [KRX] 024840 reason=DAILY_LOSS_LIMIT dailyPnl=-6.19%
2026-04-27 11:24:06 WARN  BUY_SKIP [KRX] 006340 reason=DAILY_LOSS_LIMIT dailyPnl=-6.19%
2026-04-27 11:24:21 WARN  BUY_SKIP [KRX] 006340 reason=DAILY_LOSS_LIMIT dailyPnl=-6.19%
2026-04-27 11:25:06 WARN  BUY_SKIP [KRX] 006345 reason=DAILY_LOSS_LIMIT dailyPnl=-6.19%
2026-04-27 11:25:21 WARN  BUY_SKIP [KRX] 006345 reason=DAILY_LOSS_LIMIT dailyPnl=-6.19%
2026-04-27 11:27:08 WARN  BUY_SKIP [KRX] 088280 reason=DAILY_LOSS_LIMIT dailyPnl=-6.19%
2026-04-27 11:27:23 WARN  BUY_SKIP [KRX] 088280 reason=DAILY_LOSS_LIMIT dailyPnl=-6.19%
2026-04-27 11:29:09 WARN  BUY_SKIP [KRX] 024840 reason=DAILY_LOSS_LIMIT dailyPnl=-6.19%
2026-04-27 11:29:24 WARN  BUY_SKIP [KRX] 024840 reason=DAILY_LOSS_LIMIT dailyPnl=-6.19%
2026-04-27 11:30:09 WARN  BUY_SKIP [KRX] 024840 reason=DAILY_LOSS_LIMIT dailyPnl=-6.19%
2026-04-27 11:30:24 WARN  BUY_SKIP [KRX] 024840 reason=DAILY_LOSS_LIMIT dailyPnl=-6.19%
2026-04-27 11:34:06 WARN  BUY_SKIP [KRX] 010170 reason=DAILY_LOSS_LIMIT dailyPnl=-6.19%
2026-04-27 11:34:21 WARN  BUY_SKIP [KRX] 010170 reason=DAILY_LOSS_LIMIT dailyPnl=-6.19%
2026-04-27 11:35:06 WARN  BUY_SKIP [KRX] 010170 reason=DAILY_LOSS_LIMIT dailyPnl=-6.19%
2026-04-27 11:35:21 WARN  BUY_SKIP [KRX] 010170 reason=DAILY_LOSS_LIMIT dailyPnl=-6.19%
2026-04-27 11:37:07 WARN  BUY_SKIP [KRX] 010170 reason=DAILY_LOSS_LIMIT dailyPnl=-6.19%
2026-04-27 11:37:27 WARN  BUY_SKIP [KRX] 010170 reason=DAILY_LOSS_LIMIT dailyPnl=-6.19%
2026-04-27 11:49:07 WARN  BUY_SKIP [KRX] 098460 reason=DAILY_LOSS_LIMIT dailyPnl=-6.19%
2026-04-27 11:49:22 WARN  BUY_SKIP [KRX] 098460 reason=DAILY_LOSS_LIMIT dailyPnl=-6.19%
2026-04-27 11:50:07 WARN  BUY_SKIP [KRX] 006345 reason=DAILY_LOSS_LIMIT dailyPnl=-6.19%
2026-04-27 11:50:23 WARN  BUY_SKIP [KRX] 006345 reason=DAILY_LOSS_LIMIT dailyPnl=-6.19%
2026-04-27 12:16:07 WARN  BUY_SKIP [KRX] 098460 reason=DAILY_LOSS_LIMIT dailyPnl=-6.19%
2026-04-27 12:16:07 WARN  BUY_SKIP [KRX] 006345 reason=DAILY_LOSS_LIMIT dailyPnl=-6.19%
2026-04-27 12:16:22 WARN  BUY_SKIP [KRX] 098460 reason=DAILY_LOSS_LIMIT dailyPnl=-6.19%
2026-04-27 12:16:22 WARN  BUY_SKIP [KRX] 006345 reason=DAILY_LOSS_LIMIT dailyPnl=-6.19%
2026-04-27 12:17:08 WARN  BUY_SKIP [KRX] 098460 reason=DAILY_LOSS_LIMIT dailyPnl=-6.19%
2026-04-27 12:17:23 WARN  BUY_SKIP [KRX] 098460 reason=DAILY_LOSS_LIMIT dailyPnl=-6.19%
2026-04-27 12:18:08 WARN  BUY_SKIP [KRX] 406820 reason=DAILY_LOSS_LIMIT dailyPnl=-6.19%
2026-04-27 12:18:23 WARN  BUY_SKIP [KRX] 406820 reason=DAILY_LOSS_LIMIT dailyPnl=-6.19%
2026-04-27 12:19:08 WARN  BUY_SKIP [KRX] 406820 reason=DAILY_LOSS_LIMIT dailyPnl=-6.19%
2026-04-27 12:19:23 WARN  BUY_SKIP [KRX] 406820 reason=DAILY_LOSS_LIMIT dailyPnl=-6.19%
2026-04-27 12:20:09 WARN  BUY_SKIP [KRX] 406820 reason=DAILY_LOSS_LIMIT dailyPnl=-6.19%
2026-04-27 12:20:24 WARN  BUY_SKIP [KRX] 406820 reason=DAILY_LOSS_LIMIT dailyPnl=-6.19%
2026-04-27 12:42:07 WARN  BUY_SKIP [KRX] 098460 reason=DAILY_LOSS_LIMIT dailyPnl=-6.19%
2026-04-27 12:42:22 WARN  BUY_SKIP [KRX] 098460 reason=DAILY_LOSS_LIMIT dailyPnl=-6.19%
2026-04-27 12:43:08 WARN  BUY_SKIP [KRX] 098460 reason=DAILY_LOSS_LIMIT dailyPnl=-6.19%
2026-04-27 12:43:23 WARN  BUY_SKIP [KRX] 098460 reason=DAILY_LOSS_LIMIT dailyPnl=-6.19%
2026-04-27 12:45:09 WARN  BUY_SKIP [KRX] 098460 reason=DAILY_LOSS_LIMIT dailyPnl=-6.19%
2026-04-27 12:45:24 WARN  BUY_SKIP [KRX] 098460 reason=DAILY_LOSS_LIMIT dailyPnl=-6.19%
2026-04-27 12:52:07 WARN  BUY_SKIP [KRX] 406820 reason=DAILY_LOSS_LIMIT dailyPnl=-6.19%
2026-04-27 12:52:22 WARN  BUY_SKIP [KRX] 406820 reason=DAILY_LOSS_LIMIT dailyPnl=-6.19%
2026-04-27 13:07:08 WARN  BUY_SKIP [KRX] 406820 reason=DAILY_LOSS_LIMIT dailyPnl=-6.19%
2026-04-27 13:07:23 WARN  BUY_SKIP [KRX] 406820 reason=DAILY_LOSS_LIMIT dailyPnl=-6.19%
2026-04-27 13:25:05 WARN  BUY_SKIP [KRX] 006345 reason=DAILY_LOSS_LIMIT dailyPnl=-6.19%
2026-04-27 13:25:20 WARN  BUY_SKIP [KRX] 006345 reason=DAILY_LOSS_LIMIT dailyPnl=-6.19%
2026-04-27 13:26:06 WARN  BUY_SKIP [KRX] 006345 reason=DAILY_LOSS_LIMIT dailyPnl=-6.19%
2026-04-27 13:26:21 WARN  BUY_SKIP [KRX] 006345 reason=DAILY_LOSS_LIMIT dailyPnl=-6.19%
2026-04-27 13:52:21 WARN  BUY_SKIP [KRX] 006340 reason=DAILY_LOSS_LIMIT dailyPnl=-6.19%
2026-04-27 14:15:06 WARN  BUY_SKIP [KRX] 010170 reason=DAILY_LOSS_LIMIT dailyPnl=-6.19%
2026-04-27 14:15:21 WARN  BUY_SKIP [KRX] 010170 reason=DAILY_LOSS_LIMIT dailyPnl=-6.19%
2026-04-27 14:21:08 WARN  BUY_SKIP [KRX] 098460 reason=DAILY_LOSS_LIMIT dailyPnl=-6.19%
2026-04-27 14:21:23 WARN  BUY_SKIP [KRX] 098460 reason=DAILY_LOSS_LIMIT dailyPnl=-6.19%
2026-04-27 14:23:09 WARN  BUY_SKIP [KRX] 452190 reason=DAILY_LOSS_LIMIT dailyPnl=-6.19%
2026-04-27 14:23:24 WARN  BUY_SKIP [KRX] 452190 reason=DAILY_LOSS_LIMIT dailyPnl=-6.19%
2026-04-27 14:35:09 WARN  BUY_SKIP [KRX] 017510 reason=DAILY_LOSS_LIMIT dailyPnl=-6.19%
2026-04-27 14:35:24 WARN  BUY_SKIP [KRX] 017510 reason=DAILY_LOSS_LIMIT dailyPnl=-6.19%
2026-04-27 14:36:09 WARN  BUY_SKIP [KRX] 017510 reason=DAILY_LOSS_LIMIT dailyPnl=-6.19%
2026-04-27 14:36:24 WARN  BUY_SKIP [KRX] 017510 reason=DAILY_LOSS_LIMIT dailyPnl=-6.19%
2026-04-27 14:47:08 WARN  BUY_SKIP [KRX] 010170 reason=DAILY_LOSS_LIMIT dailyPnl=-6.19%
2026-04-27 14:47:23 WARN  BUY_SKIP [KRX] 010170 reason=DAILY_LOSS_LIMIT dailyPnl=-6.19%
2026-04-27 14:50:09 WARN  BUY_SKIP [KRX] 010170 reason=DAILY_LOSS_LIMIT dailyPnl=-6.19%
2026-04-27 14:50:24 WARN  BUY_SKIP [KRX] 010170 reason=DAILY_LOSS_LIMIT dailyPnl=-6.19%
2026-04-27 23:58:28 INFO  BUY amount set for SOXL: 300.00
2026-04-27 23:58:28 INFO  BUY amount set for SMCX: 300.00
2026-04-27 23:58:28 INFO  BUY amount set for SOXS: 300.00
2026-04-27 23:58:28 INFO  BUY amount set for NVDL: 300.00
2026-04-27 23:58:28 INFO  BUY amount set for SMU: 300.00
2026-04-27 23:58:28 INFO  BUY amount set for BAIG: 300.00
2026-04-27 23:58:28 INFO  BUY amount set for TSLL: 300.00
2026-04-27 23:58:28 INFO  BUY amount set for ETHU: 300.00
