2026-07-03 14:38:39 INFO  BUY amount set for 477850: 10000000.00
2026-07-03 14:38:39 INFO  BUY amount set for 005380: 10000000.00
2026-07-03 14:38:40 INFO  BUY amount set for 006340: 10000000.00
2026-07-03 14:38:40 INFO  BUY amount set for 005935: 10000000.00
2026-07-03 14:38:40 INFO  BUY amount set for 012450: 10000000.00
2026-07-03 14:38:40 INFO  BUY amount set for 036930: 10000000.00
2026-07-03 14:38:40 INFO  BUY amount set for 005930: 10000000.00
2026-07-03 14:38:40 INFO  BUY amount set for 402340: 10000000.00
2026-07-03 14:38:40 INFO  BUY amount set for 066570: 10000000.00
2026-07-03 14:38:40 INFO  BUY amount set for 403870: 10000000.00
2026-07-03 14:38:40 INFO  BUY amount set for 009150: 10000000.00
2026-07-03 14:38:40 INFO  BUY amount set for 010120: 10000000.00
2026-07-03 14:38:40 INFO  BUY amount set for 240810: 10000000.00
2026-07-03 14:38:40 INFO  BUY amount set for 055550: 10000000.00
2026-07-03 14:38:40 INFO  BUY amount set for 000660: 10000000.00
2026-07-03 14:38:41 INFO  BUY [KRX] 005935 mode=BREAKOUT price=140500.0000 qty=71 size=1.0000x score=85[A](CONV) | WHY: strongBreakout volBreakout retestOK multiUp vol(5.88x) | VWAP: 0.44%(ABOVE slope=UP) allowedGap=1.50% | TREND: score=3 vel=0.21%/0.14%/0.21% accel=true | VOL: 56553.0000/9617.4000 TO: 7945696500.0000/1348340445.0000 | HIGH: 140500.0000 fromHigh=0.00% | entryNo=1
2026-07-03 14:38:41 INFO  BUY_FILLED 005935 phase=HOLDING
2026-07-03 14:38:41 INFO  SELL [EOD_FORCE_SELL] 005935 pnl=-0.07% time=15:30
2026-07-03 14:38:41 INFO  BUY [KRX] 005380 mode=BREAKOUT price=497500.0000 qty=20 size=1.0000x score=85[A](CONV) | WHY: strongBreakout volBreakout retestOK multiUp vol(3.21x) | VWAP: 0.84%(ABOVE slope=UP) allowedGap=1.50% | TREND: score=3 vel=0.40%/0.30%/0.61% accel=true | VOL: 16366.0000/5098.4000 TO: 8142085000.0000/2515720550.0000 | HIGH: 497500.0000 fromHigh=0.00% | entryNo=1
2026-07-03 14:38:41 INFO  SELL_EXECUTED [KRX] 005935 mode=BREAKOUT phase=EXITING exitType=TIMESTOP price=140400.0000 qty=71 reason=EOD_FORCE_SELL pnl=-0.07% peakPnl=0.36% holdMs=19620000 high=141000.0000 avgPrice=140500.0000 weightedPnl=-0.07% (pending fill)
2026-07-03 14:38:41 INFO  BUY [KRX] 402340 mode=OPENING_RANGE_BREAKOUT price=622000.0000 qty=16 size=1.0000x score=70[D] | WHY: vwap=1.65% trend=3 vol(2.90x) | VWAP: 1.65%(ABOVE slope=UP) allowedGap=1.00% | TREND: score=3 vel=0.81%/0.48%/0.16% accel=true | VOL: 5160.0000/1779.0500 TO: 3209520000.0000/1104571250.0000 | HIGH: 625000.0000 fromHigh=-0.48% | entryNo=1
2026-07-03 14:38:41 INFO  BUY_FILLED 402340 phase=HOLDING
2026-07-03 14:38:41 INFO  BUY_FILLED 005380 phase=HOLDING
2026-07-03 14:38:41 INFO  SELL_FILLED_PNL 005935 reason=EOD_FORCE_SELL filledQty=71/71 fillRatio=1.00 weightedPnl=-0.07% dailyPnl=-0.07%
2026-07-03 14:38:41 INFO  SELL_EXECUTED [KRX] 402340 mode=OPENING_RANGE_BREAKOUT phase=EXITING exitType=PROFIT price=636000.0000 qty=16 reason=TAKE_PROFIT_OPENING_RANGE_BREAKOUT pnl=2.25% peakPnl=2.25% holdMs=8820000 high=636000.0000 avgPrice=622000.0000 weightedPnl=2.24% (pending fill)
2026-07-03 14:38:41 INFO  SELL_FILLED 005935 reason=EOD_FORCE_SELL remainingQty=0 phase=NONE exitType=TIMESTOP
2026-07-03 14:38:41 INFO  SELL [EOD_FORCE_SELL] 005380 pnl=-1.21% time=15:30
2026-07-03 14:38:41 INFO  BUY [KRX] 010120 mode=OPENING_RANGE_BREAKOUT price=189500.0000 qty=52 size=1.0000x score=75[C] | WHY: vwap=0.67% trend=3 vol(2.09x) | VWAP: 0.67%(ABOVE slope=UP) allowedGap=1.00% | TREND: score=3 vel=0.32%/0.26%/0.16% accel=true | VOL: 5611.0000/2684.0500 TO: 1063845600.0000/509039325.0000 | HIGH: 190500.0000 fromHigh=-0.47% | entryNo=1
2026-07-03 14:38:41 INFO  SELL_FILLED_PNL 402340 reason=TAKE_PROFIT_OPENING_RANGE_BREAKOUT filledQty=16/16 fillRatio=1.00 weightedPnl=2.24% dailyPnl=2.24%
2026-07-03 14:38:41 INFO  SELL_EXECUTED [KRX] 005380 mode=BREAKOUT phase=EXITING exitType=TIMESTOP price=491500.0000 qty=20 reason=EOD_FORCE_SELL pnl=-1.21% peakPnl=0.70% holdMs=20940000 high=501000.0000 avgPrice=497500.0000 weightedPnl=-1.20% (pending fill)
2026-07-03 14:38:41 INFO  BUY_FILLED 010120 phase=HOLDING
2026-07-03 14:38:41 INFO  SELL_FILLED 402340 reason=TAKE_PROFIT_OPENING_RANGE_BREAKOUT remainingQty=0 phase=NONE exitType=PROFIT
2026-07-03 14:38:41 INFO  SELL_FILLED_PNL 005380 reason=EOD_FORCE_SELL filledQty=20/20 fillRatio=1.00 weightedPnl=-1.20% dailyPnl=-1.20%
2026-07-03 14:38:41 INFO  SELL_FILLED 005380 reason=EOD_FORCE_SELL remainingQty=0 phase=NONE exitType=TIMESTOP
2026-07-03 14:38:41 INFO  SELL_EXECUTED [KRX] 010120 mode=OPENING_RANGE_BREAKOUT phase=EXITING exitType=STOPLOSS price=187100.0000 qty=52 reason=STOP_LOSS_OPENING_RANGE_BREAKOUT pnl=-1.32% peakPnl=0.00% holdMs=1440000 high=189600.0000 avgPrice=189600.0000 weightedPnl=-1.30% (pending fill)
2026-07-03 14:38:41 INFO  SELL_FILLED_PNL 010120 reason=STOP_LOSS_OPENING_RANGE_BREAKOUT filledQty=52/52 fillRatio=1.00 weightedPnl=-1.30% dailyPnl=-1.30%
2026-07-03 14:38:41 INFO  SELL_FILLED 010120 reason=STOP_LOSS_OPENING_RANGE_BREAKOUT remainingQty=0 phase=NONE exitType=STOPLOSS
2026-07-03 14:38:42 INFO  BUY [KRX] 066570 mode=BREAKOUT price=124000.0000 qty=80 size=1.0000x score=85[A](CONV) | WHY: strongBreakout volBreakout retestOK multiUp vol(2.57x) | VWAP: 0.72%(ABOVE slope=UP) allowedGap=1.50% | TREND: score=3 vel=0.40%/0.32%/0.49% accel=true | VOL: 8865.0000/3453.0500 TO: 1101033000.0000/426036530.0000 | HIGH: 124200.0000 fromHigh=0.00% | entryNo=1
2026-07-03 14:38:42 INFO  BUY_FILLED 066570 phase=HOLDING
2026-07-03 14:38:42 INFO  SELL_EXECUTED [KRX] 066570 mode=BREAKOUT phase=EXITING exitType=PROFIT price=127000.0000 qty=80 reason=TAKE_PROFIT_BREAKOUT pnl=2.09% peakPnl=2.09% holdMs=8820000 high=126800.0000 avgPrice=124200.0000 weightedPnl=2.08% (pending fill)
2026-07-03 14:38:42 INFO  SELL_FILLED_PNL 066570 reason=TAKE_PROFIT_BREAKOUT filledQty=80/80 fillRatio=1.00 weightedPnl=2.08% dailyPnl=2.08%
2026-07-03 14:38:42 INFO  SELL_FILLED 066570 reason=TAKE_PROFIT_BREAKOUT remainingQty=0 phase=NONE exitType=PROFIT
2026-07-03 14:38:42 INFO  BUY [KRX] 012450 mode=BREAKOUT price=1535000.0000 qty=6 size=1.0000x score=85[A](CONV) | WHY: strongBreakout volBreakout retestOK multiUp vol(4.39x) | VWAP: 0.93%(ABOVE slope=UP) allowedGap=1.50% | TREND: score=3 vel=0.39%/0.33%/0.52% accel=true | VOL: 2132.0000/486.1500 TO: 3272620000.0000/743407425.0000 | HIGH: 1535000.0000 fromHigh=0.00% | entryNo=1
2026-07-03 14:38:42 INFO  BUY_FILLED 012450 phase=HOLDING
2026-07-03 14:38:42 INFO  SELL_EXECUTED [KRX] 012450 mode=BREAKOUT phase=EXITING exitType=VWAP_BREAK price=1505000.0000 qty=6 reason=VWAP_BREAK pnl=-1.95% peakPnl=0.39% holdMs=13140000 high=1541000.0000 avgPrice=1535000.0000 weightedPnl=-1.80% (pending fill)
2026-07-03 14:38:42 INFO  SELL_FILLED_PNL 012450 reason=VWAP_BREAK filledQty=6/6 fillRatio=1.00 weightedPnl=-1.80% dailyPnl=-1.80%
2026-07-03 14:38:42 INFO  SELL_FILLED 012450 reason=VWAP_BREAK remainingQty=0 phase=NONE exitType=VWAP_BREAK
2026-07-03 14:38:43 INFO  BUY [KRX] 009150 mode=BREAKOUT price=782000.0000 qty=12 size=1.0000x score=85[A](CONV) | WHY: strongBreakout volBreakout retestOK multiUp vol(5.60x) | VWAP: 0.62%(ABOVE slope=UP) allowedGap=1.50% | TREND: score=3 vel=0.64%/0.51%/0.77% accel=true | VOL: 8676.0000/1548.2500 TO: 6784632000.0000/1204957300.0000 | HIGH: 783000.0000 fromHigh=-0.13% | entryNo=1
2026-07-03 14:38:43 INFO  BUY_FILLED 009150 phase=HOLDING
2026-07-03 14:38:43 INFO  SELL [EOD_FORCE_SELL] 009150 pnl=0.77% time=15:30
2026-07-03 14:38:43 INFO  SELL_EXECUTED [KRX] 009150 mode=BREAKOUT phase=EXITING exitType=TIMESTOP price=788000.0000 qty=12 reason=EOD_FORCE_SELL pnl=0.77% peakPnl=0.90% holdMs=18300000 high=789000.0000 avgPrice=782000.0000 weightedPnl=0.72% (pending fill)
2026-07-03 14:38:43 INFO  SELL_FILLED_PNL 009150 reason=EOD_FORCE_SELL filledQty=12/12 fillRatio=1.00 weightedPnl=0.72% dailyPnl=0.72%
2026-07-03 14:38:43 INFO  SELL_FILLED 009150 reason=EOD_FORCE_SELL remainingQty=0 phase=NONE exitType=TIMESTOP
2026-07-03 14:38:44 INFO  BUY [KRX] 009150 mode=BREAKOUT price=821000.0000 qty=9 size=0.8000x score=85[A](CONV) | WHY: strongBreakout volBreakout retestOK multiUp vol(2.25x) | VWAP: 0.73%(ABOVE slope=UP) allowedGap=1.50% | TREND: score=3 vel=0.61%/0.49%/0.49% accel=true | VOL: 5421.0000/2411.3000 TO: 4450641000.0000/1969790600.0000 | HIGH: 822000.0000 fromHigh=-0.12% | entryNo=1
2026-07-03 14:38:44 INFO  BUY_FILLED 009150 phase=HOLDING
2026-07-03 14:38:44 INFO  BUY [KRX] 000660 mode=BREAKOUT price=1319000.0000 qty=7 size=1.0000x score=85[A](CONV) | WHY: strongBreakout volBreakout retestOK multiUp vol(2.59x) | VWAP: 0.64%(ABOVE slope=UP) allowedGap=1.50% | TREND: score=3 vel=0.42%/0.19%/0.27% accel=true | VOL: 24493.0000/9468.4000 TO: 32294020500.0000/12427395275.0000 | HIGH: 1319000.0000 fromHigh=-0.04% | entryNo=1
2026-07-03 14:38:44 INFO  BUY_FILLED 000660 phase=HOLDING
2026-07-03 14:38:44 INFO  SELL [EOD_FORCE_SELL] 000660 pnl=-1.40% time=15:30
2026-07-03 14:38:44 INFO  SELL [EOD_FORCE_SELL] 009150 pnl=0.73% time=15:30
2026-07-03 14:38:44 INFO  SELL_EXECUTED [KRX] 000660 mode=BREAKOUT phase=EXITING exitType=TIMESTOP price=1300000.0000 qty=7 reason=EOD_FORCE_SELL pnl=-1.40% peakPnl=0.72% holdMs=20760000 high=1328000.0000 avgPrice=1318500.0000 weightedPnl=-1.30% (pending fill)
2026-07-03 14:38:44 INFO  SELL_EXECUTED [KRX] 009150 mode=BREAKOUT phase=EXITING exitType=TIMESTOP price=827000.0000 qty=9 reason=EOD_FORCE_SELL pnl=0.73% peakPnl=1.40% holdMs=21600000 high=832500.0000 avgPrice=821000.0000 weightedPnl=0.54% (pending fill)
2026-07-03 14:38:44 INFO  SELL_FILLED_PNL 000660 reason=EOD_FORCE_SELL filledQty=7/7 fillRatio=1.00 weightedPnl=-1.30% dailyPnl=-1.30%
2026-07-03 14:38:44 INFO  SELL_FILLED 000660 reason=EOD_FORCE_SELL remainingQty=0 phase=NONE exitType=TIMESTOP
2026-07-03 14:38:44 INFO  SELL_FILLED_PNL 009150 reason=EOD_FORCE_SELL filledQty=9/9 fillRatio=1.00 weightedPnl=0.54% dailyPnl=0.54%
2026-07-03 14:38:44 INFO  SELL_FILLED 009150 reason=EOD_FORCE_SELL remainingQty=0 phase=NONE exitType=TIMESTOP
2026-07-03 14:38:44 INFO  BUY amount set for 028260: 10000000.00
2026-07-03 14:38:44 INFO  BUY [KRX] 010120 mode=BREAKOUT price=241500.0000 qty=41 size=1.0000x score=85[A](CONV) | WHY: strongBreakout volBreakout retestOK multiUp vol(2.54x) | VWAP: 1.08%(ABOVE slope=UP) allowedGap=1.50% | TREND: score=3 vel=2.33%/2.11%/2.55% accel=true | VOL: 17204.0000/6777.9000 TO: 4154766000.0000/1612557912.5000 | HIGH: 241500.0000 fromHigh=0.00% | entryNo=1
2026-07-03 14:38:44 INFO  BUY_FILLED 010120 phase=HOLDING
2026-07-03 14:38:44 INFO  SELL_EXECUTED [KRX] 010120 mode=BREAKOUT phase=EXITING exitType=PROFIT price=246500.0000 qty=41 reason=TAKE_PROFIT_BREAKOUT pnl=2.07% peakPnl=2.07% holdMs=4020000 high=246500.0000 avgPrice=241500.0000 weightedPnl=2.05% (pending fill)
2026-07-03 14:38:44 INFO  SELL_FILLED_PNL 010120 reason=TAKE_PROFIT_BREAKOUT filledQty=41/41 fillRatio=1.00 weightedPnl=2.05% dailyPnl=2.05%
2026-07-03 14:38:44 INFO  SELL_FILLED 010120 reason=TAKE_PROFIT_BREAKOUT remainingQty=0 phase=NONE exitType=PROFIT
2026-07-03 14:38:46 INFO  BUY [KRX] 240810 mode=BREAKOUT price=112000.0000 qty=71 size=0.8000x score=85[A](CONV) | WHY: strongBreakout volBreakout retestOK multiUp vol(2.24x) | VWAP: 1.04%(ABOVE slope=UP) allowedGap=1.50% | TREND: score=3 vel=2.47%/2.10%/2.10% accel=true | VOL: 3328.0000/1485.9000 TO: 372403200.0000/163400865.0000 | HIGH: 111900.0000 fromHigh=0.00% | entryNo=1
2026-07-03 14:38:46 INFO  BUY_FILLED 240810 phase=HOLDING
2026-07-03 14:38:46 INFO  SELL_EXECUTED [KRX] 240810 mode=BREAKOUT phase=EXITING exitType=STOPLOSS price=110400.0000 qty=71 reason=FAILED_BREAKOUT pnl=-1.34% peakPnl=-0.18% holdMs=480000 high=111700.0000 avgPrice=111900.0000 weightedPnl=-1.07% (pending fill)
2026-07-03 14:38:46 INFO  SELL_FILLED_PNL 240810 reason=FAILED_BREAKOUT filledQty=71/71 fillRatio=1.00 weightedPnl=-1.07% dailyPnl=-1.07%
2026-07-03 14:38:46 INFO  SELL_FILLED 240810 reason=FAILED_BREAKOUT remainingQty=0 phase=NONE exitType=STOPLOSS
2026-07-03 14:38:46 INFO  BUY [KRX] 055550 mode=BREAKOUT price=96500.0000 qty=103 size=1.0000x score=85[A](CONV) | WHY: strongBreakout volBreakout retestOK multiUp vol(2.75x) | VWAP: 0.78%(ABOVE slope=UP) allowedGap=1.50% | TREND: score=3 vel=0.94%/0.84%/1.05% accel=true | VOL: 8045.0000/2930.2500 TO: 776342500.0000/281129510.0000 | HIGH: 96500.0000 fromHigh=0.00% | entryNo=1
2026-07-03 14:38:46 INFO  BUY_FILLED 055550 phase=HOLDING
2026-07-03 14:38:46 INFO  SELL_EXECUTED [KRX] 055550 mode=BREAKOUT phase=EXITING exitType=STOPLOSS price=94500.0000 qty=103 reason=STOP_LOSS_BREAKOUT pnl=-2.07% peakPnl=-0.10% holdMs=18900000 high=96400.0000 avgPrice=96500.0000 weightedPnl=-2.06% (pending fill)
2026-07-03 14:38:46 INFO  SELL_FILLED_PNL 055550 reason=STOP_LOSS_BREAKOUT filledQty=103/103 fillRatio=1.00 weightedPnl=-2.06% dailyPnl=-2.06%
2026-07-03 14:38:46 INFO  SELL_FILLED 055550 reason=STOP_LOSS_BREAKOUT remainingQty=0 phase=NONE exitType=STOPLOSS
2026-07-03 14:38:49 INFO  BUY amount set for 105560: 10000000.00
2026-07-03 14:38:50 INFO  BUY amount set for 006400: 10000000.00
2026-07-03 14:38:50 INFO  BUY amount set for 034020: 10000000.00
2026-07-03 14:38:50 INFO  BUY amount set for 035420: 10000000.00
2026-07-03 14:38:50 INFO  BUY amount set for 011070: 10000000.00
2026-07-03 14:38:50 INFO  BUY amount set for 034730: 10000000.00
2026-07-03 14:38:51 INFO  BUY amount set for 002990: 10000000.00
2026-07-03 14:38:51 INFO  BUY amount set for 298040: 10000000.00
2026-07-03 14:38:51 INFO  BUY amount set for 475150: 10000000.00
2026-07-03 14:38:51 INFO  BUY amount set for 012330: 10000000.00
2026-07-03 14:38:51 INFO  BUY amount set for 042700: 10000000.00
2026-07-03 14:38:52 INFO  BUY amount set for 064400: 10000000.00
2026-07-03 14:38:52 INFO  BUY amount set for 080220: 10000000.00
2026-07-03 14:38:52 INFO  BUY [KRX] 034730 mode=BREAKOUT price=373000.0000 qty=21 size=0.8000x score=85[A](CONV) | WHY: strongBreakout volBreakout retestOK multiUp vol(2.20x) | VWAP: 0.59%(ABOVE slope=UP) allowedGap=1.50% | TREND: score=3 vel=0.40%/0.27%/0.13% accel=true | VOL: 2035.0000/924.7000 TO: 759055000.0000/342901837.5000 | HIGH: 373500.0000 fromHigh=-0.13% | entryNo=1
2026-07-03 14:38:52 INFO  BUY_FILLED 034730 phase=HOLDING
2026-07-03 14:38:52 INFO  SELL_EXECUTED [KRX] 034730 mode=BREAKOUT phase=EXITING exitType=VWAP_BREAK price=369000.0000 qty=21 reason=VWAP_BREAK pnl=-1.07% peakPnl=0.94% holdMs=4260000 high=376500.0000 avgPrice=373000.0000 weightedPnl=-0.84% (pending fill)
2026-07-03 14:38:52 INFO  BUY amount set for 032830: 10000000.00
2026-07-03 14:38:52 INFO  SELL_FILLED_PNL 034730 reason=VWAP_BREAK filledQty=21/21 fillRatio=1.00 weightedPnl=-0.84% dailyPnl=-0.84%
2026-07-03 14:38:52 INFO  SELL_FILLED 034730 reason=VWAP_BREAK remainingQty=0 phase=NONE exitType=VWAP_BREAK
2026-07-03 14:38:53 INFO  BUY [KRX] 034730 mode=BREAKOUT price=373500.0000 qty=26 size=1.0000x score=85[A](CONV) | WHY: strongBreakout volBreakout retestOK multiUp vol(2.76x) | VWAP: 1.20%(ABOVE slope=UP) allowedGap=1.50% | TREND: score=3 vel=0.40%/0.27%/0.81% accel=true | VOL: 948.0000/343.5500 TO: 354078000.0000/127643250.0000 | HIGH: 374000.0000 fromHigh=-0.13% | entryNo=1
2026-07-03 14:38:53 INFO  BUY_FILLED 034730 phase=HOLDING
2026-07-03 14:38:53 INFO  SELL_EXECUTED [KRX] 034730 mode=BREAKOUT phase=EXITING exitType=PROFIT price=383000.0000 qty=26 reason=TAKE_PROFIT_BREAKOUT pnl=2.54% peakPnl=2.54% holdMs=10260000 high=383000.0000 avgPrice=373500.0000 weightedPnl=2.47% (pending fill)
2026-07-03 14:38:53 INFO  SELL_FILLED_PNL 034730 reason=TAKE_PROFIT_BREAKOUT filledQty=26/26 fillRatio=1.00 weightedPnl=2.47% dailyPnl=2.47%
2026-07-03 14:38:53 INFO  SELL_FILLED 034730 reason=TAKE_PROFIT_BREAKOUT remainingQty=0 phase=NONE exitType=PROFIT
2026-07-03 14:38:53 INFO  BUY [KRX] 064400 mode=BREAKOUT price=66500.0000 qty=150 size=1.0000x score=85[A](CONV) | WHY: strongBreakout volBreakout retestOK multiUp vol(2.36x) | VWAP: 0.80%(ABOVE slope=UP) allowedGap=1.50% | TREND: score=3 vel=0.61%/0.30%/1.06% accel=true | VOL: 12585.0000/5326.3500 TO: 836902500.0000/350774090.0000 | HIGH: 66600.0000 fromHigh=-0.15% | entryNo=1
2026-07-03 14:38:53 INFO  BUY_FILLED 064400 phase=HOLDING
2026-07-03 14:38:53 INFO  BUY [KRX] 032830 mode=BREAKOUT price=236000.0000 qty=42 size=1.0000x score=85[A](CONV) | WHY: strongBreakout volBreakout retestOK multiUp vol(2.73x) | VWAP: 0.58%(ABOVE slope=UP) allowedGap=1.50% | TREND: score=3 vel=0.64%/0.43%/0.43% accel=true | VOL: 2713.0000/994.6875 TO: 640268000.0000/233402093.7500 | HIGH: 236000.0000 fromHigh=0.00% | entryNo=1
2026-07-03 14:38:53 INFO  BUY_FILLED 032830 phase=HOLDING
2026-07-03 14:38:53 INFO  SELL_EXECUTED [KRX] 032830 mode=BREAKOUT phase=EXITING exitType=STOPLOSS price=234500.0000 qty=42 reason=FAILED_BREAKOUT pnl=-0.64% peakPnl=-0.64% holdMs=60000 high=234500.0000 avgPrice=236000.0000 weightedPnl=-0.63% (pending fill)
2026-07-03 14:38:53 INFO  SELL_FILLED_PNL 032830 reason=FAILED_BREAKOUT filledQty=42/42 fillRatio=1.00 weightedPnl=-0.63% dailyPnl=-0.63%
2026-07-03 14:38:53 INFO  SELL_FILLED 032830 reason=FAILED_BREAKOUT remainingQty=0 phase=NONE exitType=STOPLOSS
2026-07-03 14:38:53 INFO  SELL [EOD_FORCE_SELL] 064400 pnl=0.90% time=15:30
2026-07-03 14:38:54 INFO  SELL_EXECUTED [KRX] 064400 mode=BREAKOUT phase=EXITING exitType=TIMESTOP price=67100.0000 qty=150 reason=EOD_FORCE_SELL pnl=0.90% peakPnl=0.90% holdMs=21420000 high=67100.0000 avgPrice=66500.0000 weightedPnl=0.90% (pending fill)
2026-07-03 14:38:54 INFO  SELL_FILLED_PNL 064400 reason=EOD_FORCE_SELL filledQty=150/150 fillRatio=1.00 weightedPnl=0.90% dailyPnl=0.90%
2026-07-03 14:38:54 INFO  SELL_FILLED 064400 reason=EOD_FORCE_SELL remainingQty=0 phase=NONE exitType=TIMESTOP
2026-07-03 14:38:54 INFO  BUY amount set for 086520: 10000000.00
2026-07-03 14:38:54 INFO  BUY [KRX] 032830 mode=BREAKOUT price=255000.0000 qty=31 size=0.8000x score=85[A](CONV) | WHY: strongBreakout volBreakout retestOK multiUp vol(2.24x) | VWAP: 0.65%(ABOVE slope=UP) allowedGap=1.50% | TREND: score=3 vel=0.59%/0.39%/0.79% accel=true | VOL: 920.0000/411.4500 TO: 234600000.0000/104186775.0000 | HIGH: 255000.0000 fromHigh=0.00% | entryNo=1
2026-07-03 14:38:54 INFO  BUY_FILLED 032830 phase=HOLDING
2026-07-03 14:38:54 INFO  BUY [KRX] 105560 mode=BREAKOUT price=159000.0000 qty=62 size=1.0000x score=85[A](CONV) | WHY: strongBreakout volBreakout retestOK multiUp vol(3.02x) | VWAP: 0.91%(ABOVE slope=UP) allowedGap=1.50% | TREND: score=3 vel=0.25%/0.19%/0.51% accel=true | VOL: 16067.0000/5322.3500 TO: 2554653000.0000/842528255.0000 | HIGH: 159100.0000 fromHigh=-0.06% | entryNo=1
2026-07-03 14:38:54 INFO  BUY_FILLED 105560 phase=HOLDING
2026-07-03 14:38:55 INFO  SELL [EOD_FORCE_SELL] 105560 pnl=0.63% time=15:30
2026-07-03 14:38:55 INFO  SELL_EXECUTED [KRX] 105560 mode=BREAKOUT phase=EXITING exitType=TIMESTOP price=160000.0000 qty=62 reason=EOD_FORCE_SELL pnl=0.63% peakPnl=1.26% holdMs=21120000 high=161000.0000 avgPrice=159000.0000 weightedPnl=0.62% (pending fill)
2026-07-03 14:38:55 INFO  SELL [EOD_FORCE_SELL] 032830 pnl=-0.59% time=15:30
2026-07-03 14:38:55 INFO  SELL_FILLED_PNL 105560 reason=EOD_FORCE_SELL filledQty=62/62 fillRatio=1.00 weightedPnl=0.62% dailyPnl=0.62%
2026-07-03 14:38:55 INFO  SELL_EXECUTED [KRX] 032830 mode=BREAKOUT phase=EXITING exitType=TIMESTOP price=253500.0000 qty=31 reason=EOD_FORCE_SELL pnl=-0.59% peakPnl=0.78% holdMs=19320000 high=257000.0000 avgPrice=255000.0000 weightedPnl=-0.46% (pending fill)
2026-07-03 14:38:55 INFO  SELL_FILLED 105560 reason=EOD_FORCE_SELL remainingQty=0 phase=NONE exitType=TIMESTOP
2026-07-03 14:38:55 INFO  SELL_FILLED_PNL 032830 reason=EOD_FORCE_SELL filledQty=31/31 fillRatio=1.00 weightedPnl=-0.46% dailyPnl=-0.46%
2026-07-03 14:38:55 INFO  SELL_FILLED 032830 reason=EOD_FORCE_SELL remainingQty=0 phase=NONE exitType=TIMESTOP
2026-07-03 14:38:55 INFO  BUY [KRX] 034730 mode=BREAKOUT price=519000.0000 qty=19 size=1.0000x score=85[A](CONV) | WHY: strongBreakout volBreakout retestOK multiUp vol(3.00x) | VWAP: 1.18%(ABOVE slope=UP) allowedGap=1.50% | TREND: score=3 vel=0.58%/0.39%/0.78% accel=true | VOL: 2828.0000/943.6500 TO: 1467732000.0000/484447250.0000 | HIGH: 519000.0000 fromHigh=0.00% | entryNo=1
2026-07-03 14:38:55 INFO  BUY_FILLED 034730 phase=HOLDING
2026-07-03 14:38:55 INFO  SELL_EXECUTED [KRX] 034730 mode=BREAKOUT phase=EXITING exitType=PROFIT price=532000.0000 qty=19 reason=TAKE_PROFIT_BREAKOUT pnl=2.50% peakPnl=2.50% holdMs=4680000 high=532000.0000 avgPrice=519000.0000 weightedPnl=2.47% (pending fill)
2026-07-03 14:38:55 INFO  SELL_FILLED_PNL 034730 reason=TAKE_PROFIT_BREAKOUT filledQty=19/19 fillRatio=1.00 weightedPnl=2.47% dailyPnl=2.47%
2026-07-03 14:38:55 INFO  SELL_FILLED 034730 reason=TAKE_PROFIT_BREAKOUT remainingQty=0 phase=NONE exitType=PROFIT
2026-07-03 14:38:55 INFO  BUY [KRX] 011070 mode=BREAKOUT price=708000.0000 qty=11 size=0.8000x score=85[A](CONV) | WHY: strongBreakout volBreakout retestOK multiUp vol(2.27x) | VWAP: 1.19%(ABOVE slope=UP) allowedGap=1.50% | TREND: score=3 vel=0.85%/0.71%/1.29% accel=true | VOL: 2327.0000/1025.0000 TO: 1647516000.0000/714715400.0000 | HIGH: 709000.0000 fromHigh=-0.14% | entryNo=1
2026-07-03 14:38:55 INFO  BUY_FILLED 011070 phase=HOLDING
2026-07-03 14:38:55 INFO  SELL_EXECUTED [KRX] 011070 mode=BREAKOUT phase=EXITING exitType=STOPLOSS price=698000.0000 qty=11 reason=FAILED_BREAKOUT pnl=-1.41% peakPnl=0.14% holdMs=180000 high=709000.0000 avgPrice=708000.0000 weightedPnl=-1.10% (pending fill)
2026-07-03 14:38:55 INFO  SELL_FILLED_PNL 011070 reason=FAILED_BREAKOUT filledQty=11/11 fillRatio=1.00 weightedPnl=-1.10% dailyPnl=-1.10%
2026-07-03 14:38:55 INFO  SELL_FILLED 011070 reason=FAILED_BREAKOUT remainingQty=0 phase=NONE exitType=STOPLOSS
2026-07-03 14:38:55 INFO  BUY [KRX] 035420 mode=BREAKOUT price=199500.0000 qty=50 size=1.0000x score=85[A](CONV) | WHY: strongBreakout volBreakout retestOK multiUp vol(2.41x) | VWAP: 1.06%(ABOVE slope=UP) allowedGap=1.50% | TREND: score=3 vel=0.81%/0.66%/0.73% accel=true | VOL: 12916.0000/5364.4500 TO: 2576742000.0000/1063011955.0000 | HIGH: 199500.0000 fromHigh=0.00% | entryNo=1
2026-07-03 14:38:55 INFO  BUY_FILLED 035420 phase=HOLDING
2026-07-03 14:38:55 INFO  SELL [EOD_FORCE_SELL] 035420 pnl=0.00% time=15:30
2026-07-03 14:38:55 INFO  SELL_EXECUTED [KRX] 035420 mode=BREAKOUT phase=EXITING exitType=TIMESTOP price=199500.0000 qty=50 reason=EOD_FORCE_SELL pnl=0.00% peakPnl=1.00% holdMs=21480000 high=201500.0000 avgPrice=199500.0000 weightedPnl=0.00% (pending fill)
2026-07-03 14:38:55 INFO  SELL_FILLED 035420 reason=EOD_FORCE_SELL remainingQty=0 phase=NONE exitType=TIMESTOP
2026-07-03 14:38:56 INFO  BUY [KRX] 042700 mode=BREAKOUT price=381000.0000 qty=26 size=1.0000x score=85[A](CONV) | WHY: strongBreakout volBreakout retestOK multiUp vol(6.88x) | VWAP: 1.11%(ABOVE slope=UP) allowedGap=1.50% | TREND: score=3 vel=0.46%/0.40%/0.79% accel=true | VOL: 16790.0000/2438.6500 TO: 6396990000.0000/925189350.0000 | HIGH: 381500.0000 fromHigh=-0.13% | entryNo=1
2026-07-03 14:38:56 INFO  BUY_FILLED 042700 phase=HOLDING
2026-07-03 14:38:56 INFO  SELL_EXECUTED [KRX] 042700 mode=BREAKOUT phase=EXITING exitType=VWAP_BREAK price=373500.0000 qty=26 reason=VWAP_BREAK pnl=-1.97% peakPnl=0.26% holdMs=4860000 high=382000.0000 avgPrice=381000.0000 weightedPnl=-1.95% (pending fill)
2026-07-03 14:38:56 INFO  SELL_FILLED_PNL 042700 reason=VWAP_BREAK filledQty=26/26 fillRatio=1.00 weightedPnl=-1.95% dailyPnl=-1.95%
2026-07-03 14:38:56 INFO  SELL_FILLED 042700 reason=VWAP_BREAK remainingQty=0 phase=NONE exitType=VWAP_BREAK
2026-07-03 14:38:57 INFO  BUY [KRX] 034020 mode=BREAKOUT price=91000.0000 qty=109 size=1.0000x score=85[A](CONV) | WHY: strongBreakout volBreakout retestOK multiUp vol(2.38x) | VWAP: 0.92%(ABOVE slope=UP) allowedGap=1.50% | TREND: score=3 vel=1.00%/0.78%/0.89% accel=true | VOL: 16515.0000/6937.9000 TO: 1502865000.0000/625586125.0000 | HIGH: 91000.0000 fromHigh=0.00% | entryNo=1
2026-07-03 14:38:57 INFO  BUY_FILLED 034020 phase=HOLDING
2026-07-03 14:38:57 INFO  SELL_EXECUTED [KRX] 034020 mode=BREAKOUT phase=EXITING exitType=VWAP_BREAK price=89400.0000 qty=109 reason=VWAP_BREAK pnl=-1.76% peakPnl=0.88% holdMs=9600000 high=91800.0000 avgPrice=91000.0000 weightedPnl=-1.74% (pending fill)
2026-07-03 14:38:57 INFO  SELL_FILLED_PNL 034020 reason=VWAP_BREAK filledQty=109/109 fillRatio=1.00 weightedPnl=-1.74% dailyPnl=-1.74%
2026-07-03 14:38:57 INFO  SELL_FILLED 034020 reason=VWAP_BREAK remainingQty=0 phase=NONE exitType=VWAP_BREAK
2026-07-03 14:38:57 INFO  BUY [KRX] 086520 mode=BREAKOUT price=158000.0000 qty=63 size=1.0000x score=85[A](CONV) | WHY: strongBreakout volBreakout retestOK multiUp vol(2.46x) | VWAP: 1.01%(ABOVE slope=UP) allowedGap=1.50% | TREND: score=3 vel=0.51%/0.44%/0.76% accel=true | VOL: 9560.0000/3886.4500 TO: 1511436000.0000/610970380.0000 | HIGH: 158100.0000 fromHigh=0.00% | entryNo=1
2026-07-03 14:38:57 INFO  BUY_FILLED 086520 phase=HOLDING
2026-07-03 14:38:57 INFO  SELL [EOD_FORCE_SELL] 086520 pnl=-1.08% time=15:30
2026-07-03 14:38:57 INFO  SELL_EXECUTED [KRX] 086520 mode=BREAKOUT phase=EXITING exitType=TIMESTOP price=156400.0000 qty=63 reason=EOD_FORCE_SELL pnl=-1.08% peakPnl=0.06% holdMs=19920000 high=158200.0000 avgPrice=158100.0000 weightedPnl=-1.07% (pending fill)
2026-07-03 14:38:57 INFO  SELL_FILLED_PNL 086520 reason=EOD_FORCE_SELL filledQty=63/63 fillRatio=1.00 weightedPnl=-1.07% dailyPnl=-1.07%
2026-07-03 14:38:57 INFO  SELL_FILLED 086520 reason=EOD_FORCE_SELL remainingQty=0 phase=NONE exitType=TIMESTOP
2026-07-03 14:38:59 INFO  BUY [KRX] 034730 mode=BREAKOUT price=595000.0000 qty=13 size=0.8000x score=85[A](CONV) | WHY: strongBreakout volBreakout retestOK multiUp vol(2.04x) | VWAP: 0.61%(ABOVE slope=UP) allowedGap=1.50% | TREND: score=3 vel=2.23%/2.06%/0.85% accel=true | VOL: 2880.0000/1409.9474 TO: 1713600000.0000/833843000.0000 | HIGH: 596000.0000 fromHigh=-0.17% | entryNo=1
2026-07-03 14:38:59 INFO  BUY_FILLED 034730 phase=HOLDING
2026-07-03 14:38:59 INFO  SELL_EXECUTED [KRX] 034730 mode=BREAKOUT phase=EXITING exitType=STOPLOSS price=586000.0000 qty=13 reason=FAILED_BREAKOUT pnl=-1.51% peakPnl=-0.50% holdMs=180000 high=592000.0000 avgPrice=595000.0000 weightedPnl=-1.17% (pending fill)
2026-07-03 14:38:59 INFO  SELL_FILLED_PNL 034730 reason=FAILED_BREAKOUT filledQty=13/13 fillRatio=1.00 weightedPnl=-1.17% dailyPnl=-1.17%
2026-07-03 14:38:59 INFO  SELL_FILLED 034730 reason=FAILED_BREAKOUT remainingQty=0 phase=NONE exitType=STOPLOSS
2026-07-03 14:39:00 INFO  BUY amount set for 042660: 10000000.00
2026-07-03 14:39:00 INFO  BUY amount set for 068270: 10000000.00
2026-07-03 14:39:00 INFO  BUY amount set for 267260: 10000000.00
2026-07-03 14:39:00 INFO  BUY amount set for 079550: 10000000.00
2026-07-03 14:39:00 INFO  BUY amount set for 419050: 10000000.00
2026-07-03 14:39:01 INFO  BUY [KRX] 086520 mode=BREAKOUT price=108000.0000 qty=92 size=1.0000x score=85[A](CONV) | WHY: strongBreakout volBreakout retestOK multiUp vol(2.47x) | VWAP: 0.85%(ABOVE slope=UP) allowedGap=1.50% | TREND: score=3 vel=0.93%/0.74%/1.03% accel=true | VOL: 13167.0000/5338.1000 TO: 1424669400.0000/571538270.0000 | HIGH: 108400.0000 fromHigh=-0.18% | entryNo=1
2026-07-03 14:39:01 INFO  BUY_FILLED 086520 phase=HOLDING
2026-07-03 14:39:01 INFO  SELL_EXECUTED [KRX] 086520 mode=BREAKOUT phase=EXITING exitType=VWAP_BREAK price=106200.0000 qty=92 reason=VWAP_BREAK pnl=-1.85% peakPnl=1.02% holdMs=660000 high=109300.0000 avgPrice=108200.0000 weightedPnl=-1.84% (pending fill)
2026-07-03 14:39:01 INFO  SELL_FILLED_PNL 086520 reason=VWAP_BREAK filledQty=92/92 fillRatio=1.00 weightedPnl=-1.84% dailyPnl=-1.84%
2026-07-03 14:39:01 INFO  SELL_FILLED 086520 reason=VWAP_BREAK remainingQty=0 phase=NONE exitType=VWAP_BREAK
2026-07-03 14:39:02 INFO  BUY amount set for 196170: 10000000.00
2026-07-03 14:39:02 INFO  BUY [KRX] 267260 mode=BREAKOUT price=1064000.0000 qty=9 size=1.0000x score=85[A](CONV) | WHY: strongBreakout volBreakout retestOK multiUp vol(4.28x) | VWAP: 0.48%(ABOVE slope=UP) allowedGap=1.50% | TREND: score=3 vel=0.28%/0.19%/0.28% accel=true | VOL: 1411.0000/329.5500 TO: 1501304000.0000/349827100.0000 | HIGH: 1066000.0000 fromHigh=-0.19% | entryNo=1
2026-07-03 14:39:02 INFO  BUY_FILLED 267260 phase=HOLDING
2026-07-03 14:39:02 INFO  SELL_EXECUTED [KRX] 267260 mode=BREAKOUT phase=EXITING exitType=PROFIT price=1086000.0000 qty=9 reason=TAKE_PROFIT_BREAKOUT pnl=2.07% peakPnl=2.07% holdMs=14580000 high=1086000.0000 avgPrice=1064000.0000 weightedPnl=1.98% (pending fill)
2026-07-03 14:39:02 INFO  SELL_FILLED_PNL 267260 reason=TAKE_PROFIT_BREAKOUT filledQty=9/9 fillRatio=1.00 weightedPnl=1.98% dailyPnl=1.98%
2026-07-03 14:39:02 INFO  SELL_FILLED 267260 reason=TAKE_PROFIT_BREAKOUT remainingQty=0 phase=NONE exitType=PROFIT
2026-07-03 14:39:02 INFO  BUY [KRX] 068270 mode=BREAKOUT price=199000.0000 qty=50 size=1.0000x score=85[A](CONV) | WHY: strongBreakout volBreakout retestOK multiUp vol(7.07x) | VWAP: 0.95%(ABOVE slope=UP) allowedGap=1.50% | TREND: score=3 vel=0.72%/0.48%/0.48% accel=true | VOL: 16393.0000/2317.8500 TO: 3265682316.0000/458945469.3000 | HIGH: 199212.0000 fromHigh=0.00% | entryNo=1
2026-07-03 14:39:02 INFO  BUY_FILLED 068270 phase=HOLDING
2026-07-03 14:39:02 INFO  BUY [KRX] 042700 mode=BREAKOUT price=267000.0000 qty=37 size=1.0000x score=85[A](CONV) | WHY: strongBreakout volBreakout retestOK multiUp vol(2.32x) | VWAP: 0.99%(ABOVE slope=UP) allowedGap=1.50% | TREND: score=3 vel=0.75%/0.56%/1.14% accel=true | VOL: 4930.0000/2121.4000 TO: 1316310000.0000/559636475.0000 | HIGH: 267500.0000 fromHigh=-0.19% | entryNo=1
2026-07-03 14:39:02 INFO  SELL [EOD_FORCE_SELL] 068270 pnl=0.00% time=15:30
2026-07-03 14:39:02 INFO  BUY_FILLED 042700 phase=HOLDING
2026-07-03 14:39:02 INFO  SELL_EXECUTED [KRX] 068270 mode=BREAKOUT phase=EXITING exitType=TIMESTOP price=199212.0000 qty=50 reason=EOD_FORCE_SELL pnl=0.00% peakPnl=1.20% holdMs=19260000 high=201595.0000 avgPrice=199212.0000 weightedPnl=0.00% (pending fill)
2026-07-03 14:39:02 INFO  SELL_FILLED 068270 reason=EOD_FORCE_SELL remainingQty=0 phase=NONE exitType=TIMESTOP
2026-07-03 14:39:03 INFO  SELL_EXECUTED [KRX] 042700 mode=BREAKOUT phase=EXITING exitType=VWAP_BREAK price=262000.0000 qty=37 reason=VWAP_BREAK pnl=-1.87% peakPnl=1.12% holdMs=3360000 high=270000.0000 avgPrice=267000.0000 weightedPnl=-1.85% (pending fill)
2026-07-03 14:39:03 INFO  SELL_FILLED_PNL 042700 reason=VWAP_BREAK filledQty=37/37 fillRatio=1.00 weightedPnl=-1.85% dailyPnl=-1.85%
2026-07-03 14:39:03 INFO  SELL_FILLED 042700 reason=VWAP_BREAK remainingQty=0 phase=NONE exitType=VWAP_BREAK
2026-07-03 14:39:03 INFO  BUY amount set for 000270: 10000000.00
2026-07-03 14:39:03 INFO  BUY amount set for 028050: 10000000.00
2026-07-03 14:39:03 INFO  BUY [KRX] 064400 mode=OPENING_RANGE_BREAKOUT price=76500.0000 qty=130 size=1.0000x score=75[C] | WHY: vwap=0.86% trend=3 vol(2.13x) | VWAP: 0.86%(ABOVE slope=UP) allowedGap=1.00% | TREND: score=3 vel=0.79%/0.39%/0.53% accel=true | VOL: 6463.0000/3027.8000 TO: 494419500.0000/231233125.0000 | HIGH: 77100.0000 fromHigh=-0.78% | entryNo=1
2026-07-03 14:39:03 INFO  BUY_FILLED 064400 phase=HOLDING
2026-07-03 14:39:03 INFO  SELL [TRAIL_OPENING_RANGE_BREAKOUT] 064400 pnl=0.13% peakPnl=1.70% high=77800.0000 current=76600.0000
2026-07-03 14:39:03 INFO  SELL_EXECUTED [KRX] 064400 mode=OPENING_RANGE_BREAKOUT phase=EXITING exitType=TRAIL price=76600.0000 qty=130 reason=TRAIL_OPENING_RANGE_BREAKOUT pnl=0.13% peakPnl=1.70% holdMs=5640000 high=77800.0000 avgPrice=76500.0000 weightedPnl=0.13% (pending fill)
2026-07-03 14:39:03 INFO  SELL_FILLED_PNL 064400 reason=TRAIL_OPENING_RANGE_BREAKOUT filledQty=130/130 fillRatio=1.00 weightedPnl=0.13% dailyPnl=0.13%
2026-07-03 14:39:03 INFO  SELL_FILLED 064400 reason=TRAIL_OPENING_RANGE_BREAKOUT remainingQty=0 phase=NONE exitType=TRAIL
2026-07-03 14:39:03 INFO  BUY amount set for 373220: 10000000.00
2026-07-03 14:39:04 INFO  BUY [KRX] 373220 mode=BREAKOUT price=414500.0000 qty=19 size=0.8000x score=85[A](CONV) | WHY: strongBreakout volBreakout retestOK multiUp vol(2.26x) | VWAP: 1.13%(ABOVE slope=UP) allowedGap=1.50% | TREND: score=3 vel=0.61%/0.30%/0.73% accel=true | VOL: 6286.0000/2786.4000 TO: 2605547000.0000/1142968000.0000 | HIGH: 414500.0000 fromHigh=0.00% | entryNo=1
2026-07-03 14:39:04 INFO  BUY_FILLED 373220 phase=HOLDING
2026-07-03 14:39:04 INFO  BUY amount set for 086790: 10000000.00
2026-07-03 14:39:04 INFO  BUY amount set for 007660: 10000000.00
2026-07-03 14:39:04 INFO  SELL [EOD_FORCE_SELL] 373220 pnl=1.57% time=15:30
2026-07-03 14:39:04 INFO  SELL_EXECUTED [KRX] 373220 mode=BREAKOUT phase=EXITING exitType=TIMESTOP price=421000.0000 qty=19 reason=EOD_FORCE_SELL pnl=1.57% peakPnl=1.81% holdMs=22200000 high=422000.0000 avgPrice=414500.0000 weightedPnl=1.23% (pending fill)
2026-07-03 14:39:04 INFO  SELL_FILLED_PNL 373220 reason=EOD_FORCE_SELL filledQty=19/19 fillRatio=1.00 weightedPnl=1.23% dailyPnl=1.23%
2026-07-03 14:39:04 INFO  SELL_FILLED 373220 reason=EOD_FORCE_SELL remainingQty=0 phase=NONE exitType=TIMESTOP
2026-07-03 14:39:04 INFO  BUY amount set for 329180: 10000000.00
2026-07-03 14:39:05 INFO  BUY [KRX] 000270 mode=BREAKOUT price=160000.0000 qty=62 size=1.0000x score=85[A](CONV) | WHY: strongBreakout volBreakout retestOK multiUp vol(3.38x) | VWAP: 1.19%(ABOVE slope=UP) allowedGap=1.50% | TREND: score=3 vel=0.25%/0.19%/0.19% accel=true | VOL: 7985.0000/2363.7500 TO: 1278398500.0000/377349090.0000 | HIGH: 160300.0000 fromHigh=-0.12% | entryNo=1
2026-07-03 14:39:05 INFO  BUY_FILLED 000270 phase=HOLDING
2026-07-03 14:39:05 INFO  BUY amount set for 153890: 10000000.00
2026-07-03 14:39:05 INFO  BUY amount set for 278470: 10000000.00
2026-07-03 14:39:05 INFO  SELL [EOD_FORCE_SELL] 000270 pnl=-1.69% time=15:30
2026-07-03 14:39:05 INFO  SELL_EXECUTED [KRX] 000270 mode=BREAKOUT phase=EXITING exitType=TIMESTOP price=157400.0000 qty=62 reason=EOD_FORCE_SELL pnl=-1.69% peakPnl=-0.12% holdMs=19140000 high=159900.0000 avgPrice=160100.0000 weightedPnl=-1.67% (pending fill)
2026-07-03 14:39:05 INFO  SELL_FILLED_PNL 000270 reason=EOD_FORCE_SELL filledQty=62/62 fillRatio=1.00 weightedPnl=-1.67% dailyPnl=-1.67%
2026-07-03 14:39:05 INFO  SELL_FILLED 000270 reason=EOD_FORCE_SELL remainingQty=0 phase=NONE exitType=TIMESTOP
2026-07-03 14:39:06 INFO  BUY amount set for 353200: 10000000.00
2026-07-03 14:39:06 INFO  BUY [KRX] 373220 mode=BREAKOUT price=430000.0000 qty=18 size=0.8000x score=85[A](CONV) | WHY: strongBreakout volBreakout retestOK multiUp vol(2.16x) | VWAP: 1.02%(ABOVE slope=UP) allowedGap=1.50% | TREND: score=3 vel=0.58%/0.35%/0.23% accel=true | VOL: 9694.0000/4485.1500 TO: 4168420000.0000/1917046537.5000 | HIGH: 430000.0000 fromHigh=0.00% | entryNo=1
2026-07-03 14:39:06 INFO  BUY_FILLED 373220 phase=HOLDING
2026-07-03 14:39:06 INFO  SELL [EOD_FORCE_SELL] 373220 pnl=-0.23% time=15:30
2026-07-03 14:39:06 INFO  SELL_EXECUTED [KRX] 373220 mode=BREAKOUT phase=EXITING exitType=TIMESTOP price=429000.0000 qty=18 reason=EOD_FORCE_SELL pnl=-0.23% peakPnl=1.16% holdMs=21540000 high=435000.0000 avgPrice=430000.0000 weightedPnl=-0.18% (pending fill)
2026-07-03 14:39:06 INFO  SELL_FILLED_PNL 373220 reason=EOD_FORCE_SELL filledQty=18/18 fillRatio=1.00 weightedPnl=-0.18% dailyPnl=-0.18%
2026-07-03 14:39:06 INFO  SELL_FILLED 373220 reason=EOD_FORCE_SELL remainingQty=0 phase=NONE exitType=TIMESTOP
2026-07-03 14:39:07 INFO  BUY amount set for 002780: 10000000.00
2026-07-03 14:39:07 INFO  BUY [KRX] 353200 mode=BREAKOUT price=90000.0000 qty=111 size=1.0000x score=85[A](CONV) | WHY: strongBreakout volBreakout retestOK multiUp vol(2.78x) | VWAP: 0.80%(ABOVE slope=UP) allowedGap=1.50% | TREND: score=3 vel=0.67%/0.56%/0.45% accel=true | VOL: 5995.0000/2155.2500 TO: 539550000.0000/192412720.0000 | HIGH: 90000.0000 fromHigh=0.00% | entryNo=1
2026-07-03 14:39:07 INFO  BUY_FILLED 353200 phase=HOLDING
2026-07-03 14:39:07 INFO  SELL_EXECUTED [KRX] 353200 mode=BREAKOUT phase=EXITING exitType=STOPLOSS price=89100.0000 qty=111 reason=FAILED_BREAKOUT pnl=-1.00% peakPnl=-0.22% holdMs=420000 high=89800.0000 avgPrice=90000.0000 weightedPnl=-1.00% (pending fill)
2026-07-03 14:39:07 INFO  SELL_FILLED_PNL 353200 reason=FAILED_BREAKOUT filledQty=111/111 fillRatio=1.00 weightedPnl=-1.00% dailyPnl=-1.00%
2026-07-03 14:39:07 INFO  SELL_FILLED 353200 reason=FAILED_BREAKOUT remainingQty=0 phase=NONE exitType=STOPLOSS
2026-07-03 14:39:07 INFO  BUY [KRX] 068270 mode=BREAKOUT price=162500.0000 qty=49 size=0.8000x score=85[A](CONV) | WHY: strongBreakout volBreakout retestOK multiUp vol(2.17x) | VWAP: 0.76%(ABOVE slope=UP) allowedGap=1.50% | TREND: score=3 vel=0.43%/0.40%/0.56% accel=true | VOL: 2009.0000/925.1500 TO: 326060700.0000/149366950.0000 | HIGH: 162400.0000 fromHigh=-0.06% | entryNo=1
2026-07-03 14:39:07 INFO  BUY_FILLED 068270 phase=HOLDING
2026-07-03 14:39:07 INFO  SELL_EXECUTED [KRX] 068270 mode=BREAKOUT phase=EXITING exitType=PROFIT price=165500.0000 qty=49 reason=TAKE_PROFIT_BREAKOUT pnl=2.03% peakPnl=2.03% holdMs=4980000 high=165600.0000 avgPrice=162300.0000 weightedPnl=1.62% (pending fill)
2026-07-03 14:39:07 INFO  SELL_FILLED_PNL 068270 reason=TAKE_PROFIT_BREAKOUT filledQty=49/49 fillRatio=1.00 weightedPnl=1.62% dailyPnl=1.62%
2026-07-03 14:39:07 INFO  BUY amount set for 003490: 10000000.00
2026-07-03 14:39:07 INFO  SELL_FILLED 068270 reason=TAKE_PROFIT_BREAKOUT remainingQty=0 phase=NONE exitType=PROFIT
2026-07-03 14:39:08 INFO  BUY [KRX] 079550 mode=BREAKOUT price=704000.0000 qty=11 size=0.8000x score=85[A](CONV) | WHY: strongBreakout volBreakout retestOK multiUp vol(2.06x) | VWAP: 0.75%(ABOVE slope=UP) allowedGap=1.50% | TREND: score=3 vel=1.59%/1.44%/1.73% accel=true | VOL: 1731.0000/838.6500 TO: 1218624000.0000/578703850.0000 | HIGH: 705000.0000 fromHigh=-0.14% | entryNo=1
2026-07-03 14:39:08 INFO  BUY_FILLED 079550 phase=HOLDING
2026-07-03 14:39:08 INFO  SELL [BREAKEVEN_GUARD] 079550 pnl=0.28% peakPnl=1.70% holdMs=720000
2026-07-03 14:39:08 INFO  SELL_EXECUTED [KRX] 079550 mode=BREAKOUT phase=EXITING exitType=TRAIL price=706000.0000 qty=11 reason=BREAKEVEN_GUARD pnl=0.28% peakPnl=1.70% holdMs=720000 high=716000.0000 avgPrice=704000.0000 weightedPnl=0.22% (pending fill)
2026-07-03 14:39:08 INFO  SELL_FILLED_PNL 079550 reason=BREAKEVEN_GUARD filledQty=11/11 fillRatio=1.00 weightedPnl=0.22% dailyPnl=0.22%
2026-07-03 14:39:08 INFO  SELL_FILLED 079550 reason=BREAKEVEN_GUARD remainingQty=0 phase=NONE exitType=TRAIL
2026-07-03 14:39:09 INFO  BUY [KRX] 003490 mode=BREAKOUT price=25200.0000 qty=396 size=1.0000x score=85[A](CONV) | WHY: strongBreakout volBreakout retestOK multiUp vol(6.58x) | VWAP: 0.47%(ABOVE slope=UP) allowedGap=1.50% | TREND: score=3 vel=0.40%/0.20%/0.40% accel=true | VOL: 17489.0000/2657.6500 TO: 440722800.0000/66796652.5000 | HIGH: 25200.0000 fromHigh=0.00% | entryNo=1
2026-07-03 14:39:09 INFO  BUY_FILLED 003490 phase=HOLDING
2026-07-03 14:39:09 INFO  SELL [EOD_FORCE_SELL] 003490 pnl=-0.60% time=15:30
2026-07-03 14:39:09 INFO  SELL_EXECUTED [KRX] 003490 mode=BREAKOUT phase=EXITING exitType=TIMESTOP price=25050.0000 qty=396 reason=EOD_FORCE_SELL pnl=-0.60% peakPnl=0.00% holdMs=19500000 high=25200.0000 avgPrice=25200.0000 weightedPnl=-0.59% (pending fill)
2026-07-03 14:39:09 INFO  SELL_FILLED_PNL 003490 reason=EOD_FORCE_SELL filledQty=396/396 fillRatio=1.00 weightedPnl=-0.59% dailyPnl=-0.59%
2026-07-03 14:39:09 INFO  SELL_FILLED 003490 reason=EOD_FORCE_SELL remainingQty=0 phase=NONE exitType=TIMESTOP
2026-07-03 14:39:10 INFO  BUY [KRX] 003490 mode=BREAKOUT price=24950.0000 qty=400 size=1.0000x score=85[A](CONV) | WHY: strongBreakout volBreakout retestOK multiUp vol(2.36x) | VWAP: 0.85%(ABOVE slope=UP) allowedGap=1.50% | TREND: score=3 vel=0.40%/0.20%/0.20% accel=true | VOL: 7018.0000/2974.9500 TO: 175099100.0000/73973816.2500 | HIGH: 24950.0000 fromHigh=0.00% | entryNo=1
2026-07-03 14:39:10 INFO  BUY_FILLED 003490 phase=HOLDING
2026-07-03 14:39:10 INFO  BUY amount set for 347850: 10000000.00
2026-07-03 14:39:10 INFO  SELL [EOD_FORCE_SELL] 003490 pnl=-0.40% time=15:30
2026-07-03 14:39:10 INFO  SELL_EXECUTED [KRX] 003490 mode=BREAKOUT phase=EXITING exitType=TIMESTOP price=24850.0000 qty=400 reason=EOD_FORCE_SELL pnl=-0.40% peakPnl=0.20% holdMs=18120000 high=25000.0000 avgPrice=24950.0000 weightedPnl=-0.40% (pending fill)
2026-07-03 14:39:10 INFO  SELL_FILLED_PNL 003490 reason=EOD_FORCE_SELL filledQty=400/400 fillRatio=1.00 weightedPnl=-0.40% dailyPnl=-0.40%
2026-07-03 14:39:10 INFO  SELL_FILLED 003490 reason=EOD_FORCE_SELL remainingQty=0 phase=NONE exitType=TIMESTOP
2026-07-03 14:39:11 INFO  BUY amount set for 006800: 10000000.00
2026-07-03 14:39:11 INFO  BUY [KRX] 347850 mode=OPENING_RANGE_BREAKOUT price=79400.0000 qty=125 size=1.0000x score=70[D] | WHY: vwap=1.35% trend=3 vol(10.40x) | VWAP: 1.35%(ABOVE slope=UP) allowedGap=1.00% | TREND: score=3 vel=1.53%/1.28%/1.15% accel=true | VOL: 26012.0000/2501.8000 TO: 2065352800.0000/197246050.0000 | HIGH: 79800.0000 fromHigh=-0.50% | entryNo=1
2026-07-03 14:39:11 INFO  BUY_FILLED 347850 phase=HOLDING
2026-07-03 14:39:11 INFO  SELL_EXECUTED [KRX] 347850 mode=OPENING_RANGE_BREAKOUT phase=EXITING exitType=PROFIT price=81900.0000 qty=125 reason=TAKE_PROFIT_OPENING_RANGE_BREAKOUT pnl=3.15% peakPnl=3.15% holdMs=120000 high=81900.0000 avgPrice=79400.0000 weightedPnl=3.13% (pending fill)
2026-07-03 14:39:11 INFO  SELL_FILLED_PNL 347850 reason=TAKE_PROFIT_OPENING_RANGE_BREAKOUT filledQty=125/125 fillRatio=1.00 weightedPnl=3.13% dailyPnl=3.13%
2026-07-03 14:39:11 INFO  SELL_FILLED 347850 reason=TAKE_PROFIT_OPENING_RANGE_BREAKOUT remainingQty=0 phase=NONE exitType=PROFIT
2026-07-03 14:39:12 INFO  BUY [KRX] 347850 mode=BREAKOUT price=80800.0000 qty=99 size=0.8000x score=85[A](CONV) | WHY: strongBreakout volBreakout retestOK multiUp vol(2.15x) | VWAP: 1.11%(ABOVE slope=UP) allowedGap=1.50% | TREND: score=3 vel=0.75%/0.62%/0.62% accel=true | VOL: 3017.0000/1404.8000 TO: 243773600.0000/112735735.0000 | HIGH: 80900.0000 fromHigh=-0.12% | entryNo=1
2026-07-03 14:39:12 INFO  BUY_FILLED 347850 phase=HOLDING
2026-07-03 14:39:12 INFO  SELL_EXECUTED [KRX] 347850 mode=BREAKOUT phase=EXITING exitType=PROFIT price=82500.0000 qty=99 reason=TAKE_PROFIT_BREAKOUT pnl=2.10% peakPnl=2.10% holdMs=720000 high=82500.0000 avgPrice=80800.0000 weightedPnl=1.68% (pending fill)
2026-07-03 14:39:12 INFO  SELL_FILLED_PNL 347850 reason=TAKE_PROFIT_BREAKOUT filledQty=99/99 fillRatio=1.00 weightedPnl=1.68% dailyPnl=1.68%
2026-07-03 14:39:12 INFO  SELL_FILLED 347850 reason=TAKE_PROFIT_BREAKOUT remainingQty=0 phase=NONE exitType=PROFIT
2026-07-03 14:39:12 INFO  BUY [KRX] 347850 mode=OPENING_RANGE_BREAKOUT price=82400.0000 qty=121 size=1.0000x score=70[D] | WHY: vwap=1.44% trend=3 vol(2.49x) | VWAP: 1.44%(ABOVE slope=UP) allowedGap=1.00% | TREND: score=3 vel=0.73%/0.49%/0.86% accel=true | VOL: 11207.0000/4492.3000 TO: 923456800.0000/368645445.0000 | HIGH: 82800.0000 fromHigh=-0.48% | entryNo=2
2026-07-03 14:39:12 INFO  BUY_FILLED 347850 phase=HOLDING
2026-07-03 14:39:12 INFO  SELL_EXECUTED [KRX] 347850 mode=OPENING_RANGE_BREAKOUT phase=EXITING exitType=PROFIT price=84100.0000 qty=121 reason=TAKE_PROFIT_OPENING_RANGE_BREAKOUT pnl=2.06% peakPnl=2.06% holdMs=840000 high=84100.0000 avgPrice=82400.0000 weightedPnl=2.06% (pending fill)
2026-07-03 14:39:12 INFO  SELL_FILLED_PNL 347850 reason=TAKE_PROFIT_OPENING_RANGE_BREAKOUT filledQty=121/121 fillRatio=1.00 weightedPnl=2.06% dailyPnl=3.74%
2026-07-03 14:39:12 INFO  SELL_FILLED 347850 reason=TAKE_PROFIT_OPENING_RANGE_BREAKOUT remainingQty=0 phase=NONE exitType=PROFIT
2026-07-03 14:39:13 INFO  BUY [KRX] 003490 mode=BREAKOUT price=27100.0000 qty=369 size=1.0000x score=85[A](CONV) | WHY: strongBreakout volBreakout retestOK multiUp vol(2.47x) | VWAP: 0.96%(ABOVE slope=UP) allowedGap=1.50% | TREND: score=3 vel=0.56%/0.37%/0.18% accel=true | VOL: 48721.0000/19722.6000 TO: 1320339100.0000/532611617.5000 | HIGH: 27100.0000 fromHigh=0.00% | entryNo=1
2026-07-03 14:39:13 INFO  BUY_FILLED 003490 phase=HOLDING
2026-07-03 14:39:13 INFO  SELL_EXECUTED [KRX] 003490 mode=BREAKOUT phase=EXITING exitType=VWAP_BREAK price=26600.0000 qty=369 reason=VWAP_BREAK pnl=-1.85% peakPnl=0.55% holdMs=6420000 high=27250.0000 avgPrice=27100.0000 weightedPnl=-1.85% (pending fill)
2026-07-03 14:39:13 INFO  SELL_FILLED_PNL 003490 reason=VWAP_BREAK filledQty=369/369 fillRatio=1.00 weightedPnl=-1.85% dailyPnl=-1.85%
2026-07-03 14:39:13 INFO  SELL_FILLED 003490 reason=VWAP_BREAK remainingQty=0 phase=NONE exitType=VWAP_BREAK
2026-07-03 14:39:13 INFO  BUY [KRX] 003490 mode=BREAKOUT price=27300.0000 qty=293 size=0.8000x score=85[A](CONV) | WHY: strongBreakout volBreakout retestOK multiUp vol(2.22x) | VWAP: 0.98%(ABOVE slope=UP) allowedGap=1.50% | TREND: score=3 vel=0.74%/0.55%/0.92% accel=true | VOL: 16805.0000/7584.6000 TO: 458776500.0000/205350090.0000 | HIGH: 27350.0000 fromHigh=-0.18% | entryNo=1
2026-07-03 14:39:13 INFO  BUY_FILLED 003490 phase=HOLDING
2026-07-03 14:39:13 INFO  SELL_EXECUTED [KRX] 003490 mode=BREAKOUT phase=EXITING exitType=STOPLOSS price=26950.0000 qty=293 reason=FAILED_BREAKOUT pnl=-1.28% peakPnl=-0.18% holdMs=360000 high=27250.0000 avgPrice=27300.0000 weightedPnl=-1.03% (pending fill)
2026-07-03 14:39:13 INFO  SELL_FILLED_PNL 003490 reason=FAILED_BREAKOUT filledQty=293/293 fillRatio=1.00 weightedPnl=-1.03% dailyPnl=-1.03%
2026-07-03 14:39:13 INFO  SELL_FILLED 003490 reason=FAILED_BREAKOUT remainingQty=0 phase=NONE exitType=STOPLOSS
2026-07-03 14:39:13 INFO  BUY [KRX] 329180 mode=BREAKOUT price=622000.0000 qty=16 size=1.0000x score=85[A](CONV) | WHY: strongBreakout volBreakout retestOK multiUp vol(2.39x) | VWAP: 0.78%(ABOVE slope=UP) allowedGap=1.50% | TREND: score=3 vel=0.81%/0.32%/0.97% accel=true | VOL: 2016.0000/842.7000 TO: 1253952000.0000/520505600.0000 | HIGH: 622000.0000 fromHigh=0.00% | entryNo=1
2026-07-03 14:39:13 INFO  BUY_FILLED 329180 phase=HOLDING
2026-07-03 14:39:13 INFO  SELL_EXECUTED [KRX] 329180 mode=BREAKOUT phase=EXITING exitType=PROFIT price=636000.0000 qty=16 reason=TAKE_PROFIT_BREAKOUT pnl=2.25% peakPnl=2.25% holdMs=1980000 high=636000.0000 avgPrice=622000.0000 weightedPnl=2.24% (pending fill)
2026-07-03 14:39:13 INFO  SELL_FILLED_PNL 329180 reason=TAKE_PROFIT_BREAKOUT filledQty=16/16 fillRatio=1.00 weightedPnl=2.24% dailyPnl=2.24%
2026-07-03 14:39:13 INFO  SELL_FILLED 329180 reason=TAKE_PROFIT_BREAKOUT remainingQty=0 phase=NONE exitType=PROFIT
2026-07-03 14:39:14 INFO  BUY [KRX] 006800 mode=BREAKOUT price=67400.0000 qty=148 size=1.0000x score=85[A](CONV) | WHY: strongBreakout volBreakout retestOK multiUp vol(3.00x) | VWAP: 0.69%(ABOVE slope=UP) allowedGap=1.50% | TREND: score=3 vel=0.45%/0.30%/0.45% accel=true | VOL: 43450.0000/14463.6000 TO: 2928530000.0000/970899560.0000 | HIGH: 67500.0000 fromHigh=-0.15% | entryNo=1
2026-07-03 14:39:14 INFO  BUY_FILLED 006800 phase=HOLDING
2026-07-03 14:39:14 INFO  SELL_EXECUTED [KRX] 006800 mode=BREAKOUT phase=EXITING exitType=PROFIT price=69000.0000 qty=148 reason=TAKE_PROFIT_BREAKOUT pnl=2.37% peakPnl=2.37% holdMs=4560000 high=69000.0000 avgPrice=67400.0000 weightedPnl=2.37% (pending fill)
2026-07-03 14:39:14 INFO  SELL_FILLED_PNL 006800 reason=TAKE_PROFIT_BREAKOUT filledQty=148/148 fillRatio=1.00 weightedPnl=2.37% dailyPnl=2.37%
2026-07-03 14:39:14 INFO  SELL_FILLED 006800 reason=TAKE_PROFIT_BREAKOUT remainingQty=0 phase=NONE exitType=PROFIT
2026-07-03 16:09:39 INFO  BUY amount set for 012450: 10000000.00
2026-07-03 16:09:39 INFO  BUY amount set for 005935: 10000000.00
2026-07-03 16:09:40 INFO  BUY amount set for 028260: 10000000.00
2026-07-03 16:09:40 INFO  BUY amount set for 009150: 10000000.00
2026-07-03 16:09:40 INFO  BUY amount set for 036930: 10000000.00
2026-07-03 16:09:40 INFO  BUY amount set for 006340: 10000000.00
2026-07-03 16:09:40 INFO  BUY amount set for 000660: 10000000.00
2026-07-03 16:09:40 INFO  BUY amount set for 005380: 10000000.00
2026-07-03 16:09:40 INFO  BUY amount set for 402340: 10000000.00
2026-07-03 16:09:40 INFO  BUY amount set for 005930: 10000000.00
2026-07-03 16:09:40 INFO  BUY amount set for 403870: 10000000.00
2026-07-03 16:09:40 INFO  BUY amount set for 055550: 10000000.00
2026-07-03 16:09:40 INFO  BUY amount set for 240810: 10000000.00
2026-07-03 16:09:40 INFO  BUY amount set for 010120: 10000000.00
2026-07-03 16:09:40 INFO  BUY amount set for 066570: 10000000.00
2026-07-03 16:09:41 INFO  BUY [KRX] 005935 mode=BREAKOUT price=140500.0000 qty=71 size=1.0000x score=85[A](CONV) | WHY: strongBreakout volBreakout retestOK multiUp vol(5.88x) | VWAP: 0.44%(ABOVE slope=UP) allowedGap=1.50% | TREND: score=3 vel=0.21%/0.14%/0.21% accel=true | VOL: 56553.0000/9617.4000 TO: 7945696500.0000/1348340445.0000 | HIGH: 140500.0000 fromHigh=0.00% | entryNo=1
2026-07-03 16:09:41 INFO  BUY_FILLED 005935 phase=HOLDING
2026-07-03 16:09:42 INFO  SELL [EOD_FORCE_SELL] 005935 pnl=-0.07% time=15:30
2026-07-03 16:09:42 INFO  SELL_EXECUTED [KRX] 005935 mode=BREAKOUT phase=EXITING exitType=TIMESTOP price=140400.0000 qty=71 reason=EOD_FORCE_SELL pnl=-0.07% peakPnl=0.36% holdMs=19620000 high=141000.0000 avgPrice=140500.0000 weightedPnl=-0.07% (pending fill)
2026-07-03 16:09:42 INFO  SELL_FILLED_PNL 005935 reason=EOD_FORCE_SELL filledQty=71/71 fillRatio=1.00 weightedPnl=-0.07% dailyPnl=-0.07%
2026-07-03 16:09:42 INFO  SELL_FILLED 005935 reason=EOD_FORCE_SELL remainingQty=0 phase=NONE exitType=TIMESTOP
2026-07-03 16:09:42 INFO  BUY [KRX] 005380 mode=BREAKOUT price=497500.0000 qty=20 size=1.0000x score=85[A](CONV) | WHY: strongBreakout volBreakout retestOK multiUp vol(3.21x) | VWAP: 0.84%(ABOVE slope=UP) allowedGap=1.50% | TREND: score=3 vel=0.40%/0.30%/0.61% accel=true | VOL: 16366.0000/5098.4000 TO: 8142085000.0000/2515720550.0000 | HIGH: 497500.0000 fromHigh=0.00% | entryNo=1
2026-07-03 16:09:42 INFO  BUY_FILLED 005380 phase=HOLDING
2026-07-03 16:09:42 INFO  BUY [KRX] 402340 mode=OPENING_RANGE_BREAKOUT price=622000.0000 qty=16 size=1.0000x score=70[D] | WHY: vwap=1.65% trend=3 vol(2.90x) | VWAP: 1.65%(ABOVE slope=UP) allowedGap=1.00% | TREND: score=3 vel=0.81%/0.48%/0.16% accel=true | VOL: 5160.0000/1779.0500 TO: 3209520000.0000/1104571250.0000 | HIGH: 625000.0000 fromHigh=-0.48% | entryNo=1
2026-07-03 16:09:42 INFO  BUY_FILLED 402340 phase=HOLDING
2026-07-03 16:09:42 INFO  BUY [KRX] 010120 mode=OPENING_RANGE_BREAKOUT price=189500.0000 qty=52 size=1.0000x score=75[C] | WHY: vwap=0.67% trend=3 vol(2.09x) | VWAP: 0.67%(ABOVE slope=UP) allowedGap=1.00% | TREND: score=3 vel=0.32%/0.26%/0.16% accel=true | VOL: 5611.0000/2684.0500 TO: 1063845600.0000/509039325.0000 | HIGH: 190500.0000 fromHigh=-0.47% | entryNo=1
2026-07-03 16:09:42 INFO  SELL [EOD_FORCE_SELL] 005380 pnl=-1.21% time=15:30
2026-07-03 16:09:42 INFO  BUY_FILLED 010120 phase=HOLDING
2026-07-03 16:09:42 INFO  SELL_EXECUTED [KRX] 005380 mode=BREAKOUT phase=EXITING exitType=TIMESTOP price=491500.0000 qty=20 reason=EOD_FORCE_SELL pnl=-1.21% peakPnl=0.70% holdMs=20940000 high=501000.0000 avgPrice=497500.0000 weightedPnl=-1.20% (pending fill)
2026-07-03 16:09:42 INFO  SELL_EXECUTED [KRX] 402340 mode=OPENING_RANGE_BREAKOUT phase=EXITING exitType=PROFIT price=636000.0000 qty=16 reason=TAKE_PROFIT_OPENING_RANGE_BREAKOUT pnl=2.25% peakPnl=2.25% holdMs=8820000 high=636000.0000 avgPrice=622000.0000 weightedPnl=2.24% (pending fill)
2026-07-03 16:09:42 INFO  SELL_FILLED_PNL 402340 reason=TAKE_PROFIT_OPENING_RANGE_BREAKOUT filledQty=16/16 fillRatio=1.00 weightedPnl=2.24% dailyPnl=2.24%
2026-07-03 16:09:42 INFO  SELL_FILLED_PNL 005380 reason=EOD_FORCE_SELL filledQty=20/20 fillRatio=1.00 weightedPnl=-1.20% dailyPnl=-1.20%
2026-07-03 16:09:42 INFO  SELL_EXECUTED [KRX] 010120 mode=OPENING_RANGE_BREAKOUT phase=EXITING exitType=STOPLOSS price=187100.0000 qty=52 reason=STOP_LOSS_OPENING_RANGE_BREAKOUT pnl=-1.32% peakPnl=0.00% holdMs=1440000 high=189600.0000 avgPrice=189600.0000 weightedPnl=-1.30% (pending fill)
2026-07-03 16:09:42 INFO  BUY [KRX] 012450 mode=BREAKOUT price=1535000.0000 qty=6 size=1.0000x score=85[A](CONV) | WHY: strongBreakout volBreakout retestOK multiUp vol(4.39x) | VWAP: 0.93%(ABOVE slope=UP) allowedGap=1.50% | TREND: score=3 vel=0.39%/0.33%/0.52% accel=true | VOL: 2132.0000/486.1500 TO: 3272620000.0000/743407425.0000 | HIGH: 1535000.0000 fromHigh=0.00% | entryNo=1
2026-07-03 16:09:42 INFO  SELL_FILLED 402340 reason=TAKE_PROFIT_OPENING_RANGE_BREAKOUT remainingQty=0 phase=NONE exitType=PROFIT
2026-07-03 16:09:42 INFO  SELL_FILLED 005380 reason=EOD_FORCE_SELL remainingQty=0 phase=NONE exitType=TIMESTOP
2026-07-03 16:09:42 INFO  SELL_FILLED_PNL 010120 reason=STOP_LOSS_OPENING_RANGE_BREAKOUT filledQty=52/52 fillRatio=1.00 weightedPnl=-1.30% dailyPnl=-1.30%
2026-07-03 16:09:42 INFO  BUY_FILLED 012450 phase=HOLDING
2026-07-03 16:09:42 INFO  SELL_FILLED 010120 reason=STOP_LOSS_OPENING_RANGE_BREAKOUT remainingQty=0 phase=NONE exitType=STOPLOSS
2026-07-03 16:09:42 INFO  BUY [KRX] 066570 mode=BREAKOUT price=124000.0000 qty=80 size=1.0000x score=85[A](CONV) | WHY: strongBreakout volBreakout retestOK multiUp vol(2.57x) | VWAP: 0.72%(ABOVE slope=UP) allowedGap=1.50% | TREND: score=3 vel=0.40%/0.32%/0.49% accel=true | VOL: 8865.0000/3453.0500 TO: 1101033000.0000/426036530.0000 | HIGH: 124200.0000 fromHigh=0.00% | entryNo=1
2026-07-03 16:09:42 INFO  BUY_FILLED 066570 phase=HOLDING
2026-07-03 16:09:42 INFO  SELL_EXECUTED [KRX] 012450 mode=BREAKOUT phase=EXITING exitType=VWAP_BREAK price=1505000.0000 qty=6 reason=VWAP_BREAK pnl=-1.95% peakPnl=0.39% holdMs=13140000 high=1541000.0000 avgPrice=1535000.0000 weightedPnl=-1.80% (pending fill)
2026-07-03 16:09:42 INFO  SELL_FILLED_PNL 012450 reason=VWAP_BREAK filledQty=6/6 fillRatio=1.00 weightedPnl=-1.80% dailyPnl=-1.80%
2026-07-03 16:09:42 INFO  SELL_FILLED 012450 reason=VWAP_BREAK remainingQty=0 phase=NONE exitType=VWAP_BREAK
2026-07-03 16:09:42 INFO  SELL_EXECUTED [KRX] 066570 mode=BREAKOUT phase=EXITING exitType=PROFIT price=127000.0000 qty=80 reason=TAKE_PROFIT_BREAKOUT pnl=2.09% peakPnl=2.09% holdMs=8820000 high=126800.0000 avgPrice=124200.0000 weightedPnl=2.08% (pending fill)
2026-07-03 16:09:42 INFO  SELL_FILLED_PNL 066570 reason=TAKE_PROFIT_BREAKOUT filledQty=80/80 fillRatio=1.00 weightedPnl=2.08% dailyPnl=2.08%
2026-07-03 16:09:42 INFO  SELL_FILLED 066570 reason=TAKE_PROFIT_BREAKOUT remainingQty=0 phase=NONE exitType=PROFIT
2026-07-03 16:09:43 INFO  BUY [KRX] 009150 mode=BREAKOUT price=782000.0000 qty=12 size=1.0000x score=85[A](CONV) | WHY: strongBreakout volBreakout retestOK multiUp vol(5.60x) | VWAP: 0.62%(ABOVE slope=UP) allowedGap=1.50% | TREND: score=3 vel=0.64%/0.51%/0.77% accel=true | VOL: 8676.0000/1548.2500 TO: 6784632000.0000/1204957300.0000 | HIGH: 783000.0000 fromHigh=-0.13% | entryNo=1
2026-07-03 16:09:43 INFO  BUY_FILLED 009150 phase=HOLDING
2026-07-03 16:09:44 INFO  SELL [EOD_FORCE_SELL] 009150 pnl=0.77% time=15:30
2026-07-03 16:09:44 INFO  SELL_EXECUTED [KRX] 009150 mode=BREAKOUT phase=EXITING exitType=TIMESTOP price=788000.0000 qty=12 reason=EOD_FORCE_SELL pnl=0.77% peakPnl=0.90% holdMs=18300000 high=789000.0000 avgPrice=782000.0000 weightedPnl=0.72% (pending fill)
2026-07-03 16:09:44 INFO  SELL_FILLED_PNL 009150 reason=EOD_FORCE_SELL filledQty=12/12 fillRatio=1.00 weightedPnl=0.72% dailyPnl=0.72%
2026-07-03 16:09:44 INFO  SELL_FILLED 009150 reason=EOD_FORCE_SELL remainingQty=0 phase=NONE exitType=TIMESTOP
2026-07-03 16:09:44 INFO  BUY [KRX] 000660 mode=BREAKOUT price=1319000.0000 qty=7 size=1.0000x score=85[A](CONV) | WHY: strongBreakout volBreakout retestOK multiUp vol(2.59x) | VWAP: 0.64%(ABOVE slope=UP) allowedGap=1.50% | TREND: score=3 vel=0.42%/0.19%/0.27% accel=true | VOL: 24493.0000/9468.4000 TO: 32294020500.0000/12427395275.0000 | HIGH: 1319000.0000 fromHigh=-0.04% | entryNo=1
2026-07-03 16:09:44 INFO  BUY_FILLED 000660 phase=HOLDING
2026-07-03 16:09:44 INFO  SELL [EOD_FORCE_SELL] 000660 pnl=-1.40% time=15:30
2026-07-03 16:09:44 INFO  SELL_EXECUTED [KRX] 000660 mode=BREAKOUT phase=EXITING exitType=TIMESTOP price=1300000.0000 qty=7 reason=EOD_FORCE_SELL pnl=-1.40% peakPnl=0.72% holdMs=20760000 high=1328000.0000 avgPrice=1318500.0000 weightedPnl=-1.30% (pending fill)
2026-07-03 16:09:44 INFO  SELL_FILLED_PNL 000660 reason=EOD_FORCE_SELL filledQty=7/7 fillRatio=1.00 weightedPnl=-1.30% dailyPnl=-1.30%
2026-07-03 16:09:44 INFO  SELL_FILLED 000660 reason=EOD_FORCE_SELL remainingQty=0 phase=NONE exitType=TIMESTOP
2026-07-03 16:09:44 INFO  BUY [KRX] 009150 mode=BREAKOUT price=821000.0000 qty=9 size=0.8000x score=85[A](CONV) | WHY: strongBreakout volBreakout retestOK multiUp vol(2.25x) | VWAP: 0.73%(ABOVE slope=UP) allowedGap=1.50% | TREND: score=3 vel=0.61%/0.49%/0.49% accel=true | VOL: 5421.0000/2411.3000 TO: 4450641000.0000/1969790600.0000 | HIGH: 822000.0000 fromHigh=-0.12% | entryNo=1
2026-07-03 16:09:44 INFO  BUY_FILLED 009150 phase=HOLDING
2026-07-03 16:09:44 INFO  SELL [EOD_FORCE_SELL] 009150 pnl=0.73% time=15:30
2026-07-03 16:09:44 INFO  SELL_EXECUTED [KRX] 009150 mode=BREAKOUT phase=EXITING exitType=TIMESTOP price=827000.0000 qty=9 reason=EOD_FORCE_SELL pnl=0.73% peakPnl=1.40% holdMs=21600000 high=832500.0000 avgPrice=821000.0000 weightedPnl=0.54% (pending fill)
2026-07-03 16:09:45 INFO  SELL_FILLED_PNL 009150 reason=EOD_FORCE_SELL filledQty=9/9 fillRatio=1.00 weightedPnl=0.54% dailyPnl=0.54%
2026-07-03 16:09:45 INFO  SELL_FILLED 009150 reason=EOD_FORCE_SELL remainingQty=0 phase=NONE exitType=TIMESTOP
2026-07-03 16:09:46 INFO  BUY [KRX] 240810 mode=BREAKOUT price=112000.0000 qty=71 size=0.8000x score=85[A](CONV) | WHY: strongBreakout volBreakout retestOK multiUp vol(2.24x) | VWAP: 1.04%(ABOVE slope=UP) allowedGap=1.50% | TREND: score=3 vel=2.47%/2.10%/2.10% accel=true | VOL: 3328.0000/1485.9000 TO: 372403200.0000/163400865.0000 | HIGH: 111900.0000 fromHigh=0.00% | entryNo=1
2026-07-03 16:09:46 INFO  BUY_FILLED 240810 phase=HOLDING
2026-07-03 16:09:46 INFO  SELL_EXECUTED [KRX] 240810 mode=BREAKOUT phase=EXITING exitType=STOPLOSS price=110400.0000 qty=71 reason=FAILED_BREAKOUT pnl=-1.34% peakPnl=-0.18% holdMs=480000 high=111700.0000 avgPrice=111900.0000 weightedPnl=-1.07% (pending fill)
2026-07-03 16:09:46 INFO  SELL_FILLED_PNL 240810 reason=FAILED_BREAKOUT filledQty=71/71 fillRatio=1.00 weightedPnl=-1.07% dailyPnl=-1.07%
2026-07-03 16:09:46 INFO  SELL_FILLED 240810 reason=FAILED_BREAKOUT remainingQty=0 phase=NONE exitType=STOPLOSS
2026-07-03 16:09:47 INFO  BUY [KRX] 055550 mode=BREAKOUT price=96500.0000 qty=103 size=1.0000x score=85[A](CONV) | WHY: strongBreakout volBreakout retestOK multiUp vol(2.75x) | VWAP: 0.78%(ABOVE slope=UP) allowedGap=1.50% | TREND: score=3 vel=0.94%/0.84%/1.05% accel=true | VOL: 8045.0000/2930.2500 TO: 776342500.0000/281129510.0000 | HIGH: 96500.0000 fromHigh=0.00% | entryNo=1
2026-07-03 16:09:47 INFO  BUY_FILLED 055550 phase=HOLDING
2026-07-03 16:09:47 INFO  SELL_EXECUTED [KRX] 055550 mode=BREAKOUT phase=EXITING exitType=STOPLOSS price=94500.0000 qty=103 reason=STOP_LOSS_BREAKOUT pnl=-2.07% peakPnl=-0.10% holdMs=18900000 high=96400.0000 avgPrice=96500.0000 weightedPnl=-2.06% (pending fill)
2026-07-03 16:09:47 INFO  SELL_FILLED_PNL 055550 reason=STOP_LOSS_BREAKOUT filledQty=103/103 fillRatio=1.00 weightedPnl=-2.06% dailyPnl=-2.06%
2026-07-03 16:09:47 INFO  SELL_FILLED 055550 reason=STOP_LOSS_BREAKOUT remainingQty=0 phase=NONE exitType=STOPLOSS
2026-07-03 16:09:53 INFO  BUY amount set for 105560: 10000000.00
2026-07-03 16:09:53 INFO  BUY amount set for 477850: 10000000.00
2026-07-03 16:09:53 INFO  BUY amount set for 034020: 10000000.00
2026-07-03 16:09:53 INFO  BUY amount set for 011070: 10000000.00
2026-07-03 16:09:53 INFO  BUY amount set for 034730: 10000000.00
2026-07-03 16:09:54 INFO  BUY amount set for 006400: 10000000.00
2026-07-03 16:09:54 INFO  BUY amount set for 035420: 10000000.00
2026-07-03 16:09:54 INFO  BUY amount set for 298040: 10000000.00
2026-07-03 16:09:54 INFO  BUY amount set for 475150: 10000000.00
2026-07-03 16:09:55 INFO  BUY amount set for 042700: 10000000.00
2026-07-03 16:09:55 INFO  BUY amount set for 012330: 10000000.00
2026-07-03 16:09:55 INFO  BUY amount set for 080220: 10000000.00
2026-07-03 16:09:55 INFO  BUY [KRX] 034730 mode=BREAKOUT price=373000.0000 qty=21 size=0.8000x score=85[A](CONV) | WHY: strongBreakout volBreakout retestOK multiUp vol(2.20x) | VWAP: 0.59%(ABOVE slope=UP) allowedGap=1.50% | TREND: score=3 vel=0.40%/0.27%/0.13% accel=true | VOL: 2035.0000/924.7000 TO: 759055000.0000/342901837.5000 | HIGH: 373500.0000 fromHigh=-0.13% | entryNo=1
2026-07-03 16:09:55 INFO  BUY_FILLED 034730 phase=HOLDING
2026-07-03 16:09:55 INFO  BUY amount set for 042660: 10000000.00
2026-07-03 16:09:55 INFO  SELL_EXECUTED [KRX] 034730 mode=BREAKOUT phase=EXITING exitType=VWAP_BREAK price=369000.0000 qty=21 reason=VWAP_BREAK pnl=-1.07% peakPnl=0.94% holdMs=4260000 high=376500.0000 avgPrice=373000.0000 weightedPnl=-0.84% (pending fill)
2026-07-03 16:09:55 INFO  SELL_FILLED_PNL 034730 reason=VWAP_BREAK filledQty=21/21 fillRatio=1.00 weightedPnl=-0.84% dailyPnl=-0.84%
2026-07-03 16:09:55 INFO  SELL_FILLED 034730 reason=VWAP_BREAK remainingQty=0 phase=NONE exitType=VWAP_BREAK
2026-07-03 16:09:56 INFO  BUY amount set for 002990: 10000000.00
2026-07-03 16:09:56 INFO  BUY [KRX] 034730 mode=BREAKOUT price=373500.0000 qty=26 size=1.0000x score=85[A](CONV) | WHY: strongBreakout volBreakout retestOK multiUp vol(2.76x) | VWAP: 1.20%(ABOVE slope=UP) allowedGap=1.50% | TREND: score=3 vel=0.40%/0.27%/0.81% accel=true | VOL: 948.0000/343.5500 TO: 354078000.0000/127643250.0000 | HIGH: 374000.0000 fromHigh=-0.13% | entryNo=1
2026-07-03 16:09:56 INFO  BUY_FILLED 034730 phase=HOLDING
2026-07-03 16:09:56 INFO  SELL_EXECUTED [KRX] 034730 mode=BREAKOUT phase=EXITING exitType=PROFIT price=383000.0000 qty=26 reason=TAKE_PROFIT_BREAKOUT pnl=2.54% peakPnl=2.54% holdMs=10260000 high=383000.0000 avgPrice=373500.0000 weightedPnl=2.47% (pending fill)
2026-07-03 16:09:56 INFO  SELL_FILLED_PNL 034730 reason=TAKE_PROFIT_BREAKOUT filledQty=26/26 fillRatio=1.00 weightedPnl=2.47% dailyPnl=2.47%
2026-07-03 16:09:56 INFO  BUY amount set for 032830: 10000000.00
2026-07-03 16:09:56 INFO  SELL_FILLED 034730 reason=TAKE_PROFIT_BREAKOUT remainingQty=0 phase=NONE exitType=PROFIT
2026-07-03 16:09:57 INFO  BUY [KRX] 032830 mode=BREAKOUT price=236000.0000 qty=42 size=1.0000x score=85[A](CONV) | WHY: strongBreakout volBreakout retestOK multiUp vol(2.73x) | VWAP: 0.58%(ABOVE slope=UP) allowedGap=1.50% | TREND: score=3 vel=0.64%/0.43%/0.43% accel=true | VOL: 2713.0000/994.6875 TO: 640268000.0000/233402093.7500 | HIGH: 236000.0000 fromHigh=0.00% | entryNo=1
2026-07-03 16:09:57 INFO  BUY_FILLED 032830 phase=HOLDING
2026-07-03 16:09:57 INFO  SELL_EXECUTED [KRX] 032830 mode=BREAKOUT phase=EXITING exitType=STOPLOSS price=234500.0000 qty=42 reason=FAILED_BREAKOUT pnl=-0.64% peakPnl=-0.64% holdMs=60000 high=234500.0000 avgPrice=236000.0000 weightedPnl=-0.63% (pending fill)
2026-07-03 16:09:57 INFO  SELL_FILLED_PNL 032830 reason=FAILED_BREAKOUT filledQty=42/42 fillRatio=1.00 weightedPnl=-0.63% dailyPnl=-0.63%
2026-07-03 16:09:57 INFO  SELL_FILLED 032830 reason=FAILED_BREAKOUT remainingQty=0 phase=NONE exitType=STOPLOSS
2026-07-03 16:09:58 INFO  BUY [KRX] 032830 mode=BREAKOUT price=255000.0000 qty=31 size=0.8000x score=85[A](CONV) | WHY: strongBreakout volBreakout retestOK multiUp vol(2.24x) | VWAP: 0.65%(ABOVE slope=UP) allowedGap=1.50% | TREND: score=3 vel=0.59%/0.39%/0.79% accel=true | VOL: 920.0000/411.4500 TO: 234600000.0000/104186775.0000 | HIGH: 255000.0000 fromHigh=0.00% | entryNo=1
2026-07-03 16:09:58 INFO  BUY_FILLED 032830 phase=HOLDING
2026-07-03 16:09:58 INFO  BUY [KRX] 034730 mode=BREAKOUT price=519000.0000 qty=19 size=1.0000x score=85[A](CONV) | WHY: strongBreakout volBreakout retestOK multiUp vol(3.00x) | VWAP: 1.18%(ABOVE slope=UP) allowedGap=1.50% | TREND: score=3 vel=0.58%/0.39%/0.78% accel=true | VOL: 2828.0000/943.6500 TO: 1467732000.0000/484447250.0000 | HIGH: 519000.0000 fromHigh=0.00% | entryNo=1
2026-07-03 16:09:58 INFO  BUY_FILLED 034730 phase=HOLDING
2026-07-03 16:09:58 INFO  SELL_EXECUTED [KRX] 034730 mode=BREAKOUT phase=EXITING exitType=PROFIT price=532000.0000 qty=19 reason=TAKE_PROFIT_BREAKOUT pnl=2.50% peakPnl=2.50% holdMs=4680000 high=532000.0000 avgPrice=519000.0000 weightedPnl=2.47% (pending fill)
2026-07-03 16:09:58 INFO  SELL [EOD_FORCE_SELL] 032830 pnl=-0.59% time=15:30
2026-07-03 16:09:58 INFO  SELL_FILLED_PNL 034730 reason=TAKE_PROFIT_BREAKOUT filledQty=19/19 fillRatio=1.00 weightedPnl=2.47% dailyPnl=2.47%
2026-07-03 16:09:58 INFO  SELL_EXECUTED [KRX] 032830 mode=BREAKOUT phase=EXITING exitType=TIMESTOP price=253500.0000 qty=31 reason=EOD_FORCE_SELL pnl=-0.59% peakPnl=0.78% holdMs=19320000 high=257000.0000 avgPrice=255000.0000 weightedPnl=-0.46% (pending fill)
2026-07-03 16:09:58 INFO  SELL_FILLED 034730 reason=TAKE_PROFIT_BREAKOUT remainingQty=0 phase=NONE exitType=PROFIT
2026-07-03 16:09:58 INFO  SELL_FILLED_PNL 032830 reason=EOD_FORCE_SELL filledQty=31/31 fillRatio=1.00 weightedPnl=-0.46% dailyPnl=-0.46%
2026-07-03 16:09:58 INFO  SELL_FILLED 032830 reason=EOD_FORCE_SELL remainingQty=0 phase=NONE exitType=TIMESTOP
2026-07-03 16:09:58 INFO  BUY [KRX] 034730 mode=STRONG_PULLBACK price=557000.0000 qty=17 size=1.0000x score=72[D] | WHY: dayChg=7.32% fromHigh=-2.45% spScore=72 vol3/vol10=1.58x body=1.00 | VWAP: 3.66%(ABOVE slope=UP) allowedGap=5.00% | TREND: score=1 vel=0.18%/-0.36%/-0.36% accel=true | VOL: 2761.0000/2240.1000 TO: 1537877000.0000/1270770400.0000 | HIGH: 571000.0000 fromHigh=-2.45% | SP: score=72 dayChg=7.32% fromHigh=-2.45% vol3/vol10=1.58x body=1.00 | entryNo=2
2026-07-03 16:09:59 INFO  BUY_FILLED 034730 phase=HOLDING
2026-07-03 16:09:59 INFO  SELL_EXECUTED [KRX] 034730 mode=STRONG_PULLBACK phase=EXITING exitType=STOPLOSS price=545000.0000 qty=17 reason=STOP_LOSS_STRONG_PULLBACK pnl=-2.15% peakPnl=0.18% holdMs=2040000 high=558000.0000 avgPrice=557000.0000 weightedPnl=-2.04% (pending fill)
2026-07-03 16:09:59 INFO  SELL_FILLED_PNL 034730 reason=STOP_LOSS_STRONG_PULLBACK filledQty=17/17 fillRatio=1.00 weightedPnl=-2.04% dailyPnl=0.43%
2026-07-03 16:09:59 INFO  SELL_FILLED 034730 reason=STOP_LOSS_STRONG_PULLBACK remainingQty=0 phase=NONE exitType=STOPLOSS
2026-07-03 16:09:59 INFO  BUY [KRX] 042700 mode=BREAKOUT price=381000.0000 qty=26 size=1.0000x score=85[A](CONV) | WHY: strongBreakout volBreakout retestOK multiUp vol(6.88x) | VWAP: 1.11%(ABOVE slope=UP) allowedGap=1.50% | TREND: score=3 vel=0.46%/0.40%/0.79% accel=true | VOL: 16790.0000/2438.6500 TO: 6396990000.0000/925189350.0000 | HIGH: 381500.0000 fromHigh=-0.13% | entryNo=1
2026-07-03 16:09:59 INFO  BUY_FILLED 042700 phase=HOLDING
2026-07-03 16:09:59 INFO  SELL_EXECUTED [KRX] 042700 mode=BREAKOUT phase=EXITING exitType=VWAP_BREAK price=373500.0000 qty=26 reason=VWAP_BREAK pnl=-1.97% peakPnl=0.26% holdMs=4860000 high=382000.0000 avgPrice=381000.0000 weightedPnl=-1.95% (pending fill)
2026-07-03 16:09:59 INFO  SELL_FILLED_PNL 042700 reason=VWAP_BREAK filledQty=26/26 fillRatio=1.00 weightedPnl=-1.95% dailyPnl=-1.95%
2026-07-03 16:09:59 INFO  SELL_FILLED 042700 reason=VWAP_BREAK remainingQty=0 phase=NONE exitType=VWAP_BREAK
2026-07-03 16:09:59 INFO  BUY [KRX] 105560 mode=BREAKOUT price=159000.0000 qty=62 size=1.0000x score=85[A](CONV) | WHY: strongBreakout volBreakout retestOK multiUp vol(3.02x) | VWAP: 0.91%(ABOVE slope=UP) allowedGap=1.50% | TREND: score=3 vel=0.25%/0.19%/0.51% accel=true | VOL: 16067.0000/5322.3500 TO: 2554653000.0000/842528255.0000 | HIGH: 159100.0000 fromHigh=-0.06% | entryNo=1
2026-07-03 16:09:59 INFO  BUY_FILLED 105560 phase=HOLDING
2026-07-03 16:10:00 INFO  SELL [EOD_FORCE_SELL] 105560 pnl=0.63% time=15:30
2026-07-03 16:10:00 INFO  SELL_EXECUTED [KRX] 105560 mode=BREAKOUT phase=EXITING exitType=TIMESTOP price=160000.0000 qty=62 reason=EOD_FORCE_SELL pnl=0.63% peakPnl=1.26% holdMs=21120000 high=161000.0000 avgPrice=159000.0000 weightedPnl=0.62% (pending fill)
2026-07-03 16:10:00 INFO  SELL_FILLED_PNL 105560 reason=EOD_FORCE_SELL filledQty=62/62 fillRatio=1.00 weightedPnl=0.62% dailyPnl=0.62%
2026-07-03 16:10:00 INFO  SELL_FILLED 105560 reason=EOD_FORCE_SELL remainingQty=0 phase=NONE exitType=TIMESTOP
2026-07-03 16:10:00 INFO  BUY amount set for 064400: 10000000.00
2026-07-03 16:10:02 INFO  BUY [KRX] 064400 mode=BREAKOUT price=66500.0000 qty=150 size=1.0000x score=85[A](CONV) | WHY: strongBreakout volBreakout retestOK multiUp vol(2.36x) | VWAP: 0.80%(ABOVE slope=UP) allowedGap=1.50% | TREND: score=3 vel=0.61%/0.30%/1.06% accel=true | VOL: 12585.0000/5326.3500 TO: 836902500.0000/350774090.0000 | HIGH: 66600.0000 fromHigh=-0.15% | entryNo=1
2026-07-03 16:10:02 INFO  BUY_FILLED 064400 phase=HOLDING
2026-07-03 16:10:02 INFO  SELL [EOD_FORCE_SELL] 064400 pnl=0.90% time=15:30
2026-07-03 16:10:02 INFO  SELL_EXECUTED [KRX] 064400 mode=BREAKOUT phase=EXITING exitType=TIMESTOP price=67100.0000 qty=150 reason=EOD_FORCE_SELL pnl=0.90% peakPnl=0.90% holdMs=21420000 high=67100.0000 avgPrice=66500.0000 weightedPnl=0.90% (pending fill)
2026-07-03 16:10:02 INFO  SELL_FILLED_PNL 064400 reason=EOD_FORCE_SELL filledQty=150/150 fillRatio=1.00 weightedPnl=0.90% dailyPnl=0.90%
2026-07-03 16:10:02 INFO  SELL_FILLED 064400 reason=EOD_FORCE_SELL remainingQty=0 phase=NONE exitType=TIMESTOP
2026-07-03 16:10:06 INFO  BUY amount set for 079550: 10000000.00
2026-07-03 16:10:06 INFO  BUY [KRX] 042700 mode=BREAKOUT price=267000.0000 qty=37 size=1.0000x score=85[A](CONV) | WHY: strongBreakout volBreakout retestOK multiUp vol(2.32x) | VWAP: 0.99%(ABOVE slope=UP) allowedGap=1.50% | TREND: score=3 vel=0.75%/0.56%/1.14% accel=true | VOL: 4930.0000/2121.4000 TO: 1316310000.0000/559636475.0000 | HIGH: 267500.0000 fromHigh=-0.19% | entryNo=1
2026-07-03 16:10:06 INFO  BUY_FILLED 042700 phase=HOLDING
2026-07-03 16:10:06 INFO  SELL_EXECUTED [KRX] 042700 mode=BREAKOUT phase=EXITING exitType=VWAP_BREAK price=262000.0000 qty=37 reason=VWAP_BREAK pnl=-1.87% peakPnl=1.12% holdMs=3360000 high=270000.0000 avgPrice=267000.0000 weightedPnl=-1.85% (pending fill)
2026-07-03 16:10:06 INFO  SELL_FILLED_PNL 042700 reason=VWAP_BREAK filledQty=37/37 fillRatio=1.00 weightedPnl=-1.85% dailyPnl=-1.85%
2026-07-03 16:10:06 INFO  SELL_FILLED 042700 reason=VWAP_BREAK remainingQty=0 phase=NONE exitType=VWAP_BREAK
2026-07-03 16:10:06 INFO  BUY amount set for 267260: 10000000.00
2026-07-03 16:10:06 INFO  BUY amount set for 068270: 10000000.00
2026-07-03 16:10:07 INFO  BUY amount set for 086520: 10000000.00
2026-07-03 16:10:07 INFO  BUY amount set for 196170: 10000000.00
2026-07-03 16:10:07 INFO  BUY amount set for 000270: 10000000.00
2026-07-03 16:10:07 INFO  BUY amount set for 419050: 10000000.00
2026-07-03 16:10:07 INFO  BUY amount set for 373220: 10000000.00
2026-07-03 16:10:08 INFO  BUY [KRX] 267260 mode=BREAKOUT price=1064000.0000 qty=9 size=1.0000x score=85[A](CONV) | WHY: strongBreakout volBreakout retestOK multiUp vol(4.28x) | VWAP: 0.48%(ABOVE slope=UP) allowedGap=1.50% | TREND: score=3 vel=0.28%/0.19%/0.28% accel=true | VOL: 1411.0000/329.5500 TO: 1501304000.0000/349827100.0000 | HIGH: 1066000.0000 fromHigh=-0.19% | entryNo=1
2026-07-03 16:10:08 INFO  BUY_FILLED 267260 phase=HOLDING
2026-07-03 16:10:08 INFO  BUY amount set for 353200: 10000000.00
2026-07-03 16:10:08 INFO  BUY amount set for 329180: 10000000.00
2026-07-03 16:10:08 INFO  SELL_EXECUTED [KRX] 267260 mode=BREAKOUT phase=EXITING exitType=PROFIT price=1086000.0000 qty=9 reason=TAKE_PROFIT_BREAKOUT pnl=2.07% peakPnl=2.07% holdMs=14580000 high=1086000.0000 avgPrice=1064000.0000 weightedPnl=1.98% (pending fill)
2026-07-03 16:10:08 INFO  SELL_FILLED_PNL 267260 reason=TAKE_PROFIT_BREAKOUT filledQty=9/9 fillRatio=1.00 weightedPnl=1.98% dailyPnl=1.98%
2026-07-03 16:10:08 INFO  SELL_FILLED 267260 reason=TAKE_PROFIT_BREAKOUT remainingQty=0 phase=NONE exitType=PROFIT
2026-07-03 16:10:08 INFO  BUY [KRX] 373220 mode=BREAKOUT price=414500.0000 qty=19 size=0.8000x score=85[A](CONV) | WHY: strongBreakout volBreakout retestOK multiUp vol(2.26x) | VWAP: 1.13%(ABOVE slope=UP) allowedGap=1.50% | TREND: score=3 vel=0.61%/0.30%/0.73% accel=true | VOL: 6286.0000/2786.4000 TO: 2605547000.0000/1142968000.0000 | HIGH: 414500.0000 fromHigh=0.00% | entryNo=1
2026-07-03 16:10:08 INFO  BUY amount set for 007660: 10000000.00
2026-07-03 16:10:08 INFO  BUY_FILLED 373220 phase=HOLDING
2026-07-03 16:10:08 INFO  BUY amount set for 278470: 10000000.00
2026-07-03 16:10:08 INFO  SELL [EOD_FORCE_SELL] 373220 pnl=1.57% time=15:30
2026-07-03 16:10:09 INFO  SELL_EXECUTED [KRX] 373220 mode=BREAKOUT phase=EXITING exitType=TIMESTOP price=421000.0000 qty=19 reason=EOD_FORCE_SELL pnl=1.57% peakPnl=1.81% holdMs=22200000 high=422000.0000 avgPrice=414500.0000 weightedPnl=1.23% (pending fill)
2026-07-03 16:10:09 INFO  SELL_FILLED_PNL 373220 reason=EOD_FORCE_SELL filledQty=19/19 fillRatio=1.00 weightedPnl=1.23% dailyPnl=1.23%
2026-07-03 16:10:09 INFO  SELL_FILLED 373220 reason=EOD_FORCE_SELL remainingQty=0 phase=NONE exitType=TIMESTOP
2026-07-03 16:10:09 INFO  BUY [KRX] 068270 mode=BREAKOUT price=199000.0000 qty=50 size=1.0000x score=85[A](CONV) | WHY: strongBreakout volBreakout retestOK multiUp vol(7.07x) | VWAP: 0.95%(ABOVE slope=UP) allowedGap=1.50% | TREND: score=3 vel=0.72%/0.48%/0.48% accel=true | VOL: 16393.0000/2317.8500 TO: 3265682316.0000/458945469.3000 | HIGH: 199212.0000 fromHigh=0.00% | entryNo=1
2026-07-03 16:10:09 INFO  BUY_FILLED 068270 phase=HOLDING
2026-07-03 16:10:10 INFO  SELL [EOD_FORCE_SELL] 068270 pnl=0.00% time=15:30
2026-07-03 16:10:10 INFO  SELL_EXECUTED [KRX] 068270 mode=BREAKOUT phase=EXITING exitType=TIMESTOP price=199212.0000 qty=50 reason=EOD_FORCE_SELL pnl=0.00% peakPnl=1.20% holdMs=19260000 high=201595.0000 avgPrice=199212.0000 weightedPnl=0.00% (pending fill)
2026-07-03 16:10:10 INFO  SELL_FILLED 068270 reason=EOD_FORCE_SELL remainingQty=0 phase=NONE exitType=TIMESTOP
2026-07-03 16:10:10 INFO  BUY amount set for 028050: 10000000.00
2026-07-03 16:10:10 INFO  BUY [KRX] 000270 mode=BREAKOUT price=160000.0000 qty=62 size=1.0000x score=85[A](CONV) | WHY: strongBreakout volBreakout retestOK multiUp vol(3.38x) | VWAP: 1.19%(ABOVE slope=UP) allowedGap=1.50% | TREND: score=3 vel=0.25%/0.19%/0.19% accel=true | VOL: 7985.0000/2363.7500 TO: 1278398500.0000/377349090.0000 | HIGH: 160300.0000 fromHigh=-0.12% | entryNo=1
2026-07-03 16:10:10 INFO  BUY_FILLED 000270 phase=HOLDING
2026-07-03 16:10:10 INFO  SELL [EOD_FORCE_SELL] 000270 pnl=-1.69% time=15:30
2026-07-03 16:10:10 INFO  SELL_EXECUTED [KRX] 000270 mode=BREAKOUT phase=EXITING exitType=TIMESTOP price=157400.0000 qty=62 reason=EOD_FORCE_SELL pnl=-1.69% peakPnl=-0.12% holdMs=19140000 high=159900.0000 avgPrice=160100.0000 weightedPnl=-1.67% (pending fill)
2026-07-03 16:10:10 INFO  SELL_FILLED_PNL 000270 reason=EOD_FORCE_SELL filledQty=62/62 fillRatio=1.00 weightedPnl=-1.67% dailyPnl=-1.67%
2026-07-03 16:10:10 INFO  BUY [KRX] 086520 mode=BREAKOUT price=158000.0000 qty=63 size=1.0000x score=85[A](CONV) | WHY: strongBreakout volBreakout retestOK multiUp vol(2.46x) | VWAP: 1.01%(ABOVE slope=UP) allowedGap=1.50% | TREND: score=3 vel=0.51%/0.44%/0.76% accel=true | VOL: 9560.0000/3886.4500 TO: 1511436000.0000/610970380.0000 | HIGH: 158100.0000 fromHigh=0.00% | entryNo=1
2026-07-03 16:10:10 INFO  SELL_FILLED 000270 reason=EOD_FORCE_SELL remainingQty=0 phase=NONE exitType=TIMESTOP
2026-07-03 16:10:10 INFO  BUY_FILLED 086520 phase=HOLDING
2026-07-03 16:10:11 INFO  SELL [EOD_FORCE_SELL] 086520 pnl=-1.08% time=15:30
2026-07-03 16:10:11 INFO  SELL_EXECUTED [KRX] 086520 mode=BREAKOUT phase=EXITING exitType=TIMESTOP price=156400.0000 qty=63 reason=EOD_FORCE_SELL pnl=-1.08% peakPnl=0.06% holdMs=19920000 high=158200.0000 avgPrice=158100.0000 weightedPnl=-1.07% (pending fill)
2026-07-03 16:10:11 INFO  SELL_FILLED_PNL 086520 reason=EOD_FORCE_SELL filledQty=63/63 fillRatio=1.00 weightedPnl=-1.07% dailyPnl=-1.07%
2026-07-03 16:10:11 INFO  SELL_FILLED 086520 reason=EOD_FORCE_SELL remainingQty=0 phase=NONE exitType=TIMESTOP
2026-07-03 16:10:11 INFO  BUY amount set for 222800: 10000000.00
2026-07-03 16:10:13 INFO  BUY amount set for 086790: 10000000.00
2026-07-03 16:10:14 INFO  BUY [KRX] 079550 mode=BREAKOUT price=704000.0000 qty=11 size=0.8000x score=85[A](CONV) | WHY: strongBreakout volBreakout retestOK multiUp vol(2.06x) | VWAP: 0.75%(ABOVE slope=UP) allowedGap=1.50% | TREND: score=3 vel=1.59%/1.44%/1.73% accel=true | VOL: 1731.0000/838.6500 TO: 1218624000.0000/578703850.0000 | HIGH: 705000.0000 fromHigh=-0.14% | entryNo=1
2026-07-03 16:10:14 INFO  BUY_FILLED 079550 phase=HOLDING
2026-07-03 16:10:14 INFO  SELL [BREAKEVEN_GUARD] 079550 pnl=0.28% peakPnl=1.70% holdMs=720000
2026-07-03 16:10:14 INFO  SELL_EXECUTED [KRX] 079550 mode=BREAKOUT phase=EXITING exitType=TRAIL price=706000.0000 qty=11 reason=BREAKEVEN_GUARD pnl=0.28% peakPnl=1.70% holdMs=720000 high=716000.0000 avgPrice=704000.0000 weightedPnl=0.22% (pending fill)
2026-07-03 16:10:14 INFO  SELL_FILLED_PNL 079550 reason=BREAKEVEN_GUARD filledQty=11/11 fillRatio=1.00 weightedPnl=0.22% dailyPnl=0.22%
2026-07-03 16:10:14 INFO  SELL_FILLED 079550 reason=BREAKEVEN_GUARD remainingQty=0 phase=NONE exitType=TRAIL
2026-07-03 16:10:15 INFO  BUY amount set for 153890: 10000000.00
2026-07-03 16:10:15 INFO  BUY [KRX] 068270 mode=BREAKOUT price=162500.0000 qty=49 size=0.8000x score=85[A](CONV) | WHY: strongBreakout volBreakout retestOK multiUp vol(2.17x) | VWAP: 0.76%(ABOVE slope=UP) allowedGap=1.50% | TREND: score=3 vel=0.43%/0.40%/0.56% accel=true | VOL: 2009.0000/925.1500 TO: 326060700.0000/149366950.0000 | HIGH: 162400.0000 fromHigh=-0.06% | entryNo=1
2026-07-03 16:10:15 INFO  BUY_FILLED 068270 phase=HOLDING
2026-07-03 16:10:15 INFO  SELL_EXECUTED [KRX] 068270 mode=BREAKOUT phase=EXITING exitType=PROFIT price=165500.0000 qty=49 reason=TAKE_PROFIT_BREAKOUT pnl=2.03% peakPnl=2.03% holdMs=4980000 high=165600.0000 avgPrice=162300.0000 weightedPnl=1.62% (pending fill)
2026-07-03 16:10:15 INFO  SELL_FILLED_PNL 068270 reason=TAKE_PROFIT_BREAKOUT filledQty=49/49 fillRatio=1.00 weightedPnl=1.62% dailyPnl=1.62%
2026-07-03 16:10:15 INFO  SELL_FILLED 068270 reason=TAKE_PROFIT_BREAKOUT remainingQty=0 phase=NONE exitType=PROFIT
2026-07-03 16:10:16 INFO  BUY [KRX] 086520 mode=BREAKOUT price=108000.0000 qty=92 size=1.0000x score=85[A](CONV) | WHY: strongBreakout volBreakout retestOK multiUp vol(2.47x) | VWAP: 0.85%(ABOVE slope=UP) allowedGap=1.50% | TREND: score=3 vel=0.93%/0.74%/1.03% accel=true | VOL: 13167.0000/5338.1000 TO: 1424669400.0000/571538270.0000 | HIGH: 108400.0000 fromHigh=-0.18% | entryNo=1
2026-07-03 16:10:16 INFO  BUY_FILLED 086520 phase=HOLDING
2026-07-03 16:10:16 INFO  SELL_EXECUTED [KRX] 086520 mode=BREAKOUT phase=EXITING exitType=VWAP_BREAK price=106200.0000 qty=92 reason=VWAP_BREAK pnl=-1.85% peakPnl=1.02% holdMs=660000 high=109300.0000 avgPrice=108200.0000 weightedPnl=-1.84% (pending fill)
2026-07-03 16:10:16 INFO  SELL_FILLED_PNL 086520 reason=VWAP_BREAK filledQty=92/92 fillRatio=1.00 weightedPnl=-1.84% dailyPnl=-1.84%
2026-07-03 16:10:16 INFO  SELL_FILLED 086520 reason=VWAP_BREAK remainingQty=0 phase=NONE exitType=VWAP_BREAK
2026-07-03 16:10:17 INFO  BUY amount set for 003490: 10000000.00
2026-07-03 16:10:18 INFO  BUY [KRX] 329180 mode=BREAKOUT price=622000.0000 qty=16 size=1.0000x score=85[A](CONV) | WHY: strongBreakout volBreakout retestOK multiUp vol(2.39x) | VWAP: 0.78%(ABOVE slope=UP) allowedGap=1.50% | TREND: score=3 vel=0.81%/0.32%/0.97% accel=true | VOL: 2016.0000/842.7000 TO: 1253952000.0000/520505600.0000 | HIGH: 622000.0000 fromHigh=0.00% | entryNo=1
2026-07-03 16:10:18 INFO  BUY_FILLED 329180 phase=HOLDING
2026-07-03 16:10:18 INFO  SELL_EXECUTED [KRX] 329180 mode=BREAKOUT phase=EXITING exitType=PROFIT price=636000.0000 qty=16 reason=TAKE_PROFIT_BREAKOUT pnl=2.25% peakPnl=2.25% holdMs=1980000 high=636000.0000 avgPrice=622000.0000 weightedPnl=2.24% (pending fill)
2026-07-03 16:10:18 INFO  SELL_FILLED_PNL 329180 reason=TAKE_PROFIT_BREAKOUT filledQty=16/16 fillRatio=1.00 weightedPnl=2.24% dailyPnl=2.24%
2026-07-03 16:10:18 INFO  SELL_FILLED 329180 reason=TAKE_PROFIT_BREAKOUT remainingQty=0 phase=NONE exitType=PROFIT
2026-07-03 16:10:19 INFO  BUY amount set for 347850: 10000000.00
2026-07-03 16:10:19 INFO  BUY [KRX] 003490 mode=BREAKOUT price=25200.0000 qty=396 size=1.0000x score=85[A](CONV) | WHY: strongBreakout volBreakout retestOK multiUp vol(6.58x) | VWAP: 0.47%(ABOVE slope=UP) allowedGap=1.50% | TREND: score=3 vel=0.40%/0.20%/0.40% accel=true | VOL: 17489.0000/2657.6500 TO: 440722800.0000/66796652.5000 | HIGH: 25200.0000 fromHigh=0.00% | entryNo=1
2026-07-03 16:10:19 INFO  BUY_FILLED 003490 phase=HOLDING
2026-07-03 16:10:19 INFO  SELL [EOD_FORCE_SELL] 003490 pnl=-0.60% time=15:30
2026-07-03 16:10:19 INFO  SELL_EXECUTED [KRX] 003490 mode=BREAKOUT phase=EXITING exitType=TIMESTOP price=25050.0000 qty=396 reason=EOD_FORCE_SELL pnl=-0.60% peakPnl=0.00% holdMs=19500000 high=25200.0000 avgPrice=25200.0000 weightedPnl=-0.59% (pending fill)
2026-07-03 16:10:19 INFO  BUY amount set for 006800: 10000000.00
2026-07-03 16:10:19 INFO  SELL_FILLED_PNL 003490 reason=EOD_FORCE_SELL filledQty=396/396 fillRatio=1.00 weightedPnl=-0.59% dailyPnl=-0.59%
2026-07-03 16:10:19 INFO  SELL_FILLED 003490 reason=EOD_FORCE_SELL remainingQty=0 phase=NONE exitType=TIMESTOP
2026-07-03 16:10:20 INFO  BUY [KRX] 003490 mode=BREAKOUT price=24950.0000 qty=400 size=1.0000x score=85[A](CONV) | WHY: strongBreakout volBreakout retestOK multiUp vol(2.36x) | VWAP: 0.85%(ABOVE slope=UP) allowedGap=1.50% | TREND: score=3 vel=0.40%/0.20%/0.20% accel=true | VOL: 7018.0000/2974.9500 TO: 175099100.0000/73973816.2500 | HIGH: 24950.0000 fromHigh=0.00% | entryNo=1
2026-07-03 16:10:20 INFO  BUY_FILLED 003490 phase=HOLDING
2026-07-03 16:10:20 INFO  SELL [EOD_FORCE_SELL] 003490 pnl=-0.40% time=15:30
2026-07-03 16:10:20 INFO  SELL_EXECUTED [KRX] 003490 mode=BREAKOUT phase=EXITING exitType=TIMESTOP price=24850.0000 qty=400 reason=EOD_FORCE_SELL pnl=-0.40% peakPnl=0.20% holdMs=18120000 high=25000.0000 avgPrice=24950.0000 weightedPnl=-0.40% (pending fill)
2026-07-03 16:10:20 INFO  SELL_FILLED_PNL 003490 reason=EOD_FORCE_SELL filledQty=400/400 fillRatio=1.00 weightedPnl=-0.40% dailyPnl=-0.40%
2026-07-03 16:10:20 INFO  SELL_FILLED 003490 reason=EOD_FORCE_SELL remainingQty=0 phase=NONE exitType=TIMESTOP
2026-07-03 16:10:21 INFO  BUY [KRX] 222800 mode=STRONG_PULLBACK price=104000.0000 qty=96 size=1.0000x score=74[D] | WHY: dayChg=14.25% fromHigh=-1.70% spScore=74 vol3/vol10=0.56x body=1.00 | VWAP: 6.09%(ABOVE slope=UP) allowedGap=5.00% | TREND: score=2 vel=1.17%/0.48%/0.00% accel=true | VOL: 1953.0000/2387.1000 TO: 203502600.0000/248605545.0000 | HIGH: 106000.0000 fromHigh=-1.70% | SP: score=74 dayChg=14.25% fromHigh=-1.70% vol3/vol10=0.56x body=1.00 | entryNo=1
2026-07-03 16:10:21 INFO  BUY_FILLED 222800 phase=HOLDING
2026-07-03 16:10:21 INFO  SELL_EXECUTED [KRX] 222800 mode=STRONG_PULLBACK phase=EXITING exitType=PROFIT price=107500.0000 qty=96 reason=TAKE_PROFIT_STRONG_PULLBACK pnl=3.07% peakPnl=3.07% holdMs=4800000 high=107400.0000 avgPrice=104200.0000 weightedPnl=3.07% (pending fill)
2026-07-03 16:10:21 INFO  SELL_FILLED_PNL 222800 reason=TAKE_PROFIT_STRONG_PULLBACK filledQty=96/96 fillRatio=1.00 weightedPnl=3.07% dailyPnl=3.07%
2026-07-03 16:10:21 INFO  SELL_FILLED 222800 reason=TAKE_PROFIT_STRONG_PULLBACK remainingQty=0 phase=NONE exitType=PROFIT
2026-07-03 16:10:22 INFO  BUY [KRX] 347850 mode=OPENING_RANGE_BREAKOUT price=82400.0000 qty=121 size=1.0000x score=70[D] | WHY: vwap=1.44% trend=3 vol(2.49x) | VWAP: 1.44%(ABOVE slope=UP) allowedGap=1.00% | TREND: score=3 vel=0.73%/0.49%/0.86% accel=true | VOL: 11207.0000/4492.3000 TO: 923456800.0000/368645445.0000 | HIGH: 82800.0000 fromHigh=-0.48% | entryNo=1
2026-07-03 16:10:22 INFO  BUY_FILLED 347850 phase=HOLDING
2026-07-03 16:10:22 INFO  SELL_EXECUTED [KRX] 347850 mode=OPENING_RANGE_BREAKOUT phase=EXITING exitType=PROFIT price=84100.0000 qty=121 reason=TAKE_PROFIT_OPENING_RANGE_BREAKOUT pnl=2.06% peakPnl=2.06% holdMs=840000 high=84100.0000 avgPrice=82400.0000 weightedPnl=2.06% (pending fill)
2026-07-03 16:10:22 INFO  SELL_FILLED_PNL 347850 reason=TAKE_PROFIT_OPENING_RANGE_BREAKOUT filledQty=121/121 fillRatio=1.00 weightedPnl=2.06% dailyPnl=2.06%
2026-07-03 16:10:22 INFO  SELL_FILLED 347850 reason=TAKE_PROFIT_OPENING_RANGE_BREAKOUT remainingQty=0 phase=NONE exitType=PROFIT
2026-07-03 16:10:23 INFO  BUY [KRX] 003490 mode=BREAKOUT price=27100.0000 qty=369 size=1.0000x score=85[A](CONV) | WHY: strongBreakout volBreakout retestOK multiUp vol(2.47x) | VWAP: 0.96%(ABOVE slope=UP) allowedGap=1.50% | TREND: score=3 vel=0.56%/0.37%/0.18% accel=true | VOL: 48721.0000/19722.6000 TO: 1320339100.0000/532611617.5000 | HIGH: 27100.0000 fromHigh=0.00% | entryNo=1
2026-07-03 16:10:23 INFO  BUY_FILLED 003490 phase=HOLDING
2026-07-03 16:10:23 INFO  SELL_EXECUTED [KRX] 003490 mode=BREAKOUT phase=EXITING exitType=VWAP_BREAK price=26600.0000 qty=369 reason=VWAP_BREAK pnl=-1.85% peakPnl=0.55% holdMs=6420000 high=27250.0000 avgPrice=27100.0000 weightedPnl=-1.85% (pending fill)
2026-07-03 16:10:23 INFO  SELL_FILLED_PNL 003490 reason=VWAP_BREAK filledQty=369/369 fillRatio=1.00 weightedPnl=-1.85% dailyPnl=-1.85%
2026-07-03 16:10:23 INFO  SELL_FILLED 003490 reason=VWAP_BREAK remainingQty=0 phase=NONE exitType=VWAP_BREAK
2026-07-03 16:10:23 INFO  BUY [KRX] 003490 mode=BREAKOUT price=27300.0000 qty=293 size=0.8000x score=85[A](CONV) | WHY: strongBreakout volBreakout retestOK multiUp vol(2.22x) | VWAP: 0.98%(ABOVE slope=UP) allowedGap=1.50% | TREND: score=3 vel=0.74%/0.55%/0.92% accel=true | VOL: 16805.0000/7584.6000 TO: 458776500.0000/205350090.0000 | HIGH: 27350.0000 fromHigh=-0.18% | entryNo=1
2026-07-03 16:10:23 INFO  BUY_FILLED 003490 phase=HOLDING
2026-07-03 16:10:23 INFO  SELL_EXECUTED [KRX] 003490 mode=BREAKOUT phase=EXITING exitType=STOPLOSS price=26950.0000 qty=293 reason=FAILED_BREAKOUT pnl=-1.28% peakPnl=-0.18% holdMs=360000 high=27250.0000 avgPrice=27300.0000 weightedPnl=-1.03% (pending fill)
2026-07-03 16:10:23 INFO  SELL_FILLED_PNL 003490 reason=FAILED_BREAKOUT filledQty=293/293 fillRatio=1.00 weightedPnl=-1.03% dailyPnl=-1.03%
2026-07-03 16:10:23 INFO  SELL_FILLED 003490 reason=FAILED_BREAKOUT remainingQty=0 phase=NONE exitType=STOPLOSS
