2026-07-02 12:32:38 INFO  BUY amount set for 042660: 10000000.00
2026-07-02 12:32:38 INFO  BUY amount set for 002990: 10000000.00
2026-07-02 12:32:38 INFO  BUY amount set for 105560: 10000000.00
2026-07-02 12:32:38 INFO  BUY amount set for 402340: 10000000.00
2026-07-02 12:32:38 INFO  BUY amount set for 475150: 10000000.00
2026-07-02 12:32:38 INFO  BUY amount set for 005930: 10000000.00
2026-07-02 12:32:39 INFO  BUY amount set for 000660: 10000000.00
2026-07-02 12:32:39 INFO  BUY amount set for 009150: 10000000.00
2026-07-02 12:32:39 INFO  BUY amount set for 006340: 10000000.00
2026-07-02 12:32:39 INFO  BUY amount set for 005935: 10000000.00
2026-07-02 12:32:39 INFO  BUY amount set for 240810: 10000000.00
2026-07-02 12:32:39 INFO  BUY amount set for 036930: 10000000.00
2026-07-02 12:32:39 INFO  BUY amount set for 005380: 10000000.00
2026-07-02 12:32:39 INFO  BUY amount set for 012450: 10000000.00
2026-07-02 12:32:39 INFO  BUY amount set for 010120: 10000000.00
2026-07-02 12:32:41 INFO  BUY [KRX] 010120 mode=RSI_BOLLINGER_REBOUND price=189000.0000 qty=52 size=1.0000x score=100[SS] | WHY: rsi=22.0 sig=18.9 bbLow=188595 5mLow=188800 rsiBbScore=100 vol(1.09x) | VWAP: -0.37%(BELOW slope=DN) allowedGap=5.00% | TREND: score=0 vel=-0.11%/-0.11%/-0.11% accel=false | VOL: 902.0000/827.9500 TO: 170297600.0000/156428957.5000 | HIGH: 189100.0000 fromHigh=-0.16% | RSI_BB: score=100 rsi=22.0 sig=18.9 bbLow=188595 5mLow=188800 cross=false | entryNo=1
2026-07-02 12:32:41 INFO  BUY_FILLED 010120 phase=HOLDING
2026-07-02 12:32:41 INFO  BUY [KRX] 402340 mode=OPENING_RANGE_BREAKOUT price=622000.0000 qty=16 size=1.0000x score=70[D] | WHY: vwap=1.65% trend=3 vol(2.90x) | VWAP: 1.65%(ABOVE slope=UP) allowedGap=1.00% | TREND: score=3 vel=0.81%/0.48%/0.16% accel=true | VOL: 5160.0000/1779.0500 TO: 3209520000.0000/1104571250.0000 | HIGH: 625000.0000 fromHigh=-0.48% | entryNo=1
2026-07-02 12:32:41 INFO  BUY_FILLED 402340 phase=HOLDING
2026-07-02 12:32:41 INFO  SELL [EOD_FORCE_SELL] 010120 pnl=-0.11% time=15:30
2026-07-02 12:32:41 INFO  SELL_EXECUTED [KRX] 402340 mode=OPENING_RANGE_BREAKOUT phase=EXITING exitType=PROFIT price=636000.0000 qty=16 reason=TAKE_PROFIT_OPENING_RANGE_BREAKOUT pnl=2.25% peakPnl=2.25% holdMs=8820000 high=636000.0000 avgPrice=622000.0000 weightedPnl=2.24% (pending fill)
2026-07-02 12:32:41 INFO  SELL_EXECUTED [KRX] 010120 mode=RSI_BOLLINGER_REBOUND phase=EXITING exitType=TIMESTOP price=188600.0000 qty=52 reason=EOD_FORCE_SELL pnl=-0.11% peakPnl=0.00% holdMs=9120000 high=188800.0000 avgPrice=188800.0000 weightedPnl=-0.10% (pending fill)
2026-07-02 12:32:41 INFO  SELL_FILLED_PNL 402340 reason=TAKE_PROFIT_OPENING_RANGE_BREAKOUT filledQty=16/16 fillRatio=1.00 weightedPnl=2.24% dailyPnl=2.24%
2026-07-02 12:32:41 INFO  SELL_FILLED_PNL 010120 reason=EOD_FORCE_SELL filledQty=52/52 fillRatio=1.00 weightedPnl=-0.10% dailyPnl=-0.10%
2026-07-02 12:32:41 INFO  SELL_FILLED 402340 reason=TAKE_PROFIT_OPENING_RANGE_BREAKOUT remainingQty=0 phase=NONE exitType=PROFIT
2026-07-02 12:32:41 INFO  SELL_FILLED 010120 reason=EOD_FORCE_SELL remainingQty=0 phase=NONE exitType=TIMESTOP
2026-07-02 12:32:41 INFO  BUY [KRX] 000660 mode=RSI_BOLLINGER_REBOUND price=1133000.0000 qty=8 size=1.0000x score=100[SS] | WHY: rsi=24.5 sig=27.8 bbLow=1133223 5mLow=1132000 rsiBbScore=100 vol(1.73x) | VWAP: -1.02%(BELOW slope=DN) allowedGap=5.00% | TREND: score=0 vel=-0.09%/-0.18%/-0.18% accel=true | VOL: 7494.0000/4328.8000 TO: 8490702000.0000/4913636950.0000 | HIGH: 1137000.0000 fromHigh=-0.35% | RSI_BB: score=100 rsi=24.5 sig=27.8 bbLow=1133223 5mLow=1132000 cross=false | entryNo=1
2026-07-02 12:32:41 INFO  BUY_FILLED 000660 phase=HOLDING
2026-07-02 12:32:42 INFO  SELL [EOD_FORCE_SELL] 000660 pnl=-0.44% time=15:30
2026-07-02 12:32:42 INFO  SELL_EXECUTED [KRX] 000660 mode=RSI_BOLLINGER_REBOUND phase=EXITING exitType=TIMESTOP price=1128000.0000 qty=8 reason=EOD_FORCE_SELL pnl=-0.44% peakPnl=0.35% holdMs=11880000 high=1137000.0000 avgPrice=1133000.0000 weightedPnl=-0.40% (pending fill)
2026-07-02 12:32:42 INFO  SELL_FILLED_PNL 000660 reason=EOD_FORCE_SELL filledQty=8/8 fillRatio=1.00 weightedPnl=-0.40% dailyPnl=-0.40%
2026-07-02 12:32:42 INFO  SELL_FILLED 000660 reason=EOD_FORCE_SELL remainingQty=0 phase=NONE exitType=TIMESTOP
2026-07-02 12:32:42 INFO  BUY [KRX] 042660 mode=RSI_BOLLINGER_REBOUND price=128500.0000 qty=77 size=1.0000x score=100[SS] | WHY: rsi=30.7 sig=18.1 bbLow=128607 5mLow=128700 rsiBbScore=100 vol(1.37x) | VWAP: -0.22%(BELOW slope=DN) allowedGap=5.00% | TREND: score=0 vel=-0.08%/0.00%/-0.08% accel=false | VOL: 2325.0000/1692.3000 TO: 299227500.0000/217820625.0000 | HIGH: 128900.0000 fromHigh=-0.16% | RSI_BB: score=100 rsi=30.7 sig=18.1 bbLow=128607 5mLow=128700 cross=false | entryNo=1
2026-07-02 12:32:42 INFO  BUY_FILLED 042660 phase=HOLDING
2026-07-02 12:32:42 INFO  BUY [KRX] 012450 mode=RSI_BOLLINGER_REBOUND price=1398000.0000 qty=7 size=1.0000x score=100[SS] | WHY: rsi=21.5 sig=26.0 bbLow=1397399 5mLow=1397000 rsiBbScore=100 vol(1.01x) | VWAP: -1.36%(BELOW slope=DN) allowedGap=5.00% | TREND: score=0 vel=-0.07%/-0.29%/-0.14% accel=true | VOL: 607.0000/599.9500 TO: 848586000.0000/841016000.0000 | HIGH: 1407000.0000 fromHigh=-0.64% | RSI_BB: score=100 rsi=21.5 sig=26.0 bbLow=1397399 5mLow=1397000 cross=false | entryNo=1
2026-07-02 12:32:42 INFO  BUY_FILLED 012450 phase=HOLDING
2026-07-02 12:32:42 INFO  BUY [KRX] 402340 mode=RSI_BOLLINGER_REBOUND price=677000.0000 qty=14 size=1.0000x score=100[SS] | WHY: rsi=25.0 sig=31.4 bbLow=679864 5mLow=677000 rsiBbScore=100 vol(1.73x) | VWAP: -1.70%(BELOW slope=DN) allowedGap=5.00% | TREND: score=0 vel=-0.29%/-0.59%/-0.59% accel=true | VOL: 2119.0000/1226.3000 TO: 1434563000.0000/836007900.0000 | HIGH: 686000.0000 fromHigh=-1.31% | RSI_BB: score=100 rsi=25.0 sig=31.4 bbLow=679864 5mLow=677000 cross=false | entryNo=1
2026-07-02 12:32:42 INFO  BUY_FILLED 402340 phase=HOLDING
2026-07-02 12:32:42 INFO  SELL [EOD_FORCE_SELL] 042660 pnl=0.00% time=15:30
2026-07-02 12:32:42 INFO  SELL_EXECUTED [KRX] 042660 mode=RSI_BOLLINGER_REBOUND phase=EXITING exitType=TIMESTOP price=128700.0000 qty=77 reason=EOD_FORCE_SELL pnl=0.00% peakPnl=0.31% holdMs=11100000 high=129100.0000 avgPrice=128700.0000 weightedPnl=0.00% (pending fill)
2026-07-02 12:32:42 INFO  SELL_FILLED 042660 reason=EOD_FORCE_SELL remainingQty=0 phase=NONE exitType=TIMESTOP
2026-07-02 12:32:42 INFO  SELL [EOD_FORCE_SELL] 402340 pnl=0.74% time=15:30
2026-07-02 12:32:42 INFO  SELL [EOD_FORCE_SELL] 012450 pnl=-0.50% time=15:30
2026-07-02 12:32:42 INFO  SELL_EXECUTED [KRX] 402340 mode=RSI_BOLLINGER_REBOUND phase=EXITING exitType=TIMESTOP price=682000.0000 qty=14 reason=EOD_FORCE_SELL pnl=0.74% peakPnl=1.62% holdMs=10080000 high=688000.0000 avgPrice=677000.0000 weightedPnl=0.70% (pending fill)
2026-07-02 12:32:42 INFO  SELL_EXECUTED [KRX] 012450 mode=RSI_BOLLINGER_REBOUND phase=EXITING exitType=TIMESTOP price=1391000.0000 qty=7 reason=EOD_FORCE_SELL pnl=-0.50% peakPnl=0.36% holdMs=14460000 high=1403000.0000 avgPrice=1398000.0000 weightedPnl=-0.49% (pending fill)
2026-07-02 12:32:42 INFO  SELL_FILLED_PNL 402340 reason=EOD_FORCE_SELL filledQty=14/14 fillRatio=1.00 weightedPnl=0.70% dailyPnl=0.70%
2026-07-02 12:32:42 INFO  SELL_FILLED 402340 reason=EOD_FORCE_SELL remainingQty=0 phase=NONE exitType=TIMESTOP
2026-07-02 12:32:42 INFO  SELL_FILLED_PNL 012450 reason=EOD_FORCE_SELL filledQty=7/7 fillRatio=1.00 weightedPnl=-0.49% dailyPnl=-0.49%
2026-07-02 12:32:42 INFO  SELL_FILLED 012450 reason=EOD_FORCE_SELL remainingQty=0 phase=NONE exitType=TIMESTOP
2026-07-02 12:32:42 INFO  BUY [KRX] 012450 mode=RSI_BOLLINGER_REBOUND price=1454000.0000 qty=6 size=1.0000x score=100[SS] | WHY: rsi=21.5 sig=25.8 bbLow=1451423 5mLow=1453000 rsiBbScore=100 vol(1.04x) | VWAP: -2.79%(BELOW slope=DN) allowedGap=5.00% | TREND: score=0 vel=-0.21%/-0.27%/-0.21% accel=true | VOL: 217.0000/208.9000 TO: 315518000.0000/304726675.0000 | HIGH: 1463000.0000 fromHigh=-0.62% | RSI_BB: score=100 rsi=21.5 sig=25.8 bbLow=1451423 5mLow=1453000 cross=false | entryNo=1
2026-07-02 12:32:42 INFO  BUY_FILLED 012450 phase=HOLDING
2026-07-02 12:32:42 INFO  BUY [KRX] 005935 mode=RSI_BOLLINGER_REBOUND price=153000.0000 qty=65 size=1.0000x score=100[SS] | WHY: rsi=17.5 sig=31.4 bbLow=153475 5mLow=153000 rsiBbScore=100 vol(1.21x) | VWAP: -1.70%(BELOW slope=DN) allowedGap=5.00% | TREND: score=0 vel=-0.07%/-0.07%/-0.13% accel=false | VOL: 9424.0000/7812.5500 TO: 1442814400.0000/1201206715.0000 | HIGH: 154400.0000 fromHigh=-0.84% | RSI_BB: score=100 rsi=17.5 sig=31.4 bbLow=153475 5mLow=153000 cross=false | entryNo=1
2026-07-02 12:32:42 INFO  BUY_FILLED 005935 phase=HOLDING
2026-07-02 12:32:42 INFO  SELL [EOD_FORCE_SELL] 005935 pnl=0.39% time=15:30
2026-07-02 12:32:42 INFO  SELL_EXECUTED [KRX] 005935 mode=RSI_BOLLINGER_REBOUND phase=EXITING exitType=TIMESTOP price=153700.0000 qty=65 reason=EOD_FORCE_SELL pnl=0.39% peakPnl=0.98% holdMs=9840000 high=154600.0000 avgPrice=153100.0000 weightedPnl=0.39% (pending fill)
2026-07-02 12:32:42 INFO  SELL_FILLED_PNL 005935 reason=EOD_FORCE_SELL filledQty=65/65 fillRatio=1.00 weightedPnl=0.39% dailyPnl=0.39%
2026-07-02 12:32:42 INFO  SELL_FILLED 005935 reason=EOD_FORCE_SELL remainingQty=0 phase=NONE exitType=TIMESTOP
2026-07-02 12:32:42 INFO  SELL [EOD_FORCE_SELL] 012450 pnl=0.62% time=15:30
2026-07-02 12:32:42 INFO  SELL_EXECUTED [KRX] 012450 mode=RSI_BOLLINGER_REBOUND phase=EXITING exitType=TIMESTOP price=1463000.0000 qty=6 reason=EOD_FORCE_SELL pnl=0.62% peakPnl=1.44% holdMs=14220000 high=1475000.0000 avgPrice=1454000.0000 weightedPnl=0.54% (pending fill)
2026-07-02 12:32:42 INFO  SELL_FILLED_PNL 012450 reason=EOD_FORCE_SELL filledQty=6/6 fillRatio=1.00 weightedPnl=0.54% dailyPnl=0.54%
2026-07-02 12:32:42 INFO  SELL_FILLED 012450 reason=EOD_FORCE_SELL remainingQty=0 phase=NONE exitType=TIMESTOP
2026-07-02 12:32:43 INFO  BUY [KRX] 010120 mode=OPENING_RANGE_BREAKOUT price=272000.0000 qty=36 size=1.0000x score=70[D] | WHY: vwap=1.25% trend=3 vol(2.64x) | VWAP: 1.25%(ABOVE slope=UP) allowedGap=1.00% | TREND: score=3 vel=1.12%/0.55%/0.74% accel=true | VOL: 30962.0000/11742.7000 TO: 8421664000.0000/3153303200.0000 | HIGH: 273000.0000 fromHigh=-0.37% | entryNo=1
2026-07-02 12:32:43 INFO  BUY_FILLED 010120 phase=HOLDING
2026-07-02 12:32:43 INFO  SELL_EXECUTED [KRX] 010120 mode=OPENING_RANGE_BREAKOUT phase=EXITING exitType=PROFIT price=278000.0000 qty=36 reason=TAKE_PROFIT_OPENING_RANGE_BREAKOUT pnl=2.21% peakPnl=2.21% holdMs=1200000 high=278000.0000 avgPrice=272000.0000 weightedPnl=2.16% (pending fill)
2026-07-02 12:32:43 INFO  SELL_FILLED_PNL 010120 reason=TAKE_PROFIT_OPENING_RANGE_BREAKOUT filledQty=36/36 fillRatio=1.00 weightedPnl=2.16% dailyPnl=2.16%
2026-07-02 12:32:43 INFO  SELL_FILLED 010120 reason=TAKE_PROFIT_OPENING_RANGE_BREAKOUT remainingQty=0 phase=NONE exitType=PROFIT
2026-07-02 12:32:43 INFO  BUY [KRX] 402340 mode=OPENING_RANGE_BREAKOUT price=932000.0000 qty=10 size=1.0000x score=68[D] | WHY: vwap=1.19% trend=3 vol(3.77x) | VWAP: 1.19%(ABOVE slope=UP) allowedGap=1.00% | TREND: score=3 vel=0.76%/0.43%/0.76% accel=true | VOL: 20610.0000/5470.3000 TO: 19208520000.0000/5058814150.0000 | HIGH: 939000.0000 fromHigh=-0.75% | entryNo=1
2026-07-02 12:32:43 INFO  BUY_FILLED 402340 phase=HOLDING
2026-07-02 12:32:43 INFO  SELL_EXECUTED [KRX] 402340 mode=OPENING_RANGE_BREAKOUT phase=EXITING exitType=PROFIT price=954000.0000 qty=10 reason=TAKE_PROFIT_OPENING_RANGE_BREAKOUT pnl=2.36% peakPnl=2.36% holdMs=720000 high=954000.0000 avgPrice=932000.0000 weightedPnl=2.20% (pending fill)
2026-07-02 12:32:43 INFO  SELL_FILLED_PNL 402340 reason=TAKE_PROFIT_OPENING_RANGE_BREAKOUT filledQty=10/10 fillRatio=1.00 weightedPnl=2.20% dailyPnl=2.20%
2026-07-02 12:32:43 INFO  SELL_FILLED 402340 reason=TAKE_PROFIT_OPENING_RANGE_BREAKOUT remainingQty=0 phase=NONE exitType=PROFIT
2026-07-02 12:32:47 INFO  BUY [KRX] 006340 mode=RSI_BOLLINGER_REBOUND price=13200.0000 qty=757 size=1.0000x score=100[SS] | WHY: rsi=15.5 sig=19.0 bbLow=13221 5mLow=13200 rsiBbScore=100 vol(1.25x) | VWAP: -2.61%(BELOW slope=DN) allowedGap=5.00% | TREND: score=0 vel=-0.08%/-0.08%/-0.15% accel=false | VOL: 14324.0000/11427.7000 TO: 189220040.0000/151411080.5000 | HIGH: 13300.0000 fromHigh=-0.68% | RSI_BB: score=100 rsi=15.5 sig=19.0 bbLow=13221 5mLow=13200 cross=false | entryNo=1
2026-07-02 12:32:47 INFO  BUY_FILLED 006340 phase=HOLDING
2026-07-02 12:32:47 INFO  SELL [EOD_FORCE_SELL] 006340 pnl=-1.14% time=15:30
2026-07-02 12:32:47 INFO  SELL_EXECUTED [KRX] 006340 mode=RSI_BOLLINGER_REBOUND phase=EXITING exitType=TIMESTOP price=13060.0000 qty=757 reason=EOD_FORCE_SELL pnl=-1.14% peakPnl=0.45% holdMs=12060000 high=13270.0000 avgPrice=13210.0000 weightedPnl=-1.14% (pending fill)
2026-07-02 12:32:47 INFO  SELL_FILLED_PNL 006340 reason=EOD_FORCE_SELL filledQty=757/757 fillRatio=1.00 weightedPnl=-1.14% dailyPnl=-1.14%
2026-07-02 12:32:47 INFO  SELL_FILLED 006340 reason=EOD_FORCE_SELL remainingQty=0 phase=NONE exitType=TIMESTOP
2026-07-02 12:32:49 INFO  BUY amount set for 066570: 10000000.00
2026-07-02 12:32:49 INFO  BUY amount set for 403870: 10000000.00
2026-07-02 12:32:50 INFO  BUY amount set for 042700: 10000000.00
2026-07-02 12:32:50 INFO  BUY amount set for 267260: 10000000.00
2026-07-02 12:32:50 INFO  BUY amount set for 064400: 10000000.00
2026-07-02 12:32:51 INFO  BUY [KRX] 403870 mode=RSI_BOLLINGER_REBOUND price=43300.0000 qty=230 size=1.0000x score=100[SS] | WHY: rsi=18.1 sig=29.3 bbLow=43419 5mLow=43300 rsiBbScore=100 vol(1.34x) | VWAP: -2.54%(BELOW slope=DN) allowedGap=5.00% | TREND: score=0 vel=-0.23%/-0.23%/-0.35% accel=false | VOL: 9451.0000/7031.2000 TO: 409228300.0000/306529247.5000 | HIGH: 43850.0000 fromHigh=-1.25% | RSI_BB: score=100 rsi=18.1 sig=29.3 bbLow=43419 5mLow=43300 cross=false | entryNo=1
2026-07-02 12:32:51 INFO  BUY_FILLED 403870 phase=HOLDING
2026-07-02 12:32:51 INFO  SELL_EXECUTED [KRX] 403870 mode=RSI_BOLLINGER_REBOUND phase=EXITING exitType=STOPLOSS price=42250.0000 qty=230 reason=STOP_LOSS_RSI_BOLLINGER_REBOUND pnl=-2.42% peakPnl=0.00% holdMs=1140000 high=43300.0000 avgPrice=43300.0000 weightedPnl=-2.42% (pending fill)
2026-07-02 12:32:51 INFO  SELL_FILLED_PNL 403870 reason=STOP_LOSS_RSI_BOLLINGER_REBOUND filledQty=230/230 fillRatio=1.00 weightedPnl=-2.42% dailyPnl=-2.42%
2026-07-02 12:32:51 INFO  SELL_FILLED 403870 reason=STOP_LOSS_RSI_BOLLINGER_REBOUND remainingQty=0 phase=NONE exitType=STOPLOSS
2026-07-02 12:32:51 INFO  BUY amount set for 034730: 10000000.00
2026-07-02 12:32:51 INFO  BUY amount set for 028260: 10000000.00
2026-07-02 12:32:51 INFO  BUY amount set for 043260: 10000000.00
2026-07-02 12:32:52 INFO  BUY amount set for 278470: 10000000.00
2026-07-02 12:32:52 INFO  BUY amount set for 012330: 10000000.00
2026-07-02 12:32:52 INFO  BUY amount set for 011070: 10000000.00
2026-07-02 12:32:52 INFO  BUY amount set for 080220: 10000000.00
2026-07-02 12:32:52 INFO  BUY amount set for 034020: 10000000.00
2026-07-02 12:32:53 INFO  BUY amount set for 035420: 10000000.00
2026-07-02 12:32:53 INFO  BUY amount set for 298040: 10000000.00
2026-07-02 12:32:54 INFO  BUY [KRX] 012330 mode=RSI_BOLLINGER_REBOUND price=424500.0000 qty=23 size=1.0000x score=100[SS] | WHY: rsi=21.0 sig=21.3 bbLow=424567 5mLow=424000 rsiBbScore=100 vol(2.14x) | VWAP: -0.85%(BELOW slope=DN) allowedGap=5.00% | TREND: score=0 vel=-0.12%/-0.12%/-0.12% accel=false | VOL: 1002.0000/467.2500 TO: 425349000.0000/198638325.0000 | HIGH: 426000.0000 fromHigh=-0.35% | RSI_BB: score=100 rsi=21.0 sig=21.3 bbLow=424567 5mLow=424000 cross=false | entryNo=1
2026-07-02 12:32:54 INFO  BUY_FILLED 012330 phase=HOLDING
2026-07-02 12:32:54 INFO  SELL [EOD_FORCE_SELL] 012330 pnl=0.59% time=15:30
2026-07-02 12:32:54 INFO  SELL_EXECUTED [KRX] 012330 mode=RSI_BOLLINGER_REBOUND phase=EXITING exitType=TIMESTOP price=427000.0000 qty=23 reason=EOD_FORCE_SELL pnl=0.59% peakPnl=0.59% holdMs=8760000 high=427000.0000 avgPrice=424500.0000 weightedPnl=0.58% (pending fill)
2026-07-02 12:32:54 INFO  SELL_FILLED_PNL 012330 reason=EOD_FORCE_SELL filledQty=23/23 fillRatio=1.00 weightedPnl=0.58% dailyPnl=0.58%
2026-07-02 12:32:54 INFO  SELL_FILLED 012330 reason=EOD_FORCE_SELL remainingQty=0 phase=NONE exitType=TIMESTOP
2026-07-02 12:32:55 INFO  BUY [KRX] 043260 mode=RSI_BOLLINGER_REBOUND price=44400.0000 qty=225 size=1.0000x score=100[SS] | WHY: rsi=20.6 sig=20.1 bbLow=44394 5mLow=44350 rsiBbScore=100 vol(1.25x) | VWAP: -2.74%(BELOW slope=DN) allowedGap=5.00% | TREND: score=0 vel=-0.34%/-0.56%/-0.67% accel=true | VOL: 3895.0000/3119.7000 TO: 172938000.0000/139123565.0000 | HIGH: 44800.0000 fromHigh=-0.89% | RSI_BB: score=100 rsi=20.6 sig=20.1 bbLow=44394 5mLow=44350 cross=false | entryNo=1
2026-07-02 12:32:55 INFO  BUY_FILLED 043260 phase=HOLDING
2026-07-02 12:32:55 INFO  SELL [TRAIL_RSI_BOLLINGER_REBOUND] 043260 pnl=1.91% peakPnl=2.82% high=45650.0000 current=45250.0000
2026-07-02 12:32:55 INFO  SELL_EXECUTED [KRX] 043260 mode=RSI_BOLLINGER_REBOUND phase=EXITING exitType=TRAIL price=45250.0000 qty=225 reason=TRAIL_RSI_BOLLINGER_REBOUND pnl=1.91% peakPnl=2.82% holdMs=9720000 high=45650.0000 avgPrice=44400.0000 weightedPnl=1.91% (pending fill)
2026-07-02 12:32:55 INFO  SELL_FILLED_PNL 043260 reason=TRAIL_RSI_BOLLINGER_REBOUND filledQty=225/225 fillRatio=1.00 weightedPnl=1.91% dailyPnl=1.91%
2026-07-02 12:32:55 INFO  SELL_FILLED 043260 reason=TRAIL_RSI_BOLLINGER_REBOUND remainingQty=0 phase=NONE exitType=TRAIL
2026-07-02 12:32:55 INFO  BUY [KRX] 064400 mode=OPENING_RANGE_BREAKOUT price=74900.0000 qty=133 size=1.0000x score=63[D] | WHY: vwap=1.75% trend=3 vol(3.15x) | VWAP: 1.75%(ABOVE slope=UP) allowedGap=1.00% | TREND: score=3 vel=2.18%/1.77%/1.22% accel=true | VOL: 82642.0000/26266.7000 TO: 6189885800.0000/1941817177.5000 | HIGH: 75200.0000 fromHigh=-0.40% | entryNo=1
2026-07-02 12:32:55 INFO  BUY_FILLED 064400 phase=HOLDING
2026-07-02 12:32:55 INFO  SELL_EXECUTED [KRX] 064400 mode=OPENING_RANGE_BREAKOUT phase=EXITING exitType=STOPLOSS price=73400.0000 qty=133 reason=STOP_LOSS_OPENING_RANGE_BREAKOUT pnl=-2.00% peakPnl=0.27% holdMs=480000 high=75100.0000 avgPrice=74900.0000 weightedPnl=-2.00% (pending fill)
2026-07-02 12:32:55 INFO  SELL_FILLED_PNL 064400 reason=STOP_LOSS_OPENING_RANGE_BREAKOUT filledQty=133/133 fillRatio=1.00 weightedPnl=-2.00% dailyPnl=-2.00%
2026-07-02 12:32:55 INFO  SELL_FILLED 064400 reason=STOP_LOSS_OPENING_RANGE_BREAKOUT remainingQty=0 phase=NONE exitType=STOPLOSS
2026-07-02 12:32:55 INFO  BUY [KRX] 012330 mode=RSI_BOLLINGER_REBOUND price=430500.0000 qty=23 size=1.0000x score=100[SS] | WHY: rsi=24.8 sig=34.9 bbLow=431163 5mLow=430500 rsiBbScore=100 vol(1.57x) | VWAP: -0.26%(BELOW slope=DN) allowedGap=5.00% | TREND: score=0 vel=-0.23%/-0.23%/0.00% accel=false | VOL: 573.0000/364.6500 TO: 246676500.0000/157382862.5000 | HIGH: 433500.0000 fromHigh=-0.69% | RSI_BB: score=100 rsi=24.8 sig=34.9 bbLow=431163 5mLow=430500 cross=false | entryNo=1
2026-07-02 12:32:55 INFO  BUY_FILLED 012330 phase=HOLDING
2026-07-02 12:32:55 INFO  BUY [KRX] 278470 mode=RSI_BOLLINGER_REBOUND price=456000.0000 qty=21 size=1.0000x score=100[SS] | WHY: rsi=20.2 sig=24.1 bbLow=456966 5mLow=455500 rsiBbScore=100 vol(1.77x) | VWAP: -1.58%(BELOW slope=DN) allowedGap=5.00% | TREND: score=0 vel=-0.33%/-0.22%/-0.44% accel=false | VOL: 309.0000/174.9500 TO: 140904000.0000/80059375.0000 | HIGH: 458500.0000 fromHigh=-0.55% | RSI_BB: score=100 rsi=20.2 sig=24.1 bbLow=456966 5mLow=455500 cross=false | entryNo=1
2026-07-02 12:32:55 INFO  BUY_FILLED 278470 phase=HOLDING
2026-07-02 12:32:55 INFO  SELL_EXECUTED [KRX] 278470 mode=RSI_BOLLINGER_REBOUND phase=EXITING exitType=STOPLOSS price=446500.0000 qty=21 reason=STOP_LOSS_RSI_BOLLINGER_REBOUND pnl=-2.08% peakPnl=0.11% holdMs=5940000 high=456500.0000 avgPrice=456000.0000 weightedPnl=-1.99% (pending fill)
2026-07-02 12:32:55 INFO  SELL_FILLED_PNL 278470 reason=STOP_LOSS_RSI_BOLLINGER_REBOUND filledQty=21/21 fillRatio=1.00 weightedPnl=-1.99% dailyPnl=-1.99%
2026-07-02 12:32:55 INFO  SELL [EOD_FORCE_SELL] 012330 pnl=0.46% time=15:30
2026-07-02 12:32:55 INFO  SELL_FILLED 278470 reason=STOP_LOSS_RSI_BOLLINGER_REBOUND remainingQty=0 phase=NONE exitType=STOPLOSS
2026-07-02 12:32:55 INFO  SELL_EXECUTED [KRX] 012330 mode=RSI_BOLLINGER_REBOUND phase=EXITING exitType=TIMESTOP price=432500.0000 qty=23 reason=EOD_FORCE_SELL pnl=0.46% peakPnl=1.39% holdMs=11820000 high=436500.0000 avgPrice=430500.0000 weightedPnl=0.46% (pending fill)
2026-07-02 12:32:55 INFO  SELL_FILLED_PNL 012330 reason=EOD_FORCE_SELL filledQty=23/23 fillRatio=1.00 weightedPnl=0.46% dailyPnl=0.46%
2026-07-02 12:32:55 INFO  SELL_FILLED 012330 reason=EOD_FORCE_SELL remainingQty=0 phase=NONE exitType=TIMESTOP
2026-07-02 12:32:56 INFO  BUY [KRX] 011070 mode=RSI_BOLLINGER_REBOUND price=522000.0000 qty=19 size=1.0000x score=100[SS] | WHY: rsi=24.4 sig=24.8 bbLow=520982 5mLow=522000 rsiBbScore=100 vol(1.91x) | VWAP: -1.36%(BELOW slope=DN) allowedGap=5.00% | TREND: score=0 vel=-0.19%/-0.19%/-0.19% accel=false | VOL: 769.0000/403.4500 TO: 401418000.0000/211070500.0000 | HIGH: 525000.0000 fromHigh=-0.57% | RSI_BB: score=100 rsi=24.4 sig=24.8 bbLow=520982 5mLow=522000 cross=false | entryNo=1
2026-07-02 12:32:56 INFO  BUY_FILLED 011070 phase=HOLDING
2026-07-02 12:32:56 INFO  SELL [TRAIL_RSI_BOLLINGER_REBOUND] 011070 pnl=3.26% peakPnl=4.41% high=545000.0000 current=539000.0000
2026-07-02 12:32:56 INFO  SELL_EXECUTED [KRX] 011070 mode=RSI_BOLLINGER_REBOUND phase=EXITING exitType=TRAIL price=539000.0000 qty=19 reason=TRAIL_RSI_BOLLINGER_REBOUND pnl=3.26% peakPnl=4.41% holdMs=3000000 high=545000.0000 avgPrice=522000.0000 weightedPnl=3.23% (pending fill)
2026-07-02 12:32:56 INFO  SELL_FILLED_PNL 011070 reason=TRAIL_RSI_BOLLINGER_REBOUND filledQty=19/19 fillRatio=1.00 weightedPnl=3.23% dailyPnl=3.23%
2026-07-02 12:32:56 INFO  SELL_FILLED 011070 reason=TRAIL_RSI_BOLLINGER_REBOUND remainingQty=0 phase=NONE exitType=TRAIL
2026-07-02 12:32:56 INFO  BUY [KRX] 035420 mode=RSI_BOLLINGER_REBOUND price=218000.0000 qty=45 size=1.0000x score=100[SS] | WHY: rsi=29.1 sig=23.0 bbLow=217785 5mLow=218000 rsiBbScore=100 vol(1.29x) | VWAP: -0.71%(BELOW slope=DN) allowedGap=5.00% | TREND: score=0 vel=-0.23%/-0.23%/-0.23% accel=false | VOL: 980.0000/757.7500 TO: 213640000.0000/165491675.0000 | HIGH: 219000.0000 fromHigh=-0.46% | RSI_BB: score=100 rsi=29.1 sig=23.0 bbLow=217785 5mLow=218000 cross=false | entryNo=1
2026-07-02 12:32:57 INFO  BUY_FILLED 035420 phase=HOLDING
2026-07-02 12:32:57 INFO  SELL [EOD_FORCE_SELL] 035420 pnl=0.69% time=15:30
2026-07-02 12:32:57 INFO  SELL_EXECUTED [KRX] 035420 mode=RSI_BOLLINGER_REBOUND phase=EXITING exitType=TIMESTOP price=219500.0000 qty=45 reason=EOD_FORCE_SELL pnl=0.69% peakPnl=1.15% holdMs=10920000 high=220500.0000 avgPrice=218000.0000 weightedPnl=0.68% (pending fill)
2026-07-02 12:32:57 INFO  SELL_FILLED_PNL 035420 reason=EOD_FORCE_SELL filledQty=45/45 fillRatio=1.00 weightedPnl=0.68% dailyPnl=0.68%
2026-07-02 12:32:57 INFO  SELL_FILLED 035420 reason=EOD_FORCE_SELL remainingQty=0 phase=NONE exitType=TIMESTOP
2026-07-02 12:33:00 INFO  BUY [KRX] 034020 mode=RSI_BOLLINGER_REBOUND price=109500.0000 qty=91 size=1.0000x score=100[SS] | WHY: rsi=24.8 sig=28.8 bbLow=109286 5mLow=109400 rsiBbScore=100 vol(1.58x) | VWAP: -1.82%(BELOW slope=DN) allowedGap=5.00% | TREND: score=0 vel=-0.09%/0.00%/0.00% accel=false | VOL: 9245.0000/5851.5000 TO: 1012327500.0000/641744515.0000 | HIGH: 109950.0000 fromHigh=-0.41% | RSI_BB: score=100 rsi=24.8 sig=28.8 bbLow=109286 5mLow=109400 cross=false | entryNo=1
2026-07-02 12:33:00 INFO  BUY_FILLED 034020 phase=HOLDING
2026-07-02 12:33:01 INFO  BUY amount set for 006400: 10000000.00
2026-07-02 12:33:01 INFO  SELL [EOD_FORCE_SELL] 034020 pnl=-0.91% time=15:30
2026-07-02 12:33:01 INFO  SELL_EXECUTED [KRX] 034020 mode=RSI_BOLLINGER_REBOUND phase=EXITING exitType=TIMESTOP price=108500.0000 qty=91 reason=EOD_FORCE_SELL pnl=-0.91% peakPnl=1.10% holdMs=13320000 high=110700.0000 avgPrice=109500.0000 weightedPnl=-0.91% (pending fill)
2026-07-02 12:33:01 INFO  SELL_FILLED_PNL 034020 reason=EOD_FORCE_SELL filledQty=91/91 fillRatio=1.00 weightedPnl=-0.91% dailyPnl=-0.91%
2026-07-02 12:33:01 INFO  SELL_FILLED 034020 reason=EOD_FORCE_SELL remainingQty=0 phase=NONE exitType=TIMESTOP
2026-07-02 12:33:01 INFO  BUY amount set for 003490: 10000000.00
2026-07-02 12:33:01 INFO  BUY amount set for 018260: 10000000.00
2026-07-02 12:33:01 INFO  BUY amount set for 055550: 10000000.00
2026-07-02 12:33:02 INFO  BUY amount set for 001820: 10000000.00
2026-07-02 12:33:03 INFO  BUY amount set for 028050: 10000000.00
2026-07-02 12:33:03 INFO  BUY amount set for 006360: 10000000.00
2026-07-02 12:33:03 INFO  BUY amount set for 161890: 10000000.00
2026-07-02 12:33:03 INFO  BUY [KRX] 018260 mode=RSI_BOLLINGER_REBOUND price=181500.0000 qty=55 size=1.0000x score=100[SS] | WHY: rsi=22.2 sig=19.8 bbLow=181550 5mLow=181000 rsiBbScore=100 vol(2.57x) | VWAP: -1.33%(BELOW slope=DN) allowedGap=5.00% | TREND: score=0 vel=-0.22%/-0.33%/-0.55% accel=true | VOL: 2963.0000/1151.0500 TO: 537191900.0000/209318207.5000 | HIGH: 182400.0000 fromHigh=-0.60% | RSI_BB: score=100 rsi=22.2 sig=19.8 bbLow=181550 5mLow=181000 cross=false | entryNo=1
2026-07-02 12:33:03 INFO  BUY_FILLED 018260 phase=HOLDING
2026-07-02 12:33:03 INFO  SELL [EOD_FORCE_SELL] 018260 pnl=0.66% time=15:30
2026-07-02 12:33:03 INFO  SELL_EXECUTED [KRX] 018260 mode=RSI_BOLLINGER_REBOUND phase=EXITING exitType=TIMESTOP price=182500.0000 qty=55 reason=EOD_FORCE_SELL pnl=0.66% peakPnl=1.05% holdMs=13080000 high=183200.0000 avgPrice=181300.0000 weightedPnl=0.66% (pending fill)
2026-07-02 12:33:03 INFO  SELL_FILLED_PNL 018260 reason=EOD_FORCE_SELL filledQty=55/55 fillRatio=1.00 weightedPnl=0.66% dailyPnl=0.66%
2026-07-02 12:33:03 INFO  SELL_FILLED 018260 reason=EOD_FORCE_SELL remainingQty=0 phase=NONE exitType=TIMESTOP
2026-07-02 12:33:04 INFO  BUY amount set for 024840: 10000000.00
2026-07-02 12:33:05 INFO  BUY amount set for 000500: 10000000.00
2026-07-02 12:33:05 INFO  BUY [KRX] 161890 mode=OPENING_RANGE_BREAKOUT price=83000.0000 qty=120 size=1.0000x score=63[D] | WHY: vwap=1.64% trend=3 vol(3.72x) | VWAP: 1.64%(ABOVE slope=UP) allowedGap=1.00% | TREND: score=3 vel=0.48%/0.36%/0.85% accel=true | VOL: 5844.0000/1569.6000 TO: 485052000.0000/129399965.0000 | HIGH: 83300.0000 fromHigh=-0.36% | entryNo=1
2026-07-02 12:33:05 INFO  BUY_FILLED 161890 phase=HOLDING
2026-07-02 12:33:05 INFO  SELL [EOD_FORCE_SELL] 161890 pnl=-0.24% time=15:30
2026-07-02 12:33:05 INFO  SELL_EXECUTED [KRX] 161890 mode=OPENING_RANGE_BREAKOUT phase=EXITING exitType=TIMESTOP price=82800.0000 qty=120 reason=EOD_FORCE_SELL pnl=-0.24% peakPnl=0.48% holdMs=20940000 high=83400.0000 avgPrice=83000.0000 weightedPnl=-0.24% (pending fill)
2026-07-02 12:33:05 INFO  SELL_FILLED_PNL 161890 reason=EOD_FORCE_SELL filledQty=120/120 fillRatio=1.00 weightedPnl=-0.24% dailyPnl=-0.24%
2026-07-02 12:33:05 INFO  SELL_FILLED 161890 reason=EOD_FORCE_SELL remainingQty=0 phase=NONE exitType=TIMESTOP
2026-07-02 12:33:05 INFO  BUY amount set for 196170: 10000000.00
2026-07-02 12:33:06 INFO  BUY amount set for 007660: 10000000.00
2026-07-02 12:33:06 INFO  BUY [KRX] 024840 mode=OPENING_RANGE_BREAKOUT price=2610.0000 qty=3831 size=1.0000x score=63[D] | WHY: vwap=1.69% trend=3 vol(7.06x) | VWAP: 1.69%(ABOVE slope=UP) allowedGap=1.00% | TREND: score=3 vel=0.77%/0.58%/0.58% accel=true | VOL: 140874.0000/19956.0000 TO: 367681140.0000/51836029.0000 | HIGH: 2620.0000 fromHigh=-0.38% | entryNo=1
2026-07-02 12:33:06 INFO  BUY_FILLED 024840 phase=HOLDING
2026-07-02 12:33:06 INFO  SELL [TRAIL_OPENING_RANGE_BREAKOUT] 024840 pnl=0.38% peakPnl=1.53% high=2650.0000 current=2620.0000
2026-07-02 12:33:06 INFO  SELL_EXECUTED [KRX] 024840 mode=OPENING_RANGE_BREAKOUT phase=EXITING exitType=TRAIL price=2620.0000 qty=3831 reason=TRAIL_OPENING_RANGE_BREAKOUT pnl=0.38% peakPnl=1.53% holdMs=1380000 high=2650.0000 avgPrice=2610.0000 weightedPnl=0.38% (pending fill)
2026-07-02 12:33:06 INFO  SELL_FILLED_PNL 024840 reason=TRAIL_OPENING_RANGE_BREAKOUT filledQty=3831/3831 fillRatio=1.00 weightedPnl=0.38% dailyPnl=0.38%
2026-07-02 12:33:06 INFO  SELL_FILLED 024840 reason=TRAIL_OPENING_RANGE_BREAKOUT remainingQty=0 phase=NONE exitType=TRAIL
2026-07-02 12:33:06 INFO  BUY amount set for 032830: 10000000.00
2026-07-02 12:33:07 INFO  BUY [KRX] 161890 mode=RSI_BOLLINGER_REBOUND price=90800.0000 qty=110 size=1.0000x score=100[SS] | WHY: rsi=24.3 sig=33.4 bbLow=90893 5mLow=90600 rsiBbScore=100 vol(1.20x) | VWAP: -0.91%(BELOW slope=DN) allowedGap=5.00% | TREND: score=0 vel=-0.22%/0.00%/0.00% accel=false | VOL: 641.0000/533.6500 TO: 58202800.0000/48544575.0000 | HIGH: 91500.0000 fromHigh=-0.77% | RSI_BB: score=100 rsi=24.3 sig=33.4 bbLow=90893 5mLow=90600 cross=false | entryNo=1
2026-07-02 12:33:07 INFO  BUY_FILLED 161890 phase=HOLDING
2026-07-02 12:33:07 INFO  BUY amount set for 000270: 10000000.00
2026-07-02 12:33:07 INFO  SELL [EOD_FORCE_SELL] 161890 pnl=-1.43% time=15:30
2026-07-02 12:33:07 INFO  SELL_EXECUTED [KRX] 161890 mode=RSI_BOLLINGER_REBOUND phase=EXITING exitType=TIMESTOP price=89500.0000 qty=110 reason=EOD_FORCE_SELL pnl=-1.43% peakPnl=0.22% holdMs=8100000 high=91000.0000 avgPrice=90800.0000 weightedPnl=-1.43% (pending fill)
2026-07-02 12:33:07 INFO  SELL_FILLED_PNL 161890 reason=EOD_FORCE_SELL filledQty=110/110 fillRatio=1.00 weightedPnl=-1.43% dailyPnl=-1.43%
2026-07-02 12:33:07 INFO  SELL_FILLED 161890 reason=EOD_FORCE_SELL remainingQty=0 phase=NONE exitType=TIMESTOP
2026-07-02 12:33:07 INFO  BUY [KRX] 007660 mode=RSI_BOLLINGER_REBOUND price=114500.0000 qty=87 size=1.0000x score=100[SS] | WHY: rsi=8.1 sig=11.0 bbLow=114641 5mLow=114400 rsiBbScore=100 vol(1.45x) | VWAP: -2.47%(BELOW slope=DN) allowedGap=5.00% | TREND: score=0 vel=-0.09%/-0.09%/-0.26% accel=false | VOL: 4826.0000/3322.3000 TO: 552577000.0000/381661110.0000 | HIGH: 115400.0000 fromHigh=-0.78% | RSI_BB: score=100 rsi=8.1 sig=11.0 bbLow=114641 5mLow=114400 cross=false | entryNo=1
2026-07-02 12:33:07 INFO  BUY_FILLED 007660 phase=HOLDING
2026-07-02 12:33:07 INFO  SELL [EOD_FORCE_SELL] 007660 pnl=0.35% time=15:30
2026-07-02 12:33:07 INFO  SELL_EXECUTED [KRX] 007660 mode=RSI_BOLLINGER_REBOUND phase=EXITING exitType=TIMESTOP price=114900.0000 qty=87 reason=EOD_FORCE_SELL pnl=0.35% peakPnl=1.14% holdMs=10680000 high=115800.0000 avgPrice=114500.0000 weightedPnl=0.35% (pending fill)
2026-07-02 12:33:07 INFO  SELL_FILLED_PNL 007660 reason=EOD_FORCE_SELL filledQty=87/87 fillRatio=1.00 weightedPnl=0.35% dailyPnl=0.35%
2026-07-02 12:33:07 INFO  SELL_FILLED 007660 reason=EOD_FORCE_SELL remainingQty=0 phase=NONE exitType=TIMESTOP
2026-07-02 12:33:08 INFO  BUY amount set for 064350: 10000000.00
2026-07-02 12:33:09 INFO  BUY [KRX] 032830 mode=RSI_BOLLINGER_REBOUND price=255500.0000 qty=39 size=1.0000x score=100[SS] | WHY: rsi=21.7 sig=30.3 bbLow=255659 5mLow=255500 rsiBbScore=100 vol(1.01x) | VWAP: -1.62%(BELOW slope=DN) allowedGap=5.00% | TREND: score=0 vel=-0.20%/0.00%/-0.20% accel=false | VOL: 408.0000/404.7000 TO: 104244000.0000/103761662.5000 | HIGH: 257000.0000 fromHigh=-0.58% | RSI_BB: score=100 rsi=21.7 sig=30.3 bbLow=255659 5mLow=255500 cross=false | entryNo=1
2026-07-02 12:33:09 INFO  BUY_FILLED 032830 phase=HOLDING
2026-07-02 12:33:09 INFO  SELL [EOD_FORCE_SELL] 032830 pnl=0.98% time=15:30
2026-07-02 12:33:09 INFO  SELL_EXECUTED [KRX] 032830 mode=RSI_BOLLINGER_REBOUND phase=EXITING exitType=TIMESTOP price=258000.0000 qty=39 reason=EOD_FORCE_SELL pnl=0.98% peakPnl=1.37% holdMs=13020000 high=259000.0000 avgPrice=255500.0000 weightedPnl=0.97% (pending fill)
2026-07-02 12:33:09 INFO  SELL_FILLED_PNL 032830 reason=EOD_FORCE_SELL filledQty=39/39 fillRatio=1.00 weightedPnl=0.97% dailyPnl=0.97%
2026-07-02 12:33:09 INFO  SELL_FILLED 032830 reason=EOD_FORCE_SELL remainingQty=0 phase=NONE exitType=TIMESTOP
2026-07-02 12:33:09 INFO  BUY [KRX] 196170 mode=RSI_BOLLINGER_REBOUND price=378500.0000 qty=26 size=1.0000x score=100[SS] | WHY: rsi=14.8 sig=26.6 bbLow=379153 5mLow=378000 rsiBbScore=100 vol(1.61x) | VWAP: -0.87%(BELOW slope=DN) allowedGap=5.00% | TREND: score=0 vel=-0.13%/-0.13%/-0.13% accel=false | VOL: 1691.0000/1049.0000 TO: 640043500.0000/398382512.5000 | HIGH: 381500.0000 fromHigh=-0.79% | RSI_BB: score=100 rsi=14.8 sig=26.6 bbLow=379153 5mLow=378000 cross=false | entryNo=1
2026-07-02 12:33:10 INFO  BUY_FILLED 196170 phase=HOLDING
2026-07-02 12:33:10 INFO  SELL [EOD_FORCE_SELL] 196170 pnl=0.13% time=15:30
2026-07-02 12:33:10 INFO  SELL_EXECUTED [KRX] 196170 mode=RSI_BOLLINGER_REBOUND phase=EXITING exitType=TIMESTOP price=379000.0000 qty=26 reason=EOD_FORCE_SELL pnl=0.13% peakPnl=0.92% holdMs=8400000 high=382000.0000 avgPrice=378500.0000 weightedPnl=0.13% (pending fill)
2026-07-02 12:33:10 INFO  SELL_FILLED_PNL 196170 reason=EOD_FORCE_SELL filledQty=26/26 fillRatio=1.00 weightedPnl=0.13% dailyPnl=0.13%
2026-07-02 12:33:10 INFO  SELL_FILLED 196170 reason=EOD_FORCE_SELL remainingQty=0 phase=NONE exitType=TIMESTOP
2026-07-02 12:33:11 INFO  BUY [KRX] 064350 mode=RSI_BOLLINGER_REBOUND price=233000.0000 qty=42 size=1.0000x score=100[SS] | WHY: rsi=12.5 sig=12.3 bbLow=232711 5mLow=232500 rsiBbScore=100 vol(3.72x) | VWAP: -2.00%(BELOW slope=DN) allowedGap=5.00% | TREND: score=0 vel=-0.43%/-0.43%/-0.21% accel=false | VOL: 10199.0000/2742.5500 TO: 2376367000.0000/640024487.5000 | HIGH: 234500.0000 fromHigh=-0.64% | RSI_BB: score=100 rsi=12.5 sig=12.3 bbLow=232711 5mLow=232500 cross=false | entryNo=1
2026-07-02 12:33:11 INFO  BUY_FILLED 064350 phase=HOLDING
2026-07-02 12:33:11 INFO  SELL [EOD_FORCE_SELL] 064350 pnl=-0.86% time=15:30
2026-07-02 12:33:11 INFO  SELL_EXECUTED [KRX] 064350 mode=RSI_BOLLINGER_REBOUND phase=EXITING exitType=TIMESTOP price=231000.0000 qty=42 reason=EOD_FORCE_SELL pnl=-0.86% peakPnl=0.43% holdMs=7620000 high=234000.0000 avgPrice=233000.0000 weightedPnl=-0.84% (pending fill)
2026-07-02 12:33:11 INFO  SELL_FILLED_PNL 064350 reason=EOD_FORCE_SELL filledQty=42/42 fillRatio=1.00 weightedPnl=-0.84% dailyPnl=-0.84%
2026-07-02 12:33:11 INFO  SELL_FILLED 064350 reason=EOD_FORCE_SELL remainingQty=0 phase=NONE exitType=TIMESTOP
2026-07-02 12:33:11 INFO  BUY amount set for 001440: 10000000.00
2026-07-02 12:33:12 INFO  BUY amount set for 058470: 10000000.00
2026-07-02 12:33:13 INFO  BUY amount set for 329180: 10000000.00
2026-07-02 12:33:13 INFO  BUY amount set for 086520: 10000000.00
2026-07-02 12:33:14 INFO  BUY amount set for 222800: 10000000.00
2026-07-02 12:33:19 INFO  BUY [KRX] 058470 mode=OPENING_RANGE_BREAKOUT price=94200.0000 qty=106 size=1.0000x score=63[D] | WHY: vwap=1.27% trend=3 vol(3.19x) | VWAP: 1.27%(ABOVE slope=UP) allowedGap=1.00% | TREND: score=3 vel=1.62%/1.07%/1.95% accel=true | VOL: 14759.0000/4633.8000 TO: 1390297800.0000/431293650.0000 | HIGH: 94600.0000 fromHigh=-0.42% | entryNo=1
2026-07-02 12:33:19 INFO  BUY_FILLED 058470 phase=HOLDING
2026-07-02 12:33:19 INFO  SELL_EXECUTED [KRX] 058470 mode=OPENING_RANGE_BREAKOUT phase=EXITING exitType=PROFIT price=96300.0000 qty=106 reason=TAKE_PROFIT_OPENING_RANGE_BREAKOUT pnl=2.23% peakPnl=2.23% holdMs=1500000 high=96300.0000 avgPrice=94200.0000 weightedPnl=2.23% (pending fill)
2026-07-02 12:33:19 INFO  SELL_FILLED_PNL 058470 reason=TAKE_PROFIT_OPENING_RANGE_BREAKOUT filledQty=106/106 fillRatio=1.00 weightedPnl=2.23% dailyPnl=2.23%
2026-07-02 12:33:19 INFO  SELL_FILLED 058470 reason=TAKE_PROFIT_OPENING_RANGE_BREAKOUT remainingQty=0 phase=NONE exitType=PROFIT
2026-07-02 13:45:38 INFO  BUY amount set for 000660: 10000000.00
2026-07-02 13:45:38 INFO  BUY amount set for 475150: 10000000.00
2026-07-02 13:45:38 INFO  BUY amount set for 009150: 10000000.00
2026-07-02 13:45:38 INFO  BUY amount set for 006340: 10000000.00
2026-07-02 13:45:38 INFO  BUY amount set for 105560: 10000000.00
2026-07-02 13:45:38 INFO  BUY amount set for 005930: 10000000.00
2026-07-02 13:45:38 INFO  BUY amount set for 010120: 10000000.00
2026-07-02 13:45:39 INFO  BUY amount set for 012450: 10000000.00
2026-07-02 13:45:39 INFO  BUY amount set for 402340: 10000000.00
2026-07-02 13:45:39 INFO  BUY amount set for 240810: 10000000.00
2026-07-02 13:45:39 INFO  BUY amount set for 036930: 10000000.00
2026-07-02 13:45:39 INFO  BUY amount set for 042660: 10000000.00
2026-07-02 13:45:39 INFO  BUY amount set for 005380: 10000000.00
2026-07-02 13:45:39 INFO  BUY amount set for 005935: 10000000.00
2026-07-02 13:45:39 INFO  BUY amount set for 002990: 10000000.00
2026-07-02 13:45:40 INFO  BUY [KRX] 402340 mode=OPENING_RANGE_BREAKOUT price=622000.0000 qty=16 size=1.0000x score=70[D] | WHY: vwap=1.65% trend=3 vol(2.90x) | VWAP: 1.65%(ABOVE slope=UP) allowedGap=1.00% | TREND: score=3 vel=0.81%/0.48%/0.16% accel=true | VOL: 5160.0000/1779.0500 TO: 3209520000.0000/1104571250.0000 | HIGH: 625000.0000 fromHigh=-0.48% | entryNo=1
2026-07-02 13:45:40 INFO  BUY_FILLED 402340 phase=HOLDING
2026-07-02 13:45:40 INFO  SELL_EXECUTED [KRX] 402340 mode=OPENING_RANGE_BREAKOUT phase=EXITING exitType=PROFIT price=636000.0000 qty=16 reason=TAKE_PROFIT_OPENING_RANGE_BREAKOUT pnl=2.25% peakPnl=2.25% holdMs=8820000 high=636000.0000 avgPrice=622000.0000 weightedPnl=2.24% (pending fill)
2026-07-02 13:45:40 INFO  SELL_FILLED_PNL 402340 reason=TAKE_PROFIT_OPENING_RANGE_BREAKOUT filledQty=16/16 fillRatio=1.00 weightedPnl=2.24% dailyPnl=2.24%
2026-07-02 13:45:40 INFO  SELL_FILLED 402340 reason=TAKE_PROFIT_OPENING_RANGE_BREAKOUT remainingQty=0 phase=NONE exitType=PROFIT
2026-07-02 13:45:42 INFO  BUY [KRX] 010120 mode=OPENING_RANGE_BREAKOUT price=272000.0000 qty=36 size=1.0000x score=70[D] | WHY: vwap=1.25% trend=3 vol(2.64x) | VWAP: 1.25%(ABOVE slope=UP) allowedGap=1.00% | TREND: score=3 vel=1.12%/0.55%/0.74% accel=true | VOL: 30962.0000/11742.7000 TO: 8421664000.0000/3153303200.0000 | HIGH: 273000.0000 fromHigh=-0.37% | entryNo=1
2026-07-02 13:45:42 INFO  BUY_FILLED 010120 phase=HOLDING
2026-07-02 13:45:42 INFO  SELL_EXECUTED [KRX] 010120 mode=OPENING_RANGE_BREAKOUT phase=EXITING exitType=PROFIT price=278000.0000 qty=36 reason=TAKE_PROFIT_OPENING_RANGE_BREAKOUT pnl=2.21% peakPnl=2.21% holdMs=1200000 high=278000.0000 avgPrice=272000.0000 weightedPnl=2.16% (pending fill)
2026-07-02 13:45:42 INFO  SELL_FILLED_PNL 010120 reason=TAKE_PROFIT_OPENING_RANGE_BREAKOUT filledQty=36/36 fillRatio=1.00 weightedPnl=2.16% dailyPnl=2.16%
2026-07-02 13:45:42 INFO  SELL_FILLED 010120 reason=TAKE_PROFIT_OPENING_RANGE_BREAKOUT remainingQty=0 phase=NONE exitType=PROFIT
2026-07-02 13:45:43 INFO  BUY [KRX] 402340 mode=OPENING_RANGE_BREAKOUT price=932000.0000 qty=10 size=1.0000x score=68[D] | WHY: vwap=1.19% trend=3 vol(3.77x) | VWAP: 1.19%(ABOVE slope=UP) allowedGap=1.00% | TREND: score=3 vel=0.76%/0.43%/0.76% accel=true | VOL: 20610.0000/5470.3000 TO: 19208520000.0000/5058814150.0000 | HIGH: 939000.0000 fromHigh=-0.75% | entryNo=1
2026-07-02 13:45:43 INFO  BUY_FILLED 402340 phase=HOLDING
2026-07-02 13:45:43 INFO  SELL_EXECUTED [KRX] 402340 mode=OPENING_RANGE_BREAKOUT phase=EXITING exitType=PROFIT price=954000.0000 qty=10 reason=TAKE_PROFIT_OPENING_RANGE_BREAKOUT pnl=2.36% peakPnl=2.36% holdMs=720000 high=954000.0000 avgPrice=932000.0000 weightedPnl=2.20% (pending fill)
2026-07-02 13:45:43 INFO  SELL_FILLED_PNL 402340 reason=TAKE_PROFIT_OPENING_RANGE_BREAKOUT filledQty=10/10 fillRatio=1.00 weightedPnl=2.20% dailyPnl=2.20%
2026-07-02 13:45:43 INFO  SELL_FILLED 402340 reason=TAKE_PROFIT_OPENING_RANGE_BREAKOUT remainingQty=0 phase=NONE exitType=PROFIT
2026-07-02 13:45:47 INFO  BUY amount set for 066570: 10000000.00
2026-07-02 13:45:48 INFO  BUY amount set for 403870: 10000000.00
2026-07-02 13:45:49 INFO  BUY amount set for 042700: 10000000.00
2026-07-02 13:45:49 INFO  BUY amount set for 028260: 10000000.00
2026-07-02 13:45:49 INFO  BUY amount set for 267260: 10000000.00
2026-07-02 13:45:49 INFO  BUY amount set for 034730: 10000000.00
2026-07-02 13:45:50 INFO  BUY amount set for 278470: 10000000.00
2026-07-02 13:45:50 INFO  BUY amount set for 012330: 10000000.00
2026-07-02 13:45:50 INFO  BUY amount set for 064400: 10000000.00
2026-07-02 13:45:50 INFO  BUY amount set for 043260: 10000000.00
2026-07-02 13:45:51 INFO  BUY amount set for 034020: 10000000.00
2026-07-02 13:45:52 INFO  BUY amount set for 011070: 10000000.00
2026-07-02 13:45:52 INFO  BUY amount set for 080220: 10000000.00
2026-07-02 13:45:53 INFO  BUY amount set for 298040: 10000000.00
2026-07-02 13:45:54 INFO  BUY amount set for 035420: 10000000.00
2026-07-02 13:45:55 INFO  BUY [KRX] 064400 mode=OPENING_RANGE_BREAKOUT price=74900.0000 qty=133 size=1.0000x score=63[D] | WHY: vwap=1.75% trend=3 vol(3.15x) | VWAP: 1.75%(ABOVE slope=UP) allowedGap=1.00% | TREND: score=3 vel=2.18%/1.77%/1.22% accel=true | VOL: 82642.0000/26266.7000 TO: 6189885800.0000/1941817177.5000 | HIGH: 75200.0000 fromHigh=-0.40% | entryNo=1
2026-07-02 13:45:56 INFO  BUY_FILLED 064400 phase=HOLDING
2026-07-02 13:45:56 INFO  SELL_EXECUTED [KRX] 064400 mode=OPENING_RANGE_BREAKOUT phase=EXITING exitType=STOPLOSS price=73400.0000 qty=133 reason=STOP_LOSS_OPENING_RANGE_BREAKOUT pnl=-2.00% peakPnl=0.27% holdMs=480000 high=75100.0000 avgPrice=74900.0000 weightedPnl=-2.00% (pending fill)
2026-07-02 13:45:56 INFO  SELL_FILLED_PNL 064400 reason=STOP_LOSS_OPENING_RANGE_BREAKOUT filledQty=133/133 fillRatio=1.00 weightedPnl=-2.00% dailyPnl=-2.00%
2026-07-02 13:45:56 INFO  SELL_FILLED 064400 reason=STOP_LOSS_OPENING_RANGE_BREAKOUT remainingQty=0 phase=NONE exitType=STOPLOSS
2026-07-02 13:45:59 INFO  BUY amount set for 006400: 10000000.00
2026-07-02 13:46:00 INFO  BUY amount set for 003490: 10000000.00
2026-07-02 13:46:00 INFO  BUY amount set for 001820: 10000000.00
2026-07-02 13:46:01 INFO  BUY amount set for 055550: 10000000.00
2026-07-02 13:46:01 INFO  BUY amount set for 007660: 10000000.00
2026-07-02 13:46:01 INFO  BUY amount set for 058470: 10000000.00
2026-07-02 13:46:02 INFO  BUY amount set for 028050: 10000000.00
2026-07-02 13:46:03 INFO  BUY amount set for 018260: 10000000.00
2026-07-02 13:46:03 INFO  BUY amount set for 161890: 10000000.00
2026-07-02 13:46:03 INFO  BUY amount set for 032830: 10000000.00
2026-07-02 13:46:04 INFO  BUY amount set for 006360: 10000000.00
2026-07-02 13:46:05 INFO  BUY amount set for 024840: 10000000.00
2026-07-02 13:46:05 INFO  BUY [KRX] 161890 mode=OPENING_RANGE_BREAKOUT price=83000.0000 qty=120 size=1.0000x score=63[D] | WHY: vwap=1.64% trend=3 vol(3.72x) | VWAP: 1.64%(ABOVE slope=UP) allowedGap=1.00% | TREND: score=3 vel=0.48%/0.36%/0.85% accel=true | VOL: 5844.0000/1569.6000 TO: 485052000.0000/129399965.0000 | HIGH: 83300.0000 fromHigh=-0.36% | entryNo=1
2026-07-02 13:46:05 INFO  BUY_FILLED 161890 phase=HOLDING
2026-07-02 13:46:05 INFO  SELL [EOD_FORCE_SELL] 161890 pnl=-0.24% time=15:30
2026-07-02 13:46:05 INFO  SELL_EXECUTED [KRX] 161890 mode=OPENING_RANGE_BREAKOUT phase=EXITING exitType=TIMESTOP price=82800.0000 qty=120 reason=EOD_FORCE_SELL pnl=-0.24% peakPnl=0.48% holdMs=20940000 high=83400.0000 avgPrice=83000.0000 weightedPnl=-0.24% (pending fill)
2026-07-02 13:46:05 INFO  SELL_FILLED_PNL 161890 reason=EOD_FORCE_SELL filledQty=120/120 fillRatio=1.00 weightedPnl=-0.24% dailyPnl=-0.24%
2026-07-02 13:46:05 INFO  SELL_FILLED 161890 reason=EOD_FORCE_SELL remainingQty=0 phase=NONE exitType=TIMESTOP
2026-07-02 13:46:07 INFO  BUY [KRX] 024840 mode=OPENING_RANGE_BREAKOUT price=2610.0000 qty=3831 size=1.0000x score=63[D] | WHY: vwap=1.69% trend=3 vol(7.06x) | VWAP: 1.69%(ABOVE slope=UP) allowedGap=1.00% | TREND: score=3 vel=0.77%/0.58%/0.58% accel=true | VOL: 140874.0000/19956.0000 TO: 367681140.0000/51836029.0000 | HIGH: 2620.0000 fromHigh=-0.38% | entryNo=1
2026-07-02 13:46:07 INFO  BUY_FILLED 024840 phase=HOLDING
2026-07-02 13:46:07 INFO  SELL [TRAIL_OPENING_RANGE_BREAKOUT] 024840 pnl=0.38% peakPnl=1.53% high=2650.0000 current=2620.0000
2026-07-02 13:46:07 INFO  SELL_EXECUTED [KRX] 024840 mode=OPENING_RANGE_BREAKOUT phase=EXITING exitType=TRAIL price=2620.0000 qty=3831 reason=TRAIL_OPENING_RANGE_BREAKOUT pnl=0.38% peakPnl=1.53% holdMs=1380000 high=2650.0000 avgPrice=2610.0000 weightedPnl=0.38% (pending fill)
2026-07-02 13:46:07 INFO  SELL_FILLED_PNL 024840 reason=TRAIL_OPENING_RANGE_BREAKOUT filledQty=3831/3831 fillRatio=1.00 weightedPnl=0.38% dailyPnl=0.38%
2026-07-02 13:46:07 INFO  SELL_FILLED 024840 reason=TRAIL_OPENING_RANGE_BREAKOUT remainingQty=0 phase=NONE exitType=TRAIL
2026-07-02 13:46:07 INFO  BUY amount set for 000270: 10000000.00
2026-07-02 13:46:09 INFO  BUY amount set for 196170: 10000000.00
2026-07-02 13:46:09 INFO  BUY amount set for 000500: 10000000.00
2026-07-02 13:46:09 INFO  BUY [KRX] 058470 mode=OPENING_RANGE_BREAKOUT price=94200.0000 qty=106 size=1.0000x score=63[D] | WHY: vwap=1.27% trend=3 vol(3.19x) | VWAP: 1.27%(ABOVE slope=UP) allowedGap=1.00% | TREND: score=3 vel=1.62%/1.07%/1.95% accel=true | VOL: 14759.0000/4633.8000 TO: 1390297800.0000/431293650.0000 | HIGH: 94600.0000 fromHigh=-0.42% | entryNo=1
2026-07-02 13:46:09 INFO  BUY_FILLED 058470 phase=HOLDING
2026-07-02 13:46:09 INFO  SELL_EXECUTED [KRX] 058470 mode=OPENING_RANGE_BREAKOUT phase=EXITING exitType=PROFIT price=96300.0000 qty=106 reason=TAKE_PROFIT_OPENING_RANGE_BREAKOUT pnl=2.23% peakPnl=2.23% holdMs=1500000 high=96300.0000 avgPrice=94200.0000 weightedPnl=2.23% (pending fill)
2026-07-02 13:46:09 INFO  SELL_FILLED_PNL 058470 reason=TAKE_PROFIT_OPENING_RANGE_BREAKOUT filledQty=106/106 fillRatio=1.00 weightedPnl=2.23% dailyPnl=2.23%
2026-07-02 13:46:09 INFO  SELL_FILLED 058470 reason=TAKE_PROFIT_OPENING_RANGE_BREAKOUT remainingQty=0 phase=NONE exitType=PROFIT
2026-07-02 13:46:11 INFO  BUY amount set for 000990: 10000000.00
2026-07-02 13:46:11 INFO  BUY amount set for 064350: 10000000.00
2026-07-02 13:46:11 INFO  BUY amount set for 010960: 10000000.00
2026-07-02 13:46:12 INFO  BUY amount set for 222800: 10000000.00
2026-07-02 13:46:13 INFO  BUY amount set for 086520: 10000000.00
2026-07-02 17:33:38 INFO  BUY amount set for 402340: 10000000.00
2026-07-02 17:33:39 INFO  BUY amount set for 005935: 10000000.00
2026-07-02 17:33:39 INFO  BUY amount set for 000660: 10000000.00
2026-07-02 17:33:39 INFO  BUY amount set for 105560: 10000000.00
2026-07-02 17:33:39 INFO  BUY amount set for 002990: 10000000.00
2026-07-02 17:33:39 INFO  BUY amount set for 009150: 10000000.00
2026-07-02 17:33:39 INFO  BUY amount set for 066570: 10000000.00
2026-07-02 17:33:39 INFO  BUY amount set for 240810: 10000000.00
2026-07-02 17:33:39 INFO  BUY amount set for 012450: 10000000.00
2026-07-02 17:33:39 INFO  BUY amount set for 005930: 10000000.00
2026-07-02 17:33:39 INFO  BUY amount set for 010120: 10000000.00
2026-07-02 17:33:39 INFO  BUY amount set for 036930: 10000000.00
2026-07-02 17:33:39 INFO  BUY amount set for 042660: 10000000.00
2026-07-02 17:33:39 INFO  BUY amount set for 005380: 10000000.00
2026-07-02 17:33:39 INFO  BUY amount set for 006340: 10000000.00
2026-07-02 17:33:41 INFO  BUY [KRX] 402340 mode=OPENING_RANGE_BREAKOUT price=622000.0000 qty=16 size=1.0000x score=70[D] | WHY: vwap=1.65% trend=3 vol(2.90x) | VWAP: 1.65%(ABOVE slope=UP) allowedGap=1.00% | TREND: score=3 vel=0.81%/0.48%/0.16% accel=true | VOL: 5160.0000/1779.0500 TO: 3209520000.0000/1104571250.0000 | HIGH: 625000.0000 fromHigh=-0.48% | entryNo=1
2026-07-02 17:33:41 INFO  BUY_FILLED 402340 phase=HOLDING
2026-07-02 17:33:41 INFO  SELL_EXECUTED [KRX] 402340 mode=OPENING_RANGE_BREAKOUT phase=EXITING exitType=PROFIT price=636000.0000 qty=16 reason=TAKE_PROFIT_OPENING_RANGE_BREAKOUT pnl=2.25% peakPnl=2.25% holdMs=8820000 high=636000.0000 avgPrice=622000.0000 weightedPnl=2.24% (pending fill)
2026-07-02 17:33:41 INFO  SELL_FILLED_PNL 402340 reason=TAKE_PROFIT_OPENING_RANGE_BREAKOUT filledQty=16/16 fillRatio=1.00 weightedPnl=2.24% dailyPnl=2.24%
2026-07-02 17:33:41 INFO  SELL_FILLED 402340 reason=TAKE_PROFIT_OPENING_RANGE_BREAKOUT remainingQty=0 phase=NONE exitType=PROFIT
2026-07-02 17:33:41 INFO  BUY [KRX] 010120 mode=OPENING_RANGE_BREAKOUT price=189500.0000 qty=52 size=1.0000x score=75[C] | WHY: vwap=0.67% trend=3 vol(2.09x) | VWAP: 0.67%(ABOVE slope=UP) allowedGap=1.00% | TREND: score=3 vel=0.32%/0.26%/0.16% accel=true | VOL: 5611.0000/2684.0500 TO: 1063845600.0000/509039325.0000 | HIGH: 190500.0000 fromHigh=-0.47% | entryNo=1
2026-07-02 17:33:42 INFO  BUY_FILLED 010120 phase=HOLDING
2026-07-02 17:33:42 INFO  SELL_EXECUTED [KRX] 010120 mode=OPENING_RANGE_BREAKOUT phase=EXITING exitType=STOPLOSS price=187100.0000 qty=52 reason=STOP_LOSS_OPENING_RANGE_BREAKOUT pnl=-1.32% peakPnl=0.00% holdMs=1440000 high=189600.0000 avgPrice=189600.0000 weightedPnl=-1.30% (pending fill)
2026-07-02 17:33:42 INFO  SELL_FILLED_PNL 010120 reason=STOP_LOSS_OPENING_RANGE_BREAKOUT filledQty=52/52 fillRatio=1.00 weightedPnl=-1.30% dailyPnl=-1.30%
2026-07-02 17:33:42 INFO  SELL_FILLED 010120 reason=STOP_LOSS_OPENING_RANGE_BREAKOUT remainingQty=0 phase=NONE exitType=STOPLOSS
2026-07-02 17:33:45 INFO  BUY [KRX] 010120 mode=OPENING_RANGE_BREAKOUT price=272000.0000 qty=36 size=1.0000x score=70[D] | WHY: vwap=1.25% trend=3 vol(2.64x) | VWAP: 1.25%(ABOVE slope=UP) allowedGap=1.00% | TREND: score=3 vel=1.12%/0.55%/0.74% accel=true | VOL: 30962.0000/11742.7000 TO: 8421664000.0000/3153303200.0000 | HIGH: 273000.0000 fromHigh=-0.37% | entryNo=1
2026-07-02 17:33:45 INFO  BUY_FILLED 010120 phase=HOLDING
2026-07-02 17:33:45 INFO  SELL_EXECUTED [KRX] 010120 mode=OPENING_RANGE_BREAKOUT phase=EXITING exitType=PROFIT price=278000.0000 qty=36 reason=TAKE_PROFIT_OPENING_RANGE_BREAKOUT pnl=2.21% peakPnl=2.21% holdMs=1200000 high=278000.0000 avgPrice=272000.0000 weightedPnl=2.16% (pending fill)
2026-07-02 17:33:45 INFO  SELL_FILLED_PNL 010120 reason=TAKE_PROFIT_OPENING_RANGE_BREAKOUT filledQty=36/36 fillRatio=1.00 weightedPnl=2.16% dailyPnl=2.16%
2026-07-02 17:33:45 INFO  SELL_FILLED 010120 reason=TAKE_PROFIT_OPENING_RANGE_BREAKOUT remainingQty=0 phase=NONE exitType=PROFIT
2026-07-02 17:33:50 INFO  BUY amount set for 042700: 10000000.00
2026-07-02 17:33:52 INFO  BUY amount set for 028260: 10000000.00
2026-07-02 17:33:52 INFO  BUY amount set for 475150: 10000000.00
2026-07-02 17:33:52 INFO  BUY amount set for 012330: 10000000.00
2026-07-02 17:33:52 INFO  BUY amount set for 403870: 10000000.00
2026-07-02 17:33:53 INFO  BUY amount set for 034730: 10000000.00
2026-07-02 17:33:53 INFO  BUY amount set for 267260: 10000000.00
2026-07-02 17:33:53 INFO  BUY amount set for 035420: 10000000.00
2026-07-02 17:33:53 INFO  BUY amount set for 011070: 10000000.00
2026-07-02 17:33:53 INFO  BUY amount set for 298040: 10000000.00
2026-07-02 17:33:54 INFO  BUY amount set for 064400: 10000000.00
2026-07-02 17:34:00 INFO  BUY amount set for 034020: 10000000.00
2026-07-02 17:34:00 INFO  BUY [KRX] 064400 mode=OPENING_RANGE_BREAKOUT price=74900.0000 qty=133 size=1.0000x score=63[D] | WHY: vwap=1.75% trend=3 vol(3.15x) | VWAP: 1.75%(ABOVE slope=UP) allowedGap=1.00% | TREND: score=3 vel=2.18%/1.77%/1.22% accel=true | VOL: 82642.0000/26266.7000 TO: 6189885800.0000/1941817177.5000 | HIGH: 75200.0000 fromHigh=-0.40% | entryNo=1
2026-07-02 17:34:00 INFO  BUY_FILLED 064400 phase=HOLDING
2026-07-02 17:34:00 INFO  SELL_EXECUTED [KRX] 064400 mode=OPENING_RANGE_BREAKOUT phase=EXITING exitType=STOPLOSS price=73400.0000 qty=133 reason=STOP_LOSS_OPENING_RANGE_BREAKOUT pnl=-2.00% peakPnl=0.27% holdMs=480000 high=75100.0000 avgPrice=74900.0000 weightedPnl=-2.00% (pending fill)
2026-07-02 17:34:00 INFO  SELL_FILLED_PNL 064400 reason=STOP_LOSS_OPENING_RANGE_BREAKOUT filledQty=133/133 fillRatio=1.00 weightedPnl=-2.00% dailyPnl=-2.00%
2026-07-02 17:34:00 INFO  SELL_FILLED 064400 reason=STOP_LOSS_OPENING_RANGE_BREAKOUT remainingQty=0 phase=NONE exitType=STOPLOSS
2026-07-02 17:34:01 INFO  BUY amount set for 006400: 10000000.00
2026-07-02 17:34:03 INFO  BUY amount set for 278470: 10000000.00
2026-07-02 17:34:04 INFO  BUY amount set for 058470: 10000000.00
2026-07-02 17:34:05 INFO  BUY [KRX] 298040 mode=OPENING_RANGE_BREAKOUT price=3374000.0000 qty=2 size=1.0000x score=80[B] | WHY: vwap=0.92% trend=3 vol(2.06x) | VWAP: 0.92%(ABOVE slope=UP) allowedGap=1.00% | TREND: score=3 vel=1.57%/1.41%/1.02% accel=true | VOL: 618.0000/299.6316 TO: 2085132000.0000/1001769263.1579 | HIGH: 3390000.0000 fromHigh=-0.47% | entryNo=1
2026-07-02 17:34:06 INFO  BUY_FILLED 298040 phase=HOLDING
2026-07-02 17:34:06 INFO  SELL_EXECUTED [KRX] 298040 mode=OPENING_RANGE_BREAKOUT phase=EXITING exitType=STOPLOSS price=3319000.0000 qty=2 reason=STOP_LOSS_OPENING_RANGE_BREAKOUT pnl=-1.63% peakPnl=0.15% holdMs=300000 high=3379000.0000 avgPrice=3374000.0000 weightedPnl=-1.10% (pending fill)
2026-07-02 17:34:06 INFO  SELL_FILLED_PNL 298040 reason=STOP_LOSS_OPENING_RANGE_BREAKOUT filledQty=2/2 fillRatio=1.00 weightedPnl=-1.10% dailyPnl=-1.10%
2026-07-02 17:34:06 INFO  SELL_FILLED 298040 reason=STOP_LOSS_OPENING_RANGE_BREAKOUT remainingQty=0 phase=NONE exitType=STOPLOSS
2026-07-02 17:34:06 INFO  BUY amount set for 080220: 10000000.00
2026-07-02 17:34:06 INFO  BUY amount set for 043260: 10000000.00
2026-07-02 17:34:07 INFO  BUY amount set for 003490: 10000000.00
2026-07-02 17:34:07 INFO  BUY amount set for 000270: 10000000.00
2026-07-02 17:34:07 INFO  BUY amount set for 055550: 10000000.00
2026-07-02 17:34:07 INFO  BUY amount set for 032830: 10000000.00
2026-07-02 17:34:08 INFO  BUY amount set for 007660: 10000000.00
2026-07-02 17:34:08 INFO  BUY amount set for 000990: 10000000.00
2026-07-02 17:34:09 INFO  BUY [KRX] 064400 mode=OPENING_RANGE_BREAKOUT price=76500.0000 qty=130 size=1.0000x score=75[C] | WHY: vwap=0.86% trend=3 vol(2.13x) | VWAP: 0.86%(ABOVE slope=UP) allowedGap=1.00% | TREND: score=3 vel=0.79%/0.39%/0.53% accel=true | VOL: 6463.0000/3027.8000 TO: 494419500.0000/231233125.0000 | HIGH: 77100.0000 fromHigh=-0.78% | entryNo=1
2026-07-02 17:34:09 INFO  BUY_FILLED 064400 phase=HOLDING
2026-07-02 17:34:09 INFO  SELL [TRAIL_OPENING_RANGE_BREAKOUT] 064400 pnl=0.13% peakPnl=1.70% high=77800.0000 current=76600.0000
2026-07-02 17:34:09 INFO  SELL_EXECUTED [KRX] 064400 mode=OPENING_RANGE_BREAKOUT phase=EXITING exitType=TRAIL price=76600.0000 qty=130 reason=TRAIL_OPENING_RANGE_BREAKOUT pnl=0.13% peakPnl=1.70% holdMs=5640000 high=77800.0000 avgPrice=76500.0000 weightedPnl=0.13% (pending fill)
2026-07-02 17:34:09 INFO  SELL_FILLED_PNL 064400 reason=TRAIL_OPENING_RANGE_BREAKOUT filledQty=130/130 fillRatio=1.00 weightedPnl=0.13% dailyPnl=0.13%
2026-07-02 17:34:09 INFO  SELL_FILLED 064400 reason=TRAIL_OPENING_RANGE_BREAKOUT remainingQty=0 phase=NONE exitType=TRAIL
2026-07-02 17:34:10 INFO  BUY [KRX] 000990 mode=OPENING_RANGE_BREAKOUT price=95600.0000 qty=104 size=1.0000x score=75[C] | WHY: vwap=1.14% trend=3 vol(2.92x) | VWAP: 1.14%(ABOVE slope=UP) allowedGap=1.00% | TREND: score=3 vel=0.53%/0.31%/0.10% accel=true | VOL: 1647.0000/564.0000 TO: 157453200.0000/53889625.0000 | HIGH: 96100.0000 fromHigh=-0.52% | entryNo=1
2026-07-02 17:34:10 INFO  BUY_FILLED 000990 phase=HOLDING
2026-07-02 17:34:10 INFO  SELL_EXECUTED [KRX] 000990 mode=OPENING_RANGE_BREAKOUT phase=EXITING exitType=STOPLOSS price=94300.0000 qty=104 reason=STOP_LOSS_OPENING_RANGE_BREAKOUT pnl=-1.36% peakPnl=-0.31% holdMs=5280000 high=95300.0000 avgPrice=95600.0000 weightedPnl=-1.35% (pending fill)
2026-07-02 17:34:10 INFO  SELL_FILLED_PNL 000990 reason=STOP_LOSS_OPENING_RANGE_BREAKOUT filledQty=104/104 fillRatio=1.00 weightedPnl=-1.35% dailyPnl=-1.35%
2026-07-02 17:34:10 INFO  SELL_FILLED 000990 reason=STOP_LOSS_OPENING_RANGE_BREAKOUT remainingQty=0 phase=NONE exitType=STOPLOSS
2026-07-02 17:34:10 INFO  BUY amount set for 001820: 10000000.00
2026-07-02 17:34:11 INFO  BUY amount set for 028050: 10000000.00
2026-07-02 17:34:12 INFO  BUY amount set for 329180: 10000000.00
2026-07-02 17:34:17 INFO  BUY amount set for 161890: 10000000.00
2026-07-02 17:34:19 INFO  BUY [KRX] 161890 mode=OPENING_RANGE_BREAKOUT price=83000.0000 qty=120 size=1.0000x score=63[D] | WHY: vwap=1.64% trend=3 vol(3.72x) | VWAP: 1.64%(ABOVE slope=UP) allowedGap=1.00% | TREND: score=3 vel=0.48%/0.36%/0.85% accel=true | VOL: 5844.0000/1569.6000 TO: 485052000.0000/129399965.0000 | HIGH: 83300.0000 fromHigh=-0.36% | entryNo=1
2026-07-02 17:34:19 INFO  BUY_FILLED 161890 phase=HOLDING
2026-07-02 17:34:19 INFO  SELL [EOD_FORCE_SELL] 161890 pnl=-0.24% time=15:30
2026-07-02 17:34:19 INFO  SELL_EXECUTED [KRX] 161890 mode=OPENING_RANGE_BREAKOUT phase=EXITING exitType=TIMESTOP price=82800.0000 qty=120 reason=EOD_FORCE_SELL pnl=-0.24% peakPnl=0.48% holdMs=20940000 high=83400.0000 avgPrice=83000.0000 weightedPnl=-0.24% (pending fill)
2026-07-02 17:34:19 INFO  SELL_FILLED_PNL 161890 reason=EOD_FORCE_SELL filledQty=120/120 fillRatio=1.00 weightedPnl=-0.24% dailyPnl=-0.24%
2026-07-02 17:34:19 INFO  SELL_FILLED 161890 reason=EOD_FORCE_SELL remainingQty=0 phase=NONE exitType=TIMESTOP
2026-07-02 17:34:19 INFO  BUY amount set for 064350: 10000000.00
2026-07-02 17:34:19 INFO  BUY amount set for 196170: 10000000.00
2026-07-02 17:34:20 INFO  BUY amount set for 018260: 10000000.00
2026-07-02 17:34:22 INFO  BUY amount set for 013580: 10000000.00
2026-07-02 17:34:22 INFO  BUY amount set for 010960: 10000000.00
2026-07-02 17:34:22 INFO  BUY amount set for 039030: 10000000.00
2026-07-02 17:34:23 INFO  BUY amount set for 222800: 10000000.00
2026-07-02 17:34:24 INFO  BUY amount set for 086520: 10000000.00
2026-07-02 17:34:28 INFO  BUY [KRX] 161890 mode=OPENING_RANGE_BREAKOUT price=84800.0000 qty=117 size=1.0000x score=70[D] | WHY: vwap=0.95% trend=3 vol(2.74x) | VWAP: 0.95%(ABOVE slope=UP) allowedGap=1.00% | TREND: score=3 vel=0.36%/0.12%/0.12% accel=true | VOL: 1268.0000/463.3500 TO: 107526400.0000/39352980.0000 | HIGH: 85600.0000 fromHigh=-0.93% | entryNo=1
2026-07-02 17:34:28 INFO  BUY_FILLED 161890 phase=HOLDING
2026-07-02 17:34:28 INFO  SELL_EXECUTED [KRX] 161890 mode=OPENING_RANGE_BREAKOUT phase=EXITING exitType=PROFIT price=86500.0000 qty=117 reason=TAKE_PROFIT_OPENING_RANGE_BREAKOUT pnl=2.00% peakPnl=2.00% holdMs=2160000 high=86500.0000 avgPrice=84800.0000 weightedPnl=1.99% (pending fill)
2026-07-02 17:34:28 INFO  SELL_FILLED_PNL 161890 reason=TAKE_PROFIT_OPENING_RANGE_BREAKOUT filledQty=117/117 fillRatio=1.00 weightedPnl=1.99% dailyPnl=1.99%
2026-07-02 17:34:28 INFO  SELL_FILLED 161890 reason=TAKE_PROFIT_OPENING_RANGE_BREAKOUT remainingQty=0 phase=NONE exitType=PROFIT
