2026-05-14 00:10:08 WARN  BUY pending timeout cleared for AMZD
2026-05-14 00:10:08 INFO  BUY [US] AMZD mode=VOLUME_BREAKOUT price=8.6100 qty=27 size=0.8000x score=82(CONV) | WHY: strongBreakout volBreakout retestOK multiUp vol(1.63x) | VWAP: 0.03%(ABOVE slope=UP) | TREND: score=2 vel=0.00%/0.00%/-0.00% | VOL: 1431768.0000/876467.1500 TO: 12327522.4800/7543896.9993 | entryNo=2
2026-05-14 00:10:08 WARN  BUY_REJECTED AMZD phase=NONE
2026-05-14 00:18:21 WARN  BUY_SKIP [US] META reason=AMOUNT_TOO_SMALL amount=300.0000 size=1.0000x price=604.2100
2026-05-14 00:22:05 WARN  BUY_SKIP [US] META reason=AMOUNT_TOO_SMALL amount=300.0000 size=1.0000x price=604.9200
2026-05-14 00:22:20 WARN  BUY_SKIP [US] META reason=AMOUNT_TOO_SMALL amount=300.0000 size=1.0000x price=605.2900
2026-05-14 00:23:06 WARN  BUY_SKIP [US] META reason=AMOUNT_TOO_SMALL amount=300.0000 size=0.8000x price=605.4100
2026-05-14 00:23:21 WARN  BUY_SKIP [US] META reason=AMOUNT_TOO_SMALL amount=300.0000 size=0.8000x price=605.5000
2026-05-14 00:28:07 WARN  BUY_SKIP [US] META reason=AMOUNT_TOO_SMALL amount=300.0000 size=1.0000x price=606.1000
2026-05-14 00:28:22 WARN  BUY_SKIP [US] META reason=AMOUNT_TOO_SMALL amount=300.0000 size=1.0000x price=606.3500
2026-05-14 00:38:08 INFO  BUY [US] BAIG mode=VOLUME_BREAKOUT price=39.0500 qty=7 size=1.0000x score=90(CONV) | WHY: strongBreakout volBreakout retestOK multiUp vol(4.31x) | VWAP: 3.46%(ABOVE slope=UP) | TREND: score=2 vel=1.17%/1.17%/-0.05% | VOL: 99155.0000/22987.5000 TO: 3872002.7500/895996.9310 | entryNo=2
2026-05-14 00:38:08 WARN  BUY_REJECTED BAIG phase=NONE
2026-05-14 00:41:06 WARN  BUY_SKIP [US] META reason=AMOUNT_TOO_SMALL amount=300.0000 size=1.0000x price=607.3900
2026-05-14 00:41:21 WARN  BUY_SKIP [US] META reason=AMOUNT_TOO_SMALL amount=300.0000 size=1.0000x price=607.0800
2026-05-14 00:43:08 WARN  BUY_SKIP [US] META reason=AMOUNT_TOO_SMALL amount=300.0000 size=0.8000x price=607.9900
2026-05-14 00:43:24 WARN  BUY_SKIP [US] META reason=AMOUNT_TOO_SMALL amount=300.0000 size=0.8000x price=608.0500
2026-05-14 00:45:06 WARN  BUY pending timeout cleared for NVDL
2026-05-14 00:45:21 INFO  BUY [US] NVDL mode=BREAKOUT price=119.9500 qty=2 size=0.8000x score=85(CONV) | WHY: strongBreakout retestOK multiUp vol(1.58x) | VWAP: 1.55%(ABOVE slope=UP) | TREND: score=3 vel=0.21%/0.35%/0.65% | VOL: 4199587.0000/2660684.0500 TO: 503572477.1700/316592418.9634 | entryNo=2
2026-05-14 00:45:21 WARN  BUY_REJECTED NVDL phase=NONE
2026-05-14 01:04:06 WARN  BUY_SKIP [US] META reason=AMOUNT_TOO_SMALL amount=300.0000 size=0.8000x price=609.4500
2026-05-14 01:04:21 WARN  BUY_SKIP [US] META reason=AMOUNT_TOO_SMALL amount=300.0000 size=0.8000x price=609.3700
2026-05-14 01:13:05 WARN  BUY pending timeout cleared for TSLL
2026-05-14 01:13:05 INFO  BUY [US] TSLL mode=BREAKOUT price=17.0600 qty=14 size=0.8000x score=85(CONV) | WHY: strongBreakout retestOK multiUp vol(1.58x) | VWAP: 0.86%(ABOVE slope=UP) | TREND: score=3 vel=0.12%/0.07%/0.30% | VOL: 49128399.0000/31038789.6500 TO: 837201960.1989/527975721.9986 | entryNo=2
2026-05-14 01:13:05 WARN  BUY_REJECTED TSLL phase=NONE
2026-05-14 01:14:07 WARN  BUY_SKIP [US] SOXL reason=AMOUNT_TOO_SMALL amount=300.0000 size=0.8000x price=183.2000
2026-05-14 01:19:07 WARN  BUY_SKIP [US] SOXL reason=AMOUNT_TOO_SMALL amount=300.0000 size=0.8000x price=183.3400
2026-05-14 01:26:09 WARN  BUY_SKIP [US] META reason=AMOUNT_TOO_SMALL amount=300.0000 size=0.8000x price=611.2900
2026-05-14 01:26:24 WARN  BUY_SKIP [US] META reason=AMOUNT_TOO_SMALL amount=300.0000 size=0.8000x price=611.5300
2026-05-14 01:29:12 WARN  BUY_SKIP [US] SOXL reason=AMOUNT_TOO_SMALL amount=300.0000 size=0.8000x price=184.8200
2026-05-14 01:29:28 WARN  BUY_SKIP [US] SOXL reason=AMOUNT_TOO_SMALL amount=300.0000 size=0.8000x price=184.8700
2026-05-14 01:30:08 WARN  BUY_SKIP [US] META reason=AMOUNT_TOO_SMALL amount=300.0000 size=0.8000x price=612.6600
2026-05-14 01:36:10 WARN  BUY_SKIP [US] META reason=AMOUNT_TOO_SMALL amount=300.0000 size=1.0000x price=613.1300
2026-05-14 01:53:07 WARN  BUY_SKIP [US] SOXL reason=AMOUNT_TOO_SMALL amount=300.0000 size=1.0000x price=184.3700
2026-05-14 01:53:22 WARN  BUY_SKIP [US] META reason=AMOUNT_TOO_SMALL amount=300.0000 size=0.8000x price=612.7600
2026-05-14 01:57:06 WARN  BUY_SKIP [US] META reason=AMOUNT_TOO_SMALL amount=300.0000 size=0.8000x price=614.8700
2026-05-14 01:57:21 WARN  BUY_SKIP [US] META reason=AMOUNT_TOO_SMALL amount=300.0000 size=0.8000x price=615.1500
2026-05-14 01:59:23 WARN  BUY_SKIP [US] META reason=AMOUNT_TOO_SMALL amount=300.0000 size=1.0000x price=615.2300
2026-05-14 02:00:24 WARN  BUY_SKIP [US] META reason=AMOUNT_TOO_SMALL amount=300.0000 size=1.0000x price=615.7600
2026-05-14 02:03:13 WARN  BUY_SKIP [US] SOXL reason=AMOUNT_TOO_SMALL amount=300.0000 size=0.8000x price=185.2500
2026-05-14 02:03:28 WARN  BUY_SKIP [US] SOXL reason=AMOUNT_TOO_SMALL amount=300.0000 size=0.8000x price=185.1500
2026-05-14 02:14:09 WARN  BUY_SKIP [US] SOXL reason=AMOUNT_TOO_SMALL amount=300.0000 size=0.8000x price=185.9200
2026-05-14 02:14:25 WARN  BUY_SKIP [US] SOXL reason=AMOUNT_TOO_SMALL amount=300.0000 size=0.8000x price=186.2700
2026-05-14 02:15:20 WARN  BUY_SKIP [US] META reason=AMOUNT_TOO_SMALL amount=300.0000 size=1.0000x price=615.1400
2026-05-14 02:15:45 INFO  BUY amount set for NFLX: 280.00
2026-05-14 02:15:45 INFO  BUY amount set for META: 280.00
2026-05-14 02:15:45 INFO  BUY amount set for GOOD: 280.00
2026-05-14 02:15:45 INFO  BUY amount set for GOOX: 280.00
2026-05-14 02:15:45 INFO  BUY amount set for AAPU: 280.00
2026-05-14 02:15:45 INFO  BUY amount set for AAPD: 280.00
2026-05-14 02:15:45 INFO  BUY amount set for AMZD: 280.00
2026-05-14 02:15:45 INFO  BUY amount set for AMZU: 280.00
2026-05-14 02:15:45 INFO  BUY amount set for WEBS: 280.00
2026-05-14 02:15:45 INFO  BUY amount set for WEBL: 280.00
2026-05-14 02:15:45 INFO  BUY amount set for BULZ: 280.00
2026-05-14 02:15:45 INFO  BUY amount set for BERZ: 280.00
2026-05-14 02:15:45 INFO  BUY amount set for LABD: 280.00
2026-05-14 02:15:45 INFO  BUY amount set for LABU: 280.00
2026-05-14 02:15:45 INFO  BUY amount set for SQQQ: 280.00
2026-05-14 02:15:45 INFO  BUY amount set for TQQQ: 280.00
2026-05-14 02:15:45 INFO  BUY amount set for NVDQ: 280.00
2026-05-14 02:15:45 INFO  BUY amount set for TSLQ: 280.00
2026-05-14 02:15:45 INFO  BUY amount set for BAIG: 280.00
2026-05-14 02:15:45 INFO  BUY amount set for SMCX: 280.00
2026-05-14 02:15:45 INFO  BUY amount set for NVDL: 280.00
2026-05-14 02:15:45 INFO  BUY amount set for SOXS: 280.00
2026-05-14 02:15:45 INFO  BUY amount set for SOXL: 280.00
2026-05-14 02:15:45 INFO  BUY amount set for SMU: 280.00
2026-05-14 02:15:45 INFO  BUY amount set for TSLL: 280.00
2026-05-14 02:15:45 INFO  BUY amount set for ETHU: 280.00
2026-05-14 02:39:10 WARN  BUY pending timeout cleared for TQQQ
2026-05-14 02:43:09 WARN  BUY_SKIP [US] META reason=AMOUNT_TOO_SMALL amount=280.0000 size=0.8000x price=615.7500
2026-05-14 02:43:24 WARN  BUY_SKIP [US] META reason=AMOUNT_TOO_SMALL amount=280.0000 size=0.8000x price=615.6800
2026-05-14 02:45:06 WARN  BUY_SKIP [US] SOXL reason=AMOUNT_TOO_SMALL amount=280.0000 size=0.8000x price=186.8000
2026-05-14 02:45:21 WARN  BUY_SKIP [US] SOXL reason=AMOUNT_TOO_SMALL amount=280.0000 size=0.8000x price=186.6700
2026-05-14 02:50:06 WARN  BUY_SKIP [US] META reason=AMOUNT_TOO_SMALL amount=280.0000 size=0.8000x price=616.3600
2026-05-14 02:50:21 WARN  BUY_SKIP [US] META reason=AMOUNT_TOO_SMALL amount=280.0000 size=0.8000x price=616.2900
2026-05-14 02:52:08 WARN  BUY_SKIP [US] META reason=AMOUNT_TOO_SMALL amount=280.0000 size=0.8000x price=616.4600
2026-05-14 03:04:05 INFO  BUY [US] TQQQ mode=VOLUME_BREAKOUT price=77.2100 qty=3 size=1.0000x score=90(CONV) | WHY: strongBreakout volBreakout retestOK multiUp vol(2.38x) | VWAP: 0.32%(ABOVE slope=UP) | TREND: score=2 vel=0.12%/0.19%/0.00% | VOL: 61039442.0000/25688680.5500 TO: 4712855316.8200/1983113641.2345 | entryNo=2
2026-05-14 03:04:06 WARN  BUY_REJECTED TQQQ phase=NONE
2026-05-14 03:08:25 WARN  BUY_SKIP [US] META reason=AMOUNT_TOO_SMALL amount=280.0000 size=0.8000x price=616.2900
2026-05-14 03:10:07 WARN  BUY_SKIP [US] META reason=AMOUNT_TOO_SMALL amount=280.0000 size=1.0000x price=616.3600
2026-05-14 03:10:08 WARN  BUY_SKIP [US] SOXL reason=AMOUNT_TOO_SMALL amount=280.0000 size=1.0000x price=186.6200
2026-05-14 03:10:23 WARN  BUY_SKIP [US] SOXL reason=AMOUNT_TOO_SMALL amount=280.0000 size=1.0000x price=186.7000
2026-05-14 03:12:24 WARN  BUY_SKIP [US] META reason=AMOUNT_TOO_SMALL amount=280.0000 size=0.8000x price=616.8700
2026-05-14 03:14:22 WARN  BUY_SKIP [US] SOXL reason=AMOUNT_TOO_SMALL amount=280.0000 size=0.8000x price=187.0800
2026-05-14 03:15:08 WARN  BUY_SKIP [US] SOXL reason=AMOUNT_TOO_SMALL amount=280.0000 size=1.0000x price=187.2900
2026-05-14 03:15:22 WARN  BUY_SKIP [US] META reason=AMOUNT_TOO_SMALL amount=280.0000 size=0.8000x price=617.7600
2026-05-14 03:24:07 WARN  BUY_SKIP [US] META reason=AMOUNT_TOO_SMALL amount=280.0000 size=0.8000x price=618.4100
2026-05-14 03:24:22 WARN  BUY_SKIP [US] META reason=AMOUNT_TOO_SMALL amount=280.0000 size=0.8000x price=618.4000
2026-05-14 03:28:21 WARN  BUY_SKIP [US] SOXL reason=AMOUNT_TOO_SMALL amount=280.0000 size=0.8000x price=188.1300
2026-05-14 03:35:08 WARN  BUY_SKIP [US] META reason=AMOUNT_TOO_SMALL amount=280.0000 size=1.0000x price=618.1600
2026-05-14 03:36:09 WARN  BUY_SKIP [US] META reason=AMOUNT_TOO_SMALL amount=280.0000 size=1.0000x price=618.5000
2026-05-14 03:36:25 WARN  BUY_SKIP [US] META reason=AMOUNT_TOO_SMALL amount=280.0000 size=1.0000x price=618.6200
2026-05-14 03:40:08 WARN  BUY_SKIP [US] META reason=AMOUNT_TOO_SMALL amount=280.0000 size=1.0000x price=619.3100
2026-05-14 04:07:06 WARN  BUY_SKIP [US] META reason=AMOUNT_TOO_SMALL amount=280.0000 size=0.8000x price=617.4900
2026-05-14 04:19:08 WARN  BUY_SKIP [US] SOXL reason=AMOUNT_TOO_SMALL amount=280.0000 size=0.8000x price=186.4800
2026-05-14 04:19:24 WARN  BUY_SKIP [US] SOXL reason=AMOUNT_TOO_SMALL amount=280.0000 size=0.8000x price=186.6000
2026-05-14 04:37:08 WARN  BUY_SKIP [US] META reason=AMOUNT_TOO_SMALL amount=280.0000 size=1.0000x price=616.9200
2026-05-14 04:56:07 INFO  BUY [US] GOOD mode=BREAKOUT price=12.4300 qty=18 size=0.8000x score=85(CONV) | WHY: strongBreakout retestOK multiUp vol(1.52x) | VWAP: 0.45%(ABOVE slope=UP) | TREND: score=3 vel=0.08%/0.16%/0.16% | VOL: 238475.0000/156697.4000 TO: 2963051.8750/1944130.6125 | entryNo=2
2026-05-14 04:56:07 WARN  BUY_REJECTED GOOD phase=NONE
2026-05-14 06:02:10 WARN  BUY_SKIP [US] SOXL reason=AMOUNT_TOO_SMALL amount=280.0000 size=1.0000x price=185.0400
2026-05-14 06:48:06 WARN  BUY pending timeout cleared for SMCX
2026-05-14 06:48:06 INFO  BUY [US] SMCX mode=VOLUME_BREAKOUT price=14.9200 qty=18 size=1.0000x score=90(CONV) | WHY: strongBreakout volBreakout retestOK multiUp vol(7.50x) | VWAP: 0.18%(ABOVE slope=UP) | TREND: score=2 vel=0.47%/0.47%/0.00% | VOL: 3969459.0000/529261.8000 TO: 59224328.2800/7896585.9685 | entryNo=2
2026-05-14 06:53:06 WARN  BUY_SKIP [US] SOXL reason=AMOUNT_TOO_SMALL amount=280.0000 size=0.8000x price=184.7700
2026-05-14 06:59:22 WARN  BUY_SKIP [US] SOXL reason=AMOUNT_TOO_SMALL amount=280.0000 size=1.0000x price=184.8200
2026-05-14 07:04:07 WARN  BUY_SKIP [US] SOXL reason=AMOUNT_TOO_SMALL amount=280.0000 size=0.8000x price=185.0000
2026-05-14 07:04:22 WARN  BUY_SKIP [US] SOXL reason=AMOUNT_TOO_SMALL amount=280.0000 size=0.8000x price=185.0000
2026-05-14 07:06:10 WARN  BUY_SKIP [US] SOXL reason=AMOUNT_TOO_SMALL amount=280.0000 size=1.0000x price=185.2500
2026-05-14 07:31:05 WARN  BUY_SKIP [US] META reason=AMOUNT_TOO_SMALL amount=280.0000 size=0.8000x price=615.4400
2026-05-14 07:31:20 WARN  BUY_SKIP [US] META reason=AMOUNT_TOO_SMALL amount=280.0000 size=0.8000x price=615.4000
2026-05-14 07:37:06 WARN  BUY_SKIP [US] META reason=AMOUNT_TOO_SMALL amount=280.0000 size=0.8000x price=615.3200
2026-05-14 07:37:21 WARN  BUY_SKIP [US] META reason=AMOUNT_TOO_SMALL amount=280.0000 size=0.8000x price=615.3000
2026-05-14 07:38:07 WARN  BUY_SKIP [US] SOXL reason=AMOUNT_TOO_SMALL amount=280.0000 size=0.8000x price=185.6700
2026-05-14 07:39:23 WARN  BUY_SKIP [US] SOXL reason=AMOUNT_TOO_SMALL amount=280.0000 size=0.8000x price=185.6400
2026-05-14 07:48:07 WARN  BUY_SKIP [US] META reason=AMOUNT_TOO_SMALL amount=280.0000 size=0.8000x price=615.6700
2026-05-14 07:48:22 WARN  BUY_SKIP [US] META reason=AMOUNT_TOO_SMALL amount=280.0000 size=0.8000x price=615.5900
2026-05-14 07:51:25 WARN  BUY_SKIP [US] META reason=AMOUNT_TOO_SMALL amount=280.0000 size=0.8000x price=615.8400
2026-05-14 07:52:05 WARN  BUY_SKIP [US] META reason=AMOUNT_TOO_SMALL amount=280.0000 size=0.8000x price=615.9000
2026-05-14 08:10:24 WARN  BUY_SKIP [US] SOXL reason=AMOUNT_TOO_SMALL amount=280.0000 size=0.8000x price=188.3300
2026-05-14 08:12:06 WARN  BUY_SKIP [US] SOXL reason=AMOUNT_TOO_SMALL amount=280.0000 size=0.8000x price=188.6400
2026-05-14 08:12:22 WARN  BUY_SKIP [US] SOXL reason=AMOUNT_TOO_SMALL amount=280.0000 size=0.8000x price=188.5300
2026-05-14 08:15:09 WARN  BUY_SKIP [US] SOXL reason=AMOUNT_TOO_SMALL amount=280.0000 size=0.8000x price=188.7000
2026-05-14 08:15:24 WARN  BUY_SKIP [US] SOXL reason=AMOUNT_TOO_SMALL amount=280.0000 size=0.8000x price=188.7000
2026-05-14 08:32:22 WARN  BUY_SKIP [US] META reason=AMOUNT_TOO_SMALL amount=280.0000 size=0.8000x price=616.5000
2026-05-14 08:44:24 WARN  BUY_SKIP [US] SOXL reason=AMOUNT_TOO_SMALL amount=280.0000 size=0.8000x price=187.6100
