2026-04-21 14:52:01 INFO  BUY amount set for 073490: 500000.00
2026-04-21 14:52:01 INFO  BUY amount set for 011000: 500000.00
2026-04-21 14:52:01 INFO  BUY amount set for 101670: 500000.00
2026-04-21 14:52:01 INFO  BUY amount set for 017550: 500000.00
2026-04-21 14:52:01 INFO  BUY amount set for 203650: 500000.00
2026-04-21 14:52:01 INFO  BUY amount set for 115500: 500000.00
2026-04-21 14:52:01 INFO  BUY amount set for 024950: 500000.00
2026-04-21 14:52:01 INFO  BUY amount set for 419050: 500000.00
2026-04-21 14:52:01 INFO  BUY amount set for 079430: 500000.00
2026-04-21 14:52:01 INFO  BUY amount set for 088340: 500000.00
2026-04-21 14:52:01 INFO  BUY amount set for 042940: 500000.00
2026-04-21 14:52:01 INFO  BUY amount set for 049800: 500000.00
2026-04-21 14:52:01 INFO  BUY amount set for 256940: 500000.00
2026-04-21 14:52:01 INFO  BUY amount set for 127980: 500000.00
2026-04-21 15:00:16 INFO  BUY amount set for 073490: 400000.00
2026-04-21 15:00:16 INFO  BUY amount set for 203650: 400000.00
2026-04-21 15:00:16 INFO  BUY amount set for 115500: 400000.00
2026-04-21 15:00:16 INFO  BUY amount set for 101670: 400000.00
2026-04-21 15:00:16 INFO  BUY amount set for 017550: 400000.00
2026-04-21 15:00:16 INFO  BUY amount set for 011000: 400000.00
2026-04-21 15:00:16 INFO  BUY amount set for 024950: 400000.00
2026-04-21 15:00:16 INFO  BUY amount set for 042940: 400000.00
2026-04-21 15:00:16 INFO  BUY amount set for 419050: 400000.00
2026-04-21 15:00:16 INFO  BUY amount set for 088340: 400000.00
2026-04-21 15:00:16 INFO  BUY amount set for 079430: 400000.00
2026-04-21 15:00:16 INFO  BUY amount set for 127980: 400000.00
2026-04-21 15:00:16 INFO  BUY amount set for 256940: 400000.00
2026-04-21 15:00:16 INFO  BUY amount set for 049800: 400000.00
2026-04-21 22:36:41 INFO  BUY amount set for SMCX: 300.00
2026-04-21 22:36:41 INFO  BUY amount set for SOXL: 300.00
2026-04-21 22:36:41 INFO  BUY amount set for BAIG: 300.00
2026-04-21 22:36:41 INFO  BUY amount set for SOXS: 300.00
2026-04-21 22:36:41 INFO  BUY amount set for SMU: 300.00
2026-04-21 22:36:41 INFO  BUY amount set for NVDL: 300.00
2026-04-21 22:36:41 INFO  BUY amount set for ETHU: 300.00
2026-04-21 22:36:41 INFO  BUY amount set for TSLL: 300.00
2026-04-21 22:54:06 INFO  BUY [US] SMU mode=EARLY_MOMENTUM price=17.3400 qty=13 size=0.8000x score=75(CONV) | WHY: velShort=1.58% velMid=1.58% aboveVwap | VWAP: 0.63%(ABOVE slope=UP) | TREND: score=3 vel=1.58%/1.58%/1.35% | VOL: 280317.0000/21066.2778 TO: 4860696.7800/362989.8411 | entryNo=1
2026-04-21 22:54:06 INFO  BUY_FILLED SMU phase=HOLDING
2026-04-21 22:54:11 INFO  BUY_FILLED SMU phase=HOLDING
2026-04-21 22:54:16 INFO  BUY_FILLED SMU phase=HOLDING
2026-04-21 22:54:21 INFO  BUY_FILLED SMU phase=HOLDING
2026-04-21 22:54:26 INFO  BUY_FILLED SMU phase=HOLDING
2026-04-21 22:54:32 INFO  BUY_FILLED SMU phase=HOLDING
2026-04-21 22:54:37 INFO  BUY_FILLED SMU phase=HOLDING
2026-04-21 22:54:42 INFO  BUY_FILLED SMU phase=HOLDING
2026-04-21 22:54:47 INFO  BUY_FILLED SMU phase=HOLDING
2026-04-21 22:54:53 INFO  BUY_FILLED SMU phase=HOLDING
2026-04-21 22:54:58 INFO  BUY_FILLED SMU phase=HOLDING
2026-04-21 22:55:03 INFO  BUY_FILLED SMU phase=HOLDING
2026-04-21 22:55:08 INFO  BUY_FILLED SMU phase=HOLDING
2026-04-21 22:55:13 INFO  BUY_FILLED SMU phase=HOLDING
2026-04-21 22:55:19 INFO  BUY_FILLED SMU phase=HOLDING
2026-04-21 22:55:24 INFO  BUY_FILLED SMU phase=HOLDING
2026-04-21 22:55:29 INFO  BUY_FILLED SMU phase=HOLDING
2026-04-21 22:55:34 INFO  BUY_FILLED SMU phase=HOLDING
2026-04-21 22:55:40 INFO  BUY_FILLED SMU phase=HOLDING
2026-04-21 22:55:45 INFO  BUY_FILLED SMU phase=HOLDING
2026-04-21 22:55:50 INFO  BUY_FILLED SMU phase=HOLDING
2026-04-21 22:55:55 INFO  BUY_FILLED SMU phase=HOLDING
2026-04-21 22:56:01 INFO  BUY_FILLED SMU phase=HOLDING
2026-04-21 22:56:06 INFO  BUY_FILLED SMU phase=HOLDING
2026-04-21 22:56:11 INFO  BUY_FILLED SMU phase=HOLDING
2026-04-21 22:56:17 INFO  BUY_FILLED SMU phase=HOLDING
2026-04-21 22:56:22 INFO  BUY_FILLED SMU phase=HOLDING
2026-04-21 22:56:27 INFO  BUY_FILLED SMU phase=HOLDING
2026-04-21 22:56:33 INFO  BUY_FILLED SMU phase=HOLDING
2026-04-21 22:56:38 INFO  BUY_FILLED SMU phase=HOLDING
2026-04-21 22:56:43 INFO  BUY_FILLED SMU phase=HOLDING
2026-04-21 22:56:49 INFO  BUY_FILLED SMU phase=HOLDING
2026-04-21 22:56:55 INFO  BUY_FILLED SMU phase=HOLDING
2026-04-21 22:57:00 INFO  BUY_FILLED SMU phase=HOLDING
2026-04-21 22:57:05 INFO  BUY_FILLED SMU phase=HOLDING
2026-04-21 22:57:11 INFO  BUY_FILLED SMU phase=HOLDING
2026-04-21 22:57:16 INFO  BUY_FILLED SMU phase=HOLDING
2026-04-21 22:57:21 INFO  BUY_FILLED SMU phase=HOLDING
2026-04-21 22:57:27 INFO  BUY_FILLED SMU phase=HOLDING
2026-04-21 22:57:32 INFO  BUY_FILLED SMU phase=HOLDING
2026-04-21 22:57:37 INFO  BUY_FILLED SMU phase=HOLDING
2026-04-21 22:57:42 INFO  BUY_FILLED SMU phase=HOLDING
2026-04-21 22:57:42 INFO  SELL [BREAKEVEN_GUARD] SMU pnl=-0.20% peakPnl=1.50% holdMs=215955
2026-04-21 22:57:42 INFO  SELL_EXECUTED [US] SMU mode=EARLY_MOMENTUM phase=EXITING exitType=TRAIL price=17.3053 qty=13 reason=BREAKEVEN_GUARD pnl=-0.20% weightedPnl=-0.15% dailyPnl=-0.15%
2026-04-21 22:57:46 WARN  SELL_REJECTED SMU reason=BREAKEVEN_GUARD rolledBack=partialDone:false phase=HOLDING
2026-04-21 22:57:48 INFO  BUY_FILLED SMU phase=HOLDING
2026-04-21 22:57:53 INFO  BUY_FILLED SMU phase=HOLDING
2026-04-21 22:57:58 INFO  BUY_FILLED SMU phase=HOLDING
2026-04-21 22:58:03 INFO  BUY_FILLED SMU phase=HOLDING
2026-04-21 22:58:08 INFO  BUY_FILLED SMU phase=HOLDING
2026-04-21 22:58:13 INFO  BUY_FILLED SMU phase=HOLDING
2026-04-21 22:58:18 INFO  BUY_FILLED SMU phase=HOLDING
2026-04-21 22:58:23 INFO  BUY_FILLED SMU phase=HOLDING
2026-04-21 22:58:28 INFO  BUY_FILLED SMU phase=HOLDING
2026-04-21 23:02:20 INFO  BUY [US] SMCX mode=VOLUME_BREAKOUT price=13.9600 qty=21 size=1.0000x score=95(CONV) | WHY: strongBreakout volBreakout retestOK multiUp vol(6.96x) | VWAP: 1.27%(ABOVE slope=UP) | TREND: score=3 vel=0.29%/0.76%/0.43% | VOL: 355285.0000/51072.0000 TO: 4973990.0000/709518.7905 | entryNo=1
2026-04-21 23:02:21 INFO  BUY_FILLED SMCX phase=HOLDING
2026-04-21 23:02:25 INFO  BUY_FILLED SMCX phase=HOLDING
2026-04-21 23:02:30 INFO  BUY_FILLED SMCX phase=HOLDING
2026-04-21 23:02:35 INFO  BUY_FILLED SMCX phase=HOLDING
2026-04-21 23:02:41 INFO  BUY_FILLED SMCX phase=HOLDING
2026-04-21 23:02:46 INFO  BUY_FILLED SMCX phase=HOLDING
2026-04-21 23:02:51 INFO  BUY_FILLED SMCX phase=HOLDING
2026-04-21 23:02:56 INFO  BUY_FILLED SMCX phase=HOLDING
2026-04-21 23:03:01 INFO  BUY_FILLED SMCX phase=HOLDING
2026-04-21 23:03:06 INFO  BUY_FILLED SMCX phase=HOLDING
2026-04-21 23:03:11 INFO  BUY_FILLED SMCX phase=HOLDING
2026-04-21 23:03:16 INFO  BUY_FILLED SMCX phase=HOLDING
2026-04-21 23:03:21 INFO  BUY_FILLED SMCX phase=HOLDING
2026-04-21 23:03:26 INFO  BUY_FILLED SMCX phase=HOLDING
2026-04-21 23:03:31 INFO  BUY_FILLED SMCX phase=HOLDING
2026-04-21 23:03:36 INFO  BUY_FILLED SMCX phase=HOLDING
2026-04-21 23:03:42 INFO  BUY_FILLED SMCX phase=HOLDING
2026-04-21 23:03:47 INFO  BUY_FILLED SMCX phase=HOLDING
2026-04-21 23:03:52 INFO  BUY_FILLED SMCX phase=HOLDING
2026-04-21 23:03:57 INFO  BUY_FILLED SMCX phase=HOLDING
2026-04-21 23:04:02 INFO  BUY_FILLED SMCX phase=HOLDING
2026-04-21 23:04:07 INFO  BUY_FILLED SMCX phase=HOLDING
2026-04-21 23:04:12 INFO  BUY_FILLED SMCX phase=HOLDING
2026-04-21 23:04:17 INFO  BUY_FILLED SMCX phase=HOLDING
2026-04-21 23:04:22 INFO  BUY_FILLED SMCX phase=HOLDING
2026-04-21 23:04:27 INFO  BUY_FILLED SMCX phase=HOLDING
2026-04-21 23:04:32 INFO  BUY_FILLED SMCX phase=HOLDING
2026-04-21 23:04:38 INFO  BUY_FILLED SMCX phase=HOLDING
2026-04-21 23:04:43 INFO  BUY_FILLED SMCX phase=HOLDING
2026-04-21 23:04:48 INFO  BUY_FILLED SMCX phase=HOLDING
2026-04-21 23:04:53 INFO  BUY_FILLED SMCX phase=HOLDING
2026-04-21 23:04:58 INFO  BUY_FILLED SMCX phase=HOLDING
2026-04-21 23:05:03 INFO  BUY_FILLED SMCX phase=HOLDING
2026-04-21 23:05:08 INFO  BUY_FILLED SMCX phase=HOLDING
2026-04-21 23:05:13 INFO  BUY_FILLED SMCX phase=HOLDING
2026-04-21 23:05:18 INFO  BUY_FILLED SMCX phase=HOLDING
2026-04-21 23:05:24 INFO  BUY_FILLED SMCX phase=HOLDING
2026-04-21 23:05:29 INFO  BUY_FILLED SMCX phase=HOLDING
2026-04-21 23:05:34 INFO  BUY_FILLED SMCX phase=HOLDING
2026-04-21 23:05:39 INFO  BUY_FILLED SMCX phase=HOLDING
2026-04-21 23:05:44 INFO  BUY_FILLED SMCX phase=HOLDING
2026-04-21 23:05:49 INFO  BUY_FILLED SMCX phase=HOLDING
2026-04-21 23:05:54 INFO  BUY_FILLED SMCX phase=HOLDING
2026-04-21 23:05:59 INFO  BUY_FILLED SMCX phase=HOLDING
2026-04-21 23:06:05 INFO  BUY_FILLED SMCX phase=HOLDING
2026-04-21 23:06:10 INFO  BUY_FILLED SMCX phase=HOLDING
2026-04-21 23:06:15 INFO  BUY_FILLED SMCX phase=HOLDING
2026-04-21 23:06:20 INFO  BUY_FILLED SMCX phase=HOLDING
2026-04-21 23:06:25 INFO  BUY_FILLED SMCX phase=HOLDING
2026-04-21 23:06:30 INFO  BUY_FILLED SMCX phase=HOLDING
2026-04-21 23:06:35 INFO  BUY_FILLED SMCX phase=HOLDING
2026-04-21 23:06:40 INFO  BUY_FILLED SMCX phase=HOLDING
2026-04-21 23:06:45 INFO  BUY_FILLED SMCX phase=HOLDING
2026-04-21 23:06:50 INFO  BUY_FILLED SMCX phase=HOLDING
2026-04-21 23:06:55 INFO  BUY_FILLED SMCX phase=HOLDING
2026-04-21 23:07:01 INFO  BUY_FILLED SMCX phase=HOLDING
2026-04-21 23:07:06 INFO  BUY_FILLED SMCX phase=HOLDING
2026-04-21 23:07:11 INFO  BUY_FILLED SMCX phase=HOLDING
2026-04-21 23:07:16 INFO  BUY_FILLED SMCX phase=HOLDING
2026-04-21 23:07:21 INFO  BUY_FILLED SMCX phase=HOLDING
2026-04-21 23:07:26 INFO  BUY_FILLED SMCX phase=HOLDING
2026-04-21 23:07:31 INFO  BUY_FILLED SMCX phase=HOLDING
2026-04-21 23:07:36 INFO  BUY_FILLED SMCX phase=HOLDING
2026-04-21 23:07:41 INFO  BUY_FILLED SMCX phase=HOLDING
2026-04-21 23:07:46 INFO  BUY_FILLED SMCX phase=HOLDING
2026-04-21 23:07:51 INFO  BUY_FILLED SMCX phase=HOLDING
2026-04-21 23:07:57 INFO  BUY_FILLED SMCX phase=HOLDING
2026-04-21 23:08:02 INFO  BUY_FILLED SMCX phase=HOLDING
2026-04-21 23:08:07 INFO  BUY [US] BAIG mode=VOLUME_BREAKOUT price=3.6700 qty=81 size=1.0000x score=105(CONV) | WHY: strongBreakout volBreakout retestOK multiUp vol(5.41x) | VWAP: 4.69%(ABOVE slope=UP) | TREND: score=3 vel=1.88%/2.30%/2.22% | VOL: 11689.0000/2159.5000 TO: 42929.0214/7816.0156 | entryNo=1
2026-04-21 23:08:07 INFO  BUY_FILLED SMCX phase=HOLDING
2026-04-21 23:08:07 WARN  BUY_REJECTED BAIG phase=NONE
2026-04-21 23:08:12 INFO  BUY_FILLED SMCX phase=HOLDING
2026-04-21 23:08:17 INFO  BUY_FILLED SMCX phase=HOLDING
2026-04-21 23:08:22 INFO  BUY_FILLED SMCX phase=HOLDING
2026-04-21 23:08:27 INFO  BUY_FILLED SMCX phase=HOLDING
2026-04-21 23:08:32 INFO  BUY_FILLED SMCX phase=HOLDING
2026-04-21 23:08:37 INFO  BUY_FILLED SMCX phase=HOLDING
2026-04-21 23:08:42 INFO  BUY_FILLED SMCX phase=HOLDING
2026-04-21 23:08:47 INFO  BUY_FILLED SMCX phase=HOLDING
2026-04-21 23:08:53 INFO  BUY_FILLED SMCX phase=HOLDING
2026-04-21 23:08:58 INFO  BUY_FILLED SMCX phase=HOLDING
2026-04-21 23:09:03 INFO  BUY_FILLED SMCX phase=HOLDING
2026-04-21 23:09:08 INFO  BUY_FILLED SMCX phase=HOLDING
2026-04-21 23:09:13 INFO  BUY_FILLED SMCX phase=HOLDING
2026-04-21 23:09:18 INFO  BUY_FILLED SMCX phase=HOLDING
2026-04-21 23:09:23 INFO  BUY_FILLED SMCX phase=HOLDING
2026-04-21 23:09:28 INFO  BUY_FILLED SMCX phase=HOLDING
2026-04-21 23:09:33 INFO  BUY_FILLED SMCX phase=HOLDING
2026-04-21 23:09:38 INFO  BUY_FILLED SMCX phase=HOLDING
2026-04-21 23:09:44 INFO  BUY_FILLED SMCX phase=HOLDING
2026-04-21 23:09:49 INFO  BUY_FILLED SMCX phase=HOLDING
2026-04-21 23:09:54 INFO  BUY_FILLED SMCX phase=HOLDING
2026-04-21 23:09:59 INFO  BUY_FILLED SMCX phase=HOLDING
2026-04-21 23:10:05 INFO  BUY_FILLED SMCX phase=HOLDING
2026-04-21 23:10:10 INFO  BUY_FILLED SMCX phase=HOLDING
2026-04-21 23:10:15 INFO  BUY_FILLED SMCX phase=HOLDING
2026-04-21 23:10:20 INFO  BUY_FILLED SMCX phase=HOLDING
2026-04-21 23:10:25 INFO  BUY_FILLED SMCX phase=HOLDING
2026-04-21 23:10:30 INFO  BUY_FILLED SMCX phase=HOLDING
2026-04-21 23:10:35 INFO  BUY_FILLED SMCX phase=HOLDING
2026-04-21 23:10:40 INFO  BUY_FILLED SMCX phase=HOLDING
2026-04-21 23:10:45 INFO  BUY_FILLED SMCX phase=HOLDING
2026-04-21 23:10:50 INFO  BUY_FILLED SMCX phase=HOLDING
2026-04-21 23:10:56 INFO  BUY_FILLED SMCX phase=HOLDING
2026-04-21 23:11:01 INFO  BUY_FILLED SMCX phase=HOLDING
2026-04-21 23:11:06 INFO  BUY_FILLED SMCX phase=HOLDING
2026-04-21 23:11:06 INFO  BUY [US] BAIG mode=PULLBACK price=3.6400 qty=98 size=1.2000x score=75(CONV) | WHY: zone(-2.40%fromHigh) avgCross vol(1.57x) | VWAP: 2.66%(ABOVE slope=UP) | TREND: score=1 vel=-2.40%/-1.41%/0.44% | VOL: 5036.0000/3215.8000 TO: 18234.8524/11725.3549 | entryNo=2
2026-04-21 23:11:06 WARN  BUY_REJECTED BAIG phase=NONE
2026-04-21 23:11:11 INFO  BUY_FILLED SMCX phase=HOLDING
2026-04-21 23:11:16 INFO  BUY_FILLED SMCX phase=HOLDING
2026-04-21 23:11:21 INFO  BUY_FILLED SMCX phase=HOLDING
2026-04-21 23:11:26 INFO  BUY_FILLED SMCX phase=HOLDING
2026-04-21 23:11:31 INFO  BUY_FILLED SMCX phase=HOLDING
2026-04-21 23:11:37 INFO  BUY_FILLED SMCX phase=HOLDING
2026-04-21 23:11:42 INFO  BUY_FILLED SMCX phase=HOLDING
2026-04-21 23:11:47 INFO  BUY_FILLED SMCX phase=HOLDING
2026-04-21 23:11:52 INFO  BUY_FILLED SMCX phase=HOLDING
2026-04-21 23:11:57 INFO  BUY_FILLED SMCX phase=HOLDING
2026-04-21 23:12:02 INFO  BUY_FILLED SMCX phase=HOLDING
2026-04-21 23:12:07 INFO  BUY_FILLED SMCX phase=HOLDING
2026-04-21 23:12:12 INFO  BUY_FILLED SMCX phase=HOLDING
2026-04-21 23:12:17 INFO  BUY_FILLED SMCX phase=HOLDING
2026-04-21 23:12:22 INFO  BUY_FILLED SMCX phase=HOLDING
2026-04-21 23:12:27 INFO  BUY_FILLED SMCX phase=HOLDING
2026-04-21 23:12:32 INFO  BUY_FILLED SMCX phase=HOLDING
2026-04-21 23:12:37 INFO  BUY_FILLED SMCX phase=HOLDING
2026-04-21 23:12:42 INFO  BUY_FILLED SMCX phase=HOLDING
2026-04-21 23:12:47 INFO  BUY_FILLED SMCX phase=HOLDING
2026-04-21 23:12:52 INFO  BUY_FILLED SMCX phase=HOLDING
2026-04-21 23:12:57 INFO  BUY_FILLED SMCX phase=HOLDING
2026-04-21 23:13:02 INFO  BUY_FILLED SMCX phase=HOLDING
2026-04-21 23:13:07 INFO  BUY_FILLED SMCX phase=HOLDING
2026-04-21 23:13:13 INFO  BUY_FILLED SMCX phase=HOLDING
2026-04-21 23:13:18 INFO  BUY_FILLED SMCX phase=HOLDING
2026-04-21 23:13:23 INFO  BUY_FILLED SMCX phase=HOLDING
2026-04-21 23:13:28 INFO  BUY_FILLED SMCX phase=HOLDING
2026-04-21 23:13:33 INFO  BUY_FILLED SMCX phase=HOLDING
2026-04-21 23:13:38 INFO  BUY_FILLED SMCX phase=HOLDING
2026-04-21 23:13:43 INFO  BUY_FILLED SMCX phase=HOLDING
2026-04-21 23:13:48 INFO  BUY_FILLED SMCX phase=HOLDING
2026-04-21 23:13:53 INFO  BUY_FILLED SMCX phase=HOLDING
2026-04-21 23:13:58 INFO  BUY_FILLED SMCX phase=HOLDING
2026-04-21 23:14:03 INFO  BUY_FILLED SMCX phase=HOLDING
2026-04-21 23:14:08 INFO  BUY_FILLED SMCX phase=HOLDING
2026-04-21 23:14:13 INFO  BUY_FILLED SMCX phase=HOLDING
2026-04-21 23:14:18 INFO  BUY_FILLED SMCX phase=HOLDING
2026-04-21 23:14:23 INFO  BUY_FILLED SMCX phase=HOLDING
2026-04-21 23:14:23 INFO  SELL_EXECUTED [US] SMCX mode=VOLUME_BREAKOUT phase=EXITING exitType=TIMESTOP price=13.9128 qty=21 reason=TIME_STOP_SOFT pnl=-0.32% weightedPnl=-0.31% dailyPnl=-0.46%
2026-04-21 23:14:27 WARN  SELL_REJECTED SMCX reason=TIME_STOP_SOFT rolledBack=partialDone:false phase=HOLDING
2026-04-21 23:14:28 INFO  BUY_FILLED SMCX phase=HOLDING
2026-04-21 23:14:33 INFO  BUY_FILLED SMCX phase=HOLDING
2026-04-21 23:14:33 INFO  SELL_EXECUTED [US] SMCX mode=VOLUME_BREAKOUT phase=EXITING exitType=TIMESTOP price=13.9128 qty=21 reason=TIME_STOP_SOFT pnl=-0.32% weightedPnl=-0.31% dailyPnl=-0.77%
2026-04-21 23:14:33 WARN  SELL_REJECTED SMCX reason=TIME_STOP_SOFT rolledBack=partialDone:false phase=HOLDING
2026-04-21 23:41:07 INFO  BUY [US] ETHU mode=VOLUME_BREAKOUT price=27.1000 qty=11 size=1.0000x score=95(CONV) | WHY: strongBreakout volBreakout retestOK multiUp vol(7.08x) | VWAP: 0.69%(ABOVE slope=UP) | TREND: score=3 vel=0.22%/0.48%/0.30% | VOL: 889367.0000/125599.3500 TO: 24092952.0300/3385060.6861 | entryNo=1
2026-04-21 23:41:09 INFO  BUY_FILLED ETHU phase=HOLDING
2026-04-21 23:41:12 INFO  BUY_FILLED ETHU phase=HOLDING
2026-04-21 23:41:18 INFO  BUY_FILLED ETHU phase=HOLDING
2026-04-21 23:41:23 INFO  BUY_FILLED ETHU phase=HOLDING
2026-04-21 23:41:28 INFO  BUY_FILLED ETHU phase=HOLDING
2026-04-21 23:41:33 INFO  BUY_FILLED ETHU phase=HOLDING
2026-04-21 23:41:38 INFO  BUY_FILLED ETHU phase=HOLDING
2026-04-21 23:41:43 INFO  BUY_FILLED ETHU phase=HOLDING
2026-04-21 23:41:48 INFO  BUY_FILLED ETHU phase=HOLDING
2026-04-21 23:41:54 INFO  BUY_FILLED ETHU phase=HOLDING
2026-04-21 23:41:59 INFO  BUY_FILLED ETHU phase=HOLDING
2026-04-21 23:42:04 INFO  BUY_FILLED ETHU phase=HOLDING
2026-04-21 23:42:09 INFO  BUY_FILLED ETHU phase=HOLDING
2026-04-21 23:42:14 INFO  BUY_FILLED ETHU phase=HOLDING
2026-04-21 23:42:20 INFO  BUY_FILLED ETHU phase=HOLDING
2026-04-21 23:42:25 INFO  BUY_FILLED ETHU phase=HOLDING
2026-04-21 23:42:30 INFO  BUY_FILLED ETHU phase=HOLDING
2026-04-21 23:42:35 INFO  BUY_FILLED ETHU phase=HOLDING
2026-04-21 23:42:40 INFO  BUY_FILLED ETHU phase=HOLDING
2026-04-21 23:42:45 INFO  BUY_FILLED ETHU phase=HOLDING
2026-04-21 23:42:50 INFO  BUY_FILLED ETHU phase=HOLDING
2026-04-21 23:42:56 INFO  BUY_FILLED ETHU phase=HOLDING
2026-04-21 23:43:01 INFO  BUY_FILLED ETHU phase=HOLDING
2026-04-21 23:43:06 INFO  BUY_FILLED ETHU phase=HOLDING
2026-04-21 23:43:09 INFO  BUY [US] NVDL mode=VOLUME_BREAKOUT price=96.5000 qty=2 size=0.8000x score=95(CONV) | WHY: strongBreakout volBreakout retestOK multiUp vol(2.13x) | VWAP: 0.41%(ABOVE slope=UP) | TREND: score=3 vel=0.30%/0.26%/0.17% | VOL: 14653.0000/6893.3500 TO: 1414014.5000/663909.3701 | entryNo=1
2026-04-21 23:43:09 WARN  BUY_REJECTED NVDL phase=NONE
2026-04-21 23:43:11 INFO  BUY_FILLED ETHU phase=HOLDING
2026-04-21 23:43:16 INFO  BUY_FILLED ETHU phase=HOLDING
2026-04-21 23:43:21 INFO  BUY_FILLED ETHU phase=HOLDING
2026-04-21 23:43:26 INFO  BUY_FILLED ETHU phase=HOLDING
2026-04-21 23:43:31 INFO  BUY_FILLED ETHU phase=HOLDING
2026-04-21 23:43:37 INFO  BUY_FILLED ETHU phase=HOLDING
2026-04-21 23:43:42 INFO  BUY_FILLED ETHU phase=HOLDING
2026-04-21 23:43:47 INFO  BUY_FILLED ETHU phase=HOLDING
2026-04-21 23:43:52 INFO  BUY_FILLED ETHU phase=HOLDING
2026-04-21 23:43:57 INFO  BUY_FILLED ETHU phase=HOLDING
2026-04-21 23:44:02 INFO  BUY_FILLED ETHU phase=HOLDING
2026-04-21 23:44:07 INFO  BUY_FILLED ETHU phase=HOLDING
2026-04-21 23:44:12 INFO  BUY_FILLED ETHU phase=HOLDING
2026-04-21 23:44:17 INFO  BUY_FILLED ETHU phase=HOLDING
2026-04-21 23:44:22 INFO  BUY_FILLED ETHU phase=HOLDING
2026-04-21 23:44:27 INFO  BUY_FILLED ETHU phase=HOLDING
2026-04-21 23:44:32 INFO  BUY_FILLED ETHU phase=HOLDING
2026-04-21 23:44:38 INFO  BUY_FILLED ETHU phase=HOLDING
2026-04-21 23:44:43 INFO  BUY_FILLED ETHU phase=HOLDING
2026-04-21 23:44:48 INFO  BUY_FILLED ETHU phase=HOLDING
2026-04-21 23:44:53 INFO  BUY_FILLED ETHU phase=HOLDING
2026-04-21 23:44:58 INFO  BUY_FILLED ETHU phase=HOLDING
2026-04-21 23:45:03 INFO  BUY_FILLED ETHU phase=HOLDING
2026-04-21 23:45:08 INFO  BUY_FILLED ETHU phase=HOLDING
2026-04-21 23:45:13 INFO  BUY_FILLED ETHU phase=HOLDING
2026-04-21 23:45:19 INFO  BUY_FILLED ETHU phase=HOLDING
2026-04-21 23:45:24 INFO  BUY_FILLED ETHU phase=HOLDING
2026-04-21 23:45:29 INFO  BUY_FILLED ETHU phase=HOLDING
2026-04-21 23:45:35 INFO  BUY_FILLED ETHU phase=HOLDING
2026-04-21 23:45:40 INFO  BUY_FILLED ETHU phase=HOLDING
2026-04-21 23:45:45 INFO  BUY_FILLED ETHU phase=HOLDING
2026-04-21 23:45:50 INFO  BUY_FILLED ETHU phase=HOLDING
2026-04-21 23:45:56 INFO  BUY_FILLED ETHU phase=HOLDING
2026-04-21 23:46:01 INFO  BUY_FILLED ETHU phase=HOLDING
2026-04-21 23:46:07 INFO  BUY_FILLED ETHU phase=HOLDING
2026-04-21 23:46:12 INFO  BUY_FILLED ETHU phase=HOLDING
2026-04-21 23:46:17 INFO  BUY_FILLED ETHU phase=HOLDING
2026-04-21 23:46:22 INFO  BUY_FILLED ETHU phase=HOLDING
2026-04-21 23:46:27 INFO  BUY_FILLED ETHU phase=HOLDING
2026-04-21 23:46:32 INFO  BUY_FILLED ETHU phase=HOLDING
2026-04-21 23:46:37 INFO  BUY_FILLED ETHU phase=HOLDING
2026-04-21 23:46:42 INFO  BUY_FILLED ETHU phase=HOLDING
2026-04-21 23:46:47 INFO  BUY_FILLED ETHU phase=HOLDING
2026-04-21 23:46:53 INFO  BUY_FILLED ETHU phase=HOLDING
2026-04-21 23:46:58 INFO  BUY_FILLED ETHU phase=HOLDING
2026-04-21 23:47:03 INFO  BUY_FILLED ETHU phase=HOLDING
2026-04-21 23:47:08 INFO  BUY_FILLED ETHU phase=HOLDING
2026-04-21 23:47:13 INFO  BUY_FILLED ETHU phase=HOLDING
2026-04-21 23:47:19 INFO  BUY_FILLED ETHU phase=HOLDING
2026-04-21 23:47:24 INFO  BUY_FILLED ETHU phase=HOLDING
2026-04-21 23:47:29 INFO  BUY_FILLED ETHU phase=HOLDING
2026-04-21 23:47:34 INFO  BUY_FILLED ETHU phase=HOLDING
2026-04-21 23:47:39 INFO  BUY_FILLED ETHU phase=HOLDING
2026-04-21 23:47:44 INFO  BUY_FILLED ETHU phase=HOLDING
2026-04-21 23:47:49 INFO  BUY_FILLED ETHU phase=HOLDING
2026-04-21 23:47:54 INFO  BUY_FILLED ETHU phase=HOLDING
2026-04-21 23:47:59 INFO  BUY_FILLED ETHU phase=HOLDING
2026-04-21 23:48:04 INFO  BUY_FILLED ETHU phase=HOLDING
2026-04-21 23:48:09 INFO  BUY_FILLED ETHU phase=HOLDING
2026-04-21 23:48:15 INFO  BUY_FILLED ETHU phase=HOLDING
2026-04-21 23:48:20 INFO  BUY_FILLED ETHU phase=HOLDING
2026-04-21 23:48:25 INFO  BUY_FILLED ETHU phase=HOLDING
2026-04-21 23:48:30 INFO  BUY_FILLED ETHU phase=HOLDING
2026-04-21 23:48:36 INFO  BUY_FILLED ETHU phase=HOLDING
2026-04-21 23:48:41 INFO  BUY_FILLED ETHU phase=HOLDING
2026-04-21 23:48:46 INFO  BUY_FILLED ETHU phase=HOLDING
2026-04-21 23:48:51 INFO  BUY_FILLED ETHU phase=HOLDING
2026-04-21 23:48:57 INFO  BUY_FILLED ETHU phase=HOLDING
2026-04-21 23:49:02 INFO  BUY_FILLED ETHU phase=HOLDING
2026-04-21 23:49:07 INFO  BUY_FILLED ETHU phase=HOLDING
2026-04-21 23:49:13 INFO  BUY_FILLED ETHU phase=HOLDING
2026-04-21 23:49:18 INFO  BUY_FILLED ETHU phase=HOLDING
2026-04-21 23:49:23 INFO  BUY_FILLED ETHU phase=HOLDING
2026-04-21 23:49:29 INFO  BUY_FILLED ETHU phase=HOLDING
2026-04-21 23:49:34 INFO  BUY_FILLED ETHU phase=HOLDING
2026-04-21 23:49:40 INFO  BUY_FILLED ETHU phase=HOLDING
2026-04-21 23:49:45 INFO  BUY_FILLED ETHU phase=HOLDING
2026-04-21 23:49:50 INFO  BUY_FILLED ETHU phase=HOLDING
2026-04-21 23:49:55 INFO  BUY_FILLED ETHU phase=HOLDING
2026-04-21 23:50:00 INFO  BUY_FILLED ETHU phase=HOLDING
2026-04-21 23:50:05 INFO  BUY_FILLED ETHU phase=HOLDING
2026-04-21 23:50:10 INFO  BUY_FILLED ETHU phase=HOLDING
2026-04-21 23:50:15 INFO  BUY_FILLED ETHU phase=HOLDING
2026-04-21 23:50:20 INFO  BUY_FILLED ETHU phase=HOLDING
2026-04-21 23:50:25 INFO  BUY_FILLED ETHU phase=HOLDING
2026-04-21 23:50:31 INFO  BUY_FILLED ETHU phase=HOLDING
2026-04-21 23:50:36 INFO  BUY_FILLED ETHU phase=HOLDING
2026-04-21 23:50:41 INFO  BUY_FILLED ETHU phase=HOLDING
2026-04-21 23:50:46 INFO  BUY_FILLED ETHU phase=HOLDING
2026-04-21 23:50:52 INFO  BUY_FILLED ETHU phase=HOLDING
2026-04-21 23:50:57 INFO  BUY_FILLED ETHU phase=HOLDING
2026-04-21 23:51:02 INFO  BUY_FILLED ETHU phase=HOLDING
2026-04-21 23:51:07 INFO  BUY_FILLED ETHU phase=HOLDING
2026-04-21 23:51:13 INFO  BUY_FILLED ETHU phase=HOLDING
2026-04-21 23:51:18 INFO  BUY_FILLED ETHU phase=HOLDING
2026-04-21 23:51:23 INFO  BUY_FILLED ETHU phase=HOLDING
2026-04-21 23:51:28 INFO  BUY_FILLED ETHU phase=HOLDING
2026-04-21 23:51:34 INFO  BUY_FILLED ETHU phase=HOLDING
2026-04-21 23:51:39 INFO  BUY_FILLED ETHU phase=HOLDING
2026-04-21 23:51:44 INFO  BUY_FILLED ETHU phase=HOLDING
2026-04-21 23:51:49 INFO  BUY_FILLED ETHU phase=HOLDING
2026-04-21 23:51:54 INFO  BUY_FILLED ETHU phase=HOLDING
2026-04-21 23:51:59 INFO  BUY_FILLED ETHU phase=HOLDING
2026-04-21 23:52:05 INFO  BUY_FILLED ETHU phase=HOLDING
2026-04-21 23:52:10 INFO  BUY_FILLED ETHU phase=HOLDING
2026-04-21 23:52:15 INFO  BUY_FILLED ETHU phase=HOLDING
2026-04-21 23:52:20 INFO  BUY_FILLED ETHU phase=HOLDING
2026-04-21 23:52:25 INFO  BUY_FILLED ETHU phase=HOLDING
2026-04-21 23:52:31 INFO  BUY_FILLED ETHU phase=HOLDING
2026-04-21 23:52:36 INFO  BUY_FILLED ETHU phase=HOLDING
2026-04-21 23:52:41 INFO  BUY_FILLED ETHU phase=HOLDING
2026-04-21 23:52:46 INFO  BUY_FILLED ETHU phase=HOLDING
2026-04-21 23:52:51 INFO  BUY_FILLED ETHU phase=HOLDING
2026-04-21 23:52:56 INFO  BUY_FILLED ETHU phase=HOLDING
2026-04-21 23:53:02 INFO  BUY_FILLED ETHU phase=HOLDING
2026-04-21 23:53:07 INFO  BUY_FILLED ETHU phase=HOLDING
2026-04-21 23:53:12 INFO  BUY_FILLED ETHU phase=HOLDING
2026-04-21 23:53:12 INFO  SELL_EXECUTED [US] ETHU mode=VOLUME_BREAKOUT phase=EXITING exitType=TIMESTOP price=26.8999 qty=11 reason=TIME_STOP_SOFT pnl=-0.70% weightedPnl=-0.70% dailyPnl=-1.47%
2026-04-21 23:53:16 WARN  SELL_REJECTED ETHU reason=TIME_STOP_SOFT rolledBack=partialDone:false phase=HOLDING
2026-04-21 23:53:17 INFO  BUY_FILLED ETHU phase=HOLDING
2026-04-21 23:53:22 INFO  BUY_FILLED ETHU phase=HOLDING
2026-04-21 23:53:22 INFO  SELL_EXECUTED [US] ETHU mode=VOLUME_BREAKOUT phase=EXITING exitType=TIMESTOP price=26.8901 qty=11 reason=TIME_STOP_SOFT pnl=-0.74% weightedPnl=-0.73% dailyPnl=-2.20%
2026-04-21 23:53:22 WARN  SELL_REJECTED ETHU reason=TIME_STOP_SOFT rolledBack=partialDone:false phase=HOLDING
2026-04-21 23:53:28 INFO  BUY_FILLED ETHU phase=HOLDING
2026-04-21 23:53:28 INFO  SELL_EXECUTED [US] ETHU mode=VOLUME_BREAKOUT phase=EXITING exitType=TIMESTOP price=26.8901 qty=11 reason=TIME_STOP_SOFT pnl=-0.74% weightedPnl=-0.73% dailyPnl=-2.93%
2026-04-21 23:53:33 INFO  BUY_FILLED ETHU phase=HOLDING
2026-04-21 23:53:38 INFO  BUY_FILLED ETHU phase=HOLDING
