2026-04-24 09:21:33 INFO  BUY amount set for 080220: 499997.00
2026-04-24 09:21:33 INFO  BUY amount set for 123690: 499997.00
2026-04-24 09:21:33 INFO  BUY amount set for 209640: 499997.00
2026-04-24 09:21:33 INFO  BUY amount set for 355150: 499997.00
2026-04-24 09:21:33 INFO  BUY amount set for 092220: 499997.00
2026-04-24 09:21:33 INFO  BUY amount set for 332570: 499997.00
2026-04-24 09:21:33 INFO  BUY amount set for 452190: 499997.00
2026-04-24 09:21:33 INFO  BUY amount set for 102120: 499997.00
2026-04-24 09:21:33 INFO  BUY amount set for 006345: 499997.00
2026-04-24 09:21:33 INFO  BUY amount set for 429270: 499997.00
2026-04-24 09:21:33 INFO  BUY amount set for 091970: 499997.00
2026-04-24 09:21:33 INFO  BUY amount set for 444530: 499997.00
2026-04-24 09:21:33 INFO  BUY amount set for 226320: 499997.00
2026-04-24 09:21:33 INFO  BUY amount set for 362320: 499997.00
2026-04-24 09:21:33 INFO  BUY amount set for 067990: 499997.00
2026-04-24 09:29:21 INFO  BUY [KRX] 429270 mode=EARLY_MOMENTUM price=7960.0000 qty=50 size=0.8000x score=70(CONV) | WHY: velShort=3.51% velMid=1.53% aboveVwap | VWAP: 0.74%(ABOVE slope=UP) | TREND: score=3 vel=3.51%/1.53%/0.76% | VOL: 16413.0000/21134.6250 TO: 130647480.0000/166996916.2500 | entryNo=1
2026-04-24 09:29:22 INFO  BUY_FILLED 429270 phase=HOLDING
2026-04-24 09:29:26 INFO  BUY_FILLED 429270 phase=HOLDING
2026-04-24 09:29:31 INFO  BUY_FILLED 429270 phase=HOLDING
2026-04-24 09:29:36 INFO  BUY_FILLED 429270 phase=HOLDING
2026-04-24 09:29:41 INFO  BUY_FILLED 429270 phase=HOLDING
2026-04-24 09:29:41 INFO  SELL_EXECUTED [KRX] 429270 mode=EARLY_MOMENTUM phase=EXITING exitType=STOPLOSS price=7850.0000 qty=50 reason=STOP_LOSS pnl=-1.38% weightedPnl=-1.10% dailyPnl=-1.10%
2026-04-24 09:29:42 INFO  SELL_FILLED 429270 reason=STOP_LOSS remainingQty=0 phase=NONE exitType=STOPLOSS partialDone=false
2026-04-24 09:30:22 INFO  BUY [KRX] 092220 mode=EARLY_MOMENTUM price=1800.0000 qty=222 size=0.8000x score=75(CONV) | WHY: velShort=1.41% velMid=1.24% aboveVwap | VWAP: 1.55%(ABOVE slope=UP) | TREND: score=3 vel=1.41%/1.24%/1.75% | VOL: 875046.0000/477503.4444 TO: 1577707938.0000/847768027.2222 | entryNo=1
2026-04-24 09:30:22 WARN  BUY_REJECTED 092220 phase=NONE
2026-04-24 09:31:22 INFO  BUY [KRX] 006345 mode=EARLY_MOMENTUM price=6820.0000 qty=58 size=0.8000x score=75(CONV) | WHY: velShort=2.74% velMid=2.90% aboveVwap | VWAP: 1.64%(ABOVE slope=UP) | TREND: score=3 vel=2.74%/2.90%/2.43% | VOL: 349789.0000/85284.8000 TO: 2357577860.0000/565541954.0000 | entryNo=1
2026-04-24 09:31:22 WARN  BUY_REJECTED 006345 phase=NONE
2026-04-24 09:33:48 INFO  SELL [BREAKEVEN_GUARD] 429270 pnl=-0.13% peakPnl=1.39% holdMs=201152
2026-04-24 09:33:48 INFO  SELL_EXECUTED [KRX] 429270 mode=NONE phase=EXITING exitType=TRAIL price=7880.0000 qty=71 reason=BREAKEVEN_GUARD pnl=-0.13% weightedPnl=-0.14% dailyPnl=-1.24%
2026-04-24 09:33:48 WARN  SELL_REJECTED 429270 reason=BREAKEVEN_GUARD rolledBack=partialDone:false phase=HOLDING
2026-04-24 09:33:53 INFO  BUY_FILLED 429270 phase=HOLDING
2026-04-24 09:33:53 INFO  SELL [BREAKEVEN_GUARD] 429270 pnl=-0.13% peakPnl=1.39% holdMs=206253
2026-04-24 09:33:53 INFO  SELL_EXECUTED [KRX] 429270 mode=NONE phase=EXITING exitType=TRAIL price=7880.0000 qty=71 reason=BREAKEVEN_GUARD pnl=-0.13% weightedPnl=-0.14% dailyPnl=-1.24%
2026-04-24 09:33:58 INFO  BUY_FILLED 429270 phase=HOLDING
2026-04-24 09:34:03 INFO  BUY_FILLED 429270 phase=HOLDING
2026-04-24 09:34:08 INFO  BUY_FILLED 429270 phase=HOLDING
2026-04-24 09:34:08 WARN  SELL pending timeout cleared for 429270
2026-04-24 09:34:08 INFO  SELL [BREAKEVEN_GUARD] 429270 pnl=-0.38% peakPnl=1.39% holdMs=221328
2026-04-24 09:34:08 INFO  SELL_EXECUTED [KRX] 429270 mode=NONE phase=EXITING exitType=TRAIL price=7860.0000 qty=71 reason=BREAKEVEN_GUARD pnl=-0.38% weightedPnl=-0.43% dailyPnl=-1.67%
2026-04-24 09:34:13 INFO  BUY_FILLED 429270 phase=HOLDING
2026-04-24 09:34:18 INFO  BUY_FILLED 429270 phase=HOLDING
2026-04-24 09:34:23 INFO  BUY_FILLED 429270 phase=HOLDING
2026-04-24 09:34:23 WARN  SELL pending timeout cleared for 429270
2026-04-24 09:34:23 INFO  SELL [BREAKEVEN_GUARD] 429270 pnl=-0.38% peakPnl=1.39% holdMs=236387
2026-04-24 09:34:23 INFO  SELL_EXECUTED [KRX] 429270 mode=NONE phase=EXITING exitType=TRAIL price=7860.0000 qty=71 reason=BREAKEVEN_GUARD pnl=-0.38% weightedPnl=-0.43% dailyPnl=-2.09%
2026-04-24 09:34:23 INFO  SELL_FILLED 429270 reason=BREAKEVEN_GUARD remainingQty=0 phase=NONE exitType=TRAIL partialDone=false
2026-04-24 09:35:08 INFO  BUY [KRX] 102120 mode=EARLY_MOMENTUM price=14900.0000 qty=26 size=0.8000x score=75(CONV) | WHY: velShort=1.50% velMid=1.50% aboveVwap | VWAP: 0.97%(ABOVE slope=UP) | TREND: score=3 vel=1.50%/1.50%/0.61% | VOL: 78200.0000/26058.2857 TO: 1164398000.0000/384289881.4286 | entryNo=1
2026-04-24 09:35:08 WARN  BUY_REJECTED 102120 phase=NONE
2026-04-24 09:37:09 INFO  BUY [KRX] 092220 mode=VOLUME_BREAKOUT price=1830.0000 qty=273 size=1.0000x score=105(CONV) | WHY: strongBreakout volBreakout retestOK multiUp vol(2.52x) | VWAP: 2.18%(ABOVE slope=UP) | TREND: score=3 vel=1.78%/1.27%/2.01% | VOL: 1151846.0000/456561.0625 TO: 2106726334.0000/817233531.3125 | entryNo=2
2026-04-24 09:37:09 WARN  BUY_REJECTED 092220 phase=NONE
2026-04-24 09:37:29 INFO  SELL_EXECUTED [KRX] 429270 mode=NONE phase=EXITING exitType=STOPLOSS price=7980.0000 qty=68 reason=STOP_LOSS pnl=-1.48% weightedPnl=-1.63% dailyPnl=-3.73%
2026-04-24 09:37:29 INFO  SELL_FILLED 429270 reason=STOP_LOSS remainingQty=0 phase=NONE exitType=STOPLOSS partialDone=false
2026-04-24 09:37:39 INFO  SELL_EXECUTED [KRX] 429270 mode=NONE phase=EXITING exitType=STOPLOSS price=7920.0000 qty=68 reason=STOP_LOSS pnl=-2.22% weightedPnl=-2.45% dailyPnl=-6.17%
2026-04-24 09:37:54 WARN  BUY_SKIP [KRX] 429270 reason=DAILY_LOSS_LIMIT dailyPnl=-6.17%
2026-04-24 09:40:10 INFO  SELL_EXECUTED [KRX] 092220 mode=NONE phase=EXITING exitType=STOPLOSS price=1810.0000 qty=293 reason=STOP_LOSS pnl=-1.20% weightedPnl=-1.29% dailyPnl=-7.46%
2026-04-24 09:40:10 INFO  SELL_FILLED 092220 reason=STOP_LOSS remainingQty=0 phase=NONE exitType=STOPLOSS partialDone=false
2026-04-24 09:41:05 WARN  BUY_SKIP [KRX] 102120 reason=DAILY_LOSS_LIMIT dailyPnl=-7.46%
2026-04-24 09:41:05 WARN  BUY_SKIP [KRX] 006345 reason=DAILY_LOSS_LIMIT dailyPnl=-7.46%
2026-04-24 09:41:20 WARN  BUY_SKIP [KRX] 006345 reason=DAILY_LOSS_LIMIT dailyPnl=-7.46%
2026-04-24 09:41:20 WARN  BUY_SKIP [KRX] 102120 reason=DAILY_LOSS_LIMIT dailyPnl=-7.46%
2026-04-24 09:42:06 WARN  BUY_SKIP [KRX] 102120 reason=DAILY_LOSS_LIMIT dailyPnl=-7.46%
2026-04-24 09:42:21 WARN  BUY_SKIP [KRX] 102120 reason=DAILY_LOSS_LIMIT dailyPnl=-7.46%
2026-04-24 09:43:06 WARN  BUY_SKIP [KRX] 102120 reason=DAILY_LOSS_LIMIT dailyPnl=-7.46%
2026-04-24 09:43:21 WARN  BUY_SKIP [KRX] 102120 reason=DAILY_LOSS_LIMIT dailyPnl=-7.46%
2026-04-24 09:44:06 WARN  BUY_SKIP [KRX] 429270 reason=DAILY_LOSS_LIMIT dailyPnl=-7.46%
2026-04-24 09:44:21 WARN  BUY_SKIP [KRX] 429270 reason=DAILY_LOSS_LIMIT dailyPnl=-7.46%
2026-04-24 09:45:07 WARN  BUY_SKIP [KRX] 080220 reason=DAILY_LOSS_LIMIT dailyPnl=-7.46%
2026-04-24 09:45:07 WARN  BUY_SKIP [KRX] 102120 reason=DAILY_LOSS_LIMIT dailyPnl=-7.46%
2026-04-24 09:45:22 WARN  BUY_SKIP [KRX] 080220 reason=DAILY_LOSS_LIMIT dailyPnl=-7.46%
2026-04-24 09:45:22 WARN  BUY_SKIP [KRX] 102120 reason=DAILY_LOSS_LIMIT dailyPnl=-7.46%
2026-04-24 09:46:07 WARN  BUY_SKIP [KRX] 102120 reason=DAILY_LOSS_LIMIT dailyPnl=-7.46%
2026-04-24 09:46:22 INFO  SELL_EXECUTED [KRX] 092220 mode=NONE phase=EXITING exitType=STOPLOSS price=1785.0000 qty=290 reason=STOP_LOSS pnl=-1.22% weightedPnl=-1.28% dailyPnl=-8.74%
2026-04-24 09:46:22 INFO  SELL_FILLED 092220 reason=STOP_LOSS remainingQty=0 phase=NONE exitType=STOPLOSS partialDone=false
2026-04-24 09:47:07 WARN  BUY_SKIP [KRX] 102120 reason=DAILY_LOSS_LIMIT dailyPnl=-8.74%
2026-04-24 09:47:22 WARN  BUY_SKIP [KRX] 102120 reason=DAILY_LOSS_LIMIT dailyPnl=-8.74%
2026-04-24 09:49:08 WARN  BUY_SKIP [KRX] 102120 reason=DAILY_LOSS_LIMIT dailyPnl=-8.74%
2026-04-24 09:49:23 WARN  BUY_SKIP [KRX] 102120 reason=DAILY_LOSS_LIMIT dailyPnl=-8.74%
2026-04-24 09:50:09 WARN  BUY_SKIP [KRX] 102120 reason=DAILY_LOSS_LIMIT dailyPnl=-8.74%
2026-04-24 09:50:14 WARN  BUY_SKIP [KRX] 067990 reason=DAILY_LOSS_LIMIT dailyPnl=-8.74%
2026-04-24 09:50:24 WARN  BUY_SKIP [KRX] 102120 reason=DAILY_LOSS_LIMIT dailyPnl=-8.74%
2026-04-24 09:50:29 WARN  BUY_SKIP [KRX] 067990 reason=DAILY_LOSS_LIMIT dailyPnl=-8.74%
2026-04-24 09:53:05 WARN  BUY_SKIP [KRX] 209640 reason=DAILY_LOSS_LIMIT dailyPnl=-8.74%
2026-04-24 09:53:10 INFO  SELL_EXECUTED [KRX] 092220 mode=NONE phase=EXITING exitType=PROFIT price=1815.0000 qty=144 reason=TAKE_PROFIT_PARTIAL pnl=2.02% weightedPnl=1.04% dailyPnl=-7.70%
2026-04-24 09:53:10 INFO  SELL_FILLED 092220 reason=TAKE_PROFIT_PARTIAL remainingQty=144 phase=PARTIAL_EXITED exitType=PROFIT partialDone=true
2026-04-24 09:53:15 INFO  BUY_FILLED 092220 phase=HOLDING
2026-04-24 09:53:20 WARN  BUY_SKIP [KRX] 209640 reason=DAILY_LOSS_LIMIT dailyPnl=-7.70%
2026-04-24 09:53:20 INFO  BUY_FILLED 092220 phase=HOLDING
2026-04-24 09:53:25 INFO  BUY_FILLED 092220 phase=HOLDING
2026-04-24 09:53:30 INFO  BUY_FILLED 092220 phase=HOLDING
2026-04-24 09:53:35 INFO  BUY_FILLED 092220 phase=HOLDING
2026-04-24 09:53:40 INFO  BUY_FILLED 092220 phase=HOLDING
2026-04-24 09:53:45 INFO  BUY_FILLED 092220 phase=HOLDING
2026-04-24 09:53:50 INFO  BUY_FILLED 092220 phase=HOLDING
2026-04-24 09:53:55 INFO  BUY_FILLED 092220 phase=HOLDING
2026-04-24 09:54:00 INFO  BUY_FILLED 092220 phase=HOLDING
2026-04-24 09:54:05 INFO  BUY_FILLED 092220 phase=HOLDING
2026-04-24 09:54:10 INFO  BUY_FILLED 092220 phase=HOLDING
2026-04-24 09:54:15 INFO  BUY_FILLED 092220 phase=HOLDING
2026-04-24 09:54:20 INFO  BUY_FILLED 092220 phase=HOLDING
2026-04-24 09:54:26 INFO  BUY_FILLED 092220 phase=HOLDING
2026-04-24 09:54:31 INFO  BUY_FILLED 092220 phase=HOLDING
2026-04-24 09:54:36 INFO  BUY_FILLED 092220 phase=HOLDING
2026-04-24 09:54:41 INFO  BUY_FILLED 092220 phase=HOLDING
2026-04-24 09:54:41 INFO  SELL [PARTIAL_TRAIL_EXIT] 092220 pnl=0.004520844949033619 peakPnl=0.011759631525717342 high=1817.0 current=1804.0 mult=0.996
2026-04-24 09:54:41 INFO  SELL_EXECUTED [KRX] 092220 mode=NONE phase=EXITING exitType=NONE price=1804.0000 qty=286 reason=PARTIAL_TRAIL_EXIT pnl=0.45% weightedPnl=0.46% dailyPnl=-7.24%
2026-04-24 09:54:41 INFO  SELL_FILLED 092220 reason=PARTIAL_TRAIL_EXIT remainingQty=0 phase=NONE exitType=NONE partialDone=false
2026-04-24 09:56:07 WARN  BUY_SKIP [KRX] 102120 reason=DAILY_LOSS_LIMIT dailyPnl=-7.24%
2026-04-24 09:56:22 WARN  BUY_SKIP [KRX] 102120 reason=DAILY_LOSS_LIMIT dailyPnl=-7.24%
2026-04-24 10:02:06 WARN  BUY_SKIP [KRX] 080220 reason=DAILY_LOSS_LIMIT dailyPnl=-7.24%
2026-04-24 10:02:21 WARN  BUY_SKIP [KRX] 080220 reason=DAILY_LOSS_LIMIT dailyPnl=-7.24%
2026-04-24 10:03:06 WARN  BUY_SKIP [KRX] 006345 reason=DAILY_LOSS_LIMIT dailyPnl=-7.24%
2026-04-24 10:03:06 WARN  BUY_SKIP [KRX] 102120 reason=DAILY_LOSS_LIMIT dailyPnl=-7.24%
2026-04-24 10:03:21 WARN  BUY_SKIP [KRX] 102120 reason=DAILY_LOSS_LIMIT dailyPnl=-7.24%
2026-04-24 10:03:21 WARN  BUY_SKIP [KRX] 006345 reason=DAILY_LOSS_LIMIT dailyPnl=-7.24%
2026-04-24 10:04:01 INFO  SELL_EXECUTED [KRX] 092220 mode=NONE phase=EXITING exitType=VWAP_BREAK price=1791.0000 qty=282 reason=VWAP_BREAK pnl=-1.00% weightedPnl=-1.02% dailyPnl=-8.25%
2026-04-24 10:04:02 INFO  SELL_FILLED 092220 reason=VWAP_BREAK remainingQty=0 phase=NONE exitType=VWAP_BREAK partialDone=false
2026-04-24 10:04:06 WARN  BUY_SKIP [KRX] 080220 reason=DAILY_LOSS_LIMIT dailyPnl=-8.25%
2026-04-24 10:04:06 WARN  BUY_SKIP [KRX] 102120 reason=DAILY_LOSS_LIMIT dailyPnl=-8.25%
2026-04-24 10:04:21 WARN  BUY_SKIP [KRX] 102120 reason=DAILY_LOSS_LIMIT dailyPnl=-8.25%
2026-04-24 10:04:21 WARN  BUY_SKIP [KRX] 080220 reason=DAILY_LOSS_LIMIT dailyPnl=-8.25%
2026-04-24 10:06:07 WARN  BUY_SKIP [KRX] 355150 reason=DAILY_LOSS_LIMIT dailyPnl=-8.25%
2026-04-24 10:06:22 WARN  BUY_SKIP [KRX] 355150 reason=DAILY_LOSS_LIMIT dailyPnl=-8.25%
2026-04-24 10:07:04 INFO  BUY amount set for 080220: 499997.00
2026-04-24 10:07:07 WARN  BUY_SKIP [KRX] 355150 reason=DAILY_LOSS_LIMIT dailyPnl=-8.25%
2026-04-24 10:07:07 WARN  BUY_SKIP [KRX] 006345 reason=DAILY_LOSS_LIMIT dailyPnl=-8.25%
2026-04-24 10:07:09 INFO  BUY amount set for 080220: 499997.00
2026-04-24 10:07:22 WARN  BUY_SKIP [KRX] 006345 reason=DAILY_LOSS_LIMIT dailyPnl=-8.25%
2026-04-24 10:07:22 WARN  BUY_SKIP [KRX] 355150 reason=DAILY_LOSS_LIMIT dailyPnl=-8.25%
2026-04-24 10:07:53 INFO  SELL_EXECUTED [KRX] 080220 mode=NONE phase=EXITING exitType=STOPLOSS price=54300.0000 qty=9 reason=STOP_LOSS pnl=-1.54% weightedPnl=-1.53% dailyPnl=-9.78%
2026-04-24 10:07:53 INFO  SELL_FILLED 080220 reason=STOP_LOSS remainingQty=0 phase=NONE exitType=STOPLOSS partialDone=false
2026-04-24 10:08:08 WARN  BUY_SKIP [KRX] 067990 reason=DAILY_LOSS_LIMIT dailyPnl=-9.78%
2026-04-24 10:08:23 WARN  BUY_SKIP [KRX] 067990 reason=DAILY_LOSS_LIMIT dailyPnl=-9.78%
2026-04-24 10:09:08 WARN  BUY_SKIP [KRX] 006345 reason=DAILY_LOSS_LIMIT dailyPnl=-9.78%
2026-04-24 10:09:23 WARN  BUY_SKIP [KRX] 006345 reason=DAILY_LOSS_LIMIT dailyPnl=-9.78%
2026-04-24 10:10:08 WARN  BUY_SKIP [KRX] 355150 reason=DAILY_LOSS_LIMIT dailyPnl=-9.78%
2026-04-24 10:10:24 WARN  BUY_SKIP [KRX] 355150 reason=DAILY_LOSS_LIMIT dailyPnl=-9.78%
2026-04-24 10:11:09 WARN  BUY_SKIP [KRX] 355150 reason=DAILY_LOSS_LIMIT dailyPnl=-9.78%
2026-04-24 10:11:24 WARN  BUY_SKIP [KRX] 355150 reason=DAILY_LOSS_LIMIT dailyPnl=-9.78%
2026-04-24 10:12:54 INFO  SELL_EXECUTED [KRX] 080220 mode=NONE phase=EXITING exitType=STOPLOSS price=53500.0000 qty=8 reason=STOP_LOSS pnl=-1.29% weightedPnl=-1.12% dailyPnl=-10.90%
2026-04-24 10:12:55 INFO  SELL_FILLED 080220 reason=STOP_LOSS remainingQty=0 phase=NONE exitType=STOPLOSS partialDone=false
2026-04-24 10:19:07 WARN  BUY_SKIP [KRX] 209640 reason=DAILY_LOSS_LIMIT dailyPnl=-10.90%
2026-04-24 10:19:22 WARN  BUY_SKIP [KRX] 209640 reason=DAILY_LOSS_LIMIT dailyPnl=-10.90%
2026-04-24 10:21:12 WARN  BUY_SKIP [KRX] 006345 reason=DAILY_LOSS_LIMIT dailyPnl=-10.90%
2026-04-24 10:21:27 WARN  BUY_SKIP [KRX] 006345 reason=DAILY_LOSS_LIMIT dailyPnl=-10.90%
2026-04-24 10:22:08 WARN  BUY_SKIP [KRX] 452190 reason=DAILY_LOSS_LIMIT dailyPnl=-10.90%
2026-04-24 10:22:23 WARN  BUY_SKIP [KRX] 452190 reason=DAILY_LOSS_LIMIT dailyPnl=-10.90%
2026-04-24 10:25:09 WARN  BUY_SKIP [KRX] 209640 reason=DAILY_LOSS_LIMIT dailyPnl=-10.90%
2026-04-24 10:25:24 WARN  BUY_SKIP [KRX] 209640 reason=DAILY_LOSS_LIMIT dailyPnl=-10.90%
2026-04-24 10:29:45 INFO  SELL_EXECUTED [KRX] 080220 mode=NONE phase=EXITING exitType=STOPLOSS price=53200.0000 qty=8 reason=STOP_LOSS pnl=-1.30% weightedPnl=-1.12% dailyPnl=-12.02%
2026-04-24 10:29:46 INFO  SELL_FILLED 080220 reason=STOP_LOSS remainingQty=0 phase=NONE exitType=STOPLOSS partialDone=false
2026-04-24 10:32:06 WARN  BUY_SKIP [KRX] 209640 reason=DAILY_LOSS_LIMIT dailyPnl=-12.02%
2026-04-24 10:32:21 WARN  BUY_SKIP [KRX] 209640 reason=DAILY_LOSS_LIMIT dailyPnl=-12.02%
2026-04-24 10:34:07 WARN  BUY_SKIP [KRX] 006345 reason=DAILY_LOSS_LIMIT dailyPnl=-12.02%
2026-04-24 10:34:22 WARN  BUY_SKIP [KRX] 006345 reason=DAILY_LOSS_LIMIT dailyPnl=-12.02%
2026-04-24 10:35:07 WARN  BUY_SKIP [KRX] 006345 reason=DAILY_LOSS_LIMIT dailyPnl=-12.02%
2026-04-24 10:35:22 WARN  BUY_SKIP [KRX] 006345 reason=DAILY_LOSS_LIMIT dailyPnl=-12.02%
2026-04-24 10:36:07 WARN  BUY_SKIP [KRX] 067990 reason=DAILY_LOSS_LIMIT dailyPnl=-12.02%
2026-04-24 10:36:07 WARN  BUY_SKIP [KRX] 006345 reason=DAILY_LOSS_LIMIT dailyPnl=-12.02%
2026-04-24 10:36:23 WARN  BUY_SKIP [KRX] 006345 reason=DAILY_LOSS_LIMIT dailyPnl=-12.02%
2026-04-24 10:36:23 WARN  BUY_SKIP [KRX] 067990 reason=DAILY_LOSS_LIMIT dailyPnl=-12.02%
2026-04-24 10:41:09 WARN  BUY_SKIP [KRX] 209640 reason=DAILY_LOSS_LIMIT dailyPnl=-12.02%
2026-04-24 10:41:24 WARN  BUY_SKIP [KRX] 209640 reason=DAILY_LOSS_LIMIT dailyPnl=-12.02%
2026-04-24 11:15:07 WARN  BUY_SKIP [KRX] 080220 reason=DAILY_LOSS_LIMIT dailyPnl=-12.02%
2026-04-24 11:15:22 WARN  BUY_SKIP [KRX] 080220 reason=DAILY_LOSS_LIMIT dailyPnl=-12.02%
2026-04-24 11:31:08 WARN  BUY_SKIP [KRX] 006345 reason=DAILY_LOSS_LIMIT dailyPnl=-12.02%
2026-04-24 11:31:23 WARN  BUY_SKIP [KRX] 006345 reason=DAILY_LOSS_LIMIT dailyPnl=-12.02%
2026-04-24 11:43:07 WARN  BUY_SKIP [KRX] 080220 reason=DAILY_LOSS_LIMIT dailyPnl=-12.02%
2026-04-24 11:43:07 WARN  BUY_SKIP [KRX] 102120 reason=DAILY_LOSS_LIMIT dailyPnl=-12.02%
2026-04-24 11:43:22 WARN  BUY_SKIP [KRX] 080220 reason=DAILY_LOSS_LIMIT dailyPnl=-12.02%
2026-04-24 11:43:22 WARN  BUY_SKIP [KRX] 102120 reason=DAILY_LOSS_LIMIT dailyPnl=-12.02%
2026-04-24 11:49:09 WARN  BUY_SKIP [KRX] 209640 reason=DAILY_LOSS_LIMIT dailyPnl=-12.02%
2026-04-24 11:49:24 WARN  BUY_SKIP [KRX] 209640 reason=DAILY_LOSS_LIMIT dailyPnl=-12.02%
2026-04-24 12:01:08 WARN  BUY_SKIP [KRX] 080220 reason=DAILY_LOSS_LIMIT dailyPnl=-12.02%
2026-04-24 12:01:09 WARN  BUY_SKIP [KRX] 102120 reason=DAILY_LOSS_LIMIT dailyPnl=-12.02%
2026-04-24 12:01:24 WARN  BUY_SKIP [KRX] 080220 reason=DAILY_LOSS_LIMIT dailyPnl=-12.02%
2026-04-24 12:01:24 WARN  BUY_SKIP [KRX] 102120 reason=DAILY_LOSS_LIMIT dailyPnl=-12.02%
2026-04-24 12:02:09 WARN  BUY_SKIP [KRX] 332570 reason=DAILY_LOSS_LIMIT dailyPnl=-12.02%
2026-04-24 12:02:24 WARN  BUY_SKIP [KRX] 332570 reason=DAILY_LOSS_LIMIT dailyPnl=-12.02%
2026-04-24 12:17:09 WARN  BUY_SKIP [KRX] 080220 reason=DAILY_LOSS_LIMIT dailyPnl=-12.02%
2026-04-24 12:17:24 WARN  BUY_SKIP [KRX] 080220 reason=DAILY_LOSS_LIMIT dailyPnl=-12.02%
2026-04-24 12:24:07 WARN  BUY_SKIP [KRX] 209640 reason=DAILY_LOSS_LIMIT dailyPnl=-12.02%
2026-04-24 12:24:22 WARN  BUY_SKIP [KRX] 209640 reason=DAILY_LOSS_LIMIT dailyPnl=-12.02%
2026-04-24 12:25:08 WARN  BUY_SKIP [KRX] 209640 reason=DAILY_LOSS_LIMIT dailyPnl=-12.02%
2026-04-24 12:33:06 WARN  BUY_SKIP [KRX] 209640 reason=DAILY_LOSS_LIMIT dailyPnl=-12.02%
2026-04-24 12:36:07 WARN  BUY_SKIP [KRX] 452190 reason=DAILY_LOSS_LIMIT dailyPnl=-12.02%
2026-04-24 12:36:22 WARN  BUY_SKIP [KRX] 452190 reason=DAILY_LOSS_LIMIT dailyPnl=-12.02%
2026-04-24 12:37:07 WARN  BUY_SKIP [KRX] 452190 reason=DAILY_LOSS_LIMIT dailyPnl=-12.02%
2026-04-24 12:37:22 WARN  BUY_SKIP [KRX] 452190 reason=DAILY_LOSS_LIMIT dailyPnl=-12.02%
2026-04-24 12:38:08 WARN  BUY_SKIP [KRX] 209640 reason=DAILY_LOSS_LIMIT dailyPnl=-12.02%
2026-04-24 12:38:23 WARN  BUY_SKIP [KRX] 209640 reason=DAILY_LOSS_LIMIT dailyPnl=-12.02%
2026-04-24 12:58:05 WARN  BUY_SKIP [KRX] 092220 reason=DAILY_LOSS_LIMIT dailyPnl=-12.02%
2026-04-24 12:58:20 WARN  BUY_SKIP [KRX] 092220 reason=DAILY_LOSS_LIMIT dailyPnl=-12.02%
2026-04-24 13:00:05 WARN  BUY_SKIP [KRX] 209640 reason=DAILY_LOSS_LIMIT dailyPnl=-12.02%
2026-04-24 13:00:20 WARN  BUY_SKIP [KRX] 209640 reason=DAILY_LOSS_LIMIT dailyPnl=-12.02%
2026-04-24 13:01:06 WARN  BUY_SKIP [KRX] 209640 reason=DAILY_LOSS_LIMIT dailyPnl=-12.02%
2026-04-24 13:01:21 WARN  BUY_SKIP [KRX] 209640 reason=DAILY_LOSS_LIMIT dailyPnl=-12.02%
2026-04-24 13:04:07 WARN  BUY_SKIP [KRX] 092220 reason=DAILY_LOSS_LIMIT dailyPnl=-12.02%
2026-04-24 13:04:22 WARN  BUY_SKIP [KRX] 092220 reason=DAILY_LOSS_LIMIT dailyPnl=-12.02%
2026-04-24 13:06:07 WARN  BUY_SKIP [KRX] 092220 reason=DAILY_LOSS_LIMIT dailyPnl=-12.02%
2026-04-24 13:06:22 WARN  BUY_SKIP [KRX] 092220 reason=DAILY_LOSS_LIMIT dailyPnl=-12.02%
2026-04-24 13:08:08 WARN  BUY_SKIP [KRX] 092220 reason=DAILY_LOSS_LIMIT dailyPnl=-12.02%
2026-04-24 13:08:23 WARN  BUY_SKIP [KRX] 092220 reason=DAILY_LOSS_LIMIT dailyPnl=-12.02%
2026-04-24 13:09:08 WARN  BUY_SKIP [KRX] 092220 reason=DAILY_LOSS_LIMIT dailyPnl=-12.02%
2026-04-24 13:09:23 WARN  BUY_SKIP [KRX] 092220 reason=DAILY_LOSS_LIMIT dailyPnl=-12.02%
2026-04-24 13:10:09 WARN  BUY_SKIP [KRX] 209640 reason=DAILY_LOSS_LIMIT dailyPnl=-12.02%
2026-04-24 13:10:24 WARN  BUY_SKIP [KRX] 209640 reason=DAILY_LOSS_LIMIT dailyPnl=-12.02%
2026-04-24 13:12:09 WARN  BUY_SKIP [KRX] 006345 reason=DAILY_LOSS_LIMIT dailyPnl=-12.02%
2026-04-24 13:12:24 WARN  BUY_SKIP [KRX] 006345 reason=DAILY_LOSS_LIMIT dailyPnl=-12.02%
2026-04-24 13:14:05 WARN  BUY_SKIP [KRX] 092220 reason=DAILY_LOSS_LIMIT dailyPnl=-12.02%
2026-04-24 13:14:20 WARN  BUY_SKIP [KRX] 092220 reason=DAILY_LOSS_LIMIT dailyPnl=-12.02%
2026-04-24 13:15:05 WARN  BUY_SKIP [KRX] 006345 reason=DAILY_LOSS_LIMIT dailyPnl=-12.02%
2026-04-24 13:15:20 WARN  BUY_SKIP [KRX] 006345 reason=DAILY_LOSS_LIMIT dailyPnl=-12.02%
2026-04-24 13:16:06 WARN  BUY_SKIP [KRX] 452190 reason=DAILY_LOSS_LIMIT dailyPnl=-12.02%
2026-04-24 13:16:21 WARN  BUY_SKIP [KRX] 452190 reason=DAILY_LOSS_LIMIT dailyPnl=-12.02%
2026-04-24 13:30:06 WARN  BUY_SKIP [KRX] 006345 reason=DAILY_LOSS_LIMIT dailyPnl=-12.02%
2026-04-24 13:30:21 WARN  BUY_SKIP [KRX] 006345 reason=DAILY_LOSS_LIMIT dailyPnl=-12.02%
2026-04-24 13:35:07 WARN  BUY_SKIP [KRX] 355150 reason=DAILY_LOSS_LIMIT dailyPnl=-12.02%
2026-04-24 13:35:22 WARN  BUY_SKIP [KRX] 355150 reason=DAILY_LOSS_LIMIT dailyPnl=-12.02%
2026-04-24 13:36:08 WARN  BUY_SKIP [KRX] 355150 reason=DAILY_LOSS_LIMIT dailyPnl=-12.02%
2026-04-24 13:36:23 WARN  BUY_SKIP [KRX] 355150 reason=DAILY_LOSS_LIMIT dailyPnl=-12.02%
2026-04-24 13:38:09 WARN  BUY_SKIP [KRX] 429270 reason=DAILY_LOSS_LIMIT dailyPnl=-12.02%
2026-04-24 13:38:24 WARN  BUY_SKIP [KRX] 429270 reason=DAILY_LOSS_LIMIT dailyPnl=-12.02%
2026-04-24 13:40:05 WARN  BUY_SKIP [KRX] 429270 reason=DAILY_LOSS_LIMIT dailyPnl=-12.02%
2026-04-24 13:40:20 WARN  BUY_SKIP [KRX] 429270 reason=DAILY_LOSS_LIMIT dailyPnl=-12.02%
2026-04-24 13:42:06 WARN  BUY_SKIP [KRX] 429270 reason=DAILY_LOSS_LIMIT dailyPnl=-12.02%
2026-04-24 13:42:21 WARN  BUY_SKIP [KRX] 429270 reason=DAILY_LOSS_LIMIT dailyPnl=-12.02%
2026-04-24 13:51:09 WARN  BUY_SKIP [KRX] 209640 reason=DAILY_LOSS_LIMIT dailyPnl=-12.02%
2026-04-24 13:51:24 WARN  BUY_SKIP [KRX] 209640 reason=DAILY_LOSS_LIMIT dailyPnl=-12.02%
2026-04-24 13:58:07 WARN  BUY_SKIP [KRX] 092220 reason=DAILY_LOSS_LIMIT dailyPnl=-12.02%
2026-04-24 13:58:22 WARN  BUY_SKIP [KRX] 092220 reason=DAILY_LOSS_LIMIT dailyPnl=-12.02%
2026-04-24 13:59:07 WARN  BUY_SKIP [KRX] 092220 reason=DAILY_LOSS_LIMIT dailyPnl=-12.02%
2026-04-24 13:59:22 WARN  BUY_SKIP [KRX] 092220 reason=DAILY_LOSS_LIMIT dailyPnl=-12.02%
2026-04-24 14:02:08 WARN  BUY_SKIP [KRX] 452190 reason=DAILY_LOSS_LIMIT dailyPnl=-12.02%
2026-04-24 14:02:23 WARN  BUY_SKIP [KRX] 452190 reason=DAILY_LOSS_LIMIT dailyPnl=-12.02%
2026-04-24 14:09:06 WARN  BUY_SKIP [KRX] 209640 reason=DAILY_LOSS_LIMIT dailyPnl=-12.02%
2026-04-24 14:09:21 WARN  BUY_SKIP [KRX] 209640 reason=DAILY_LOSS_LIMIT dailyPnl=-12.02%
2026-04-24 14:12:07 WARN  BUY_SKIP [KRX] 006345 reason=DAILY_LOSS_LIMIT dailyPnl=-12.02%
2026-04-24 14:12:22 WARN  BUY_SKIP [KRX] 006345 reason=DAILY_LOSS_LIMIT dailyPnl=-12.02%
2026-04-24 14:14:23 WARN  BUY_SKIP [KRX] 006345 reason=DAILY_LOSS_LIMIT dailyPnl=-12.02%
2026-04-24 14:16:08 WARN  BUY_SKIP [KRX] 332570 reason=DAILY_LOSS_LIMIT dailyPnl=-12.02%
2026-04-24 14:16:23 WARN  BUY_SKIP [KRX] 332570 reason=DAILY_LOSS_LIMIT dailyPnl=-12.02%
2026-04-24 14:22:05 WARN  BUY_SKIP [KRX] 452190 reason=DAILY_LOSS_LIMIT dailyPnl=-12.02%
2026-04-24 14:22:20 WARN  BUY_SKIP [KRX] 452190 reason=DAILY_LOSS_LIMIT dailyPnl=-12.02%
2026-04-24 14:38:06 WARN  BUY_SKIP [KRX] 209640 reason=DAILY_LOSS_LIMIT dailyPnl=-12.02%
2026-04-24 14:38:21 WARN  BUY_SKIP [KRX] 209640 reason=DAILY_LOSS_LIMIT dailyPnl=-12.02%
2026-04-24 14:40:07 WARN  BUY_SKIP [KRX] 209640 reason=DAILY_LOSS_LIMIT dailyPnl=-12.02%
2026-04-24 14:40:22 WARN  BUY_SKIP [KRX] 209640 reason=DAILY_LOSS_LIMIT dailyPnl=-12.02%
2026-04-24 14:48:09 WARN  BUY_SKIP [KRX] 092220 reason=DAILY_LOSS_LIMIT dailyPnl=-12.02%
2026-04-24 14:48:24 WARN  BUY_SKIP [KRX] 092220 reason=DAILY_LOSS_LIMIT dailyPnl=-12.02%
2026-04-24 17:51:16 INFO  BUY amount set for SMCX: 300.00
2026-04-24 17:51:16 INFO  BUY amount set for SMU: 300.00
2026-04-24 17:51:16 INFO  BUY amount set for SOXS: 300.00
2026-04-24 17:51:16 INFO  BUY amount set for SOXL: 300.00
2026-04-24 17:51:16 INFO  BUY amount set for NVDL: 300.00
2026-04-24 17:51:16 INFO  BUY amount set for BAIG: 300.00
2026-04-24 17:51:16 INFO  BUY amount set for TSLL: 300.00
2026-04-24 17:51:16 INFO  BUY amount set for ETHU: 300.00
2026-04-24 18:01:05 INFO  BUY [US] TSLL mode=VOLUME_BREAKOUT price=12.1900 qty=19 size=0.8000x score=90(CONV) | WHY: strongBreakout volBreakout retestOK multiUp vol(1.97x) | VWAP: 0.18%(ABOVE slope=UP) | TREND: score=3 vel=0.16%/0.16%/0.24% | VOL: 9783.0000/4975.7000 TO: 119249.8785/60541.0092 | entryNo=1
2026-04-24 18:05:07 INFO  BUY [US] SMCX mode=VOLUME_BREAKOUT price=11.8200 qty=25 size=1.0000x score=90(CONV) | WHY: strongBreakout volBreakout retestOK multiUp vol(12.32x) | VWAP: 0.01%(ABOVE slope=UP) | TREND: score=3 vel=0.07%/0.07%/0.33% | VOL: 8026.0000/651.2857 TO: 94854.4784/7696.2105 | entryNo=1
2026-04-24 18:06:07 WARN  BUY pending timeout cleared for SMCX
2026-04-24 18:14:06 WARN  BUY_SKIP [US] SOXL reason=AMOUNT_TOO_SMALL amount=300.0000 size=0.8000x price=120.7200
2026-04-24 18:48:10 INFO  BUY [US] SOXL mode=VOLUME_BREAKOUT price=121.8900 qty=2 size=1.0000x score=90(CONV) | WHY: strongBreakout volBreakout retestOK multiUp vol(4.36x) | VWAP: 1.02%(ABOVE slope=UP) | TREND: score=3 vel=0.30%/0.49%/0.63% | VOL: 12294.0000/2822.7000 TO: 1499007.4200/342662.1723 | entryNo=1
2026-04-24 19:13:05 INFO  BUY [US] SMU mode=VOLUME_BREAKOUT price=18.3500 qty=16 size=1.0000x score=90(CONV) | WHY: strongBreakout volBreakout retestOK multiUp vol(2.31x) | VWAP: 0.25%(ABOVE slope=UP) | TREND: score=3 vel=0.13%/0.13%/0.29% | VOL: 2484.0000/1075.8000 TO: 45590.5908/19721.8921 | entryNo=1
2026-04-24 19:22:08 INFO  BUY [US] ETHU mode=VOLUME_BREAKOUT price=26.6300 qty=9 size=0.8000x score=90(CONV) | WHY: strongBreakout volBreakout retestOK multiUp vol(2.09x) | VWAP: 0.06%(ABOVE slope=UP) | TREND: score=3 vel=0.18%/0.18%/0.11% | VOL: 640.0000/306.9000 TO: 17017.6000/8143.2509 | entryNo=1
2026-04-24 20:07:08 WARN  BUY pending timeout cleared for SOXL
2026-04-24 20:07:23 WARN  BUY_SKIP [US] SOXL reason=AMOUNT_TOO_SMALL amount=300.0000 size=0.8000x price=125.0600
2026-04-24 20:12:05 INFO  BUY [US] NVDL mode=VOLUME_BREAKOUT price=95.2000 qty=3 size=1.0000x score=95(CONV) | WHY: strongBreakout volBreakout retestOK multiUp vol(5.60x) | VWAP: 1.12%(ABOVE slope=UP) | TREND: score=3 vel=0.29%/0.25%/0.49% | VOL: 6336.0000/1130.6500 TO: 602986.3488/107222.7919 | entryNo=1
2026-04-24 20:13:06 INFO  BUY [US] SMCX mode=BREAKOUT price=12.0000 qty=20 size=0.8000x score=85(CONV) | WHY: strongBreakout retestOK multiUp vol(1.51x) | VWAP: 1.43%(ABOVE slope=UP) | TREND: score=3 vel=0.65%/0.17%/1.27% | VOL: 3850.0000/2542.0500 TO: 46200.0000/30131.0231 | entryNo=2
2026-04-24 20:19:08 WARN  BUY pending timeout cleared for TSLL
2026-04-24 20:19:23 INFO  BUY [US] TSLL mode=BREAKOUT price=12.1900 qty=19 size=0.8000x score=80(CONV) | WHY: strongBreakout retestOK multiUp vol(1.51x) | VWAP: 0.11%(ABOVE slope=UP) | TREND: score=3 vel=0.16%/0.08%/0.08% | VOL: 53445.0000/35426.8500 TO: 651494.5500/431992.2902 | entryNo=2
2026-04-24 22:39:09 WARN  BUY pending timeout cleared for NVDL
2026-04-24 22:39:09 WARN  BUY_SKIP [US] NVDL reason=AMOUNT_TOO_SMALL amount=300.0000 size=0.5000x price=97.2700
2026-04-24 22:39:09 WARN  BUY_SKIP [US] SOXL reason=AMOUNT_TOO_SMALL amount=300.0000 size=0.5000x price=127.2700
2026-04-24 22:39:24 WARN  BUY_SKIP [US] NVDL reason=AMOUNT_TOO_SMALL amount=300.0000 size=0.5000x price=97.4500
2026-04-24 22:39:24 WARN  BUY_SKIP [US] SOXL reason=AMOUNT_TOO_SMALL amount=300.0000 size=0.5000x price=127.2300
2026-04-24 22:40:09 WARN  BUY_SKIP [US] NVDL reason=AMOUNT_TOO_SMALL amount=300.0000 size=0.5000x price=97.4000
2026-04-24 22:40:09 WARN  BUY_SKIP [US] SOXL reason=AMOUNT_TOO_SMALL amount=300.0000 size=0.5000x price=126.8400
2026-04-24 22:40:24 WARN  BUY_SKIP [US] SOXL reason=AMOUNT_TOO_SMALL amount=300.0000 size=0.5000x price=127.0000
