2026-05-01 00:01:06 WARN  BUY_SKIP [US] ETHU reason=DAILY_PROFIT_TARGET_HIT dailyPnl=2.08%
2026-05-01 00:01:06 WARN  BUY_SKIP [US] BAIG reason=DAILY_PROFIT_TARGET_HIT dailyPnl=2.08%
2026-05-01 00:01:06 WARN  BUY_SKIP [US] SOXL reason=DAILY_PROFIT_TARGET_HIT dailyPnl=2.08%
2026-05-01 00:01:06 WARN  BUY_SKIP [US] NVDL reason=DAILY_PROFIT_TARGET_HIT dailyPnl=2.08%
2026-05-01 00:01:21 WARN  BUY_SKIP [US] ETHU reason=DAILY_PROFIT_TARGET_HIT dailyPnl=2.08%
2026-05-01 00:01:21 WARN  BUY_SKIP [US] BAIG reason=DAILY_PROFIT_TARGET_HIT dailyPnl=2.08%
2026-05-01 00:01:21 WARN  BUY_SKIP [US] SOXL reason=DAILY_PROFIT_TARGET_HIT dailyPnl=2.08%
2026-05-01 00:01:21 WARN  BUY_SKIP [US] NVDL reason=DAILY_PROFIT_TARGET_HIT dailyPnl=2.08%
2026-05-01 00:02:07 WARN  BUY_SKIP [US] SMCX reason=DAILY_PROFIT_TARGET_HIT dailyPnl=2.08%
2026-05-01 00:02:32 WARN  BUY_SKIP [US] SMCX reason=DAILY_PROFIT_TARGET_HIT dailyPnl=2.08%
2026-05-01 00:10:05 WARN  BUY_SKIP [US] ETHU reason=DAILY_PROFIT_TARGET_HIT dailyPnl=2.08%
2026-05-01 00:10:20 WARN  BUY_SKIP [US] ETHU reason=DAILY_PROFIT_TARGET_HIT dailyPnl=2.08%
2026-05-01 00:13:08 WARN  BUY_SKIP [US] BAIG reason=DAILY_PROFIT_TARGET_HIT dailyPnl=2.08%
2026-05-01 00:13:28 WARN  BUY_SKIP [US] BAIG reason=DAILY_PROFIT_TARGET_HIT dailyPnl=2.08%
2026-05-01 00:18:08 WARN  BUY_SKIP [US] SMCX reason=DAILY_PROFIT_TARGET_HIT dailyPnl=2.08%
2026-05-01 00:18:24 WARN  BUY_SKIP [US] SMCX reason=DAILY_PROFIT_TARGET_HIT dailyPnl=2.08%
2026-05-01 00:19:09 WARN  BUY_SKIP [US] SOXL reason=DAILY_PROFIT_TARGET_HIT dailyPnl=2.08%
2026-05-01 00:19:24 WARN  BUY_SKIP [US] SOXL reason=DAILY_PROFIT_TARGET_HIT dailyPnl=2.08%
2026-05-01 00:26:06 WARN  BUY_SKIP [US] META reason=DAILY_PROFIT_TARGET_HIT dailyPnl=2.08%
2026-05-01 00:26:22 WARN  BUY_SKIP [US] META reason=DAILY_PROFIT_TARGET_HIT dailyPnl=2.08%
2026-05-01 00:27:07 WARN  BUY_SKIP [US] META reason=DAILY_PROFIT_TARGET_HIT dailyPnl=2.08%
2026-05-01 00:32:07 WARN  BUY_SKIP [US] ETHU reason=DAILY_PROFIT_TARGET_HIT dailyPnl=2.08%
2026-05-01 00:32:23 WARN  BUY_SKIP [US] ETHU reason=DAILY_PROFIT_TARGET_HIT dailyPnl=2.08%
2026-05-01 00:45:07 WARN  BUY_SKIP [US] BAIG reason=DAILY_PROFIT_TARGET_HIT dailyPnl=2.08%
2026-05-01 00:45:23 WARN  BUY_SKIP [US] BAIG reason=DAILY_PROFIT_TARGET_HIT dailyPnl=2.08%
2026-05-01 00:51:08 WARN  BUY_SKIP [US] SMCX reason=DAILY_PROFIT_TARGET_HIT dailyPnl=2.08%
2026-05-01 00:51:23 WARN  BUY_SKIP [US] SMCX reason=DAILY_PROFIT_TARGET_HIT dailyPnl=2.08%
2026-05-01 00:55:07 WARN  BUY_SKIP [US] ETHU reason=DAILY_PROFIT_TARGET_HIT dailyPnl=2.08%
2026-05-01 00:55:22 WARN  BUY_SKIP [US] ETHU reason=DAILY_PROFIT_TARGET_HIT dailyPnl=2.08%
2026-05-01 00:56:09 WARN  BUY_SKIP [US] BAIG reason=DAILY_PROFIT_TARGET_HIT dailyPnl=2.08%
2026-05-01 00:56:24 WARN  BUY_SKIP [US] BAIG reason=DAILY_PROFIT_TARGET_HIT dailyPnl=2.08%
2026-05-01 00:57:10 WARN  BUY_SKIP [US] BAIG reason=DAILY_PROFIT_TARGET_HIT dailyPnl=2.08%
2026-05-01 00:57:25 WARN  BUY_SKIP [US] BAIG reason=DAILY_PROFIT_TARGET_HIT dailyPnl=2.08%
2026-05-01 01:07:05 WARN  BUY_SKIP [US] META reason=DAILY_PROFIT_TARGET_HIT dailyPnl=2.08%
2026-05-01 01:07:20 WARN  BUY_SKIP [US] META reason=DAILY_PROFIT_TARGET_HIT dailyPnl=2.08%
2026-05-01 01:14:07 WARN  BUY_SKIP [US] SOXL reason=DAILY_PROFIT_TARGET_HIT dailyPnl=2.08%
2026-05-01 01:14:22 WARN  BUY_SKIP [US] SOXL reason=DAILY_PROFIT_TARGET_HIT dailyPnl=2.08%
2026-05-01 01:15:08 WARN  BUY_SKIP [US] ETHU reason=DAILY_PROFIT_TARGET_HIT dailyPnl=2.08%
2026-05-01 01:15:08 WARN  BUY_SKIP [US] TSLL reason=DAILY_PROFIT_TARGET_HIT dailyPnl=2.08%
2026-05-01 01:15:08 WARN  BUY_SKIP [US] META reason=DAILY_PROFIT_TARGET_HIT dailyPnl=2.08%
2026-05-01 01:15:23 WARN  BUY_SKIP [US] ETHU reason=DAILY_PROFIT_TARGET_HIT dailyPnl=2.08%
2026-05-01 01:15:23 WARN  BUY_SKIP [US] TSLL reason=DAILY_PROFIT_TARGET_HIT dailyPnl=2.08%
2026-05-01 01:15:23 WARN  BUY_SKIP [US] META reason=DAILY_PROFIT_TARGET_HIT dailyPnl=2.08%
2026-05-01 01:20:08 WARN  BUY_SKIP [US] SOXL reason=DAILY_PROFIT_TARGET_HIT dailyPnl=2.08%
2026-05-01 01:20:23 WARN  BUY_SKIP [US] SOXL reason=DAILY_PROFIT_TARGET_HIT dailyPnl=2.08%
2026-05-01 01:31:09 WARN  BUY_SKIP [US] SMCX reason=DAILY_PROFIT_TARGET_HIT dailyPnl=2.08%
2026-05-01 01:31:24 WARN  BUY_SKIP [US] SMCX reason=DAILY_PROFIT_TARGET_HIT dailyPnl=2.08%
2026-05-01 01:35:08 WARN  BUY_SKIP [US] META reason=DAILY_PROFIT_TARGET_HIT dailyPnl=2.08%
2026-05-01 01:35:23 WARN  BUY_SKIP [US] META reason=DAILY_PROFIT_TARGET_HIT dailyPnl=2.08%
2026-05-01 01:40:08 WARN  BUY_SKIP [US] SOXL reason=DAILY_PROFIT_TARGET_HIT dailyPnl=2.08%
2026-05-01 01:40:23 WARN  BUY_SKIP [US] SOXL reason=DAILY_PROFIT_TARGET_HIT dailyPnl=2.08%
2026-05-01 01:51:10 WARN  BUY_SKIP [US] META reason=DAILY_PROFIT_TARGET_HIT dailyPnl=2.08%
2026-05-01 01:51:25 WARN  BUY_SKIP [US] META reason=DAILY_PROFIT_TARGET_HIT dailyPnl=2.08%
2026-05-01 02:00:08 WARN  BUY_SKIP [US] TSLL reason=DAILY_PROFIT_TARGET_HIT dailyPnl=2.08%
2026-05-01 02:00:24 WARN  BUY_SKIP [US] TSLL reason=DAILY_PROFIT_TARGET_HIT dailyPnl=2.08%
2026-05-01 02:01:05 WARN  BUY_SKIP [US] SOXL reason=DAILY_PROFIT_TARGET_HIT dailyPnl=2.08%
2026-05-01 02:01:20 WARN  BUY_SKIP [US] SOXL reason=DAILY_PROFIT_TARGET_HIT dailyPnl=2.08%
2026-05-01 02:02:05 WARN  BUY_SKIP [US] META reason=DAILY_PROFIT_TARGET_HIT dailyPnl=2.08%
2026-05-01 02:02:06 WARN  BUY_SKIP [US] SOXL reason=DAILY_PROFIT_TARGET_HIT dailyPnl=2.08%
2026-05-01 02:02:21 WARN  BUY_SKIP [US] META reason=DAILY_PROFIT_TARGET_HIT dailyPnl=2.08%
2026-05-01 02:02:21 WARN  BUY_SKIP [US] SOXL reason=DAILY_PROFIT_TARGET_HIT dailyPnl=2.08%
2026-05-01 02:03:07 WARN  BUY_SKIP [US] SOXL reason=DAILY_PROFIT_TARGET_HIT dailyPnl=2.08%
2026-05-01 02:03:22 WARN  BUY_SKIP [US] SOXL reason=DAILY_PROFIT_TARGET_HIT dailyPnl=2.08%
2026-05-01 02:05:09 WARN  BUY_SKIP [US] SOXL reason=DAILY_PROFIT_TARGET_HIT dailyPnl=2.08%
2026-05-01 02:05:24 WARN  BUY_SKIP [US] SOXL reason=DAILY_PROFIT_TARGET_HIT dailyPnl=2.08%
2026-05-01 02:06:10 WARN  BUY_SKIP [US] SOXL reason=DAILY_PROFIT_TARGET_HIT dailyPnl=2.08%
2026-05-01 02:06:25 WARN  BUY_SKIP [US] SOXL reason=DAILY_PROFIT_TARGET_HIT dailyPnl=2.08%
2026-05-01 02:11:09 WARN  BUY_SKIP [US] NVDL reason=DAILY_PROFIT_TARGET_HIT dailyPnl=2.08%
2026-05-01 02:11:09 WARN  BUY_SKIP [US] META reason=DAILY_PROFIT_TARGET_HIT dailyPnl=2.08%
2026-05-01 02:11:25 WARN  BUY_SKIP [US] NVDL reason=DAILY_PROFIT_TARGET_HIT dailyPnl=2.08%
2026-05-01 02:11:25 WARN  BUY_SKIP [US] META reason=DAILY_PROFIT_TARGET_HIT dailyPnl=2.08%
2026-05-01 02:12:06 WARN  BUY_SKIP [US] SOXL reason=DAILY_PROFIT_TARGET_HIT dailyPnl=2.08%
2026-05-01 02:12:21 WARN  BUY_SKIP [US] SOXL reason=DAILY_PROFIT_TARGET_HIT dailyPnl=2.08%
2026-05-01 02:18:06 WARN  BUY_SKIP [US] BAIG reason=DAILY_PROFIT_TARGET_HIT dailyPnl=2.08%
2026-05-01 02:24:07 WARN  BUY_SKIP [US] SMU reason=DAILY_PROFIT_TARGET_HIT dailyPnl=2.08%
2026-05-01 02:24:23 WARN  BUY_SKIP [US] SMU reason=DAILY_PROFIT_TARGET_HIT dailyPnl=2.08%
2026-05-01 02:30:09 WARN  BUY_SKIP [US] SOXL reason=DAILY_PROFIT_TARGET_HIT dailyPnl=2.08%
2026-05-01 02:30:24 WARN  BUY_SKIP [US] SOXL reason=DAILY_PROFIT_TARGET_HIT dailyPnl=2.08%
2026-05-01 02:31:05 WARN  BUY_SKIP [US] META reason=DAILY_PROFIT_TARGET_HIT dailyPnl=2.08%
2026-05-01 02:31:20 WARN  BUY_SKIP [US] META reason=DAILY_PROFIT_TARGET_HIT dailyPnl=2.08%
2026-05-01 02:32:06 WARN  BUY_SKIP [US] SMU reason=DAILY_PROFIT_TARGET_HIT dailyPnl=2.08%
2026-05-01 02:32:21 WARN  BUY_SKIP [US] SMU reason=DAILY_PROFIT_TARGET_HIT dailyPnl=2.08%
2026-05-01 02:36:05 WARN  BUY_SKIP [US] META reason=DAILY_PROFIT_TARGET_HIT dailyPnl=2.08%
2026-05-01 02:36:10 WARN  BUY_SKIP [US] SMU reason=DAILY_PROFIT_TARGET_HIT dailyPnl=2.08%
2026-05-01 02:36:10 WARN  BUY_SKIP [US] SMCX reason=DAILY_PROFIT_TARGET_HIT dailyPnl=2.08%
2026-05-01 02:36:20 WARN  BUY_SKIP [US] META reason=DAILY_PROFIT_TARGET_HIT dailyPnl=2.08%
2026-05-01 02:36:25 WARN  BUY_SKIP [US] SMU reason=DAILY_PROFIT_TARGET_HIT dailyPnl=2.08%
2026-05-01 02:36:25 WARN  BUY_SKIP [US] SMCX reason=DAILY_PROFIT_TARGET_HIT dailyPnl=2.08%
2026-05-01 02:37:06 WARN  BUY_SKIP [US] BAIG reason=DAILY_PROFIT_TARGET_HIT dailyPnl=2.08%
2026-05-01 02:37:21 WARN  BUY_SKIP [US] BAIG reason=DAILY_PROFIT_TARGET_HIT dailyPnl=2.08%
2026-05-01 02:38:07 WARN  BUY_SKIP [US] META reason=DAILY_PROFIT_TARGET_HIT dailyPnl=2.08%
2026-05-01 02:38:22 WARN  BUY_SKIP [US] META reason=DAILY_PROFIT_TARGET_HIT dailyPnl=2.08%
2026-05-01 02:39:08 WARN  BUY_SKIP [US] NVDL reason=DAILY_PROFIT_TARGET_HIT dailyPnl=2.08%
2026-05-01 02:39:23 WARN  BUY_SKIP [US] NVDL reason=DAILY_PROFIT_TARGET_HIT dailyPnl=2.08%
2026-05-01 02:40:09 WARN  BUY_SKIP [US] NVDL reason=DAILY_PROFIT_TARGET_HIT dailyPnl=2.08%
2026-05-01 02:40:09 WARN  BUY_SKIP [US] META reason=DAILY_PROFIT_TARGET_HIT dailyPnl=2.08%
2026-05-01 02:40:24 WARN  BUY_SKIP [US] NVDL reason=DAILY_PROFIT_TARGET_HIT dailyPnl=2.08%
2026-05-01 02:40:24 WARN  BUY_SKIP [US] SOXL reason=DAILY_PROFIT_TARGET_HIT dailyPnl=2.08%
2026-05-01 02:40:24 WARN  BUY_SKIP [US] META reason=DAILY_PROFIT_TARGET_HIT dailyPnl=2.08%
2026-05-01 02:45:09 WARN  BUY_SKIP [US] META reason=DAILY_PROFIT_TARGET_HIT dailyPnl=2.08%
2026-05-01 02:45:24 WARN  BUY_SKIP [US] META reason=DAILY_PROFIT_TARGET_HIT dailyPnl=2.08%
2026-05-01 02:46:05 WARN  BUY_SKIP [US] META reason=DAILY_PROFIT_TARGET_HIT dailyPnl=2.08%
2026-05-01 02:46:20 WARN  BUY_SKIP [US] META reason=DAILY_PROFIT_TARGET_HIT dailyPnl=2.08%
2026-05-01 02:47:06 WARN  BUY_SKIP [US] META reason=DAILY_PROFIT_TARGET_HIT dailyPnl=2.08%
2026-05-01 02:47:21 WARN  BUY_SKIP [US] META reason=DAILY_PROFIT_TARGET_HIT dailyPnl=2.08%
2026-05-01 02:57:06 WARN  BUY_SKIP [US] SOXL reason=DAILY_PROFIT_TARGET_HIT dailyPnl=2.08%
2026-05-01 02:57:21 WARN  BUY_SKIP [US] SOXL reason=DAILY_PROFIT_TARGET_HIT dailyPnl=2.08%
2026-05-01 02:59:08 WARN  BUY_SKIP [US] META reason=DAILY_PROFIT_TARGET_HIT dailyPnl=2.08%
2026-05-01 02:59:23 WARN  BUY_SKIP [US] META reason=DAILY_PROFIT_TARGET_HIT dailyPnl=2.08%
2026-05-01 03:00:09 WARN  BUY_SKIP [US] TSLL reason=DAILY_PROFIT_TARGET_HIT dailyPnl=2.08%
2026-05-01 03:00:24 WARN  BUY_SKIP [US] TSLL reason=DAILY_PROFIT_TARGET_HIT dailyPnl=2.08%
2026-05-01 03:01:10 WARN  BUY_SKIP [US] TSLL reason=DAILY_PROFIT_TARGET_HIT dailyPnl=2.08%
2026-05-01 03:01:25 WARN  BUY_SKIP [US] TSLL reason=DAILY_PROFIT_TARGET_HIT dailyPnl=2.08%
2026-05-01 03:02:06 WARN  BUY_SKIP [US] TSLL reason=DAILY_PROFIT_TARGET_HIT dailyPnl=2.08%
2026-05-01 03:02:21 WARN  BUY_SKIP [US] TSLL reason=DAILY_PROFIT_TARGET_HIT dailyPnl=2.08%
2026-05-01 03:03:07 WARN  BUY_SKIP [US] SMU reason=DAILY_PROFIT_TARGET_HIT dailyPnl=2.08%
2026-05-01 03:03:07 WARN  BUY_SKIP [US] NVDL reason=DAILY_PROFIT_TARGET_HIT dailyPnl=2.08%
2026-05-01 03:03:22 WARN  BUY_SKIP [US] SMU reason=DAILY_PROFIT_TARGET_HIT dailyPnl=2.08%
2026-05-01 03:03:22 WARN  BUY_SKIP [US] NVDL reason=DAILY_PROFIT_TARGET_HIT dailyPnl=2.08%
2026-05-01 03:04:08 WARN  BUY_SKIP [US] NVDL reason=DAILY_PROFIT_TARGET_HIT dailyPnl=2.08%
2026-05-01 03:04:23 WARN  BUY_SKIP [US] NVDL reason=DAILY_PROFIT_TARGET_HIT dailyPnl=2.08%
2026-05-01 03:13:08 WARN  BUY_SKIP [US] META reason=DAILY_PROFIT_TARGET_HIT dailyPnl=2.08%
2026-05-01 03:13:08 WARN  BUY_SKIP [US] SMU reason=DAILY_PROFIT_TARGET_HIT dailyPnl=2.08%
2026-05-01 03:14:09 WARN  BUY_SKIP [US] BAIG reason=DAILY_PROFIT_TARGET_HIT dailyPnl=2.08%
2026-05-01 03:14:09 WARN  BUY_SKIP [US] META reason=DAILY_PROFIT_TARGET_HIT dailyPnl=2.08%
2026-05-01 03:14:24 WARN  BUY_SKIP [US] BAIG reason=DAILY_PROFIT_TARGET_HIT dailyPnl=2.08%
2026-05-01 03:14:24 WARN  BUY_SKIP [US] META reason=DAILY_PROFIT_TARGET_HIT dailyPnl=2.08%
2026-05-01 03:17:07 WARN  BUY_SKIP [US] TSLL reason=DAILY_PROFIT_TARGET_HIT dailyPnl=2.08%
2026-05-01 03:17:22 WARN  BUY_SKIP [US] TSLL reason=DAILY_PROFIT_TARGET_HIT dailyPnl=2.08%
2026-05-01 03:18:08 WARN  BUY_SKIP [US] ETHU reason=DAILY_PROFIT_TARGET_HIT dailyPnl=2.08%
2026-05-01 03:18:23 WARN  BUY_SKIP [US] ETHU reason=DAILY_PROFIT_TARGET_HIT dailyPnl=2.08%
2026-05-01 03:19:09 WARN  BUY_SKIP [US] SOXL reason=DAILY_PROFIT_TARGET_HIT dailyPnl=2.08%
2026-05-01 03:19:09 WARN  BUY_SKIP [US] META reason=DAILY_PROFIT_TARGET_HIT dailyPnl=2.08%
2026-05-01 03:19:09 WARN  BUY_SKIP [US] TSLL reason=DAILY_PROFIT_TARGET_HIT dailyPnl=2.08%
2026-05-01 03:19:24 WARN  BUY_SKIP [US] SOXL reason=DAILY_PROFIT_TARGET_HIT dailyPnl=2.08%
2026-05-01 03:19:24 WARN  BUY_SKIP [US] META reason=DAILY_PROFIT_TARGET_HIT dailyPnl=2.08%
2026-05-01 03:19:24 WARN  BUY_SKIP [US] TSLL reason=DAILY_PROFIT_TARGET_HIT dailyPnl=2.08%
2026-05-01 03:29:09 WARN  BUY_SKIP [US] SMU reason=DAILY_PROFIT_TARGET_HIT dailyPnl=2.08%
2026-05-01 03:29:24 WARN  BUY_SKIP [US] SMU reason=DAILY_PROFIT_TARGET_HIT dailyPnl=2.08%
2026-05-01 03:30:05 WARN  BUY_SKIP [US] TSLL reason=DAILY_PROFIT_TARGET_HIT dailyPnl=2.08%
2026-05-01 03:30:20 WARN  BUY_SKIP [US] TSLL reason=DAILY_PROFIT_TARGET_HIT dailyPnl=2.08%
2026-05-01 03:31:06 WARN  BUY_SKIP [US] NVDL reason=DAILY_PROFIT_TARGET_HIT dailyPnl=2.08%
2026-05-01 03:31:21 WARN  BUY_SKIP [US] NVDL reason=DAILY_PROFIT_TARGET_HIT dailyPnl=2.08%
2026-05-01 03:37:07 WARN  BUY_SKIP [US] SOXL reason=DAILY_PROFIT_TARGET_HIT dailyPnl=2.08%
2026-05-01 03:37:22 WARN  BUY_SKIP [US] SOXL reason=DAILY_PROFIT_TARGET_HIT dailyPnl=2.08%
2026-05-01 03:38:08 WARN  BUY_SKIP [US] SMCX reason=DAILY_PROFIT_TARGET_HIT dailyPnl=2.08%
2026-05-01 03:38:08 WARN  BUY_SKIP [US] TSLL reason=DAILY_PROFIT_TARGET_HIT dailyPnl=2.08%
2026-05-01 03:38:23 WARN  BUY_SKIP [US] SMCX reason=DAILY_PROFIT_TARGET_HIT dailyPnl=2.08%
2026-05-01 03:38:23 WARN  BUY_SKIP [US] TSLL reason=DAILY_PROFIT_TARGET_HIT dailyPnl=2.08%
2026-05-01 03:42:22 WARN  BUY_SKIP [US] NVDL reason=DAILY_PROFIT_TARGET_HIT dailyPnl=2.08%
2026-05-01 03:43:08 WARN  BUY_SKIP [US] ETHU reason=DAILY_PROFIT_TARGET_HIT dailyPnl=2.08%
2026-05-01 04:03:23 WARN  BUY_SKIP [US] ETHU reason=DAILY_PROFIT_TARGET_HIT dailyPnl=2.08%
2026-05-01 04:07:07 WARN  BUY_SKIP [US] TSLL reason=DAILY_PROFIT_TARGET_HIT dailyPnl=2.08%
2026-05-01 04:07:22 WARN  BUY_SKIP [US] TSLL reason=DAILY_PROFIT_TARGET_HIT dailyPnl=2.08%
2026-05-01 04:10:05 WARN  BUY_SKIP [US] NVDL reason=DAILY_PROFIT_TARGET_HIT dailyPnl=2.08%
2026-05-01 04:10:20 WARN  BUY_SKIP [US] NVDL reason=DAILY_PROFIT_TARGET_HIT dailyPnl=2.08%
2026-05-01 04:11:06 WARN  BUY_SKIP [US] NVDL reason=DAILY_PROFIT_TARGET_HIT dailyPnl=2.08%
2026-05-01 04:11:21 WARN  BUY_SKIP [US] NVDL reason=DAILY_PROFIT_TARGET_HIT dailyPnl=2.08%
2026-05-01 04:17:12 WARN  BUY_SKIP [US] SMCX reason=DAILY_PROFIT_TARGET_HIT dailyPnl=2.08%
2026-05-01 04:17:28 WARN  BUY_SKIP [US] SMCX reason=DAILY_PROFIT_TARGET_HIT dailyPnl=2.08%
2026-05-01 04:22:08 WARN  BUY_SKIP [US] TSLL reason=DAILY_PROFIT_TARGET_HIT dailyPnl=2.08%
2026-05-01 04:26:06 WARN  BUY_SKIP [US] ETHU reason=DAILY_PROFIT_TARGET_HIT dailyPnl=2.08%
2026-05-01 04:26:22 WARN  BUY_SKIP [US] ETHU reason=DAILY_PROFIT_TARGET_HIT dailyPnl=2.08%
2026-05-01 04:28:09 WARN  BUY_SKIP [US] SMU reason=DAILY_PROFIT_TARGET_HIT dailyPnl=2.08%
2026-05-01 04:28:24 WARN  BUY_SKIP [US] SMU reason=DAILY_PROFIT_TARGET_HIT dailyPnl=2.08%
2026-05-01 04:34:05 WARN  BUY_SKIP [US] ETHU reason=DAILY_PROFIT_TARGET_HIT dailyPnl=2.08%
2026-05-01 04:34:20 WARN  BUY_SKIP [US] ETHU reason=DAILY_PROFIT_TARGET_HIT dailyPnl=2.08%
2026-05-01 04:46:07 WARN  BUY_SKIP [US] SOXL reason=DAILY_PROFIT_TARGET_HIT dailyPnl=2.08%
2026-05-01 04:46:22 WARN  BUY_SKIP [US] SOXL reason=DAILY_PROFIT_TARGET_HIT dailyPnl=2.08%
2026-05-01 04:58:09 WARN  BUY_SKIP [US] SMU reason=DAILY_PROFIT_TARGET_HIT dailyPnl=2.08%
2026-05-01 04:58:09 WARN  BUY_SKIP [US] BAIG reason=DAILY_PROFIT_TARGET_HIT dailyPnl=2.08%
2026-05-01 04:58:24 WARN  BUY_SKIP [US] SMU reason=DAILY_PROFIT_TARGET_HIT dailyPnl=2.08%
2026-05-01 04:58:24 WARN  BUY_SKIP [US] BAIG reason=DAILY_PROFIT_TARGET_HIT dailyPnl=2.08%
2026-05-01 05:00:07 WARN  BUY_SKIP [US] SMCX reason=DAILY_PROFIT_TARGET_HIT dailyPnl=2.08%
2026-05-01 05:00:22 WARN  BUY_SKIP [US] SMCX reason=DAILY_PROFIT_TARGET_HIT dailyPnl=2.08%
2026-05-01 05:16:07 WARN  BUY_SKIP [US] SMCX reason=DAILY_PROFIT_TARGET_HIT dailyPnl=2.08%
2026-05-01 05:16:23 WARN  BUY_SKIP [US] SMCX reason=DAILY_PROFIT_TARGET_HIT dailyPnl=2.08%
2026-05-01 05:17:08 WARN  BUY_SKIP [US] SMCX reason=DAILY_PROFIT_TARGET_HIT dailyPnl=2.08%
2026-05-01 05:21:07 WARN  BUY_SKIP [US] ETHU reason=DAILY_PROFIT_TARGET_HIT dailyPnl=2.08%
2026-05-01 05:21:22 WARN  BUY_SKIP [US] ETHU reason=DAILY_PROFIT_TARGET_HIT dailyPnl=2.08%
2026-05-01 05:22:08 WARN  BUY_SKIP [US] ETHU reason=DAILY_PROFIT_TARGET_HIT dailyPnl=2.08%
2026-05-01 05:22:23 WARN  BUY_SKIP [US] ETHU reason=DAILY_PROFIT_TARGET_HIT dailyPnl=2.08%
2026-05-01 05:23:09 WARN  BUY_SKIP [US] ETHU reason=DAILY_PROFIT_TARGET_HIT dailyPnl=2.08%
2026-05-01 05:23:25 WARN  BUY_SKIP [US] ETHU reason=DAILY_PROFIT_TARGET_HIT dailyPnl=2.08%
2026-05-01 05:26:07 WARN  BUY_SKIP [US] SOXL reason=DAILY_PROFIT_TARGET_HIT dailyPnl=2.08%
2026-05-01 05:26:22 WARN  BUY_SKIP [US] SOXL reason=DAILY_PROFIT_TARGET_HIT dailyPnl=2.08%
2026-05-01 05:28:09 WARN  BUY_SKIP [US] SOXL reason=DAILY_PROFIT_TARGET_HIT dailyPnl=2.08%
2026-05-01 05:28:24 WARN  BUY_SKIP [US] SOXL reason=DAILY_PROFIT_TARGET_HIT dailyPnl=2.08%
2026-05-01 05:57:05 WARN  BUY_SKIP [US] META reason=DAILY_PROFIT_TARGET_HIT dailyPnl=2.08%
2026-05-01 05:57:20 WARN  BUY_SKIP [US] META reason=DAILY_PROFIT_TARGET_HIT dailyPnl=2.08%
2026-05-01 05:59:07 WARN  BUY_SKIP [US] META reason=DAILY_PROFIT_TARGET_HIT dailyPnl=2.08%
2026-05-01 05:59:22 WARN  BUY_SKIP [US] META reason=DAILY_PROFIT_TARGET_HIT dailyPnl=2.08%
2026-05-01 06:00:08 WARN  BUY_SKIP [US] SMU reason=DAILY_PROFIT_TARGET_HIT dailyPnl=2.08%
2026-05-01 06:00:23 WARN  BUY_SKIP [US] SMU reason=DAILY_PROFIT_TARGET_HIT dailyPnl=2.08%
2026-05-01 06:01:09 WARN  BUY_SKIP [US] SMU reason=DAILY_PROFIT_TARGET_HIT dailyPnl=2.08%
2026-05-01 06:01:24 WARN  BUY_SKIP [US] SMU reason=DAILY_PROFIT_TARGET_HIT dailyPnl=2.08%
2026-05-01 06:02:05 WARN  BUY_SKIP [US] SMU reason=DAILY_PROFIT_TARGET_HIT dailyPnl=2.08%
2026-05-01 06:15:09 WARN  BUY_SKIP [US] SMCX reason=DAILY_PROFIT_TARGET_HIT dailyPnl=2.08%
2026-05-01 06:15:24 WARN  BUY_SKIP [US] SMCX reason=DAILY_PROFIT_TARGET_HIT dailyPnl=2.08%
2026-05-01 06:16:10 WARN  BUY_SKIP [US] ETHU reason=DAILY_PROFIT_TARGET_HIT dailyPnl=2.08%
2026-05-01 06:16:25 WARN  BUY_SKIP [US] ETHU reason=DAILY_PROFIT_TARGET_HIT dailyPnl=2.08%
2026-05-01 06:23:07 WARN  BUY_SKIP [US] META reason=DAILY_PROFIT_TARGET_HIT dailyPnl=2.08%
2026-05-01 06:23:22 WARN  BUY_SKIP [US] META reason=DAILY_PROFIT_TARGET_HIT dailyPnl=2.08%
2026-05-01 06:33:07 WARN  BUY_SKIP [US] SMCX reason=DAILY_PROFIT_TARGET_HIT dailyPnl=2.08%
2026-05-01 06:33:22 WARN  BUY_SKIP [US] SMCX reason=DAILY_PROFIT_TARGET_HIT dailyPnl=2.08%
2026-05-01 06:36:05 WARN  BUY_SKIP [US] SMCX reason=DAILY_PROFIT_TARGET_HIT dailyPnl=2.08%
2026-05-01 06:36:20 WARN  BUY_SKIP [US] SMCX reason=DAILY_PROFIT_TARGET_HIT dailyPnl=2.08%
2026-05-01 06:37:06 WARN  BUY_SKIP [US] SMCX reason=DAILY_PROFIT_TARGET_HIT dailyPnl=2.08%
2026-05-01 06:37:21 WARN  BUY_SKIP [US] SMCX reason=DAILY_PROFIT_TARGET_HIT dailyPnl=2.08%
2026-05-01 06:39:07 WARN  BUY_SKIP [US] META reason=DAILY_PROFIT_TARGET_HIT dailyPnl=2.08%
2026-05-01 06:39:23 WARN  BUY_SKIP [US] META reason=DAILY_PROFIT_TARGET_HIT dailyPnl=2.08%
2026-05-01 06:51:05 WARN  BUY_SKIP [US] NVDL reason=DAILY_PROFIT_TARGET_HIT dailyPnl=2.08%
2026-05-01 06:51:20 WARN  BUY_SKIP [US] NVDL reason=DAILY_PROFIT_TARGET_HIT dailyPnl=2.08%
2026-05-01 06:56:05 WARN  BUY_SKIP [US] META reason=DAILY_PROFIT_TARGET_HIT dailyPnl=2.08%
2026-05-01 06:56:20 WARN  BUY_SKIP [US] META reason=DAILY_PROFIT_TARGET_HIT dailyPnl=2.08%
2026-05-01 06:58:07 WARN  BUY_SKIP [US] BAIG reason=DAILY_PROFIT_TARGET_HIT dailyPnl=2.08%
2026-05-01 06:58:22 WARN  BUY_SKIP [US] BAIG reason=DAILY_PROFIT_TARGET_HIT dailyPnl=2.08%
2026-05-01 06:59:08 WARN  BUY_SKIP [US] META reason=DAILY_PROFIT_TARGET_HIT dailyPnl=2.08%
2026-05-01 06:59:23 WARN  BUY_SKIP [US] META reason=DAILY_PROFIT_TARGET_HIT dailyPnl=2.08%
2026-05-01 07:00:09 WARN  BUY_SKIP [US] META reason=DAILY_PROFIT_TARGET_HIT dailyPnl=2.08%
2026-05-01 07:00:24 WARN  BUY_SKIP [US] META reason=DAILY_PROFIT_TARGET_HIT dailyPnl=2.08%
2026-05-01 07:09:08 WARN  BUY_SKIP [US] NVDL reason=DAILY_PROFIT_TARGET_HIT dailyPnl=2.08%
2026-05-01 07:09:08 WARN  BUY_SKIP [US] META reason=DAILY_PROFIT_TARGET_HIT dailyPnl=2.08%
2026-05-01 07:09:23 WARN  BUY_SKIP [US] NVDL reason=DAILY_PROFIT_TARGET_HIT dailyPnl=2.08%
2026-05-01 07:09:23 WARN  BUY_SKIP [US] META reason=DAILY_PROFIT_TARGET_HIT dailyPnl=2.08%
2026-05-01 07:10:09 WARN  BUY_SKIP [US] TSLL reason=DAILY_PROFIT_TARGET_HIT dailyPnl=2.08%
2026-05-01 07:10:09 WARN  BUY_SKIP [US] META reason=DAILY_PROFIT_TARGET_HIT dailyPnl=2.08%
2026-05-01 07:10:24 WARN  BUY_SKIP [US] TSLL reason=DAILY_PROFIT_TARGET_HIT dailyPnl=2.08%
2026-05-01 07:10:24 WARN  BUY_SKIP [US] META reason=DAILY_PROFIT_TARGET_HIT dailyPnl=2.08%
2026-05-01 07:11:05 WARN  BUY_SKIP [US] META reason=DAILY_PROFIT_TARGET_HIT dailyPnl=2.08%
2026-05-01 07:11:20 WARN  BUY_SKIP [US] META reason=DAILY_PROFIT_TARGET_HIT dailyPnl=2.08%
2026-05-01 07:43:07 WARN  BUY_SKIP [US] TSLL reason=DAILY_PROFIT_TARGET_HIT dailyPnl=2.08%
2026-05-01 07:43:22 WARN  BUY_SKIP [US] TSLL reason=DAILY_PROFIT_TARGET_HIT dailyPnl=2.08%
2026-05-01 07:45:09 WARN  BUY_SKIP [US] NVDL reason=DAILY_PROFIT_TARGET_HIT dailyPnl=2.08%
2026-05-01 07:45:24 WARN  BUY_SKIP [US] NVDL reason=DAILY_PROFIT_TARGET_HIT dailyPnl=2.08%
2026-05-01 07:47:06 WARN  BUY_SKIP [US] TSLL reason=DAILY_PROFIT_TARGET_HIT dailyPnl=2.08%
2026-05-01 08:03:07 WARN  BUY_SKIP [US] META reason=DAILY_PROFIT_TARGET_HIT dailyPnl=2.08%
2026-05-01 08:03:27 WARN  BUY_SKIP [US] META reason=DAILY_PROFIT_TARGET_HIT dailyPnl=2.08%
2026-05-01 08:36:05 WARN  BUY_SKIP [US] META reason=DAILY_PROFIT_TARGET_HIT dailyPnl=2.08%
2026-05-01 08:36:21 WARN  BUY_SKIP [US] META reason=DAILY_PROFIT_TARGET_HIT dailyPnl=2.08%
2026-05-01 08:37:06 WARN  BUY_SKIP [US] META reason=DAILY_PROFIT_TARGET_HIT dailyPnl=2.08%
2026-05-01 08:37:07 WARN  BUY_SKIP [US] TSLL reason=DAILY_PROFIT_TARGET_HIT dailyPnl=2.08%
2026-05-01 08:37:22 WARN  BUY_SKIP [US] META reason=DAILY_PROFIT_TARGET_HIT dailyPnl=2.08%
2026-05-01 08:37:27 WARN  BUY_SKIP [US] TSLL reason=DAILY_PROFIT_TARGET_HIT dailyPnl=2.08%
2026-05-01 08:50:09 WARN  BUY_SKIP [US] META reason=DAILY_PROFIT_TARGET_HIT dailyPnl=2.08%
2026-05-01 08:50:25 WARN  BUY_SKIP [US] META reason=DAILY_PROFIT_TARGET_HIT dailyPnl=2.08%
2026-05-01 08:51:05 WARN  BUY_SKIP [US] META reason=DAILY_PROFIT_TARGET_HIT dailyPnl=2.08%
2026-05-01 08:51:20 WARN  BUY_SKIP [US] META reason=DAILY_PROFIT_TARGET_HIT dailyPnl=2.08%
2026-05-01 08:53:07 WARN  BUY_SKIP [US] BAIG reason=DAILY_PROFIT_TARGET_HIT dailyPnl=2.08%
2026-05-01 17:07:07 INFO  BUY [US] META mode=VOLUME_BREAKOUT price=615.6000 qty=4 size=1.0000x score=90(CONV) | WHY: strongBreakout volBreakout retestOK multiUp vol(7.04x) | VWAP: 0.06%(ABOVE slope=UP) | TREND: score=3 vel=0.09%/0.11%/0.12% | VOL: 31246.0000/4440.4500 TO: 19226054.3750/2730704.8208 | entryNo=1
2026-05-01 17:15:10 INFO  BUY [US] ETHU mode=VOLUME_BREAKOUT price=25.8900 qty=11 size=1.0000x score=82(CONV) | WHY: strongBreakout volBreakout retestOK multiUp vol(3.65x) | VWAP: 2.05%(ABOVE slope=UP) | TREND: score=3 vel=0.04%/0.07%/0.27% | VOL: 21057.0000/5776.2000 TO: 545165.7300/149244.6730 | entryNo=1
2026-05-01 17:17:06 INFO  BUY [US] SOXL mode=VOLUME_BREAKOUT price=125.4200 qty=2 size=1.0000x score=90(CONV) | WHY: strongBreakout volBreakout retestOK multiUp vol(2.46x) | VWAP: 0.21%(ABOVE slope=UP) | TREND: score=3 vel=0.31%/0.31%/0.31% | VOL: 91495.0000/37127.6000 TO: 11473473.0000/4646215.8406 | entryNo=1
2026-05-01 18:16:06 INFO  BUY [US] TSLL mode=VOLUME_BREAKOUT price=12.4200 qty=24 size=1.0000x score=90(CONV) | WHY: strongBreakout volBreakout retestOK multiUp vol(2.95x) | VWAP: 0.06%(ABOVE slope=UP) | TREND: score=3 vel=0.15%/0.16%/0.16% | VOL: 310875.0000/105315.3500 TO: 3864020.8125/1306856.3875 | entryNo=1
2026-05-01 18:23:08 INFO  BUY [US] NVDL mode=VOLUME_BREAKOUT price=94.1000 qty=3 size=1.0000x score=90(CONV) | WHY: strongBreakout volBreakout retestOK multiUp vol(18.69x) | VWAP: 0.25%(ABOVE slope=UP) | TREND: score=3 vel=0.07%/0.09%/0.17% | VOL: 26817.0000/1434.8500 TO: 2521602.5100/134892.4963 | entryNo=1
2026-05-01 19:59:09 INFO  BUY [US] SMCX mode=VOLUME_BREAKOUT price=11.4700 qty=26 size=1.0000x score=90(CONV) | WHY: strongBreakout volBreakout retestOK multiUp vol(2.56x) | VWAP: 0.03%(ABOVE slope=UP) | TREND: score=3 vel=0.12%/0.12%/0.12% | VOL: 5489.0000/2148.1500 TO: 62936.8740/24629.8683 | entryNo=1
2026-05-01 20:00:06 INFO  BUY [US] SMU mode=VOLUME_BREAKOUT price=15.7900 qty=18 size=1.0000x score=90(CONV) | WHY: strongBreakout volBreakout retestOK multiUp vol(2.51x) | VWAP: 0.36%(ABOVE slope=UP) | TREND: score=3 vel=0.17%/0.17%/0.26% | VOL: 8679.0000/3462.4500 TO: 137037.0705/54579.3788 | entryNo=1
2026-05-01 20:49:05 WARN  BUY pending timeout cleared for TSLL
2026-05-01 20:49:05 INFO  BUY [US] TSLL mode=BREAKOUT price=12.4400 qty=19 size=0.8000x score=80(CONV) | WHY: strongBreakout retestOK multiUp vol(1.58x) | VWAP: 0.12%(ABOVE slope=UP) | TREND: score=3 vel=0.07%/0.02%/0.08% | VOL: 612282.0000/388736.0000 TO: 7622604.7590/4834767.2000 | entryNo=2
2026-05-01 22:09:08 WARN  BUY pending timeout cleared for SOXL
2026-05-01 22:09:08 WARN  BUY_SKIP [US] SOXL reason=AMOUNT_TOO_SMALL amount=300.0000 size=0.8000x price=124.1300
2026-05-01 22:52:08 WARN  BUY pending timeout cleared for ETHU
2026-05-01 22:52:08 INFO  BUY [US] ETHU mode=BREAKOUT price=26.6000 qty=9 size=0.8000x score=80(CONV) | WHY: strongBreakout retestOK multiUp vol(1.56x) | VWAP: 0.64%(ABOVE slope=UP) | TREND: score=3 vel=0.08%/0.15%/0.38% | VOL: 351573.0000/225777.2500 TO: 9348326.0700/5988518.6869 | entryNo=2
2026-05-01 22:52:08 INFO  BUY_FILLED ETHU phase=HOLDING
2026-05-01 22:52:13 INFO  BUY_FILLED ETHU phase=HOLDING
2026-05-01 22:52:18 INFO  BUY_FILLED ETHU phase=HOLDING
2026-05-01 22:52:23 INFO  BUY_FILLED ETHU phase=HOLDING
2026-05-01 22:52:28 INFO  BUY_FILLED ETHU phase=HOLDING
2026-05-01 22:52:33 INFO  BUY_FILLED ETHU phase=HOLDING
2026-05-01 22:52:38 INFO  BUY_FILLED ETHU phase=HOLDING
2026-05-01 22:52:44 INFO  BUY_FILLED ETHU phase=HOLDING
2026-05-01 22:52:49 INFO  BUY_FILLED ETHU phase=HOLDING
2026-05-01 22:52:54 INFO  BUY_FILLED ETHU phase=HOLDING
2026-05-01 22:52:59 INFO  BUY_FILLED ETHU phase=HOLDING
2026-05-01 22:53:04 INFO  BUY_FILLED ETHU phase=HOLDING
2026-05-01 22:53:09 INFO  BUY_FILLED ETHU phase=HOLDING
2026-05-01 22:53:14 INFO  BUY_FILLED ETHU phase=HOLDING
2026-05-01 22:53:29 INFO  BUY_FILLED ETHU phase=HOLDING
2026-05-01 22:53:35 INFO  BUY_FILLED ETHU phase=HOLDING
2026-05-01 22:53:40 INFO  BUY_FILLED ETHU phase=HOLDING
2026-05-01 22:53:45 INFO  BUY_FILLED ETHU phase=HOLDING
2026-05-01 22:53:50 INFO  BUY_FILLED ETHU phase=HOLDING
2026-05-01 22:53:55 INFO  BUY_FILLED ETHU phase=HOLDING
2026-05-01 22:54:00 INFO  BUY_FILLED ETHU phase=HOLDING
2026-05-01 22:54:05 INFO  BUY_FILLED ETHU phase=HOLDING
2026-05-01 22:54:10 INFO  BUY_FILLED ETHU phase=HOLDING
2026-05-01 22:54:15 INFO  BUY_FILLED ETHU phase=HOLDING
2026-05-01 22:54:20 INFO  BUY_FILLED ETHU phase=HOLDING
2026-05-01 22:54:25 INFO  BUY_FILLED ETHU phase=HOLDING
2026-05-01 22:54:30 INFO  BUY_FILLED ETHU phase=HOLDING
2026-05-01 22:54:35 INFO  BUY_FILLED ETHU phase=HOLDING
2026-05-01 22:54:41 INFO  BUY_FILLED ETHU phase=HOLDING
2026-05-01 22:54:46 INFO  BUY_FILLED ETHU phase=HOLDING
2026-05-01 22:54:51 INFO  BUY_FILLED ETHU phase=HOLDING
2026-05-01 22:54:56 INFO  BUY_FILLED ETHU phase=HOLDING
2026-05-01 22:55:01 INFO  BUY_FILLED ETHU phase=HOLDING
2026-05-01 22:55:06 INFO  BUY_FILLED ETHU phase=HOLDING
2026-05-01 22:55:11 INFO  BUY_FILLED ETHU phase=HOLDING
2026-05-01 22:55:16 INFO  BUY_FILLED ETHU phase=HOLDING
2026-05-01 22:55:21 INFO  BUY_FILLED ETHU phase=HOLDING
2026-05-01 22:55:26 INFO  BUY_FILLED ETHU phase=HOLDING
2026-05-01 22:55:32 INFO  BUY_FILLED ETHU phase=HOLDING
2026-05-01 22:55:37 INFO  BUY_FILLED ETHU phase=HOLDING
2026-05-01 22:55:42 INFO  BUY_FILLED ETHU phase=HOLDING
2026-05-01 22:55:47 INFO  BUY_FILLED ETHU phase=HOLDING
2026-05-01 22:55:52 INFO  BUY_FILLED ETHU phase=HOLDING
2026-05-01 22:55:57 INFO  BUY_FILLED ETHU phase=HOLDING
2026-05-01 22:56:02 INFO  BUY_FILLED ETHU phase=HOLDING
2026-05-01 22:56:07 INFO  BUY_FILLED ETHU phase=HOLDING
2026-05-01 22:56:12 INFO  BUY_FILLED ETHU phase=HOLDING
2026-05-01 22:56:17 INFO  BUY_FILLED ETHU phase=HOLDING
2026-05-01 22:56:22 INFO  BUY_FILLED ETHU phase=HOLDING
2026-05-01 22:56:28 INFO  BUY_FILLED ETHU phase=HOLDING
2026-05-01 22:56:33 INFO  BUY_FILLED ETHU phase=HOLDING
2026-05-01 22:56:38 INFO  BUY_FILLED ETHU phase=HOLDING
2026-05-01 22:56:43 INFO  BUY_FILLED ETHU phase=HOLDING
2026-05-01 22:56:48 INFO  BUY_FILLED ETHU phase=HOLDING
2026-05-01 22:56:53 INFO  BUY_FILLED ETHU phase=HOLDING
2026-05-01 22:56:58 INFO  BUY_FILLED ETHU phase=HOLDING
2026-05-01 22:57:03 INFO  BUY_FILLED ETHU phase=HOLDING
2026-05-01 22:57:08 INFO  BUY_FILLED ETHU phase=HOLDING
2026-05-01 22:57:13 INFO  BUY_FILLED ETHU phase=HOLDING
2026-05-01 22:57:18 INFO  BUY_FILLED ETHU phase=HOLDING
2026-05-01 22:57:24 INFO  BUY_FILLED ETHU phase=HOLDING
2026-05-01 22:57:29 INFO  BUY_FILLED ETHU phase=HOLDING
2026-05-01 22:57:34 INFO  BUY_FILLED ETHU phase=HOLDING
2026-05-01 22:57:39 INFO  BUY_FILLED ETHU phase=HOLDING
2026-05-01 22:57:44 INFO  BUY_FILLED ETHU phase=HOLDING
2026-05-01 22:57:49 INFO  BUY_FILLED ETHU phase=HOLDING
2026-05-01 22:57:54 INFO  BUY_FILLED ETHU phase=HOLDING
2026-05-01 22:57:59 INFO  BUY_FILLED ETHU phase=HOLDING
2026-05-01 22:58:04 INFO  BUY_FILLED ETHU phase=HOLDING
2026-05-01 22:58:15 INFO  BUY_FILLED ETHU phase=HOLDING
2026-05-01 22:58:20 INFO  BUY_FILLED ETHU phase=HOLDING
2026-05-01 22:58:25 INFO  BUY_FILLED ETHU phase=HOLDING
2026-05-01 22:58:30 INFO  BUY_FILLED ETHU phase=HOLDING
2026-05-01 22:58:35 INFO  BUY_FILLED ETHU phase=HOLDING
2026-05-01 22:58:40 INFO  BUY_FILLED ETHU phase=HOLDING
2026-05-01 22:58:45 INFO  BUY_FILLED ETHU phase=HOLDING
2026-05-01 22:58:50 INFO  BUY_FILLED ETHU phase=HOLDING
2026-05-01 22:58:55 INFO  BUY_FILLED ETHU phase=HOLDING
2026-05-01 22:59:00 INFO  BUY_FILLED ETHU phase=HOLDING
2026-05-01 22:59:05 INFO  BUY_FILLED ETHU phase=HOLDING
2026-05-01 22:59:10 INFO  BUY_FILLED ETHU phase=HOLDING
2026-05-01 22:59:16 INFO  BUY_FILLED ETHU phase=HOLDING
2026-05-01 22:59:21 INFO  BUY_FILLED ETHU phase=HOLDING
2026-05-01 22:59:26 INFO  BUY_FILLED ETHU phase=HOLDING
2026-05-01 22:59:31 INFO  BUY_FILLED ETHU phase=HOLDING
2026-05-01 22:59:36 INFO  BUY_FILLED ETHU phase=HOLDING
2026-05-01 22:59:41 INFO  BUY_FILLED ETHU phase=HOLDING
2026-05-01 22:59:46 INFO  BUY_FILLED ETHU phase=HOLDING
2026-05-01 22:59:51 INFO  BUY_FILLED ETHU phase=HOLDING
2026-05-01 22:59:56 INFO  BUY_FILLED ETHU phase=HOLDING
2026-05-01 23:00:01 INFO  BUY_FILLED ETHU phase=HOLDING
2026-05-01 23:00:06 INFO  BUY_FILLED ETHU phase=HOLDING
2026-05-01 23:00:11 INFO  BUY_FILLED ETHU phase=HOLDING
2026-05-01 23:00:17 INFO  BUY_FILLED ETHU phase=HOLDING
2026-05-01 23:00:22 INFO  BUY_FILLED ETHU phase=HOLDING
2026-05-01 23:00:27 INFO  BUY_FILLED ETHU phase=HOLDING
2026-05-01 23:00:32 INFO  BUY_FILLED ETHU phase=HOLDING
2026-05-01 23:00:37 INFO  BUY_FILLED ETHU phase=HOLDING
2026-05-01 23:00:42 INFO  BUY_FILLED ETHU phase=HOLDING
2026-05-01 23:00:52 INFO  BUY_FILLED ETHU phase=HOLDING
2026-05-01 23:00:57 INFO  BUY_FILLED ETHU phase=HOLDING
2026-05-01 23:01:02 INFO  BUY_FILLED ETHU phase=HOLDING
2026-05-01 23:01:08 INFO  BUY_FILLED ETHU phase=HOLDING
2026-05-01 23:01:13 INFO  BUY_FILLED ETHU phase=HOLDING
2026-05-01 23:01:18 INFO  BUY_FILLED ETHU phase=HOLDING
2026-05-01 23:01:23 INFO  BUY_FILLED ETHU phase=HOLDING
2026-05-01 23:01:28 INFO  BUY_FILLED ETHU phase=HOLDING
2026-05-01 23:01:33 INFO  BUY_FILLED ETHU phase=HOLDING
2026-05-01 23:01:38 INFO  BUY_FILLED ETHU phase=HOLDING
2026-05-01 23:01:43 INFO  BUY_FILLED ETHU phase=HOLDING
2026-05-01 23:01:48 INFO  BUY_FILLED ETHU phase=HOLDING
2026-05-01 23:01:53 INFO  BUY_FILLED ETHU phase=HOLDING
2026-05-01 23:01:58 INFO  BUY_FILLED ETHU phase=HOLDING
2026-05-01 23:02:03 INFO  BUY_FILLED ETHU phase=HOLDING
2026-05-01 23:02:09 INFO  BUY_FILLED ETHU phase=HOLDING
2026-05-01 23:02:09 INFO  SELL_EXECUTED [US] ETHU mode=BREAKOUT phase=EXITING exitType=TIMESTOP price=26.7600 qty=9 reason=TIME_STOP_HARD pnl=0.68% peakPnl=0.94% holdMs=600116 high=26.8300 avgPrice=26.5799 weightedPnl=0.54% dailyPnl=0.54%
2026-05-01 23:02:12 WARN  SELL_REJECTED ETHU reason=TIME_STOP_HARD rolledBack=partialDone:false phase=HOLDING
2026-05-01 23:02:14 INFO  BUY_FILLED ETHU phase=HOLDING
2026-05-01 23:02:19 INFO  BUY_FILLED ETHU phase=HOLDING
2026-05-01 23:02:19 INFO  SELL_EXECUTED [US] ETHU mode=BREAKOUT phase=EXITING exitType=TIMESTOP price=26.7491 qty=9 reason=TIME_STOP_HARD pnl=0.64% peakPnl=0.94% holdMs=610233 high=26.8300 avgPrice=26.5799 weightedPnl=0.51% dailyPnl=0.51%
2026-05-01 23:02:19 WARN  SELL_REJECTED ETHU reason=TIME_STOP_HARD rolledBack=partialDone:false phase=HOLDING
2026-05-01 23:02:24 INFO  BUY_FILLED ETHU phase=HOLDING
2026-05-01 23:02:24 INFO  SELL_EXECUTED [US] ETHU mode=BREAKOUT phase=EXITING exitType=TIMESTOP price=26.7491 qty=9 reason=TIME_STOP_HARD pnl=0.64% peakPnl=0.94% holdMs=615411 high=26.8300 avgPrice=26.5799 weightedPnl=0.51% dailyPnl=0.51%
2026-05-01 23:02:29 INFO  BUY_FILLED ETHU phase=HOLDING
2026-05-01 23:02:34 INFO  BUY_FILLED ETHU phase=HOLDING
2026-05-01 23:02:39 INFO  BUY_FILLED ETHU phase=HOLDING
2026-05-01 23:02:39 WARN  SELL pending timeout cleared for ETHU
2026-05-01 23:02:39 INFO  SELL_EXECUTED [US] ETHU mode=BREAKOUT phase=EXITING exitType=TIMESTOP price=26.7200 qty=9 reason=TIME_STOP_HARD pnl=0.53% peakPnl=0.94% holdMs=630577 high=26.8300 avgPrice=26.5799 weightedPnl=0.42% dailyPnl=0.42%
2026-05-01 23:08:05 WARN  BUY pending timeout cleared for META
2026-05-01 23:49:08 INFO  BUY [US] BAIG mode=VOLUME_BREAKOUT price=3.4000 qty=70 size=0.8000x score=90(CONV) | WHY: strongBreakout volBreakout retestOK multiUp vol(1.79x) | VWAP: 0.34%(ABOVE slope=UP) | TREND: score=3 vel=0.47%/1.49%/3.19% | VOL: 93661.0000/52428.7500 TO: 317979.0950/174915.7751 | entryNo=1
2026-05-01 23:51:05 INFO  BUY_FILLED BAIG phase=HOLDING
2026-05-01 23:51:10 INFO  BUY_FILLED BAIG phase=HOLDING
2026-05-01 23:51:15 INFO  BUY_FILLED BAIG phase=HOLDING
2026-05-01 23:51:20 INFO  BUY_FILLED BAIG phase=HOLDING
2026-05-01 23:51:25 INFO  BUY_FILLED BAIG phase=HOLDING
2026-05-01 23:51:30 INFO  BUY_FILLED BAIG phase=HOLDING
2026-05-01 23:51:35 INFO  BUY_FILLED BAIG phase=HOLDING
2026-05-01 23:51:40 INFO  BUY_FILLED BAIG phase=HOLDING
2026-05-01 23:51:45 INFO  BUY_FILLED BAIG phase=HOLDING
2026-05-01 23:51:55 INFO  BUY_FILLED BAIG phase=HOLDING
2026-05-01 23:52:01 INFO  BUY_FILLED BAIG phase=HOLDING
2026-05-01 23:52:06 INFO  BUY_FILLED BAIG phase=HOLDING
2026-05-01 23:52:11 INFO  BUY_FILLED BAIG phase=HOLDING
2026-05-01 23:52:16 INFO  BUY_FILLED BAIG phase=HOLDING
2026-05-01 23:52:21 INFO  BUY_FILLED BAIG phase=HOLDING
2026-05-01 23:52:26 INFO  BUY_FILLED BAIG phase=HOLDING
2026-05-01 23:52:31 INFO  BUY_FILLED BAIG phase=HOLDING
2026-05-01 23:52:36 INFO  BUY_FILLED BAIG phase=HOLDING
2026-05-01 23:52:41 INFO  BUY_FILLED BAIG phase=HOLDING
2026-05-01 23:52:46 INFO  BUY_FILLED BAIG phase=HOLDING
2026-05-01 23:52:51 INFO  BUY_FILLED BAIG phase=HOLDING
2026-05-01 23:52:57 INFO  BUY_FILLED BAIG phase=HOLDING
2026-05-01 23:53:02 INFO  BUY_FILLED BAIG phase=HOLDING
2026-05-01 23:53:07 INFO  BUY_FILLED BAIG phase=HOLDING
2026-05-01 23:53:12 INFO  BUY_FILLED BAIG phase=HOLDING
2026-05-01 23:53:17 INFO  BUY_FILLED BAIG phase=HOLDING
2026-05-01 23:53:22 INFO  BUY_FILLED BAIG phase=HOLDING
2026-05-01 23:53:27 INFO  BUY_FILLED BAIG phase=HOLDING
2026-05-01 23:53:32 INFO  BUY_FILLED BAIG phase=HOLDING
2026-05-01 23:53:37 INFO  BUY_FILLED BAIG phase=HOLDING
2026-05-01 23:53:42 INFO  BUY_FILLED BAIG phase=HOLDING
2026-05-01 23:53:47 INFO  BUY_FILLED BAIG phase=HOLDING
2026-05-01 23:53:53 INFO  BUY_FILLED BAIG phase=HOLDING
2026-05-01 23:53:58 INFO  BUY_FILLED BAIG phase=HOLDING
2026-05-01 23:54:03 INFO  BUY_FILLED BAIG phase=HOLDING
2026-05-01 23:54:08 INFO  BUY_FILLED BAIG phase=HOLDING
2026-05-01 23:54:13 INFO  BUY_FILLED BAIG phase=HOLDING
2026-05-01 23:54:18 INFO  BUY_FILLED BAIG phase=HOLDING
2026-05-01 23:54:23 INFO  BUY_FILLED BAIG phase=HOLDING
2026-05-01 23:54:28 INFO  BUY_FILLED BAIG phase=HOLDING
2026-05-01 23:54:33 INFO  BUY_FILLED BAIG phase=HOLDING
2026-05-01 23:54:38 INFO  BUY_FILLED BAIG phase=HOLDING
2026-05-01 23:54:43 INFO  BUY_FILLED BAIG phase=HOLDING
2026-05-01 23:54:49 INFO  BUY_FILLED BAIG phase=HOLDING
2026-05-01 23:54:54 INFO  BUY_FILLED BAIG phase=HOLDING
2026-05-01 23:54:59 INFO  BUY_FILLED BAIG phase=HOLDING
2026-05-01 23:55:04 INFO  BUY_FILLED BAIG phase=HOLDING
2026-05-01 23:55:09 INFO  BUY_FILLED BAIG phase=HOLDING
2026-05-01 23:55:14 INFO  BUY_FILLED BAIG phase=HOLDING
2026-05-01 23:55:19 INFO  BUY_FILLED BAIG phase=HOLDING
2026-05-01 23:55:24 INFO  BUY_FILLED BAIG phase=HOLDING
2026-05-01 23:55:34 INFO  BUY_FILLED BAIG phase=HOLDING
2026-05-01 23:55:39 INFO  BUY_FILLED BAIG phase=HOLDING
2026-05-01 23:55:44 INFO  BUY_FILLED BAIG phase=HOLDING
2026-05-01 23:55:50 INFO  BUY_FILLED BAIG phase=HOLDING
2026-05-01 23:55:55 INFO  BUY_FILLED BAIG phase=HOLDING
2026-05-01 23:56:00 INFO  BUY_FILLED BAIG phase=HOLDING
2026-05-01 23:56:05 INFO  BUY_FILLED BAIG phase=HOLDING
2026-05-01 23:56:10 INFO  BUY_FILLED BAIG phase=HOLDING
2026-05-01 23:56:15 INFO  BUY_FILLED BAIG phase=HOLDING
2026-05-01 23:56:20 INFO  BUY_FILLED BAIG phase=HOLDING
2026-05-01 23:56:25 INFO  BUY_FILLED BAIG phase=HOLDING
2026-05-01 23:56:30 INFO  BUY_FILLED BAIG phase=HOLDING
2026-05-01 23:56:35 INFO  BUY_FILLED BAIG phase=HOLDING
2026-05-01 23:56:40 INFO  BUY_FILLED BAIG phase=HOLDING
2026-05-01 23:56:46 INFO  BUY_FILLED BAIG phase=HOLDING
2026-05-01 23:56:51 INFO  BUY_FILLED BAIG phase=HOLDING
2026-05-01 23:56:56 INFO  BUY_FILLED BAIG phase=HOLDING
2026-05-01 23:57:01 INFO  BUY_FILLED BAIG phase=HOLDING
2026-05-01 23:57:06 INFO  BUY_FILLED BAIG phase=HOLDING
2026-05-01 23:57:11 INFO  BUY_FILLED BAIG phase=HOLDING
2026-05-01 23:57:16 INFO  BUY_FILLED BAIG phase=HOLDING
2026-05-01 23:57:21 INFO  BUY_FILLED BAIG phase=HOLDING
2026-05-01 23:57:26 INFO  BUY_FILLED BAIG phase=HOLDING
2026-05-01 23:57:31 INFO  BUY_FILLED BAIG phase=HOLDING
2026-05-01 23:57:36 INFO  BUY_FILLED BAIG phase=HOLDING
2026-05-01 23:57:41 INFO  BUY_FILLED BAIG phase=HOLDING
2026-05-01 23:57:47 INFO  BUY_FILLED BAIG phase=HOLDING
2026-05-01 23:57:52 INFO  BUY_FILLED BAIG phase=HOLDING
2026-05-01 23:57:57 INFO  BUY_FILLED BAIG phase=HOLDING
2026-05-01 23:58:02 INFO  BUY_FILLED BAIG phase=HOLDING
2026-05-01 23:58:07 INFO  BUY_FILLED BAIG phase=HOLDING
2026-05-01 23:58:12 INFO  BUY_FILLED BAIG phase=HOLDING
2026-05-01 23:58:17 INFO  BUY_FILLED BAIG phase=HOLDING
2026-05-01 23:58:22 INFO  BUY_FILLED BAIG phase=HOLDING
2026-05-01 23:58:27 INFO  BUY_FILLED BAIG phase=HOLDING
2026-05-01 23:58:32 INFO  BUY_FILLED BAIG phase=HOLDING
2026-05-01 23:58:37 INFO  BUY_FILLED BAIG phase=HOLDING
2026-05-01 23:58:42 INFO  BUY_FILLED BAIG phase=HOLDING
2026-05-01 23:58:48 INFO  BUY_FILLED BAIG phase=HOLDING
2026-05-01 23:58:53 INFO  BUY_FILLED BAIG phase=HOLDING
2026-05-01 23:58:58 INFO  BUY_FILLED BAIG phase=HOLDING
2026-05-01 23:59:03 INFO  BUY_FILLED BAIG phase=HOLDING
2026-05-01 23:59:08 INFO  BUY_FILLED BAIG phase=HOLDING
2026-05-01 23:59:13 INFO  BUY_FILLED BAIG phase=HOLDING
2026-05-01 23:59:18 INFO  BUY_FILLED BAIG phase=HOLDING
2026-05-01 23:59:23 INFO  BUY_FILLED BAIG phase=HOLDING
2026-05-01 23:59:28 INFO  BUY_FILLED BAIG phase=HOLDING
2026-05-01 23:59:33 INFO  BUY_FILLED BAIG phase=HOLDING
2026-05-01 23:59:38 INFO  BUY_FILLED BAIG phase=HOLDING
2026-05-01 23:59:43 INFO  BUY_FILLED BAIG phase=HOLDING
2026-05-01 23:59:49 INFO  BUY_FILLED BAIG phase=HOLDING
2026-05-01 23:59:54 INFO  BUY_FILLED BAIG phase=HOLDING
2026-05-01 23:59:59 INFO  BUY_FILLED BAIG phase=HOLDING
