2026-05-05 00:06:07 INFO  BUY [US] AXTI mode=BREAKOUT price=97.8000 qty=2 size=0.8000x score=85(CONV) | WHY: strongBreakout retestOK multiUp vol(1.59x) | VWAP: 2.15%(ABOVE slope=UP) | TREND: score=3 vel=1.13%/1.42%/1.42% | VOL: 3220731.0000/2023482.7000 TO: 315019699.1100/196292584.8931 | entryNo=2
2026-05-05 00:06:08 INFO  BUY_FILLED AXTI phase=HOLDING
2026-05-05 00:06:12 INFO  BUY_FILLED AXTI phase=HOLDING
2026-05-05 00:06:17 INFO  BUY_FILLED AXTI phase=HOLDING
2026-05-05 00:06:22 INFO  BUY_FILLED AXTI phase=HOLDING
2026-05-05 00:06:27 INFO  BUY_FILLED AXTI phase=HOLDING
2026-05-05 00:06:32 INFO  BUY_FILLED AXTI phase=HOLDING
2026-05-05 00:06:37 INFO  BUY_FILLED AXTI phase=HOLDING
2026-05-05 00:06:43 INFO  BUY_FILLED AXTI phase=HOLDING
2026-05-05 00:06:48 INFO  BUY_FILLED AXTI phase=HOLDING
2026-05-05 00:06:53 INFO  BUY_FILLED AXTI phase=HOLDING
2026-05-05 00:06:58 INFO  BUY_FILLED AXTI phase=HOLDING
2026-05-05 00:07:03 INFO  BUY_FILLED AXTI phase=HOLDING
2026-05-05 00:07:08 INFO  BUY_FILLED AXTI phase=HOLDING
2026-05-05 00:07:13 INFO  BUY_FILLED AXTI phase=HOLDING
2026-05-05 00:07:23 INFO  BUY_FILLED AXTI phase=HOLDING
2026-05-05 00:07:29 INFO  BUY_FILLED AXTI phase=HOLDING
2026-05-05 00:07:34 INFO  BUY_FILLED AXTI phase=HOLDING
2026-05-05 00:07:39 INFO  BUY_FILLED AXTI phase=HOLDING
2026-05-05 00:07:44 INFO  BUY_FILLED AXTI phase=HOLDING
2026-05-05 00:07:49 INFO  BUY_FILLED AXTI phase=HOLDING
2026-05-05 00:07:54 INFO  BUY_FILLED AXTI phase=HOLDING
2026-05-05 00:07:59 INFO  BUY_FILLED AXTI phase=HOLDING
2026-05-05 00:08:04 INFO  BUY_FILLED AXTI phase=HOLDING
2026-05-05 00:08:10 INFO  BUY_FILLED AXTI phase=HOLDING
2026-05-05 00:08:15 INFO  BUY_FILLED AXTI phase=HOLDING
2026-05-05 00:08:20 INFO  BUY_FILLED AXTI phase=HOLDING
2026-05-05 00:08:25 INFO  BUY_FILLED AXTI phase=HOLDING
2026-05-05 00:08:30 INFO  BUY_FILLED AXTI phase=HOLDING
2026-05-05 00:08:35 INFO  BUY_FILLED AXTI phase=HOLDING
2026-05-05 00:08:40 INFO  BUY_FILLED AXTI phase=HOLDING
2026-05-05 00:08:45 INFO  BUY_FILLED AXTI phase=HOLDING
2026-05-05 00:08:50 INFO  BUY_FILLED AXTI phase=HOLDING
2026-05-05 00:08:55 INFO  BUY_FILLED AXTI phase=HOLDING
2026-05-05 00:09:00 INFO  BUY_FILLED AXTI phase=HOLDING
2026-05-05 00:09:05 INFO  BUY_FILLED AXTI phase=HOLDING
2026-05-05 00:09:11 INFO  BUY_FILLED AXTI phase=HOLDING
2026-05-05 00:09:16 INFO  BUY_FILLED AXTI phase=HOLDING
2026-05-05 00:09:21 INFO  BUY_FILLED AXTI phase=HOLDING
2026-05-05 00:09:26 INFO  BUY_FILLED AXTI phase=HOLDING
2026-05-05 00:09:31 INFO  BUY_FILLED AXTI phase=HOLDING
2026-05-05 00:09:36 INFO  BUY_FILLED AXTI phase=HOLDING
2026-05-05 00:09:41 INFO  BUY_FILLED AXTI phase=HOLDING
2026-05-05 00:09:46 INFO  BUY_FILLED AXTI phase=HOLDING
2026-05-05 00:09:51 INFO  BUY_FILLED AXTI phase=HOLDING
2026-05-05 00:10:01 INFO  BUY_FILLED AXTI phase=HOLDING
2026-05-05 00:10:07 INFO  BUY_FILLED AXTI phase=HOLDING
2026-05-05 00:10:12 INFO  BUY_FILLED AXTI phase=HOLDING
2026-05-05 00:10:17 INFO  BUY_FILLED AXTI phase=HOLDING
2026-05-05 00:10:22 INFO  BUY_FILLED AXTI phase=HOLDING
2026-05-05 00:10:27 INFO  BUY_FILLED AXTI phase=HOLDING
2026-05-05 00:10:32 INFO  BUY_FILLED AXTI phase=HOLDING
2026-05-05 00:10:37 INFO  BUY_FILLED AXTI phase=HOLDING
2026-05-05 00:10:42 INFO  BUY_FILLED AXTI phase=HOLDING
2026-05-05 00:10:47 INFO  BUY_FILLED AXTI phase=HOLDING
2026-05-05 00:10:52 INFO  BUY_FILLED AXTI phase=HOLDING
2026-05-05 00:10:57 INFO  BUY_FILLED AXTI phase=HOLDING
2026-05-05 00:11:03 INFO  BUY_FILLED AXTI phase=HOLDING
2026-05-05 00:11:08 INFO  BUY_FILLED AXTI phase=HOLDING
2026-05-05 00:11:13 INFO  BUY_FILLED AXTI phase=HOLDING
2026-05-05 00:11:18 INFO  BUY_FILLED AXTI phase=HOLDING
2026-05-05 00:11:23 INFO  BUY_FILLED AXTI phase=HOLDING
2026-05-05 00:11:28 INFO  BUY_FILLED AXTI phase=HOLDING
2026-05-05 00:11:33 INFO  BUY_FILLED AXTI phase=HOLDING
2026-05-05 00:11:38 INFO  BUY_FILLED AXTI phase=HOLDING
2026-05-05 00:11:43 INFO  BUY_FILLED AXTI phase=HOLDING
2026-05-05 00:11:48 INFO  BUY_FILLED AXTI phase=HOLDING
2026-05-05 00:11:53 INFO  BUY_FILLED AXTI phase=HOLDING
2026-05-05 00:11:59 INFO  BUY_FILLED AXTI phase=HOLDING
2026-05-05 00:12:04 INFO  BUY_FILLED AXTI phase=HOLDING
2026-05-05 00:12:09 INFO  BUY_FILLED AXTI phase=HOLDING
2026-05-05 00:12:14 INFO  BUY_FILLED AXTI phase=HOLDING
2026-05-05 00:12:19 INFO  BUY_FILLED AXTI phase=HOLDING
2026-05-05 00:12:24 INFO  BUY_FILLED AXTI phase=HOLDING
2026-05-05 00:12:29 INFO  BUY_FILLED AXTI phase=HOLDING
2026-05-05 00:12:34 INFO  BUY_FILLED AXTI phase=HOLDING
2026-05-05 00:12:39 INFO  BUY_FILLED AXTI phase=HOLDING
2026-05-05 00:12:44 INFO  BUY_FILLED AXTI phase=HOLDING
2026-05-05 00:12:50 INFO  BUY_FILLED AXTI phase=HOLDING
2026-05-05 00:12:55 INFO  BUY_FILLED AXTI phase=HOLDING
2026-05-05 00:13:00 INFO  BUY_FILLED AXTI phase=HOLDING
2026-05-05 00:13:05 INFO  BUY_FILLED AXTI phase=HOLDING
2026-05-05 00:13:10 INFO  BUY_FILLED AXTI phase=HOLDING
2026-05-05 00:13:15 INFO  BUY_FILLED AXTI phase=HOLDING
2026-05-05 00:13:20 INFO  BUY_FILLED AXTI phase=HOLDING
2026-05-05 00:13:25 INFO  BUY_FILLED AXTI phase=HOLDING
2026-05-05 00:13:30 INFO  BUY_FILLED AXTI phase=HOLDING
2026-05-05 00:13:35 INFO  BUY_FILLED AXTI phase=HOLDING
2026-05-05 00:13:40 INFO  BUY_FILLED AXTI phase=HOLDING
2026-05-05 00:13:45 INFO  BUY_FILLED AXTI phase=HOLDING
2026-05-05 00:13:51 INFO  BUY_FILLED AXTI phase=HOLDING
2026-05-05 00:13:56 INFO  BUY_FILLED AXTI phase=HOLDING
2026-05-05 00:14:01 INFO  BUY_FILLED AXTI phase=HOLDING
2026-05-05 00:14:06 INFO  BUY_FILLED AXTI phase=HOLDING
2026-05-05 00:14:11 INFO  BUY_FILLED AXTI phase=HOLDING
2026-05-05 00:14:16 INFO  BUY_FILLED AXTI phase=HOLDING
2026-05-05 00:14:21 INFO  BUY_FILLED AXTI phase=HOLDING
2026-05-05 00:14:21 INFO  SELL [BREAKEVEN_GUARD] AXTI pnl=-0.17% peakPnl=0.90% holdMs=493515
2026-05-05 00:14:21 INFO  SELL_EXECUTED [US] AXTI mode=BREAKOUT phase=EXITING exitType=TRAIL price=97.6360 qty=2 reason=BREAKEVEN_GUARD pnl=-0.17% peakPnl=0.90% holdMs=493515 high=98.6800 avgPrice=97.8000 weightedPnl=-0.11% dailyPnl=1.00%
2026-05-05 00:14:25 WARN  SELL_REJECTED AXTI reason=BREAKEVEN_GUARD rolledBack=partialDone:false phase=HOLDING
2026-05-05 00:14:26 INFO  BUY_FILLED AXTI phase=HOLDING
2026-05-05 00:14:36 INFO  BUY_FILLED AXTI phase=HOLDING
2026-05-05 00:14:41 INFO  BUY_FILLED AXTI phase=HOLDING
2026-05-05 00:14:47 INFO  BUY_FILLED AXTI phase=HOLDING
2026-05-05 00:14:52 INFO  BUY_FILLED AXTI phase=HOLDING
2026-05-05 00:14:52 INFO  SELL [BREAKEVEN_GUARD] AXTI pnl=-0.14% peakPnl=0.90% holdMs=524055
2026-05-05 00:14:52 INFO  SELL_EXECUTED [US] AXTI mode=BREAKOUT phase=EXITING exitType=TRAIL price=97.6582 qty=2 reason=BREAKEVEN_GUARD pnl=-0.14% peakPnl=0.90% holdMs=524055 high=98.6800 avgPrice=97.8000 weightedPnl=-0.09% dailyPnl=1.01%
2026-05-05 00:14:52 WARN  SELL_REJECTED AXTI reason=BREAKEVEN_GUARD rolledBack=partialDone:false phase=HOLDING
2026-05-05 00:14:57 INFO  BUY_FILLED AXTI phase=HOLDING
2026-05-05 00:14:57 INFO  SELL [BREAKEVEN_GUARD] AXTI pnl=-0.11% peakPnl=0.90% holdMs=529283
2026-05-05 00:14:57 INFO  SELL_EXECUTED [US] AXTI mode=BREAKOUT phase=EXITING exitType=TRAIL price=97.6950 qty=2 reason=BREAKEVEN_GUARD pnl=-0.11% peakPnl=0.90% holdMs=529283 high=98.6800 avgPrice=97.8000 weightedPnl=-0.07% dailyPnl=1.03%
2026-05-05 00:15:02 INFO  BUY_FILLED AXTI phase=HOLDING
2026-05-05 00:15:07 INFO  BUY_FILLED AXTI phase=HOLDING
2026-05-05 00:15:12 INFO  BUY_FILLED AXTI phase=HOLDING
2026-05-05 00:15:12 WARN  SELL pending timeout cleared for AXTI
2026-05-05 00:15:12 INFO  SELL [BREAKEVEN_GUARD] AXTI pnl=-0.01% peakPnl=0.90% holdMs=544541
2026-05-05 00:15:12 INFO  SELL_EXECUTED [US] AXTI mode=BREAKOUT phase=EXITING exitType=TRAIL price=97.7900 qty=2 reason=BREAKEVEN_GUARD pnl=-0.01% peakPnl=0.90% holdMs=544541 high=98.6800 avgPrice=97.8000 weightedPnl=-0.01% dailyPnl=1.10%
2026-05-05 00:52:07 INFO  BUY [US] SQQQ mode=VOLUME_BREAKOUT price=50.9200 qty=5 size=1.0000x score=95(CONV) | WHY: strongBreakout volBreakout retestOK multiUp vol(4.20x) | VWAP: 1.03%(ABOVE slope=UP) | TREND: score=3 vel=0.19%/0.22%/0.34% | VOL: 27963424.0000/6657908.3500 TO: 1422499378.8800/337822688.3618 | entryNo=1
2026-05-05 00:52:08 INFO  BUY_FILLED SQQQ phase=HOLDING
2026-05-05 00:52:13 INFO  BUY_FILLED SQQQ phase=HOLDING
2026-05-05 00:52:18 INFO  BUY_FILLED SQQQ phase=HOLDING
2026-05-05 00:52:23 INFO  BUY_FILLED SQQQ phase=HOLDING
2026-05-05 00:52:28 INFO  BUY_FILLED SQQQ phase=HOLDING
2026-05-05 00:52:33 INFO  BUY_FILLED SQQQ phase=HOLDING
2026-05-05 00:52:38 INFO  BUY_FILLED SQQQ phase=HOLDING
2026-05-05 00:52:43 INFO  BUY_FILLED SQQQ phase=HOLDING
2026-05-05 00:52:48 INFO  BUY_FILLED SQQQ phase=HOLDING
2026-05-05 00:52:53 INFO  BUY_FILLED SQQQ phase=HOLDING
2026-05-05 00:52:58 INFO  BUY_FILLED SQQQ phase=HOLDING
2026-05-05 00:53:03 INFO  BUY_FILLED SQQQ phase=HOLDING
2026-05-05 00:53:09 INFO  BUY_FILLED SQQQ phase=HOLDING
2026-05-05 00:53:14 INFO  BUY_FILLED SQQQ phase=HOLDING
2026-05-05 00:53:19 INFO  BUY_FILLED SQQQ phase=HOLDING
2026-05-05 00:53:24 INFO  BUY_FILLED SQQQ phase=HOLDING
2026-05-05 00:53:29 INFO  BUY_FILLED SQQQ phase=HOLDING
2026-05-05 00:53:34 INFO  BUY_FILLED SQQQ phase=HOLDING
2026-05-05 00:53:39 INFO  BUY_FILLED SQQQ phase=HOLDING
2026-05-05 00:53:44 INFO  BUY_FILLED SQQQ phase=HOLDING
2026-05-05 00:53:49 INFO  BUY_FILLED SQQQ phase=HOLDING
2026-05-05 00:53:54 INFO  BUY_FILLED SQQQ phase=HOLDING
2026-05-05 00:53:59 INFO  BUY_FILLED SQQQ phase=HOLDING
2026-05-05 00:54:04 INFO  BUY_FILLED SQQQ phase=HOLDING
2026-05-05 00:54:10 INFO  BUY_FILLED SQQQ phase=HOLDING
2026-05-05 00:54:15 INFO  BUY_FILLED SQQQ phase=HOLDING
2026-05-05 00:54:20 INFO  BUY_FILLED SQQQ phase=HOLDING
2026-05-05 00:54:25 INFO  BUY_FILLED SQQQ phase=HOLDING
2026-05-05 00:54:30 INFO  BUY_FILLED SQQQ phase=HOLDING
2026-05-05 00:54:35 INFO  BUY_FILLED SQQQ phase=HOLDING
2026-05-05 00:54:40 INFO  BUY_FILLED SQQQ phase=HOLDING
2026-05-05 00:54:45 INFO  BUY_FILLED SQQQ phase=HOLDING
2026-05-05 00:54:50 INFO  BUY_FILLED SQQQ phase=HOLDING
2026-05-05 00:54:55 INFO  BUY_FILLED SQQQ phase=HOLDING
2026-05-05 00:55:00 INFO  BUY_FILLED SQQQ phase=HOLDING
2026-05-05 00:55:06 INFO  BUY_FILLED SQQQ phase=HOLDING
2026-05-05 00:55:11 INFO  BUY_FILLED SQQQ phase=HOLDING
2026-05-05 00:55:16 INFO  BUY_FILLED SQQQ phase=HOLDING
2026-05-05 00:55:21 INFO  BUY_FILLED SQQQ phase=HOLDING
2026-05-05 00:55:26 INFO  BUY_FILLED SQQQ phase=HOLDING
2026-05-05 00:55:31 INFO  BUY_FILLED SQQQ phase=HOLDING
2026-05-05 00:55:36 INFO  BUY_FILLED SQQQ phase=HOLDING
2026-05-05 00:55:41 INFO  BUY_FILLED SQQQ phase=HOLDING
2026-05-05 00:55:46 INFO  BUY_FILLED SQQQ phase=HOLDING
2026-05-05 00:55:51 INFO  BUY_FILLED SQQQ phase=HOLDING
2026-05-05 00:55:56 INFO  BUY_FILLED SQQQ phase=HOLDING
2026-05-05 00:56:02 INFO  BUY_FILLED SQQQ phase=HOLDING
2026-05-05 00:56:07 INFO  BUY_FILLED SQQQ phase=HOLDING
2026-05-05 00:56:12 INFO  BUY_FILLED SQQQ phase=HOLDING
2026-05-05 00:56:17 INFO  BUY_FILLED SQQQ phase=HOLDING
2026-05-05 00:56:22 INFO  BUY_FILLED SQQQ phase=HOLDING
2026-05-05 00:56:27 INFO  BUY_FILLED SQQQ phase=HOLDING
2026-05-05 00:56:32 INFO  BUY_FILLED SQQQ phase=HOLDING
2026-05-05 00:56:37 INFO  BUY_FILLED SQQQ phase=HOLDING
2026-05-05 00:56:42 INFO  BUY_FILLED SQQQ phase=HOLDING
2026-05-05 00:56:47 INFO  BUY_FILLED SQQQ phase=HOLDING
2026-05-05 00:56:52 INFO  BUY_FILLED SQQQ phase=HOLDING
2026-05-05 00:56:58 INFO  BUY_FILLED SQQQ phase=HOLDING
2026-05-05 00:57:03 INFO  BUY_FILLED SQQQ phase=HOLDING
2026-05-05 00:57:08 INFO  BUY_FILLED SQQQ phase=HOLDING
2026-05-05 00:57:13 INFO  BUY_FILLED SQQQ phase=HOLDING
2026-05-05 00:57:13 INFO  SELL_EXECUTED [US] SQQQ mode=VOLUME_BREAKOUT phase=EXITING exitType=TIMESTOP price=50.6301 qty=5 reason=TIME_STOP_SOFT pnl=-0.57% peakPnl=0.03% holdMs=304564 high=50.9342 avgPrice=50.9200 weightedPnl=-0.48% dailyPnl=0.61%
2026-05-05 00:57:16 WARN  SELL_REJECTED SQQQ reason=TIME_STOP_SOFT rolledBack=partialDone:false phase=HOLDING
2026-05-05 00:57:18 INFO  BUY_FILLED SQQQ phase=HOLDING
2026-05-05 01:23:06 INFO  BUY [US] IBIT mode=BREAKOUT price=45.5900 qty=5 size=0.8000x score=85(CONV) | WHY: strongBreakout retestOK multiUp vol(1.60x) | VWAP: 0.66%(ABOVE slope=UP) | TREND: score=3 vel=0.12%/0.30%/0.67% | VOL: 20983984.0000/13126867.9500 TO: 956135230.9600/595905097.0635 | entryNo=2
2026-05-05 01:23:06 WARN  BUY_REJECTED IBIT phase=NONE
2026-05-05 01:32:05 INFO  BUY [US] PLTR mode=VOLUME_BREAKOUT price=146.7300 qty=2 size=1.0000x score=90(CONV) | WHY: strongBreakout volBreakout retestOK multiUp vol(5.07x) | VWAP: 0.05%(ABOVE slope=UP) | TREND: score=2 vel=0.08%/0.08%/-0.07% | VOL: 41646060.0000/8213384.3500 TO: 6109060541.4000/1202807971.6469 | entryNo=2
2026-05-05 01:32:05 WARN  BUY_REJECTED PLTR phase=NONE
2026-05-05 01:58:23 INFO  BUY [US] EBAY mode=VOLUME_BREAKOUT price=109.8700 qty=2 size=1.0000x score=95(CONV) | WHY: strongBreakout volBreakout retestOK multiUp vol(2.91x) | VWAP: 0.43%(ABOVE slope=UP) | TREND: score=3 vel=0.14%/0.26%/0.80% | VOL: 8965007.0000/3085484.3000 TO: 985702519.6500/337435337.2845 | entryNo=1
2026-05-05 01:58:23 WARN  BUY_REJECTED EBAY phase=NONE
2026-05-05 02:19:10 WARN  BUY_SKIP [US] SOXL reason=AMOUNT_TOO_SMALL amount=300.0000 size=0.8000x price=128.3500
2026-05-05 02:22:08 INFO  BUY [US] SOXL mode=VOLUME_BREAKOUT price=128.7200 qty=2 size=1.0000x score=95(CONV) | WHY: strongBreakout volBreakout retestOK multiUp vol(2.56x) | VWAP: 1.07%(ABOVE slope=UP) | TREND: score=3 vel=0.15%/0.16%/0.77% | VOL: 18175109.0000/7102757.0500 TO: 2336410261.9500/907561468.8152 | entryNo=1
2026-05-05 02:22:08 INFO  BUY_FILLED SOXL phase=HOLDING
2026-05-05 02:22:13 INFO  BUY_FILLED SOXL phase=HOLDING
2026-05-05 02:22:18 INFO  BUY_FILLED SOXL phase=HOLDING
2026-05-05 02:22:23 INFO  BUY_FILLED SOXL phase=HOLDING
2026-05-05 02:22:33 INFO  BUY_FILLED SOXL phase=HOLDING
2026-05-05 02:22:43 INFO  BUY_FILLED SOXL phase=HOLDING
2026-05-05 02:22:48 INFO  BUY_FILLED SOXL phase=HOLDING
2026-05-05 02:22:54 INFO  BUY_FILLED SOXL phase=HOLDING
2026-05-05 02:22:59 INFO  BUY_FILLED SOXL phase=HOLDING
2026-05-05 02:23:04 INFO  BUY_FILLED SOXL phase=HOLDING
2026-05-05 02:23:09 INFO  BUY_FILLED SOXL phase=HOLDING
2026-05-05 02:23:14 INFO  BUY_FILLED SOXL phase=HOLDING
2026-05-05 02:23:19 INFO  BUY_FILLED SOXL phase=HOLDING
2026-05-05 02:23:24 INFO  BUY_FILLED SOXL phase=HOLDING
2026-05-05 02:23:29 INFO  BUY_FILLED SOXL phase=HOLDING
2026-05-05 02:23:34 INFO  BUY_FILLED SOXL phase=HOLDING
2026-05-05 02:23:39 INFO  BUY_FILLED SOXL phase=HOLDING
2026-05-05 02:23:44 INFO  BUY_FILLED SOXL phase=HOLDING
2026-05-05 02:23:50 INFO  BUY_FILLED SOXL phase=HOLDING
2026-05-05 02:23:55 INFO  BUY_FILLED SOXL phase=HOLDING
2026-05-05 02:24:00 INFO  BUY_FILLED SOXL phase=HOLDING
2026-05-05 02:24:05 INFO  BUY_FILLED SOXL phase=HOLDING
2026-05-05 02:24:10 INFO  BUY_FILLED SOXL phase=HOLDING
2026-05-05 02:24:15 INFO  BUY_FILLED SOXL phase=HOLDING
2026-05-05 02:24:20 INFO  BUY_FILLED SOXL phase=HOLDING
2026-05-05 02:24:25 INFO  BUY_FILLED SOXL phase=HOLDING
2026-05-05 02:24:30 INFO  BUY_FILLED SOXL phase=HOLDING
2026-05-05 02:24:35 INFO  BUY_FILLED SOXL phase=HOLDING
2026-05-05 02:24:40 INFO  BUY_FILLED SOXL phase=HOLDING
2026-05-05 02:24:46 INFO  BUY_FILLED SOXL phase=HOLDING
2026-05-05 02:24:51 INFO  BUY_FILLED SOXL phase=HOLDING
2026-05-05 02:24:56 INFO  BUY_FILLED SOXL phase=HOLDING
2026-05-05 02:25:01 INFO  BUY_FILLED SOXL phase=HOLDING
2026-05-05 02:25:06 INFO  BUY_FILLED SOXL phase=HOLDING
2026-05-05 02:25:11 INFO  BUY_FILLED SOXL phase=HOLDING
2026-05-05 02:25:16 INFO  BUY_FILLED SOXL phase=HOLDING
2026-05-05 02:25:21 INFO  BUY_FILLED SOXL phase=HOLDING
2026-05-05 02:25:26 INFO  BUY_FILLED SOXL phase=HOLDING
2026-05-05 02:25:31 INFO  BUY_FILLED SOXL phase=HOLDING
2026-05-05 02:25:36 INFO  BUY_FILLED SOXL phase=HOLDING
2026-05-05 02:25:41 INFO  BUY_FILLED SOXL phase=HOLDING
2026-05-05 02:25:47 INFO  BUY_FILLED SOXL phase=HOLDING
2026-05-05 02:25:57 INFO  BUY_FILLED SOXL phase=HOLDING
2026-05-05 02:26:02 INFO  BUY_FILLED SOXL phase=HOLDING
2026-05-05 02:26:06 INFO  BUY [US] SMCX mode=VOLUME_BREAKOUT price=12.0400 qty=24 size=1.0000x score=90(CONV) | WHY: strongBreakout volBreakout retestOK multiUp vol(3.98x) | VWAP: 0.92%(ABOVE slope=UP) | TREND: score=2 vel=0.08%/0.08%/0.00% | VOL: 1262959.0000/317324.5500 TO: 15206026.3600/3810245.9896 | entryNo=2
2026-05-05 02:26:06 WARN  BUY_REJECTED SMCX phase=NONE
2026-05-05 02:26:07 INFO  BUY_FILLED SOXL phase=HOLDING
2026-05-05 02:26:12 INFO  BUY_FILLED SOXL phase=HOLDING
2026-05-05 02:26:17 INFO  BUY_FILLED SOXL phase=HOLDING
2026-05-05 02:26:27 INFO  BUY_FILLED SOXL phase=HOLDING
2026-05-05 02:26:32 INFO  BUY_FILLED SOXL phase=HOLDING
2026-05-05 02:26:38 INFO  BUY_FILLED SOXL phase=HOLDING
2026-05-05 02:26:43 INFO  BUY_FILLED SOXL phase=HOLDING
2026-05-05 02:26:48 INFO  BUY_FILLED SOXL phase=HOLDING
2026-05-05 02:26:53 INFO  BUY_FILLED SOXL phase=HOLDING
2026-05-05 02:26:58 INFO  BUY_FILLED SOXL phase=HOLDING
2026-05-05 02:27:03 INFO  BUY_FILLED SOXL phase=HOLDING
2026-05-05 02:27:08 INFO  BUY_FILLED SOXL phase=HOLDING
2026-05-05 02:27:13 INFO  BUY_FILLED SOXL phase=HOLDING
2026-05-05 02:27:13 INFO  SELL_EXECUTED [US] SOXL mode=VOLUME_BREAKOUT phase=EXITING exitType=TIMESTOP price=128.5136 qty=2 reason=TIME_STOP_SOFT pnl=-0.16% peakPnl=0.12% holdMs=304668 high=128.8800 avgPrice=128.7199 weightedPnl=-0.14% dailyPnl=0.96%
2026-05-05 02:27:17 WARN  SELL_REJECTED SOXL reason=TIME_STOP_SOFT rolledBack=partialDone:false phase=HOLDING
2026-05-05 02:27:18 INFO  BUY_FILLED SOXL phase=HOLDING
2026-05-05 02:27:23 INFO  BUY_FILLED SOXL phase=HOLDING
2026-05-05 02:27:23 INFO  SELL_EXECUTED [US] SOXL mode=VOLUME_BREAKOUT phase=EXITING exitType=TIMESTOP price=128.6000 qty=2 reason=TIME_STOP_SOFT pnl=-0.09% peakPnl=0.12% holdMs=314804 high=128.8800 avgPrice=128.7199 weightedPnl=-0.08% dailyPnl=1.02%
2026-05-05 02:27:23 WARN  SELL_REJECTED SOXL reason=TIME_STOP_SOFT rolledBack=partialDone:false phase=HOLDING
2026-05-05 02:39:05 INFO  BUY [US] NVDL mode=VOLUME_BREAKOUT price=91.1700 qty=2 size=0.8000x score=90(CONV) | WHY: strongBreakout volBreakout retestOK multiUp vol(1.84x) | VWAP: 0.82%(ABOVE slope=UP) | TREND: score=2 vel=0.08%/0.23%/-0.04% | VOL: 3339398.0000/1813077.6500 TO: 304085581.8800/165475862.7206 | entryNo=2
2026-05-05 02:43:09 INFO  BUY [US] SMU mode=BREAKOUT price=15.4300 qty=15 size=0.8000x score=85(CONV) | WHY: strongBreakout retestOK multiUp vol(1.56x) | VWAP: 1.48%(ABOVE slope=UP) | TREND: score=3 vel=0.48%/0.48%/0.72% | VOL: 349403.0000/224030.1500 TO: 5391288.2900/3442515.0809 | entryNo=2
2026-05-05 02:43:09 WARN  BUY_REJECTED SMU phase=NONE
2026-05-05 03:38:07 INFO  BUY [US] SQQQ mode=BREAKOUT price=50.6700 qty=4 size=0.8000x score=85(CONV) | WHY: strongBreakout retestOK multiUp vol(1.57x) | VWAP: 0.24%(ABOVE slope=UP) | TREND: score=3 vel=0.06%/0.13%/0.11% | VOL: 22637665.0000/14405194.4000 TO: 1147433062.0885/729295941.7486 | entryNo=2
2026-05-05 03:38:07 WARN  BUY_REJECTED SQQQ phase=NONE
2026-05-05 03:57:22 INFO  BUY [US] TSLL mode=VOLUME_BREAKOUT price=13.1500 qty=18 size=0.8000x score=90(CONV) | WHY: strongBreakout volBreakout retestOK multiUp vol(1.84x) | VWAP: 0.18%(ABOVE slope=UP) | TREND: score=2 vel=0.31%/0.26%/-0.01% | VOL: 34397320.0000/18733285.8000 TO: 451953266.9440/245360134.5535 | entryNo=2
2026-05-05 03:57:22 WARN  BUY_REJECTED TSLL phase=NONE
2026-05-05 06:50:22 INFO  BUY [US] HOOD mode=VOLUME_BREAKOUT price=76.6800 qty=3 size=0.8000x score=90(CONV) | WHY: strongBreakout volBreakout retestOK multiUp vol(2.22x) | VWAP: 0.25%(ABOVE slope=UP) | TREND: score=2 vel=0.16%/0.17%/0.00% | VOL: 21245289.0000/9559667.7500 TO: 1631638195.2000/733537852.8016 | entryNo=2
2026-05-05 07:00:06 INFO  BUY [US] IREN mode=VOLUME_BREAKOUT price=49.4800 qty=4 size=0.8000x score=82(CONV) | WHY: strongBreakout volBreakout retestOK multiUp vol(1.67x) | VWAP: 0.21%(ABOVE slope=UP) | TREND: score=2 vel=0.02%/0.00%/0.14% | VOL: 63118038.0000/37864836.9500 TO: 3123080520.2400/1870735809.8174 | entryNo=2
2026-05-05 17:01:05 INFO  BUY [US] SOXL mode=VOLUME_BREAKOUT price=130.1600 qty=2 size=1.0000x score=95(CONV) | WHY: strongBreakout volBreakout retestOK multiUp vol(19.77x) | VWAP: 2.04%(ABOVE slope=UP) | TREND: score=3 vel=2.04%/2.04%/2.04% | VOL: 37642.0000/1904.0000 TO: 4899106.3000/247795.7450 | entryNo=1
2026-05-05 17:01:05 WARN  BUY pending timeout cleared for IREN
2026-05-05 17:01:05 INFO  BUY [US] IREN mode=VOLUME_BREAKOUT price=50.0000 qty=6 size=1.0000x score=105(CONV) | WHY: strongBreakout volBreakout retestOK multiUp vol(20.00x) | VWAP: 0.00%(ABOVE slope=UP) | TREND: score=3 vel=1.25%/1.25%/1.25% | VOL: 25852.0000/1292.6500 TO: 1295185.2000/64761.7623 | entryNo=1
2026-05-05 17:01:20 INFO  BUY [US] TSLL mode=VOLUME_BREAKOUT price=13.2200 qty=22 size=1.0000x score=95(CONV) | WHY: strongBreakout volBreakout retestOK multiUp vol(20.00x) | VWAP: 0.00%(ABOVE slope=UP) | TREND: score=3 vel=0.30%/0.30%/0.30% | VOL: 226335.0000/11319.3500 TO: 2992148.7000/149641.6770 | entryNo=1
2026-05-05 17:03:08 WARN  BUY pending timeout cleared for HOOD
2026-05-05 17:03:08 INFO  BUY [US] IBIT mode=VOLUME_BREAKOUT price=45.8700 qty=6 size=1.0000x score=95(CONV) | WHY: strongBreakout volBreakout retestOK multiUp vol(10.11x) | VWAP: 0.01%(ABOVE slope=UP) | TREND: score=3 vel=0.02%/0.02%/1.04% | VOL: 47805.0000/4729.6500 TO: 2192815.3500/216925.6514 | entryNo=1
2026-05-05 17:03:23 INFO  BUY [US] HOOD mode=VOLUME_BREAKOUT price=77.9700 qty=3 size=1.0000x score=95(CONV) | WHY: strongBreakout volBreakout retestOK multiUp vol(9.60x) | VWAP: 0.10%(ABOVE slope=UP) | TREND: score=3 vel=0.14%/1.85%/1.85% | VOL: 52244.0000/5444.9000 TO: 4073464.6800/424134.1510 | entryNo=1
2026-05-05 17:06:06 WARN  BUY pending timeout cleared for NVDL
2026-05-05 17:06:06 INFO  BUY [US] NVDL mode=VOLUME_BREAKOUT price=92.7500 qty=3 size=1.0000x score=95(CONV) | WHY: strongBreakout volBreakout retestOK multiUp vol(7.23x) | VWAP: 0.17%(ABOVE slope=UP) | TREND: score=3 vel=0.13%/0.19%/0.27% | VOL: 12975.0000/1795.4500 TO: 1203431.2500/166251.4855 | entryNo=1
2026-05-05 17:06:06 INFO  BUY [US] AXTI mode=VOLUME_BREAKOUT price=107.9700 qty=2 size=1.0000x score=95(CONV) | WHY: strongBreakout volBreakout retestOK multiUp vol(6.90x) | VWAP: 0.27%(ABOVE slope=UP) | TREND: score=3 vel=0.25%/0.01%/0.89% | VOL: 21326.0000/3090.4500 TO: 2302568.2200/332788.3365 | entryNo=1
2026-05-05 17:07:07 INFO  BUY [US] ETHU mode=VOLUME_BREAKOUT price=28.1800 qty=8 size=0.8000x score=95(CONV) | WHY: strongBreakout volBreakout retestOK multiUp vol(2.29x) | VWAP: 0.04%(ABOVE slope=UP) | TREND: score=3 vel=0.07%/0.07%/0.11% | VOL: 9043.0000/3946.8500 TO: 254831.7400/111173.5569 | entryNo=1
2026-05-05 17:08:08 INFO  BUY [US] EBAY mode=VOLUME_BREAKOUT price=109.2900 qty=2 size=1.0000x score=87(CONV) | WHY: strongBreakout volBreakout retestOK multiUp vol(8.15x) | VWAP: 0.07%(ABOVE slope=UP) | TREND: score=3 vel=0.05%/0.05%/0.05% | VOL: 5254.0000/644.5500 TO: 574209.6600/70396.3630 | entryNo=1
2026-05-05 17:09:09 INFO  BUY [US] SMU mode=VOLUME_BREAKOUT price=15.5700 qty=19 size=1.0000x score=105(CONV) | WHY: strongBreakout volBreakout retestOK multiUp vol(11.24x) | VWAP: 0.35%(ABOVE slope=UP) | TREND: score=3 vel=0.82%/0.82%/0.82% | VOL: 4949.0000/440.4000 TO: 77039.1034/6831.6427 | entryNo=1
2026-05-05 17:13:08 INFO  BUY [US] PLTR mode=VOLUME_BREAKOUT price=142.9300 qty=2 size=1.0000x score=95(CONV) | WHY: strongBreakout volBreakout retestOK multiUp vol(2.90x) | VWAP: 0.05%(ABOVE slope=UP) | TREND: score=3 vel=0.10%/0.12%/0.24% | VOL: 128832.0000/44437.1500 TO: 18413957.7600/6347956.2513 | entryNo=1
2026-05-05 17:20:05 INFO  BUY [US] SMCX mode=VOLUME_BREAKOUT price=12.1900 qty=24 size=1.0000x score=95(CONV) | WHY: strongBreakout volBreakout retestOK multiUp vol(3.05x) | VWAP: 0.24%(ABOVE slope=UP) | TREND: score=3 vel=0.08%/0.08%/0.08% | VOL: 3360.0000/1103.4000 TO: 40958.4000/13418.6320 | entryNo=1
2026-05-05 17:49:05 WARN  BUY pending timeout cleared for NVDL
2026-05-05 17:49:05 INFO  BUY [US] NVDL mode=BREAKOUT price=92.5300 qty=2 size=0.8000x score=85(CONV) | WHY: strongBreakout retestOK multiUp vol(1.53x) | VWAP: 0.09%(ABOVE slope=UP) | TREND: score=3 vel=0.06%/0.08%/0.16% | VOL: 20167.0000/13173.4000 TO: 1867060.8600/1218507.9187 | entryNo=2
2026-05-05 18:01:07 INFO  BUY [US] SQQQ mode=VOLUME_BREAKOUT price=49.7600 qty=6 size=1.0000x score=95(CONV) | WHY: strongBreakout volBreakout retestOK multiUp vol(3.00x) | VWAP: 0.03%(ABOVE slope=UP) | TREND: score=3 vel=0.08%/0.04%/0.06% | VOL: 447729.0000/149213.1000 TO: 22278995.0400/7419392.2616 | entryNo=1
2026-05-05 18:34:06 WARN  BUY pending timeout cleared for HOOD
2026-05-05 18:34:06 INFO  BUY [US] HOOD mode=BREAKOUT price=78.3400 qty=3 size=0.8000x score=85(CONV) | WHY: strongBreakout retestOK multiUp vol(1.58x) | VWAP: 0.34%(ABOVE slope=UP) | TREND: score=3 vel=0.10%/0.11%/0.12% | VOL: 105345.0000/66696.9500 TO: 8251673.8500/5215974.2459 | entryNo=2
2026-05-05 19:19:06 WARN  BUY pending timeout cleared for IBIT
2026-05-05 19:19:06 INFO  BUY [US] IBIT mode=VOLUME_BREAKOUT price=45.7600 qty=6 size=1.0000x score=82(CONV) | WHY: strongBreakout volBreakout retestOK multiUp vol(2.55x) | VWAP: 0.04%(ABOVE slope=UP) | TREND: score=2 vel=0.02%/0.07%/0.00% | VOL: 153920.0000/60463.0500 TO: 7043379.2000/2763873.7160 | entryNo=2
2026-05-05 19:21:09 WARN  BUY pending timeout cleared for TSLL
2026-05-05 19:21:09 INFO  BUY [US] TSLL mode=BREAKOUT price=13.2300 qty=18 size=0.8000x score=85(CONV) | WHY: strongBreakout retestOK multiUp vol(1.56x) | VWAP: 0.03%(ABOVE slope=UP) | TREND: score=3 vel=0.08%/0.08%/0.08% | VOL: 594687.0000/381088.3000 TO: 7867709.0100/5039483.1547 | entryNo=2
2026-05-05 19:56:09 WARN  BUY pending timeout cleared for SQQQ
2026-05-05 19:56:09 INFO  BUY [US] SQQQ mode=VOLUME_BREAKOUT price=49.7200 qty=6 size=1.0000x score=82(CONV) | WHY: strongBreakout volBreakout retestOK multiUp vol(3.22x) | VWAP: 0.04%(ABOVE slope=UP) | TREND: score=2 vel=0.02%/0.00%/0.06% | VOL: 1249170.0000/388453.3500 TO: 62108732.4000/19298317.2887 | entryNo=2
2026-05-05 20:35:05 WARN  BUY pending timeout cleared for ETHU
2026-05-05 20:35:05 INFO  BUY [US] ETHU mode=BREAKOUT price=28.1100 qty=8 size=0.8000x score=85(CONV) | WHY: strongBreakout retestOK multiUp vol(1.57x) | VWAP: 0.50%(ABOVE slope=UP) | TREND: score=3 vel=0.20%/0.18%/0.07% | VOL: 91000.0000/57842.7500 TO: 2558010.0000/1621852.7043 | entryNo=2
2026-05-05 20:36:06 WARN  BUY pending timeout cleared for EBAY
2026-05-05 20:36:06 INFO  BUY [US] EBAY mode=VOLUME_BREAKOUT price=108.9400 qty=2 size=0.8000x score=90(CONV) | WHY: strongBreakout volBreakout retestOK multiUp vol(1.68x) | VWAP: 0.15%(ABOVE slope=UP) | TREND: score=2 vel=0.07%/0.29%/-0.01% | VOL: 8319.0000/4944.5000 TO: 906271.8600/537639.3774 | entryNo=2
2026-05-05 20:57:07 WARN  BUY pending timeout cleared for SMU
2026-05-05 20:57:07 INFO  BUY [US] SMU mode=VOLUME_BREAKOUT price=15.6000 qty=15 size=0.8000x score=90(CONV) | WHY: strongBreakout volBreakout retestOK multiUp vol(2.18x) | VWAP: 0.21%(ABOVE slope=UP) | TREND: score=2 vel=0.24%/0.24%/-0.05% | VOL: 15571.0000/7147.9500 TO: 242907.6000/111595.6995 | entryNo=2
2026-05-05 23:36:06 WARN  BUY pending timeout cleared for SMCX
2026-05-05 23:36:06 INFO  BUY [US] SMCX mode=BREAKOUT price=11.9600 qty=20 size=0.8000x score=85(CONV) | WHY: strongBreakout retestOK multiUp vol(1.57x) | VWAP: 0.44%(ABOVE slope=UP) | TREND: score=3 vel=0.89%/0.39%/0.72% | VOL: 537881.0000/341517.3500 TO: 6430367.3550/4042442.7368 | entryNo=2
2026-05-05 23:36:07 INFO  BUY_FILLED SMCX phase=HOLDING
2026-05-05 23:36:11 INFO  BUY_FILLED SMCX phase=HOLDING
2026-05-05 23:36:16 INFO  BUY_FILLED SMCX phase=HOLDING
2026-05-05 23:36:21 INFO  BUY_FILLED SMCX phase=HOLDING
2026-05-05 23:36:26 INFO  BUY_FILLED SMCX phase=HOLDING
2026-05-05 23:36:31 INFO  BUY_FILLED SMCX phase=HOLDING
2026-05-05 23:36:37 INFO  BUY_FILLED SMCX phase=HOLDING
2026-05-05 23:36:42 INFO  BUY_FILLED SMCX phase=HOLDING
2026-05-05 23:36:47 INFO  BUY_FILLED SMCX phase=HOLDING
2026-05-05 23:36:52 INFO  BUY_FILLED SMCX phase=HOLDING
2026-05-05 23:36:57 INFO  BUY_FILLED SMCX phase=HOLDING
2026-05-05 23:37:02 INFO  BUY_FILLED SMCX phase=HOLDING
2026-05-05 23:37:07 INFO  BUY_FILLED SMCX phase=HOLDING
2026-05-05 23:37:12 INFO  BUY_FILLED SMCX phase=HOLDING
2026-05-05 23:37:17 INFO  BUY_FILLED SMCX phase=HOLDING
2026-05-05 23:37:22 INFO  BUY_FILLED SMCX phase=HOLDING
2026-05-05 23:37:28 INFO  BUY_FILLED SMCX phase=HOLDING
2026-05-05 23:37:33 INFO  BUY_FILLED SMCX phase=HOLDING
2026-05-05 23:37:38 INFO  BUY_FILLED SMCX phase=HOLDING
2026-05-05 23:37:43 INFO  BUY_FILLED SMCX phase=HOLDING
2026-05-05 23:37:48 INFO  BUY_FILLED SMCX phase=HOLDING
2026-05-05 23:37:53 INFO  BUY_FILLED SMCX phase=HOLDING
2026-05-05 23:37:58 INFO  BUY_FILLED SMCX phase=HOLDING
2026-05-05 23:38:03 INFO  BUY_FILLED SMCX phase=HOLDING
2026-05-05 23:38:08 INFO  BUY_FILLED SMCX phase=HOLDING
2026-05-05 23:38:13 INFO  BUY_FILLED SMCX phase=HOLDING
2026-05-05 23:38:18 INFO  BUY_FILLED SMCX phase=HOLDING
2026-05-05 23:38:23 INFO  BUY_FILLED SMCX phase=HOLDING
2026-05-05 23:38:29 INFO  BUY_FILLED SMCX phase=HOLDING
2026-05-05 23:38:34 INFO  BUY_FILLED SMCX phase=HOLDING
2026-05-05 23:38:39 INFO  BUY_FILLED SMCX phase=HOLDING
2026-05-05 23:38:44 INFO  BUY_FILLED SMCX phase=HOLDING
2026-05-05 23:38:49 INFO  BUY_FILLED SMCX phase=HOLDING
2026-05-05 23:38:54 INFO  BUY_FILLED SMCX phase=HOLDING
2026-05-05 23:38:59 INFO  BUY_FILLED SMCX phase=HOLDING
2026-05-05 23:39:04 INFO  BUY_FILLED SMCX phase=HOLDING
2026-05-05 23:39:09 INFO  BUY_FILLED SMCX phase=HOLDING
2026-05-05 23:39:19 INFO  BUY_FILLED SMCX phase=HOLDING
2026-05-05 23:39:24 INFO  BUY_FILLED SMCX phase=HOLDING
2026-05-05 23:39:30 INFO  BUY_FILLED SMCX phase=HOLDING
2026-05-05 23:39:35 INFO  BUY_FILLED SMCX phase=HOLDING
2026-05-05 23:39:40 INFO  BUY_FILLED SMCX phase=HOLDING
2026-05-05 23:39:45 INFO  BUY_FILLED SMCX phase=HOLDING
2026-05-05 23:39:50 INFO  BUY_FILLED SMCX phase=HOLDING
2026-05-05 23:39:55 INFO  BUY_FILLED SMCX phase=HOLDING
2026-05-05 23:40:00 INFO  BUY_FILLED SMCX phase=HOLDING
2026-05-05 23:40:05 INFO  BUY_FILLED SMCX phase=HOLDING
2026-05-05 23:40:10 INFO  BUY_FILLED SMCX phase=HOLDING
2026-05-05 23:40:15 INFO  BUY_FILLED SMCX phase=HOLDING
2026-05-05 23:40:20 INFO  BUY_FILLED SMCX phase=HOLDING
2026-05-05 23:40:25 INFO  BUY_FILLED SMCX phase=HOLDING
2026-05-05 23:40:31 INFO  BUY_FILLED SMCX phase=HOLDING
2026-05-05 23:40:36 INFO  BUY_FILLED SMCX phase=HOLDING
2026-05-05 23:40:41 INFO  BUY_FILLED SMCX phase=HOLDING
2026-05-05 23:40:46 INFO  BUY_FILLED SMCX phase=HOLDING
2026-05-05 23:40:51 INFO  BUY_FILLED SMCX phase=HOLDING
2026-05-05 23:40:56 INFO  BUY_FILLED SMCX phase=HOLDING
2026-05-05 23:41:01 INFO  BUY_FILLED SMCX phase=HOLDING
2026-05-05 23:41:06 INFO  BUY_FILLED SMCX phase=HOLDING
2026-05-05 23:41:11 INFO  BUY_FILLED SMCX phase=HOLDING
2026-05-05 23:41:11 INFO  SELL_EXECUTED [US] SMCX mode=BREAKOUT phase=EXITING exitType=TIMESTOP price=11.8500 qty=20 reason=TIME_STOP_SOFT pnl=-0.92% peakPnl=-0.04% holdMs=304506 high=11.9550 avgPrice=11.9600 weightedPnl=-0.73% dailyPnl=-0.73%
2026-05-05 23:41:11 WARN  SELL_REJECTED SMCX reason=TIME_STOP_SOFT rolledBack=partialDone:false phase=HOLDING
2026-05-05 23:41:16 INFO  BUY_FILLED SMCX phase=HOLDING
2026-05-05 23:41:16 INFO  SELL_EXECUTED [US] SMCX mode=BREAKOUT phase=EXITING exitType=TIMESTOP price=11.8400 qty=20 reason=TIME_STOP_SOFT pnl=-1.00% peakPnl=-0.04% holdMs=309641 high=11.9550 avgPrice=11.9600 weightedPnl=-0.80% dailyPnl=-0.80%
2026-05-05 23:41:22 INFO  BUY_FILLED SMCX phase=HOLDING
2026-05-05 23:41:27 INFO  BUY_FILLED SMCX phase=HOLDING
2026-05-05 23:41:32 INFO  BUY_FILLED SMCX phase=HOLDING
2026-05-05 23:41:32 WARN  SELL pending timeout cleared for SMCX
2026-05-05 23:41:32 INFO  SELL_EXECUTED [US] SMCX mode=BREAKOUT phase=EXITING exitType=TIMESTOP price=11.8750 qty=20 reason=TIME_STOP_SOFT pnl=-0.71% peakPnl=-0.04% holdMs=324846 high=11.9550 avgPrice=11.9600 weightedPnl=-0.57% dailyPnl=-0.57%
2026-05-05 23:41:37 INFO  BUY_FILLED SMCX phase=HOLDING
2026-05-05 23:41:42 INFO  BUY_FILLED SMCX phase=HOLDING
2026-05-05 23:41:47 INFO  BUY_FILLED SMCX phase=HOLDING
2026-05-05 23:41:47 WARN  SELL pending timeout cleared for SMCX
2026-05-05 23:41:47 INFO  SELL_EXECUTED [US] SMCX mode=BREAKOUT phase=EXITING exitType=TIMESTOP price=11.8750 qty=20 reason=TIME_STOP_SOFT pnl=-0.71% peakPnl=-0.04% holdMs=340085 high=11.9550 avgPrice=11.9600 weightedPnl=-0.57% dailyPnl=-0.57%
2026-05-05 23:41:50 WARN  SELL_REJECTED SMCX reason=TIME_STOP_SOFT rolledBack=partialDone:false phase=HOLDING
2026-05-05 23:41:52 INFO  BUY_FILLED SMCX phase=HOLDING
2026-05-05 23:41:57 INFO  BUY_FILLED SMCX phase=HOLDING
2026-05-05 23:41:57 INFO  SELL_EXECUTED [US] SMCX mode=BREAKOUT phase=EXITING exitType=TIMESTOP price=11.8750 qty=20 reason=TIME_STOP_SOFT pnl=-0.71% peakPnl=-0.04% holdMs=350340 high=11.9550 avgPrice=11.9600 weightedPnl=-0.57% dailyPnl=-0.57%
2026-05-05 23:41:57 WARN  SELL_REJECTED SMCX reason=TIME_STOP_SOFT rolledBack=partialDone:false phase=HOLDING
2026-05-05 23:42:02 INFO  BUY_FILLED SMCX phase=HOLDING
2026-05-05 23:42:02 INFO  SELL_EXECUTED [US] SMCX mode=BREAKOUT phase=EXITING exitType=TIMESTOP price=11.8750 qty=20 reason=TIME_STOP_SOFT pnl=-0.71% peakPnl=-0.04% holdMs=355537 high=11.9550 avgPrice=11.9600 weightedPnl=-0.57% dailyPnl=-0.57%
2026-05-05 23:42:07 INFO  BUY_FILLED SMCX phase=HOLDING
2026-05-05 23:42:12 INFO  BUY_FILLED SMCX phase=HOLDING
2026-05-05 23:42:18 INFO  BUY_FILLED SMCX phase=HOLDING
2026-05-05 23:42:18 WARN  SELL pending timeout cleared for SMCX
2026-05-05 23:42:18 INFO  SELL_EXECUTED [US] SMCX mode=BREAKOUT phase=EXITING exitType=TIMESTOP price=11.8897 qty=20 reason=TIME_STOP_SOFT pnl=-0.59% peakPnl=-0.04% holdMs=370762 high=11.9550 avgPrice=11.9600 weightedPnl=-0.47% dailyPnl=-0.47%
2026-05-05 23:42:23 INFO  BUY_FILLED SMCX phase=HOLDING
2026-05-05 23:42:28 INFO  BUY_FILLED SMCX phase=HOLDING
2026-05-05 23:42:33 INFO  BUY_FILLED SMCX phase=HOLDING
2026-05-05 23:42:33 WARN  SELL pending timeout cleared for SMCX
2026-05-05 23:42:33 INFO  SELL_EXECUTED [US] SMCX mode=BREAKOUT phase=EXITING exitType=TIMESTOP price=11.8800 qty=20 reason=TIME_STOP_SOFT pnl=-0.67% peakPnl=-0.04% holdMs=385993 high=11.9550 avgPrice=11.9600 weightedPnl=-0.53% dailyPnl=-0.53%
2026-05-05 23:42:33 WARN  SELL_REJECTED SMCX reason=TIME_STOP_SOFT rolledBack=partialDone:false phase=HOLDING
2026-05-05 23:42:38 INFO  BUY_FILLED SMCX phase=HOLDING
2026-05-05 23:42:38 INFO  SELL_EXECUTED [US] SMCX mode=BREAKOUT phase=EXITING exitType=TIMESTOP price=11.8800 qty=20 reason=TIME_STOP_SOFT pnl=-0.67% peakPnl=-0.04% holdMs=391155 high=11.9550 avgPrice=11.9600 weightedPnl=-0.53% dailyPnl=-0.53%
2026-05-05 23:42:43 INFO  BUY_FILLED SMCX phase=HOLDING
