2026-05-02 00:00:04 INFO  BUY_FILLED BAIG phase=HOLDING
2026-05-02 00:00:09 INFO  BUY_FILLED BAIG phase=HOLDING
2026-05-02 00:00:14 INFO  BUY_FILLED BAIG phase=HOLDING
2026-05-02 00:00:19 INFO  BUY_FILLED BAIG phase=HOLDING
2026-05-02 00:00:24 INFO  BUY_FILLED BAIG phase=HOLDING
2026-05-02 00:00:29 INFO  BUY_FILLED BAIG phase=HOLDING
2026-05-02 00:00:34 INFO  BUY_FILLED BAIG phase=HOLDING
2026-05-02 00:00:39 INFO  BUY_FILLED BAIG phase=HOLDING
2026-05-02 00:00:44 INFO  BUY_FILLED BAIG phase=HOLDING
2026-05-02 00:00:50 INFO  BUY_FILLED BAIG phase=HOLDING
2026-05-02 00:00:55 INFO  BUY_FILLED BAIG phase=HOLDING
2026-05-02 00:01:00 INFO  BUY_FILLED BAIG phase=HOLDING
2026-05-02 00:01:05 INFO  BUY_FILLED BAIG phase=HOLDING
2026-05-02 00:01:05 INFO  SELL_EXECUTED [US] BAIG mode=VOLUME_BREAKOUT phase=EXITING exitType=TIMESTOP price=3.4300 qty=70 reason=TIME_STOP_HARD pnl=0.88% peakPnl=0.88% holdMs=600195 high=3.4300 avgPrice=3.4000 weightedPnl=0.70% dailyPnl=1.12%
2026-05-02 00:01:08 WARN  SELL_REJECTED BAIG reason=TIME_STOP_HARD rolledBack=partialDone:false phase=HOLDING
2026-05-02 00:01:10 INFO  BUY_FILLED BAIG phase=HOLDING
2026-05-02 00:01:15 INFO  BUY_FILLED BAIG phase=HOLDING
2026-05-02 00:01:15 INFO  SELL_EXECUTED [US] BAIG mode=VOLUME_BREAKOUT phase=EXITING exitType=TIMESTOP price=3.4300 qty=70 reason=TIME_STOP_HARD pnl=0.88% peakPnl=0.88% holdMs=610342 high=3.4300 avgPrice=3.4000 weightedPnl=0.70% dailyPnl=1.12%
2026-05-02 00:01:15 WARN  SELL_REJECTED BAIG reason=TIME_STOP_HARD rolledBack=partialDone:false phase=HOLDING
2026-05-02 00:01:20 INFO  BUY_FILLED BAIG phase=HOLDING
2026-05-02 00:01:20 INFO  SELL_EXECUTED [US] BAIG mode=VOLUME_BREAKOUT phase=EXITING exitType=TIMESTOP price=3.4300 qty=70 reason=TIME_STOP_HARD pnl=0.88% peakPnl=0.88% holdMs=615666 high=3.4300 avgPrice=3.4000 weightedPnl=0.70% dailyPnl=1.12%
2026-05-02 00:01:25 INFO  BUY_FILLED BAIG phase=HOLDING
2026-05-02 00:01:30 INFO  BUY_FILLED BAIG phase=HOLDING
2026-05-02 00:01:35 INFO  BUY_FILLED BAIG phase=HOLDING
2026-05-02 00:01:35 WARN  SELL pending timeout cleared for BAIG
2026-05-02 00:01:35 INFO  SELL_EXECUTED [US] BAIG mode=VOLUME_BREAKOUT phase=EXITING exitType=TIMESTOP price=3.4300 qty=70 reason=TIME_STOP_HARD pnl=0.88% peakPnl=0.88% holdMs=630893 high=3.4300 avgPrice=3.4000 weightedPnl=0.70% dailyPnl=1.12%
2026-05-02 00:01:41 INFO  BUY_FILLED BAIG phase=HOLDING
2026-05-02 00:01:46 INFO  BUY_FILLED BAIG phase=HOLDING
2026-05-02 00:09:13 WARN  BUY pending timeout cleared for SMCX
2026-05-02 00:57:08 WARN  BUY_SKIP [US] SOXL reason=AMOUNT_TOO_SMALL amount=300.0000 size=0.8000x price=128.3400
2026-05-02 00:57:23 WARN  BUY_SKIP [US] SOXL reason=AMOUNT_TOO_SMALL amount=300.0000 size=0.8000x price=128.2500
2026-05-02 01:30:21 INFO  BUY [US] META mode=VOLUME_BREAKOUT price=612.2000 qty=4 size=1.0000x score=85(CONV) | WHY: strongBreakout volBreakout retestOK multiUp vol(2.56x) | VWAP: 0.08%(ABOVE slope=UP) | TREND: score=2 vel=0.06%/0.08%/-0.06% | VOL: 7343617.0000/2866814.2500 TO: 4495578736.9750/1753312356.9225 | entryNo=2
2026-05-02 01:30:21 WARN  BUY_REJECTED META phase=NONE
2026-05-02 02:03:05 WARN  BUY pending timeout cleared for NVDL
2026-05-02 02:03:05 INFO  BUY [US] NVDL mode=VOLUME_BREAKOUT price=93.0300 qty=2 size=0.8000x score=90(CONV) | WHY: strongBreakout volBreakout retestOK multiUp vol(2.01x) | VWAP: 0.16%(ABOVE slope=UP) | TREND: score=2 vel=0.12%/0.17%/0.00% | VOL: 3248404.0000/1614088.2000 TO: 302199024.1200/149853748.5761 | entryNo=2
2026-05-02 02:03:06 INFO  BUY_FILLED NVDL phase=HOLDING
2026-05-02 02:03:10 INFO  BUY_FILLED NVDL phase=HOLDING
2026-05-02 02:03:15 INFO  BUY_FILLED NVDL phase=HOLDING
2026-05-02 02:03:25 INFO  BUY_FILLED NVDL phase=HOLDING
2026-05-02 02:03:30 INFO  BUY_FILLED NVDL phase=HOLDING
2026-05-02 02:03:35 INFO  BUY_FILLED NVDL phase=HOLDING
2026-05-02 02:03:40 INFO  BUY_FILLED NVDL phase=HOLDING
2026-05-02 02:03:46 INFO  BUY_FILLED NVDL phase=HOLDING
2026-05-02 02:03:51 INFO  BUY_FILLED NVDL phase=HOLDING
2026-05-02 02:03:56 INFO  BUY_FILLED NVDL phase=HOLDING
2026-05-02 02:04:01 INFO  BUY_FILLED NVDL phase=HOLDING
2026-05-02 02:04:06 INFO  BUY_FILLED NVDL phase=HOLDING
2026-05-02 02:04:11 INFO  BUY_FILLED NVDL phase=HOLDING
2026-05-02 02:04:16 INFO  BUY_FILLED NVDL phase=HOLDING
2026-05-02 02:04:21 INFO  BUY_FILLED NVDL phase=HOLDING
2026-05-02 02:04:31 INFO  BUY_FILLED NVDL phase=HOLDING
2026-05-02 02:04:36 INFO  BUY_FILLED NVDL phase=HOLDING
2026-05-02 02:04:42 INFO  BUY_FILLED NVDL phase=HOLDING
2026-05-02 02:04:47 INFO  BUY_FILLED NVDL phase=HOLDING
2026-05-02 02:04:52 INFO  BUY_FILLED NVDL phase=HOLDING
2026-05-02 02:04:57 INFO  BUY_FILLED NVDL phase=HOLDING
2026-05-02 02:05:02 INFO  BUY_FILLED NVDL phase=HOLDING
2026-05-02 02:05:07 INFO  BUY_FILLED NVDL phase=HOLDING
2026-05-02 02:05:12 INFO  BUY_FILLED NVDL phase=HOLDING
2026-05-02 02:05:17 INFO  BUY_FILLED NVDL phase=HOLDING
2026-05-02 02:05:22 INFO  BUY_FILLED NVDL phase=HOLDING
2026-05-02 02:05:27 INFO  BUY_FILLED NVDL phase=HOLDING
2026-05-02 02:05:32 INFO  BUY_FILLED NVDL phase=HOLDING
2026-05-02 02:05:37 INFO  BUY_FILLED NVDL phase=HOLDING
2026-05-02 02:05:43 INFO  BUY_FILLED NVDL phase=HOLDING
2026-05-02 02:05:48 INFO  BUY_FILLED NVDL phase=HOLDING
2026-05-02 02:05:53 INFO  BUY_FILLED NVDL phase=HOLDING
2026-05-02 02:05:58 INFO  BUY_FILLED NVDL phase=HOLDING
2026-05-02 02:06:03 INFO  BUY_FILLED NVDL phase=HOLDING
2026-05-02 02:06:08 INFO  BUY_FILLED NVDL phase=HOLDING
2026-05-02 02:06:13 INFO  BUY_FILLED NVDL phase=HOLDING
2026-05-02 02:06:18 INFO  BUY_FILLED NVDL phase=HOLDING
2026-05-02 02:06:23 INFO  BUY_FILLED NVDL phase=HOLDING
2026-05-02 02:06:28 INFO  BUY_FILLED NVDL phase=HOLDING
2026-05-02 02:06:33 INFO  BUY_FILLED NVDL phase=HOLDING
2026-05-02 02:06:38 INFO  BUY_FILLED NVDL phase=HOLDING
2026-05-02 02:06:44 INFO  BUY_FILLED NVDL phase=HOLDING
2026-05-02 02:06:49 INFO  BUY_FILLED NVDL phase=HOLDING
2026-05-02 02:06:54 INFO  BUY_FILLED NVDL phase=HOLDING
2026-05-02 02:06:59 INFO  BUY_FILLED NVDL phase=HOLDING
2026-05-02 02:07:04 INFO  BUY_FILLED NVDL phase=HOLDING
2026-05-02 02:07:09 INFO  BUY_FILLED NVDL phase=HOLDING
2026-05-02 02:07:14 INFO  BUY_FILLED NVDL phase=HOLDING
2026-05-02 02:07:19 INFO  BUY_FILLED NVDL phase=HOLDING
2026-05-02 02:07:24 INFO  BUY_FILLED NVDL phase=HOLDING
2026-05-02 02:07:29 INFO  BUY_FILLED NVDL phase=HOLDING
2026-05-02 02:07:34 INFO  BUY_FILLED NVDL phase=HOLDING
2026-05-02 02:07:40 INFO  BUY_FILLED NVDL phase=HOLDING
2026-05-02 02:07:45 INFO  BUY_FILLED NVDL phase=HOLDING
2026-05-02 02:07:50 INFO  BUY_FILLED NVDL phase=HOLDING
2026-05-02 02:07:55 INFO  BUY_FILLED NVDL phase=HOLDING
2026-05-02 02:08:00 INFO  BUY_FILLED NVDL phase=HOLDING
2026-05-02 02:08:05 INFO  BUY_FILLED NVDL phase=HOLDING
2026-05-02 02:08:10 INFO  BUY_FILLED NVDL phase=HOLDING
2026-05-02 02:08:15 INFO  BUY_FILLED NVDL phase=HOLDING
2026-05-02 02:08:20 INFO  BUY_FILLED NVDL phase=HOLDING
2026-05-02 02:08:25 INFO  BUY_FILLED NVDL phase=HOLDING
2026-05-02 02:08:30 INFO  BUY_FILLED NVDL phase=HOLDING
2026-05-02 02:08:35 INFO  BUY_FILLED NVDL phase=HOLDING
2026-05-02 02:08:41 INFO  BUY_FILLED NVDL phase=HOLDING
2026-05-02 02:08:46 INFO  BUY_FILLED NVDL phase=HOLDING
2026-05-02 02:08:51 INFO  BUY_FILLED NVDL phase=HOLDING
2026-05-02 02:08:56 INFO  BUY_FILLED NVDL phase=HOLDING
2026-05-02 02:09:01 INFO  BUY_FILLED NVDL phase=HOLDING
2026-05-02 02:09:06 INFO  BUY_FILLED NVDL phase=HOLDING
2026-05-02 02:09:11 INFO  BUY_FILLED NVDL phase=HOLDING
2026-05-02 02:09:16 INFO  BUY_FILLED NVDL phase=HOLDING
2026-05-02 02:09:21 INFO  BUY_FILLED NVDL phase=HOLDING
2026-05-02 02:09:26 INFO  BUY_FILLED NVDL phase=HOLDING
2026-05-02 02:09:31 INFO  BUY_FILLED NVDL phase=HOLDING
2026-05-02 02:09:37 INFO  BUY_FILLED NVDL phase=HOLDING
2026-05-02 02:09:42 INFO  BUY_FILLED NVDL phase=HOLDING
2026-05-02 02:09:47 INFO  BUY_FILLED NVDL phase=HOLDING
2026-05-02 02:09:52 INFO  BUY_FILLED NVDL phase=HOLDING
2026-05-02 02:09:57 INFO  BUY_FILLED NVDL phase=HOLDING
2026-05-02 02:10:02 INFO  BUY_FILLED NVDL phase=HOLDING
2026-05-02 02:10:07 INFO  BUY_FILLED NVDL phase=HOLDING
2026-05-02 02:10:12 INFO  BUY_FILLED NVDL phase=HOLDING
2026-05-02 02:10:17 INFO  BUY_FILLED NVDL phase=HOLDING
2026-05-02 02:10:22 INFO  BUY_FILLED NVDL phase=HOLDING
2026-05-02 02:10:27 INFO  BUY_FILLED NVDL phase=HOLDING
2026-05-02 02:10:33 INFO  BUY_FILLED NVDL phase=HOLDING
2026-05-02 02:10:38 INFO  BUY_FILLED NVDL phase=HOLDING
2026-05-02 02:10:43 INFO  BUY_FILLED NVDL phase=HOLDING
2026-05-02 02:10:48 INFO  BUY_FILLED NVDL phase=HOLDING
2026-05-02 02:10:58 INFO  BUY_FILLED NVDL phase=HOLDING
2026-05-02 02:11:03 INFO  BUY_FILLED NVDL phase=HOLDING
2026-05-02 02:11:08 INFO  BUY_FILLED NVDL phase=HOLDING
2026-05-02 02:11:13 INFO  BUY_FILLED NVDL phase=HOLDING
2026-05-02 02:11:18 INFO  BUY_FILLED NVDL phase=HOLDING
2026-05-02 02:11:23 INFO  BUY_FILLED NVDL phase=HOLDING
2026-05-02 02:11:28 INFO  BUY_FILLED NVDL phase=HOLDING
2026-05-02 02:11:34 INFO  BUY_FILLED NVDL phase=HOLDING
2026-05-02 02:11:39 INFO  BUY_FILLED NVDL phase=HOLDING
2026-05-02 02:11:44 INFO  BUY_FILLED NVDL phase=HOLDING
2026-05-02 02:11:49 INFO  BUY_FILLED NVDL phase=HOLDING
2026-05-02 02:11:54 INFO  BUY_FILLED NVDL phase=HOLDING
2026-05-02 02:11:59 INFO  BUY_FILLED NVDL phase=HOLDING
2026-05-02 02:12:04 INFO  BUY_FILLED NVDL phase=HOLDING
2026-05-02 02:12:09 INFO  BUY_FILLED NVDL phase=HOLDING
2026-05-02 02:12:19 INFO  BUY_FILLED NVDL phase=HOLDING
2026-05-02 02:12:24 INFO  BUY_FILLED NVDL phase=HOLDING
2026-05-02 02:12:30 INFO  BUY_FILLED NVDL phase=HOLDING
2026-05-02 02:12:35 INFO  BUY_FILLED NVDL phase=HOLDING
2026-05-02 02:12:40 INFO  BUY_FILLED NVDL phase=HOLDING
2026-05-02 02:12:45 INFO  BUY_FILLED NVDL phase=HOLDING
2026-05-02 02:12:50 INFO  BUY_FILLED NVDL phase=HOLDING
2026-05-02 02:12:55 INFO  BUY_FILLED NVDL phase=HOLDING
2026-05-02 02:13:00 INFO  BUY_FILLED NVDL phase=HOLDING
2026-05-02 02:13:05 INFO  BUY_FILLED NVDL phase=HOLDING
2026-05-02 02:13:10 INFO  BUY_FILLED NVDL phase=HOLDING
2026-05-02 02:13:10 INFO  SELL_EXECUTED [US] NVDL mode=VOLUME_BREAKOUT phase=EXITING exitType=TIMESTOP price=93.4300 qty=2 reason=TIME_STOP_HARD pnl=0.44% peakPnl=0.61% holdMs=604588 high=93.5891 avgPrice=93.0200 weightedPnl=0.27% dailyPnl=1.39%
2026-05-02 02:13:10 WARN  SELL_REJECTED NVDL reason=TIME_STOP_HARD rolledBack=partialDone:false phase=HOLDING
2026-05-02 02:13:15 INFO  BUY_FILLED NVDL phase=HOLDING
2026-05-02 02:13:15 INFO  SELL_EXECUTED [US] NVDL mode=VOLUME_BREAKOUT phase=EXITING exitType=TIMESTOP price=93.4300 qty=2 reason=TIME_STOP_HARD pnl=0.44% peakPnl=0.61% holdMs=609738 high=93.5891 avgPrice=93.0200 weightedPnl=0.27% dailyPnl=1.39%
2026-05-02 02:13:20 INFO  BUY_FILLED NVDL phase=HOLDING
2026-05-02 02:13:26 INFO  BUY_FILLED NVDL phase=HOLDING
2026-05-02 02:13:31 INFO  BUY_FILLED NVDL phase=HOLDING
2026-05-02 02:13:31 WARN  SELL pending timeout cleared for NVDL
2026-05-02 02:13:31 INFO  SELL_EXECUTED [US] NVDL mode=VOLUME_BREAKOUT phase=EXITING exitType=TIMESTOP price=93.4099 qty=2 reason=TIME_STOP_HARD pnl=0.42% peakPnl=0.61% holdMs=625018 high=93.5891 avgPrice=93.0200 weightedPnl=0.26% dailyPnl=1.38%
2026-05-02 02:13:36 INFO  BUY_FILLED NVDL phase=HOLDING
2026-05-02 02:13:41 INFO  BUY_FILLED NVDL phase=HOLDING
2026-05-02 02:13:46 INFO  BUY_FILLED NVDL phase=HOLDING
2026-05-02 02:13:46 WARN  SELL pending timeout cleared for NVDL
2026-05-02 02:13:46 INFO  SELL_EXECUTED [US] NVDL mode=VOLUME_BREAKOUT phase=EXITING exitType=TIMESTOP price=93.4099 qty=2 reason=TIME_STOP_HARD pnl=0.42% peakPnl=0.61% holdMs=640297 high=93.5891 avgPrice=93.0200 weightedPnl=0.26% dailyPnl=1.38%
2026-05-02 02:13:49 WARN  SELL_REJECTED NVDL reason=TIME_STOP_HARD rolledBack=partialDone:false phase=HOLDING
2026-05-02 02:13:51 INFO  BUY_FILLED NVDL phase=HOLDING
2026-05-02 02:13:56 INFO  BUY_FILLED NVDL phase=HOLDING
2026-05-02 02:13:56 INFO  SELL_EXECUTED [US] NVDL mode=VOLUME_BREAKOUT phase=EXITING exitType=TIMESTOP price=93.4499 qty=2 reason=TIME_STOP_HARD pnl=0.46% peakPnl=0.61% holdMs=650495 high=93.5891 avgPrice=93.0200 weightedPnl=0.29% dailyPnl=1.41%
2026-05-02 02:13:56 WARN  SELL_REJECTED NVDL reason=TIME_STOP_HARD rolledBack=partialDone:false phase=HOLDING
2026-05-02 04:28:05 WARN  BUY pending timeout cleared for SMU
2026-05-02 04:28:05 INFO  BUY [US] SMU mode=BREAKOUT price=15.4200 qty=15 size=0.8000x score=80(CONV) | WHY: strongBreakout retestOK multiUp vol(1.54x) | VWAP: 0.20%(ABOVE slope=UP) | TREND: score=3 vel=0.46%/0.46%/0.85% | VOL: 326941.0000/211899.0500 TO: 5041430.2200/3240798.7163 | entryNo=2
2026-05-02 04:28:10 INFO  BUY_FILLED SMU phase=HOLDING
2026-05-02 04:28:20 INFO  BUY_FILLED SMU phase=HOLDING
2026-05-02 04:28:25 INFO  BUY_FILLED SMU phase=HOLDING
2026-05-02 04:28:30 INFO  BUY_FILLED SMU phase=HOLDING
2026-05-02 04:28:35 INFO  BUY_FILLED SMU phase=HOLDING
2026-05-02 04:28:40 INFO  BUY_FILLED SMU phase=HOLDING
2026-05-02 04:28:46 INFO  BUY_FILLED SMU phase=HOLDING
2026-05-02 04:28:51 INFO  BUY_FILLED SMU phase=HOLDING
2026-05-02 04:28:56 INFO  BUY_FILLED SMU phase=HOLDING
2026-05-02 04:29:01 INFO  BUY_FILLED SMU phase=HOLDING
2026-05-02 04:29:11 INFO  BUY_FILLED SMU phase=HOLDING
2026-05-02 04:29:16 INFO  BUY_FILLED SMU phase=HOLDING
2026-05-02 04:29:21 INFO  BUY_FILLED SMU phase=HOLDING
2026-05-02 04:29:26 INFO  BUY_FILLED SMU phase=HOLDING
2026-05-02 04:29:31 INFO  BUY_FILLED SMU phase=HOLDING
2026-05-02 04:29:36 INFO  BUY_FILLED SMU phase=HOLDING
2026-05-02 04:29:41 INFO  BUY_FILLED SMU phase=HOLDING
2026-05-02 04:29:47 INFO  BUY_FILLED SMU phase=HOLDING
2026-05-02 04:29:52 INFO  BUY_FILLED SMU phase=HOLDING
2026-05-02 04:29:57 INFO  BUY_FILLED SMU phase=HOLDING
2026-05-02 04:30:02 INFO  BUY_FILLED SMU phase=HOLDING
2026-05-02 04:30:07 INFO  BUY_FILLED SMU phase=HOLDING
2026-05-02 04:30:12 INFO  BUY_FILLED SMU phase=HOLDING
2026-05-02 04:30:17 INFO  BUY_FILLED SMU phase=HOLDING
2026-05-02 04:30:22 INFO  BUY_FILLED SMU phase=HOLDING
2026-05-02 04:30:27 INFO  BUY_FILLED SMU phase=HOLDING
2026-05-02 04:30:32 INFO  BUY_FILLED SMU phase=HOLDING
2026-05-02 04:30:37 INFO  BUY_FILLED SMU phase=HOLDING
2026-05-02 04:30:42 INFO  BUY_FILLED SMU phase=HOLDING
2026-05-02 04:30:48 INFO  BUY_FILLED SMU phase=HOLDING
2026-05-02 04:30:53 INFO  BUY_FILLED SMU phase=HOLDING
2026-05-02 04:30:58 INFO  BUY_FILLED SMU phase=HOLDING
2026-05-02 04:31:03 INFO  BUY_FILLED SMU phase=HOLDING
2026-05-02 04:31:08 INFO  BUY_FILLED SMU phase=HOLDING
2026-05-02 04:31:13 INFO  BUY_FILLED SMU phase=HOLDING
2026-05-02 04:31:18 INFO  BUY_FILLED SMU phase=HOLDING
2026-05-02 04:31:23 INFO  BUY_FILLED SMU phase=HOLDING
2026-05-02 04:31:28 INFO  BUY_FILLED SMU phase=HOLDING
2026-05-02 04:31:33 INFO  BUY_FILLED SMU phase=HOLDING
2026-05-02 04:31:38 INFO  BUY_FILLED SMU phase=HOLDING
2026-05-02 04:31:43 INFO  BUY_FILLED SMU phase=HOLDING
2026-05-02 04:31:49 INFO  BUY_FILLED SMU phase=HOLDING
2026-05-02 04:31:54 INFO  BUY_FILLED SMU phase=HOLDING
2026-05-02 04:31:59 INFO  BUY_FILLED SMU phase=HOLDING
2026-05-02 04:32:04 INFO  BUY_FILLED SMU phase=HOLDING
2026-05-02 04:32:09 INFO  BUY_FILLED SMU phase=HOLDING
2026-05-02 04:32:19 INFO  BUY_FILLED SMU phase=HOLDING
2026-05-02 04:32:24 INFO  BUY_FILLED SMU phase=HOLDING
2026-05-02 04:32:29 INFO  BUY_FILLED SMU phase=HOLDING
2026-05-02 04:32:34 INFO  BUY_FILLED SMU phase=HOLDING
2026-05-02 04:32:39 INFO  BUY_FILLED SMU phase=HOLDING
2026-05-02 04:32:45 INFO  BUY_FILLED SMU phase=HOLDING
2026-05-02 04:32:50 INFO  BUY_FILLED SMU phase=HOLDING
2026-05-02 04:32:55 INFO  BUY_FILLED SMU phase=HOLDING
2026-05-02 04:33:00 INFO  BUY_FILLED SMU phase=HOLDING
2026-05-02 04:33:05 INFO  BUY_FILLED SMU phase=HOLDING
2026-05-02 04:33:10 INFO  BUY_FILLED SMU phase=HOLDING
2026-05-02 04:33:10 INFO  SELL_EXECUTED [US] SMU mode=BREAKOUT phase=EXITING exitType=TIMESTOP price=15.2500 qty=15 reason=TIME_STOP_SOFT pnl=-1.10% peakPnl=0.00% holdMs=300166 high=15.4200 avgPrice=15.4200 weightedPnl=-0.85% dailyPnl=0.27%
2026-05-02 04:33:13 WARN  SELL_REJECTED SMU reason=TIME_STOP_SOFT rolledBack=partialDone:false phase=HOLDING
2026-05-02 04:33:15 INFO  BUY_FILLED SMU phase=HOLDING
2026-05-02 04:33:20 INFO  BUY_FILLED SMU phase=HOLDING
2026-05-02 04:33:20 INFO  SELL_EXECUTED [US] SMU mode=BREAKOUT phase=EXITING exitType=TIMESTOP price=15.2500 qty=15 reason=TIME_STOP_SOFT pnl=-1.10% peakPnl=0.00% holdMs=310273 high=15.4200 avgPrice=15.4200 weightedPnl=-0.85% dailyPnl=0.27%
2026-05-02 04:33:20 WARN  SELL_REJECTED SMU reason=TIME_STOP_SOFT rolledBack=partialDone:false phase=HOLDING
2026-05-02 04:33:25 INFO  BUY_FILLED SMU phase=HOLDING
2026-05-02 04:33:25 INFO  SELL_EXECUTED [US] SMU mode=BREAKOUT phase=EXITING exitType=TIMESTOP price=15.2500 qty=15 reason=TIME_STOP_SOFT pnl=-1.10% peakPnl=0.00% holdMs=315477 high=15.4200 avgPrice=15.4200 weightedPnl=-0.85% dailyPnl=0.27%
2026-05-02 04:33:30 INFO  BUY_FILLED SMU phase=HOLDING
2026-05-02 04:33:35 INFO  BUY_FILLED SMU phase=HOLDING
2026-05-02 04:33:40 INFO  BUY_FILLED SMU phase=HOLDING
2026-05-02 04:33:40 WARN  SELL pending timeout cleared for SMU
2026-05-02 04:33:40 INFO  SELL_EXECUTED [US] SMU mode=BREAKOUT phase=EXITING exitType=TIMESTOP price=15.2500 qty=15 reason=TIME_STOP_SOFT pnl=-1.10% peakPnl=0.00% holdMs=330625 high=15.4200 avgPrice=15.4200 weightedPnl=-0.85% dailyPnl=0.27%
2026-05-02 04:33:46 INFO  BUY_FILLED SMU phase=HOLDING
2026-05-02 04:33:51 INFO  BUY_FILLED SMU phase=HOLDING
2026-05-02 04:33:56 INFO  BUY_FILLED SMU phase=HOLDING
2026-05-02 04:33:56 WARN  SELL pending timeout cleared for SMU
2026-05-02 04:33:56 INFO  SELL_EXECUTED [US] SMU mode=BREAKOUT phase=EXITING exitType=TIMESTOP price=15.2500 qty=15 reason=TIME_STOP_SOFT pnl=-1.10% peakPnl=0.00% holdMs=345854 high=15.4200 avgPrice=15.4200 weightedPnl=-0.85% dailyPnl=0.27%
2026-05-02 04:33:56 WARN  SELL_REJECTED SMU reason=TIME_STOP_SOFT rolledBack=partialDone:false phase=HOLDING
2026-05-02 04:34:01 INFO  BUY_FILLED SMU phase=HOLDING
2026-05-02 04:34:01 INFO  SELL_EXECUTED [US] SMU mode=BREAKOUT phase=EXITING exitType=TIMESTOP price=15.2500 qty=15 reason=TIME_STOP_SOFT pnl=-1.10% peakPnl=0.00% holdMs=351025 high=15.4200 avgPrice=15.4200 weightedPnl=-0.85% dailyPnl=0.27%
2026-05-02 04:34:06 INFO  BUY_FILLED SMU phase=HOLDING
