2026-05-20 18:02:27 INFO  FORCE_HOLDING 406820 phase=HOLDING (startup recovery)
2026-05-20 18:02:39 INFO  BUY amount set for NFLX: 250.00
2026-05-20 18:02:39 INFO  BUY amount set for GOOD: 250.00
2026-05-20 18:02:39 INFO  BUY amount set for META: 250.00
2026-05-20 18:02:39 INFO  BUY amount set for GOOX: 250.00
2026-05-20 18:02:39 INFO  BUY amount set for AAPU: 250.00
2026-05-20 18:02:39 INFO  BUY amount set for AAPD: 250.00
2026-05-20 18:02:39 INFO  BUY amount set for AMZD: 250.00
2026-05-20 18:02:39 INFO  BUY amount set for AMZU: 250.00
2026-05-20 18:02:39 INFO  BUY amount set for WEBL: 250.00
2026-05-20 18:02:39 INFO  BUY amount set for WEBS: 250.00
2026-05-20 18:02:39 INFO  BUY amount set for BULZ: 250.00
2026-05-20 18:02:39 INFO  BUY amount set for BERZ: 250.00
2026-05-20 18:02:39 INFO  BUY amount set for TQQQ: 250.00
2026-05-20 18:02:39 INFO  BUY amount set for SQQQ: 250.00
2026-05-20 18:02:39 INFO  BUY amount set for LABU: 250.00
2026-05-20 18:02:39 INFO  BUY amount set for LABD: 250.00
2026-05-20 18:02:39 INFO  BUY amount set for NVDQ: 250.00
2026-05-20 18:02:39 INFO  BUY amount set for TSLQ: 250.00
2026-05-20 18:02:39 INFO  BUY amount set for BAIG: 250.00
2026-05-20 18:02:39 INFO  BUY amount set for SMCX: 250.00
2026-05-20 18:02:39 INFO  BUY amount set for NVDL: 250.00
2026-05-20 18:02:39 INFO  BUY amount set for SOXS: 250.00
2026-05-20 18:02:39 INFO  BUY amount set for SOXL: 250.00
2026-05-20 18:02:39 INFO  BUY amount set for SMU: 250.00
2026-05-20 18:02:39 INFO  BUY amount set for TSLL: 250.00
2026-05-20 18:02:39 INFO  BUY amount set for ETHU: 250.00
2026-05-20 18:53:17 INFO  BUY [US] TQQQ mode=VOLUME_BREAKOUT price=74.6500 qty=3 size=1.0000x score=90(CONV) | WHY: strongBreakout volBreakout retestOK multiUp vol(3.54x) | VWAP: 0.47%(ABOVE slope=UP) allowedGap=2.80% | TREND: score=3 vel=0.32%/0.26%/0.36% accel=true | VOL: 519087.0000/146778.9000 TO: 38703126.7200/10906309.7230 | HIGH: 74.5607 fromHigh=-0.00% | entryNo=1
2026-05-20 22:48:05 INFO  BUY [US] BAIG mode=EARLY_MOMENTUM price=32.2900 qty=3 size=0.5000x score=83 | WHY: velShort=1.33% velMid=1.33% aboveVwap | VWAP: 1.19%(ABOVE slope=UP) allowedGap=1.20% | TREND: score=3 vel=1.33%/1.33%/1.33% accel=false | VOL: 2877.0000/645.1500 TO: 92898.3300/20667.8960 | HIGH: 32.5200 fromHigh=-0.71% | entryNo=1
2026-05-20 22:49:01 INFO  BUY_FILLED BAIG phase=HOLDING
2026-05-20 22:49:06 INFO  BUY_FILLED BAIG phase=HOLDING
2026-05-20 22:49:11 INFO  BUY_FILLED BAIG phase=HOLDING
2026-05-20 22:49:17 INFO  BUY_FILLED BAIG phase=HOLDING
2026-05-20 22:49:27 INFO  BUY_FILLED BAIG phase=HOLDING
2026-05-20 22:49:32 INFO  BUY_FILLED BAIG phase=HOLDING
2026-05-20 22:49:37 INFO  BUY_FILLED BAIG phase=HOLDING
2026-05-20 22:49:42 INFO  BUY_FILLED BAIG phase=HOLDING
2026-05-20 22:49:48 INFO  BUY_FILLED BAIG phase=HOLDING
2026-05-20 22:49:53 INFO  BUY_FILLED BAIG phase=HOLDING
2026-05-20 22:49:58 INFO  BUY_FILLED BAIG phase=HOLDING
2026-05-20 22:50:03 INFO  BUY_FILLED BAIG phase=HOLDING
2026-05-20 22:50:08 INFO  BUY_FILLED BAIG phase=HOLDING
2026-05-20 22:50:14 INFO  BUY_FILLED BAIG phase=HOLDING
2026-05-20 22:50:19 INFO  BUY_FILLED BAIG phase=HOLDING
2026-05-20 22:50:24 INFO  BUY_FILLED BAIG phase=HOLDING
2026-05-20 22:50:29 INFO  BUY_FILLED BAIG phase=HOLDING
2026-05-20 22:50:34 INFO  BUY_FILLED BAIG phase=HOLDING
2026-05-20 22:50:39 INFO  BUY_FILLED BAIG phase=HOLDING
2026-05-20 22:50:44 INFO  BUY_FILLED BAIG phase=HOLDING
2026-05-20 22:50:49 INFO  BUY_FILLED BAIG phase=HOLDING
2026-05-20 22:50:54 INFO  BUY_FILLED BAIG phase=HOLDING
2026-05-20 22:51:00 INFO  BUY_FILLED BAIG phase=HOLDING
2026-05-20 22:51:05 INFO  BUY_FILLED BAIG phase=HOLDING
2026-05-20 22:51:10 INFO  BUY_FILLED BAIG phase=HOLDING
2026-05-20 22:51:16 INFO  BUY_FILLED BAIG phase=HOLDING
2026-05-20 22:51:21 INFO  BUY_FILLED BAIG phase=HOLDING
2026-05-20 22:51:26 INFO  BUY_FILLED BAIG phase=HOLDING
2026-05-20 22:51:31 INFO  BUY_FILLED BAIG phase=HOLDING
2026-05-20 22:51:36 INFO  BUY_FILLED BAIG phase=HOLDING
2026-05-20 22:51:41 INFO  BUY_FILLED BAIG phase=HOLDING
2026-05-20 22:51:47 INFO  BUY_FILLED BAIG phase=HOLDING
2026-05-20 22:51:52 INFO  BUY_FILLED BAIG phase=HOLDING
2026-05-20 22:52:02 INFO  BUY_FILLED BAIG phase=HOLDING
2026-05-20 22:52:07 INFO  BUY_FILLED BAIG phase=HOLDING
2026-05-20 22:52:13 INFO  BUY_FILLED BAIG phase=HOLDING
2026-05-20 22:52:18 INFO  BUY_FILLED BAIG phase=HOLDING
2026-05-20 22:52:23 INFO  BUY_FILLED BAIG phase=HOLDING
2026-05-20 22:52:28 INFO  BUY_FILLED BAIG phase=HOLDING
2026-05-20 22:52:33 INFO  BUY_FILLED BAIG phase=HOLDING
2026-05-20 22:52:38 INFO  BUY_FILLED BAIG phase=HOLDING
2026-05-20 22:52:44 INFO  BUY_FILLED BAIG phase=HOLDING
2026-05-20 22:52:49 INFO  BUY_FILLED BAIG phase=HOLDING
2026-05-20 22:52:54 INFO  BUY_FILLED BAIG phase=HOLDING
2026-05-20 22:52:59 INFO  BUY_FILLED BAIG phase=HOLDING
2026-05-20 22:53:04 INFO  BUY_FILLED BAIG phase=HOLDING
2026-05-20 22:53:10 INFO  BUY_FILLED BAIG phase=HOLDING
2026-05-20 22:53:15 INFO  BUY_FILLED BAIG phase=HOLDING
2026-05-20 22:53:20 INFO  BUY_FILLED BAIG phase=HOLDING
2026-05-20 22:53:30 INFO  BUY_FILLED BAIG phase=HOLDING
2026-05-20 22:53:35 INFO  BUY_FILLED BAIG phase=HOLDING
2026-05-20 22:53:41 INFO  BUY_FILLED BAIG phase=HOLDING
2026-05-20 22:53:46 INFO  BUY_FILLED BAIG phase=HOLDING
2026-05-20 22:53:51 INFO  BUY_FILLED BAIG phase=HOLDING
2026-05-20 22:53:56 INFO  BUY_FILLED BAIG phase=HOLDING
2026-05-20 22:54:01 INFO  BUY_FILLED BAIG phase=HOLDING
2026-05-20 22:54:01 INFO  SELL_EXECUTED [US] BAIG mode=EARLY_MOMENTUM phase=EXITING exitType=TIMESTOP price=32.2900 qty=3 reason=TIME_STOP_SOFT pnl=0.00% peakPnl=0.00% holdMs=300070 high=32.2900 avgPrice=32.2900 weightedPnl=0.00% (pending fill)
2026-05-20 22:54:04 WARN  SELL_REJECTED BAIG reason=TIME_STOP_SOFT phase=HOLDING
2026-05-20 22:54:07 INFO  BUY_FILLED BAIG phase=HOLDING
2026-05-20 22:54:12 INFO  BUY_FILLED BAIG phase=HOLDING
2026-05-20 22:54:12 INFO  SELL_EXECUTED [US] BAIG mode=EARLY_MOMENTUM phase=EXITING exitType=TIMESTOP price=32.2900 qty=3 reason=TIME_STOP_SOFT pnl=0.00% peakPnl=0.00% holdMs=310715 high=32.2900 avgPrice=32.2900 weightedPnl=0.00% (pending fill)
2026-05-20 22:54:12 WARN  SELL_REJECTED BAIG reason=TIME_STOP_SOFT phase=HOLDING
2026-05-20 22:54:17 INFO  BUY_FILLED BAIG phase=HOLDING
2026-05-20 22:54:17 INFO  SELL_EXECUTED [US] BAIG mode=EARLY_MOMENTUM phase=EXITING exitType=TIMESTOP price=32.2900 qty=3 reason=TIME_STOP_SOFT pnl=0.00% peakPnl=0.00% holdMs=315926 high=32.2900 avgPrice=32.2900 weightedPnl=0.00% (pending fill)
2026-05-20 22:54:22 INFO  BUY_FILLED BAIG phase=HOLDING
2026-05-20 22:54:27 INFO  BUY_FILLED BAIG phase=HOLDING
2026-05-20 22:54:33 INFO  BUY_FILLED BAIG phase=HOLDING
2026-05-20 22:54:33 WARN  SELL timeout for BAIG — issuing immediate MARKET sell qty=3
2026-05-20 22:54:38 INFO  BUY_FILLED BAIG phase=HOLDING
2026-05-20 22:54:43 INFO  BUY_FILLED BAIG phase=HOLDING
2026-05-20 22:54:48 INFO  BUY_FILLED BAIG phase=HOLDING
2026-05-20 22:54:48 WARN  SELL timeout for BAIG — issuing immediate MARKET sell qty=3
2026-05-20 22:54:48 WARN  SELL_REJECTED BAIG reason=SELL_TIMEOUT_MARKET_RETRY phase=HOLDING
2026-05-20 22:54:53 INFO  BUY_FILLED BAIG phase=HOLDING
2026-05-20 22:54:53 INFO  SELL_EXECUTED [US] BAIG mode=EARLY_MOMENTUM phase=EXITING exitType=TIMESTOP price=32.2900 qty=3 reason=TIME_STOP_SOFT pnl=0.00% peakPnl=0.00% holdMs=352047 high=32.2900 avgPrice=32.2900 weightedPnl=0.00% (pending fill)
2026-05-20 22:54:58 INFO  BUY_FILLED BAIG phase=HOLDING
2026-05-20 22:55:03 INFO  BUY_FILLED BAIG phase=HOLDING
2026-05-20 22:55:08 INFO  BUY_FILLED BAIG phase=HOLDING
2026-05-20 22:55:08 WARN  SELL timeout for BAIG — issuing immediate MARKET sell qty=3
2026-05-20 22:55:14 INFO  BUY_FILLED BAIG phase=HOLDING
2026-05-20 22:55:19 INFO  BUY_FILLED BAIG phase=HOLDING
2026-05-20 22:55:24 INFO  BUY_FILLED BAIG phase=HOLDING
2026-05-20 22:55:24 WARN  SELL timeout for BAIG — issuing immediate MARKET sell qty=3
2026-05-20 22:55:24 WARN  SELL_REJECTED BAIG reason=SELL_TIMEOUT_MARKET_RETRY phase=HOLDING
2026-05-20 22:55:29 INFO  BUY_FILLED BAIG phase=HOLDING
2026-05-20 22:55:29 INFO  SELL_EXECUTED [US] BAIG mode=EARLY_MOMENTUM phase=EXITING exitType=TIMESTOP price=32.2900 qty=3 reason=TIME_STOP_SOFT pnl=0.00% peakPnl=0.00% holdMs=388202 high=32.2900 avgPrice=32.2900 weightedPnl=0.00% (pending fill)
2026-05-20 22:55:35 INFO  BUY_FILLED BAIG phase=HOLDING
2026-05-20 22:55:40 INFO  BUY_FILLED BAIG phase=HOLDING
2026-05-20 22:55:45 INFO  BUY_FILLED BAIG phase=HOLDING
2026-05-20 22:55:45 WARN  SELL timeout for BAIG — issuing immediate MARKET sell qty=3
2026-05-20 22:55:50 INFO  BUY_FILLED BAIG phase=HOLDING
2026-05-20 22:55:55 INFO  BUY_FILLED BAIG phase=HOLDING
2026-05-20 22:56:00 INFO  BUY_FILLED BAIG phase=HOLDING
2026-05-20 22:56:00 WARN  SELL timeout for BAIG — issuing immediate MARKET sell qty=3
2026-05-20 22:56:00 WARN  SELL_REJECTED BAIG reason=SELL_TIMEOUT_MARKET_RETRY phase=HOLDING
2026-05-20 22:56:06 INFO  BUY_FILLED BAIG phase=HOLDING
2026-05-20 22:56:06 INFO  SELL_EXECUTED [US] BAIG mode=EARLY_MOMENTUM phase=EXITING exitType=TIMESTOP price=32.2900 qty=3 reason=TIME_STOP_SOFT pnl=0.00% peakPnl=0.00% holdMs=424401 high=32.2900 avgPrice=32.2900 weightedPnl=0.00% (pending fill)
2026-05-20 22:56:11 INFO  BUY_FILLED BAIG phase=HOLDING
2026-05-20 22:56:16 INFO  BUY_FILLED BAIG phase=HOLDING
2026-05-20 22:56:21 INFO  BUY_FILLED BAIG phase=HOLDING
2026-05-20 22:56:21 WARN  SELL timeout for BAIG — issuing immediate MARKET sell qty=3
2026-05-20 22:56:26 INFO  BUY_FILLED BAIG phase=HOLDING
2026-05-20 22:56:31 INFO  BUY_FILLED BAIG phase=HOLDING
2026-05-20 22:56:37 INFO  BUY_FILLED BAIG phase=HOLDING
2026-05-20 22:56:37 WARN  SELL timeout for BAIG — issuing immediate MARKET sell qty=3
2026-05-20 22:56:37 WARN  SELL_REJECTED BAIG reason=SELL_TIMEOUT_MARKET_RETRY phase=HOLDING
2026-05-20 22:56:42 INFO  BUY_FILLED BAIG phase=HOLDING
2026-05-20 22:56:42 INFO  SELL_EXECUTED [US] BAIG mode=EARLY_MOMENTUM phase=EXITING exitType=TIMESTOP price=32.2900 qty=3 reason=TIME_STOP_SOFT pnl=0.00% peakPnl=0.00% holdMs=460727 high=32.2900 avgPrice=32.2900 weightedPnl=0.00% (pending fill)
2026-05-20 22:56:47 INFO  BUY_FILLED BAIG phase=HOLDING
2026-05-20 22:56:52 INFO  BUY_FILLED BAIG phase=HOLDING
2026-05-20 22:56:57 INFO  BUY_FILLED BAIG phase=HOLDING
2026-05-20 22:56:57 WARN  SELL timeout for BAIG — issuing immediate MARKET sell qty=3
2026-05-20 22:57:02 INFO  BUY_FILLED BAIG phase=HOLDING
2026-05-20 22:57:07 INFO  BUY_FILLED BAIG phase=HOLDING
2026-05-20 22:57:13 INFO  BUY_FILLED BAIG phase=HOLDING
2026-05-20 22:57:13 WARN  SELL timeout for BAIG — issuing immediate MARKET sell qty=3
2026-05-20 22:57:13 WARN  SELL_REJECTED BAIG reason=SELL_TIMEOUT_MARKET_RETRY phase=HOLDING
2026-05-20 22:57:18 INFO  BUY_FILLED BAIG phase=HOLDING
2026-05-20 22:57:18 INFO  SELL_EXECUTED [US] BAIG mode=EARLY_MOMENTUM phase=EXITING exitType=TIMESTOP price=32.2900 qty=3 reason=TIME_STOP_SOFT pnl=0.00% peakPnl=0.00% holdMs=496917 high=32.2900 avgPrice=32.2900 weightedPnl=0.00% (pending fill)
2026-05-20 22:57:28 INFO  BUY_FILLED BAIG phase=HOLDING
2026-05-20 22:57:34 INFO  BUY_FILLED BAIG phase=HOLDING
2026-05-20 22:57:34 WARN  SELL timeout for BAIG — issuing immediate MARKET sell qty=3
2026-05-20 22:57:39 INFO  BUY_FILLED BAIG phase=HOLDING
2026-05-20 22:57:44 INFO  BUY_FILLED BAIG phase=HOLDING
2026-05-20 22:57:49 INFO  BUY_FILLED BAIG phase=HOLDING
2026-05-20 22:57:49 WARN  SELL timeout for BAIG — issuing immediate MARKET sell qty=3
2026-05-20 22:57:49 WARN  SELL_REJECTED BAIG reason=SELL_TIMEOUT_MARKET_RETRY phase=HOLDING
2026-05-20 22:57:54 INFO  BUY_FILLED BAIG phase=HOLDING
2026-05-20 22:57:54 INFO  SELL_EXECUTED [US] BAIG mode=EARLY_MOMENTUM phase=EXITING exitType=TIMESTOP price=32.2900 qty=3 reason=TIME_STOP_SOFT pnl=0.00% peakPnl=0.00% holdMs=533125 high=32.2900 avgPrice=32.2900 weightedPnl=0.00% (pending fill)
2026-05-20 22:57:59 INFO  BUY_FILLED BAIG phase=HOLDING
2026-05-20 22:58:05 INFO  BUY_FILLED BAIG phase=HOLDING
2026-05-20 22:58:10 INFO  BUY_FILLED BAIG phase=HOLDING
2026-05-20 22:58:10 WARN  SELL timeout for BAIG — issuing immediate MARKET sell qty=3
2026-05-20 22:58:15 INFO  BUY_FILLED BAIG phase=HOLDING
2026-05-20 22:58:20 INFO  BUY_FILLED BAIG phase=HOLDING
2026-05-20 22:58:25 INFO  BUY_FILLED BAIG phase=HOLDING
2026-05-20 22:58:25 WARN  SELL timeout for BAIG — issuing immediate MARKET sell qty=3
2026-05-20 22:58:25 WARN  SELL_REJECTED BAIG reason=SELL_TIMEOUT_MARKET_RETRY phase=HOLDING
2026-05-20 22:58:31 INFO  BUY_FILLED BAIG phase=HOLDING
2026-05-20 22:58:31 INFO  SELL_EXECUTED [US] BAIG mode=EARLY_MOMENTUM phase=EXITING exitType=TIMESTOP price=32.2900 qty=3 reason=TIME_STOP_SOFT pnl=0.00% peakPnl=0.00% holdMs=569370 high=32.2900 avgPrice=32.2900 weightedPnl=0.00% (pending fill)
2026-05-20 22:58:36 INFO  BUY_FILLED BAIG phase=HOLDING
2026-05-20 22:58:41 INFO  BUY_FILLED BAIG phase=HOLDING
2026-05-20 22:58:46 INFO  BUY_FILLED BAIG phase=HOLDING
2026-05-20 22:58:46 WARN  SELL timeout for BAIG — issuing immediate MARKET sell qty=3
2026-05-20 22:58:51 INFO  BUY_FILLED BAIG phase=HOLDING
2026-05-20 22:58:56 INFO  BUY_FILLED BAIG phase=HOLDING
2026-05-20 22:59:01 INFO  BUY_FILLED BAIG phase=HOLDING
2026-05-20 22:59:01 WARN  SELL timeout for BAIG — issuing immediate MARKET sell qty=3
2026-05-20 22:59:02 WARN  SELL_REJECTED BAIG reason=SELL_TIMEOUT_MARKET_RETRY phase=HOLDING
2026-05-20 22:59:07 INFO  BUY_FILLED BAIG phase=HOLDING
2026-05-20 22:59:07 INFO  SELL_EXECUTED [US] BAIG mode=EARLY_MOMENTUM phase=EXITING exitType=TIMESTOP price=32.2900 qty=3 reason=TIME_STOP_SOFT pnl=0.00% peakPnl=0.00% holdMs=605787 high=32.2900 avgPrice=32.2900 weightedPnl=0.00% (pending fill)
2026-05-20 22:59:12 INFO  BUY_FILLED BAIG phase=HOLDING
2026-05-20 22:59:17 INFO  BUY_FILLED BAIG phase=HOLDING
2026-05-20 22:59:22 INFO  BUY_FILLED BAIG phase=HOLDING
2026-05-20 22:59:22 WARN  SELL timeout for BAIG — issuing immediate MARKET sell qty=3
2026-05-20 22:59:27 INFO  BUY_FILLED BAIG phase=HOLDING
2026-05-20 22:59:33 INFO  BUY_FILLED BAIG phase=HOLDING
2026-05-20 22:59:38 INFO  BUY_FILLED BAIG phase=HOLDING
2026-05-20 22:59:38 WARN  SELL timeout for BAIG — issuing immediate MARKET sell qty=3
2026-05-20 22:59:38 WARN  SELL_REJECTED BAIG reason=SELL_TIMEOUT_MARKET_RETRY phase=HOLDING
2026-05-20 22:59:43 INFO  BUY_FILLED BAIG phase=HOLDING
2026-05-20 22:59:43 INFO  SELL_EXECUTED [US] BAIG mode=EARLY_MOMENTUM phase=EXITING exitType=TIMESTOP price=32.2900 qty=3 reason=TIME_STOP_SOFT pnl=0.00% peakPnl=0.00% holdMs=641747 high=32.2900 avgPrice=32.2900 weightedPnl=0.00% (pending fill)
2026-05-20 22:59:48 INFO  BUY_FILLED BAIG phase=HOLDING
2026-05-20 22:59:58 INFO  BUY_FILLED BAIG phase=HOLDING
2026-05-20 22:59:58 WARN  SELL timeout for BAIG — issuing immediate MARKET sell qty=3
