2026-04-22 02:43:07 INFO  BUY [US] ETHU mode=BREAKOUT price=26.9000 qty=8 size=0.8000x score=85(CONV) | WHY: strongBreakout retestOK multiUp vol(1.90x) | VWAP: 0.33%(ABOVE slope=UP) | TREND: score=3 vel=0.17%/0.84%/1.64% | VOL: 8755.0000/4596.9500 TO: 235509.5000/122503.7442 | entryNo=2
2026-04-22 02:43:08 INFO  BUY_FILLED ETHU phase=HOLDING
2026-04-22 02:43:12 INFO  BUY_FILLED ETHU phase=HOLDING
2026-04-22 02:43:17 INFO  BUY_FILLED ETHU phase=HOLDING
2026-04-22 02:43:23 INFO  BUY_FILLED ETHU phase=HOLDING
2026-04-22 02:43:28 INFO  BUY_FILLED ETHU phase=HOLDING
2026-04-22 02:43:33 INFO  BUY_FILLED ETHU phase=HOLDING
2026-04-22 02:43:38 INFO  BUY_FILLED ETHU phase=HOLDING
2026-04-22 02:43:43 INFO  BUY_FILLED ETHU phase=HOLDING
2026-04-22 02:43:48 INFO  BUY_FILLED ETHU phase=HOLDING
2026-04-22 02:43:53 INFO  BUY_FILLED ETHU phase=HOLDING
2026-04-22 02:43:58 INFO  BUY_FILLED ETHU phase=HOLDING
2026-04-22 02:44:03 INFO  BUY_FILLED ETHU phase=HOLDING
2026-04-22 02:44:08 INFO  BUY_FILLED ETHU phase=HOLDING
2026-04-22 02:44:13 INFO  BUY_FILLED ETHU phase=HOLDING
2026-04-22 02:44:18 INFO  BUY_FILLED ETHU phase=HOLDING
2026-04-22 02:44:23 INFO  BUY_FILLED ETHU phase=HOLDING
2026-04-22 02:44:28 INFO  BUY_FILLED ETHU phase=HOLDING
2026-04-22 02:44:33 INFO  BUY_FILLED ETHU phase=HOLDING
2026-04-22 02:44:38 INFO  BUY_FILLED ETHU phase=HOLDING
2026-04-22 02:44:43 INFO  BUY_FILLED ETHU phase=HOLDING
2026-04-22 02:44:48 INFO  BUY_FILLED ETHU phase=HOLDING
2026-04-22 02:44:53 INFO  BUY_FILLED ETHU phase=HOLDING
2026-04-22 02:44:58 INFO  BUY_FILLED ETHU phase=HOLDING
2026-04-22 02:45:04 INFO  BUY_FILLED ETHU phase=HOLDING
2026-04-22 02:45:09 INFO  BUY_FILLED ETHU phase=HOLDING
2026-04-22 02:45:14 INFO  BUY_FILLED ETHU phase=HOLDING
2026-04-22 02:45:19 INFO  BUY_FILLED ETHU phase=HOLDING
2026-04-22 02:45:24 INFO  BUY_FILLED ETHU phase=HOLDING
2026-04-22 02:45:29 INFO  BUY_FILLED ETHU phase=HOLDING
2026-04-22 02:45:34 INFO  BUY_FILLED ETHU phase=HOLDING
2026-04-22 02:45:39 INFO  BUY_FILLED ETHU phase=HOLDING
2026-04-22 02:45:44 INFO  BUY_FILLED ETHU phase=HOLDING
2026-04-22 02:45:49 INFO  BUY_FILLED ETHU phase=HOLDING
2026-04-22 02:45:54 INFO  BUY_FILLED ETHU phase=HOLDING
2026-04-22 02:45:59 INFO  BUY_FILLED ETHU phase=HOLDING
2026-04-22 02:46:04 INFO  BUY_FILLED ETHU phase=HOLDING
2026-04-22 02:46:10 INFO  BUY_FILLED ETHU phase=HOLDING
2026-04-22 02:46:15 INFO  BUY_FILLED ETHU phase=HOLDING
2026-04-22 02:46:20 INFO  BUY_FILLED ETHU phase=HOLDING
2026-04-22 02:46:25 INFO  BUY_FILLED ETHU phase=HOLDING
2026-04-22 02:46:30 INFO  BUY_FILLED ETHU phase=HOLDING
2026-04-22 02:46:35 INFO  BUY_FILLED ETHU phase=HOLDING
2026-04-22 02:46:40 INFO  BUY_FILLED ETHU phase=HOLDING
2026-04-22 02:46:45 INFO  BUY_FILLED ETHU phase=HOLDING
2026-04-22 02:46:50 INFO  BUY_FILLED ETHU phase=HOLDING
2026-04-22 02:46:55 INFO  BUY_FILLED ETHU phase=HOLDING
2026-04-22 02:47:00 INFO  BUY_FILLED ETHU phase=HOLDING
2026-04-22 02:47:05 INFO  BUY_FILLED ETHU phase=HOLDING
2026-04-22 02:47:10 INFO  BUY_FILLED ETHU phase=HOLDING
2026-04-22 02:47:15 INFO  BUY_FILLED ETHU phase=HOLDING
2026-04-22 02:47:20 INFO  BUY_FILLED ETHU phase=HOLDING
2026-04-22 02:47:25 INFO  BUY_FILLED ETHU phase=HOLDING
2026-04-22 02:47:30 INFO  BUY_FILLED ETHU phase=HOLDING
2026-04-22 02:47:36 INFO  BUY_FILLED ETHU phase=HOLDING
2026-04-22 02:47:41 INFO  BUY_FILLED ETHU phase=HOLDING
2026-04-22 02:47:46 INFO  BUY_FILLED ETHU phase=HOLDING
2026-04-22 02:47:51 INFO  BUY_FILLED ETHU phase=HOLDING
2026-04-22 02:47:56 INFO  BUY_FILLED ETHU phase=HOLDING
2026-04-22 02:48:01 INFO  BUY_FILLED ETHU phase=HOLDING
2026-04-22 02:48:06 INFO  BUY_FILLED ETHU phase=HOLDING
2026-04-22 02:48:11 INFO  BUY_FILLED ETHU phase=HOLDING
2026-04-22 02:48:16 INFO  BUY_FILLED ETHU phase=HOLDING
2026-04-22 02:48:21 INFO  BUY_FILLED ETHU phase=HOLDING
2026-04-22 02:48:26 INFO  BUY_FILLED ETHU phase=HOLDING
2026-04-22 02:48:31 INFO  BUY_FILLED ETHU phase=HOLDING
2026-04-22 02:48:36 INFO  BUY_FILLED ETHU phase=HOLDING
2026-04-22 02:48:41 INFO  BUY_FILLED ETHU phase=HOLDING
2026-04-22 02:48:46 INFO  BUY_FILLED ETHU phase=HOLDING
2026-04-22 02:48:51 INFO  BUY_FILLED ETHU phase=HOLDING
2026-04-22 02:48:56 INFO  BUY_FILLED ETHU phase=HOLDING
2026-04-22 02:49:01 INFO  BUY_FILLED ETHU phase=HOLDING
2026-04-22 02:49:06 INFO  BUY_FILLED ETHU phase=HOLDING
2026-04-22 02:49:11 INFO  BUY_FILLED ETHU phase=HOLDING
2026-04-22 02:49:16 INFO  BUY_FILLED ETHU phase=HOLDING
2026-04-22 02:49:21 INFO  BUY_FILLED ETHU phase=HOLDING
2026-04-22 02:49:27 INFO  BUY_FILLED ETHU phase=HOLDING
2026-04-22 02:49:32 INFO  BUY_FILLED ETHU phase=HOLDING
2026-04-22 02:49:37 INFO  BUY_FILLED ETHU phase=HOLDING
2026-04-22 02:49:42 INFO  BUY_FILLED ETHU phase=HOLDING
2026-04-22 02:49:47 INFO  BUY_FILLED ETHU phase=HOLDING
2026-04-22 02:49:52 INFO  BUY_FILLED ETHU phase=HOLDING
2026-04-22 02:49:57 INFO  BUY_FILLED ETHU phase=HOLDING
2026-04-22 02:50:02 INFO  BUY_FILLED ETHU phase=HOLDING
2026-04-22 02:50:07 INFO  BUY_FILLED ETHU phase=HOLDING
2026-04-22 02:50:12 INFO  BUY_FILLED ETHU phase=HOLDING
2026-04-22 02:50:17 INFO  BUY_FILLED ETHU phase=HOLDING
2026-04-22 02:50:22 INFO  BUY_FILLED ETHU phase=HOLDING
2026-04-22 02:50:27 INFO  BUY_FILLED ETHU phase=HOLDING
2026-04-22 02:50:32 INFO  BUY_FILLED ETHU phase=HOLDING
2026-04-22 02:50:37 INFO  BUY_FILLED ETHU phase=HOLDING
2026-04-22 02:50:42 INFO  BUY_FILLED ETHU phase=HOLDING
2026-04-22 02:50:47 INFO  BUY_FILLED ETHU phase=HOLDING
2026-04-22 02:50:52 INFO  BUY_FILLED ETHU phase=HOLDING
2026-04-22 02:50:57 INFO  BUY_FILLED ETHU phase=HOLDING
2026-04-22 02:51:02 INFO  BUY_FILLED ETHU phase=HOLDING
2026-04-22 02:51:07 INFO  BUY_FILLED ETHU phase=HOLDING
2026-04-22 02:51:13 INFO  BUY_FILLED ETHU phase=HOLDING
2026-04-22 02:51:18 INFO  BUY_FILLED ETHU phase=HOLDING
2026-04-22 02:51:23 INFO  BUY_FILLED ETHU phase=HOLDING
2026-04-22 02:51:28 INFO  BUY_FILLED ETHU phase=HOLDING
2026-04-22 02:51:33 INFO  BUY_FILLED ETHU phase=HOLDING
2026-04-22 02:51:38 INFO  BUY_FILLED ETHU phase=HOLDING
2026-04-22 02:51:43 INFO  BUY_FILLED ETHU phase=HOLDING
2026-04-22 02:51:48 INFO  BUY_FILLED ETHU phase=HOLDING
2026-04-22 02:51:53 INFO  BUY_FILLED ETHU phase=HOLDING
2026-04-22 02:51:58 INFO  BUY_FILLED ETHU phase=HOLDING
2026-04-22 02:52:03 INFO  BUY_FILLED ETHU phase=HOLDING
2026-04-22 02:52:08 INFO  BUY_FILLED ETHU phase=HOLDING
2026-04-22 02:52:13 INFO  BUY_FILLED ETHU phase=HOLDING
2026-04-22 02:52:18 INFO  BUY_FILLED ETHU phase=HOLDING
2026-04-22 02:52:23 INFO  BUY_FILLED ETHU phase=HOLDING
2026-04-22 02:52:28 INFO  BUY_FILLED ETHU phase=HOLDING
2026-04-22 02:52:33 INFO  BUY_FILLED ETHU phase=HOLDING
2026-04-22 02:52:39 INFO  BUY_FILLED ETHU phase=HOLDING
2026-04-22 02:52:44 INFO  BUY_FILLED ETHU phase=HOLDING
2026-04-22 02:52:49 INFO  BUY_FILLED ETHU phase=HOLDING
2026-04-22 02:52:54 INFO  BUY_FILLED ETHU phase=HOLDING
2026-04-22 02:52:59 INFO  BUY_FILLED ETHU phase=HOLDING
2026-04-22 02:53:04 INFO  BUY_FILLED ETHU phase=HOLDING
2026-04-22 02:53:09 INFO  BUY_FILLED ETHU phase=HOLDING
2026-04-22 02:53:14 INFO  BUY_FILLED ETHU phase=HOLDING
2026-04-22 02:53:19 INFO  BUY_FILLED ETHU phase=HOLDING
2026-04-22 02:53:24 INFO  BUY_FILLED ETHU phase=HOLDING
2026-04-22 02:53:29 INFO  BUY_FILLED ETHU phase=HOLDING
2026-04-22 02:53:34 INFO  BUY_FILLED ETHU phase=HOLDING
2026-04-22 02:53:39 INFO  BUY_FILLED ETHU phase=HOLDING
2026-04-22 02:53:44 INFO  BUY_FILLED ETHU phase=HOLDING
2026-04-22 02:53:49 INFO  BUY_FILLED ETHU phase=HOLDING
2026-04-22 02:53:54 INFO  BUY_FILLED ETHU phase=HOLDING
2026-04-22 02:53:59 INFO  BUY_FILLED ETHU phase=HOLDING
2026-04-22 02:54:05 INFO  BUY_FILLED ETHU phase=HOLDING
2026-04-22 02:54:10 INFO  BUY_FILLED ETHU phase=HOLDING
2026-04-22 02:54:15 INFO  BUY_FILLED ETHU phase=HOLDING
2026-04-22 02:54:20 INFO  BUY_FILLED ETHU phase=HOLDING
2026-04-22 02:54:25 INFO  BUY_FILLED ETHU phase=HOLDING
2026-04-22 02:54:30 INFO  BUY_FILLED ETHU phase=HOLDING
2026-04-22 02:54:35 INFO  BUY_FILLED ETHU phase=HOLDING
2026-04-22 02:54:40 INFO  BUY_FILLED ETHU phase=HOLDING
2026-04-22 02:54:45 INFO  BUY_FILLED ETHU phase=HOLDING
2026-04-22 02:54:50 INFO  BUY_FILLED ETHU phase=HOLDING
2026-04-22 02:54:55 INFO  BUY_FILLED ETHU phase=HOLDING
2026-04-22 02:55:00 INFO  BUY_FILLED ETHU phase=HOLDING
2026-04-22 02:55:05 INFO  BUY_FILLED ETHU phase=HOLDING
2026-04-22 02:55:10 INFO  BUY_FILLED ETHU phase=HOLDING
2026-04-22 02:55:10 INFO  SELL_EXECUTED [US] ETHU mode=BREAKOUT phase=EXITING exitType=TIMESTOP price=26.7000 qty=8 reason=TIME_STOP_SOFT pnl=-0.74% weightedPnl=-0.53% dailyPnl=-3.47%
2026-04-22 02:55:14 WARN  SELL_REJECTED ETHU reason=TIME_STOP_SOFT rolledBack=partialDone:false phase=HOLDING
2026-04-22 02:55:15 INFO  BUY_FILLED ETHU phase=HOLDING
2026-04-22 02:55:20 INFO  BUY_FILLED ETHU phase=HOLDING
2026-04-22 02:55:20 INFO  SELL_EXECUTED [US] ETHU mode=BREAKOUT phase=EXITING exitType=TIMESTOP price=26.7000 qty=8 reason=TIME_STOP_SOFT pnl=-0.74% weightedPnl=-0.53% dailyPnl=-4.00%
2026-04-22 02:55:20 WARN  SELL_REJECTED ETHU reason=TIME_STOP_SOFT rolledBack=partialDone:false phase=HOLDING
2026-04-22 02:55:25 INFO  BUY_FILLED ETHU phase=HOLDING
2026-04-22 02:55:25 INFO  SELL_EXECUTED [US] ETHU mode=BREAKOUT phase=EXITING exitType=TIMESTOP price=26.7000 qty=8 reason=TIME_STOP_SOFT pnl=-0.74% weightedPnl=-0.53% dailyPnl=-4.53%
2026-04-22 02:55:30 INFO  BUY_FILLED ETHU phase=HOLDING
2026-04-22 02:55:35 INFO  BUY_FILLED ETHU phase=HOLDING
2026-04-22 02:55:40 INFO  BUY_FILLED ETHU phase=HOLDING
2026-04-22 02:55:40 WARN  SELL pending timeout cleared for ETHU
2026-04-22 02:55:40 INFO  SELL_EXECUTED [US] ETHU mode=BREAKOUT phase=EXITING exitType=VWAP_BREAK price=26.6700 qty=8 reason=VWAP_BREAK pnl=-0.85% weightedPnl=-0.61% dailyPnl=-5.15%
2026-04-22 02:55:46 INFO  BUY_FILLED ETHU phase=HOLDING
2026-04-22 02:55:51 INFO  BUY_FILLED ETHU phase=HOLDING
2026-04-22 02:55:56 INFO  BUY_FILLED ETHU phase=HOLDING
2026-04-22 02:55:56 WARN  SELL pending timeout cleared for ETHU
2026-04-22 02:55:56 INFO  SELL_EXECUTED [US] ETHU mode=BREAKOUT phase=EXITING exitType=VWAP_BREAK price=26.6201 qty=8 reason=VWAP_BREAK pnl=-1.04% weightedPnl=-0.75% dailyPnl=-5.89%
2026-04-22 02:55:56 WARN  SELL_REJECTED ETHU reason=VWAP_BREAK rolledBack=partialDone:false phase=HOLDING
2026-04-22 03:05:08 WARN  BUY_SKIP [US] SMCX reason=DAILY_LOSS_LIMIT dailyPnl=-5.89%
2026-04-22 03:05:23 WARN  BUY_SKIP [US] SMCX reason=DAILY_LOSS_LIMIT dailyPnl=-5.89%
2026-04-22 03:12:10 WARN  BUY_SKIP [US] TSLL reason=DAILY_LOSS_LIMIT dailyPnl=-5.89%
2026-04-22 03:12:25 WARN  BUY_SKIP [US] TSLL reason=DAILY_LOSS_LIMIT dailyPnl=-5.89%
2026-04-22 03:15:07 WARN  BUY_SKIP [US] SOXL reason=DAILY_LOSS_LIMIT dailyPnl=-5.89%
2026-04-22 03:15:22 WARN  BUY_SKIP [US] SOXL reason=DAILY_LOSS_LIMIT dailyPnl=-5.89%
2026-04-22 03:16:08 WARN  BUY_SKIP [US] SOXL reason=DAILY_LOSS_LIMIT dailyPnl=-5.89%
2026-04-22 03:16:23 WARN  BUY_SKIP [US] SOXL reason=DAILY_LOSS_LIMIT dailyPnl=-5.89%
2026-04-22 03:32:05 WARN  BUY_SKIP [US] SMCX reason=DAILY_LOSS_LIMIT dailyPnl=-5.89%
2026-04-22 03:32:20 WARN  BUY_SKIP [US] SMCX reason=DAILY_LOSS_LIMIT dailyPnl=-5.89%
2026-04-22 03:41:09 WARN  BUY_SKIP [US] NVDL reason=DAILY_LOSS_LIMIT dailyPnl=-5.89%
2026-04-22 03:41:25 WARN  BUY_SKIP [US] NVDL reason=DAILY_LOSS_LIMIT dailyPnl=-5.89%
2026-04-22 03:55:06 WARN  BUY_SKIP [US] SOXL reason=DAILY_LOSS_LIMIT dailyPnl=-5.89%
2026-04-22 03:55:21 WARN  BUY_SKIP [US] SOXL reason=DAILY_LOSS_LIMIT dailyPnl=-5.89%
2026-04-22 04:05:07 WARN  BUY_SKIP [US] NVDL reason=DAILY_LOSS_LIMIT dailyPnl=-5.89%
2026-04-22 04:05:22 WARN  BUY_SKIP [US] NVDL reason=DAILY_LOSS_LIMIT dailyPnl=-5.89%
2026-04-22 04:14:07 WARN  BUY_SKIP [US] BAIG reason=DAILY_LOSS_LIMIT dailyPnl=-5.89%
2026-04-22 04:14:22 WARN  BUY_SKIP [US] BAIG reason=DAILY_LOSS_LIMIT dailyPnl=-5.89%
2026-04-22 04:25:05 WARN  BUY_SKIP [US] SOXL reason=DAILY_LOSS_LIMIT dailyPnl=-5.89%
2026-04-22 04:25:05 WARN  BUY_SKIP [US] SMU reason=DAILY_LOSS_LIMIT dailyPnl=-5.89%
2026-04-22 04:25:21 WARN  BUY_SKIP [US] SOXL reason=DAILY_LOSS_LIMIT dailyPnl=-5.89%
2026-04-22 04:25:21 WARN  BUY_SKIP [US] SMU reason=DAILY_LOSS_LIMIT dailyPnl=-5.89%
2026-04-22 04:26:06 WARN  BUY_SKIP [US] TSLL reason=DAILY_LOSS_LIMIT dailyPnl=-5.89%
2026-04-22 04:26:21 WARN  BUY_SKIP [US] TSLL reason=DAILY_LOSS_LIMIT dailyPnl=-5.89%
2026-04-22 05:13:08 WARN  BUY_SKIP [US] SMU reason=DAILY_LOSS_LIMIT dailyPnl=-5.89%
2026-04-22 05:13:23 WARN  BUY_SKIP [US] SMU reason=DAILY_LOSS_LIMIT dailyPnl=-5.89%
2026-04-22 05:27:09 WARN  BUY_SKIP [US] ETHU reason=DAILY_LOSS_LIMIT dailyPnl=-5.89%
2026-04-22 05:27:24 WARN  BUY_SKIP [US] ETHU reason=DAILY_LOSS_LIMIT dailyPnl=-5.89%
2026-04-22 05:34:07 WARN  BUY_SKIP [US] SOXL reason=DAILY_LOSS_LIMIT dailyPnl=-5.89%
2026-04-22 05:34:22 WARN  BUY_SKIP [US] SOXL reason=DAILY_LOSS_LIMIT dailyPnl=-5.89%
2026-04-22 06:01:08 WARN  BUY_SKIP [US] ETHU reason=DAILY_LOSS_LIMIT dailyPnl=-5.89%
2026-04-22 06:01:23 WARN  BUY_SKIP [US] ETHU reason=DAILY_LOSS_LIMIT dailyPnl=-5.89%
2026-04-22 06:40:05 WARN  BUY_SKIP [US] SOXL reason=DAILY_LOSS_LIMIT dailyPnl=-5.89%
2026-04-22 06:40:20 WARN  BUY_SKIP [US] SOXL reason=DAILY_LOSS_LIMIT dailyPnl=-5.89%
2026-04-22 06:45:07 WARN  BUY_SKIP [US] SOXL reason=DAILY_LOSS_LIMIT dailyPnl=-5.89%
2026-04-22 06:45:22 WARN  BUY_SKIP [US] SOXL reason=DAILY_LOSS_LIMIT dailyPnl=-5.89%
2026-04-22 07:03:10 WARN  BUY_SKIP [US] TSLL reason=DAILY_LOSS_LIMIT dailyPnl=-5.89%
2026-04-22 07:03:25 WARN  BUY_SKIP [US] TSLL reason=DAILY_LOSS_LIMIT dailyPnl=-5.89%
2026-04-22 07:15:05 WARN  BUY_SKIP [US] ETHU reason=DAILY_LOSS_LIMIT dailyPnl=-5.89%
2026-04-22 07:15:20 WARN  BUY_SKIP [US] ETHU reason=DAILY_LOSS_LIMIT dailyPnl=-5.89%
2026-04-22 07:31:07 WARN  BUY_SKIP [US] TSLL reason=DAILY_LOSS_LIMIT dailyPnl=-5.89%
2026-04-22 07:31:22 WARN  BUY_SKIP [US] TSLL reason=DAILY_LOSS_LIMIT dailyPnl=-5.89%
2026-04-22 07:58:08 WARN  BUY_SKIP [US] BAIG reason=DAILY_LOSS_LIMIT dailyPnl=-5.89%
2026-04-22 07:58:23 WARN  BUY_SKIP [US] BAIG reason=DAILY_LOSS_LIMIT dailyPnl=-5.89%
2026-04-22 08:02:09 WARN  BUY_SKIP [US] SOXL reason=DAILY_LOSS_LIMIT dailyPnl=-5.89%
2026-04-22 08:02:24 WARN  BUY_SKIP [US] SOXL reason=DAILY_LOSS_LIMIT dailyPnl=-5.89%
2026-04-22 08:04:05 WARN  BUY_SKIP [US] NVDL reason=DAILY_LOSS_LIMIT dailyPnl=-5.89%
2026-04-22 08:04:20 WARN  BUY_SKIP [US] NVDL reason=DAILY_LOSS_LIMIT dailyPnl=-5.89%
2026-04-22 08:19:06 WARN  BUY_SKIP [US] ETHU reason=DAILY_LOSS_LIMIT dailyPnl=-5.89%
2026-04-22 08:19:06 WARN  BUY_SKIP [US] SOXL reason=DAILY_LOSS_LIMIT dailyPnl=-5.89%
2026-04-22 08:19:21 WARN  BUY_SKIP [US] ETHU reason=DAILY_LOSS_LIMIT dailyPnl=-5.89%
2026-04-22 08:19:26 WARN  BUY_SKIP [US] SOXL reason=DAILY_LOSS_LIMIT dailyPnl=-5.89%
2026-04-22 08:28:06 WARN  BUY_SKIP [US] NVDL reason=DAILY_LOSS_LIMIT dailyPnl=-5.89%
2026-04-22 08:28:21 WARN  BUY_SKIP [US] NVDL reason=DAILY_LOSS_LIMIT dailyPnl=-5.89%
2026-04-22 08:29:06 WARN  BUY_SKIP [US] SOXL reason=DAILY_LOSS_LIMIT dailyPnl=-5.89%
2026-04-22 08:29:21 WARN  BUY_SKIP [US] SOXL reason=DAILY_LOSS_LIMIT dailyPnl=-5.89%
2026-04-22 08:30:06 WARN  BUY_SKIP [US] SOXL reason=DAILY_LOSS_LIMIT dailyPnl=-5.89%
2026-04-22 08:30:21 WARN  BUY_SKIP [US] SOXL reason=DAILY_LOSS_LIMIT dailyPnl=-5.89%
2026-04-22 08:35:09 WARN  BUY_SKIP [US] SOXL reason=DAILY_LOSS_LIMIT dailyPnl=-5.89%
2026-04-22 08:35:24 WARN  BUY_SKIP [US] SOXL reason=DAILY_LOSS_LIMIT dailyPnl=-5.89%
2026-04-22 08:36:09 WARN  BUY_SKIP [US] SOXL reason=DAILY_LOSS_LIMIT dailyPnl=-5.89%
2026-04-22 08:36:25 WARN  BUY_SKIP [US] SOXL reason=DAILY_LOSS_LIMIT dailyPnl=-5.89%
2026-04-22 08:40:06 WARN  BUY_SKIP [US] NVDL reason=DAILY_LOSS_LIMIT dailyPnl=-5.89%
2026-04-22 08:40:21 WARN  BUY_SKIP [US] NVDL reason=DAILY_LOSS_LIMIT dailyPnl=-5.89%
2026-04-22 08:42:07 WARN  BUY_SKIP [US] TSLL reason=DAILY_LOSS_LIMIT dailyPnl=-5.89%
2026-04-22 08:42:22 WARN  BUY_SKIP [US] TSLL reason=DAILY_LOSS_LIMIT dailyPnl=-5.89%
2026-04-22 10:08:11 INFO  BUY amount set for 027360: 500000.00
2026-04-22 10:08:11 INFO  BUY amount set for 018470: 500000.00
2026-04-22 10:08:11 INFO  BUY amount set for 011930: 500000.00
2026-04-22 10:08:11 INFO  BUY amount set for 008350: 500000.00
2026-04-22 10:08:11 INFO  BUY amount set for 092220: 500000.00
2026-04-22 10:08:11 INFO  BUY amount set for 001250: 500000.00
2026-04-22 10:08:11 INFO  BUY amount set for 209640: 500000.00
2026-04-22 10:08:11 INFO  BUY amount set for 051980: 500000.00
2026-04-22 10:08:11 INFO  BUY amount set for 024740: 500000.00
2026-04-22 10:08:11 INFO  BUY amount set for 171120: 500000.00
2026-04-22 10:08:11 INFO  BUY amount set for 452190: 500000.00
2026-04-22 10:08:11 INFO  BUY amount set for 900100: 500000.00
2026-04-22 10:08:11 INFO  BUY amount set for 073570: 500000.00
2026-04-22 10:08:11 INFO  BUY amount set for 294140: 500000.00
2026-04-22 10:17:09 INFO  BUY [KRX] 209640 mode=VOLUME_BREAKOUT price=6380.0000 qty=78 size=1.0000x score=105(CONV) | WHY: strongBreakout volBreakout retestOK multiUp vol(2.59x) | VWAP: 1.59%(ABOVE slope=UP) | TREND: score=3 vel=1.43%/1.92%/2.58% | VOL: 108413.0000/41899.4444 TO: 690590810.0000/262734196.6667 | entryNo=1
2026-04-22 10:17:09 WARN  BUY_REJECTED 209640 phase=NONE
2026-04-22 10:17:24 INFO  BUY [KRX] 024740 mode=EARLY_MOMENTUM price=4060.0000 qty=98 size=0.8000x score=70(CONV) | WHY: velShort=1.74% velMid=1.62% aboveVwap | VWAP: 0.19%(ABOVE slope=UP) | TREND: score=2 vel=1.74%/1.62%/-0.73% | VOL: 48924.0000/45598.5556 TO: 199854540.0000/185924873.3333 | entryNo=1
2026-04-22 10:17:25 INFO  BUY_FILLED 024740 phase=HOLDING
2026-04-22 10:17:29 INFO  BUY_FILLED 024740 phase=HOLDING
2026-04-22 10:17:35 INFO  BUY_FILLED 024740 phase=HOLDING
2026-04-22 10:17:40 INFO  BUY_FILLED 024740 phase=HOLDING
2026-04-22 10:17:45 INFO  BUY_FILLED 024740 phase=HOLDING
2026-04-22 10:17:50 INFO  BUY_FILLED 024740 phase=HOLDING
2026-04-22 10:17:55 INFO  BUY_FILLED 024740 phase=HOLDING
2026-04-22 10:18:00 INFO  BUY_FILLED 024740 phase=HOLDING
2026-04-22 10:18:05 INFO  BUY_FILLED 024740 phase=HOLDING
2026-04-22 10:18:10 INFO  BUY_FILLED 024740 phase=HOLDING
2026-04-22 10:18:15 INFO  BUY_FILLED 024740 phase=HOLDING
2026-04-22 10:18:20 INFO  BUY_FILLED 024740 phase=HOLDING
2026-04-22 10:18:25 INFO  BUY_FILLED 024740 phase=HOLDING
2026-04-22 10:18:30 INFO  BUY_FILLED 024740 phase=HOLDING
2026-04-22 10:18:35 INFO  BUY_FILLED 024740 phase=HOLDING
2026-04-22 10:18:40 INFO  BUY_FILLED 024740 phase=HOLDING
2026-04-22 10:18:45 INFO  BUY_FILLED 024740 phase=HOLDING
2026-04-22 10:18:50 INFO  BUY_FILLED 024740 phase=HOLDING
2026-04-22 10:18:55 INFO  BUY_FILLED 024740 phase=HOLDING
2026-04-22 10:19:00 INFO  BUY_FILLED 024740 phase=HOLDING
2026-04-22 10:19:05 INFO  BUY [KRX] 171120 mode=EARLY_MOMENTUM price=2710.0000 qty=147 size=0.8000x score=70(CONV) | WHY: velShort=1.69% velMid=0.93% aboveVwap | VWAP: 1.15%(ABOVE slope=UP) | TREND: score=3 vel=1.69%/0.93%/0.56% | VOL: 34871.0000/42270.0000 TO: 94326055.0000/113037372.7273 | entryNo=1
2026-04-22 10:19:05 WARN  BUY_REJECTED 171120 phase=NONE
2026-04-22 10:19:05 INFO  BUY_FILLED 024740 phase=HOLDING
2026-04-22 10:19:10 INFO  BUY_FILLED 024740 phase=HOLDING
2026-04-22 10:19:15 INFO  BUY_FILLED 024740 phase=HOLDING
2026-04-22 10:19:20 INFO  BUY_FILLED 024740 phase=HOLDING
2026-04-22 10:19:25 INFO  BUY_FILLED 024740 phase=HOLDING
2026-04-22 10:19:30 INFO  BUY_FILLED 024740 phase=HOLDING
2026-04-22 10:19:40 INFO  BUY_FILLED 024740 phase=HOLDING
2026-04-22 10:19:45 INFO  BUY_FILLED 024740 phase=HOLDING
2026-04-22 10:19:50 INFO  BUY_FILLED 024740 phase=HOLDING
2026-04-22 10:19:55 INFO  BUY_FILLED 024740 phase=HOLDING
2026-04-22 10:20:00 INFO  BUY_FILLED 024740 phase=HOLDING
2026-04-22 10:20:05 INFO  BUY_FILLED 024740 phase=HOLDING
2026-04-22 10:20:05 INFO  BUY [KRX] 209640 mode=EARLY_MOMENTUM price=6680.0000 qty=59 size=0.8000x score=75(CONV) | WHY: velShort=3.27% velMid=4.08% aboveVwap | VWAP: 1.91%(ABOVE slope=UP) | TREND: score=3 vel=3.27%/4.08%/5.57% | VOL: 641691.0000/132230.6667 TO: 4254411330.0000/860273885.0000 | entryNo=2
2026-04-22 10:20:05 WARN  BUY_REJECTED 209640 phase=NONE
2026-04-22 10:20:10 INFO  BUY_FILLED 024740 phase=HOLDING
2026-04-22 10:20:15 INFO  BUY_FILLED 024740 phase=HOLDING
2026-04-22 10:20:21 INFO  BUY_FILLED 024740 phase=HOLDING
2026-04-22 10:20:26 INFO  BUY_FILLED 024740 phase=HOLDING
2026-04-22 10:20:31 INFO  BUY_FILLED 024740 phase=HOLDING
2026-04-22 10:20:36 INFO  BUY_FILLED 024740 phase=HOLDING
2026-04-22 10:20:41 INFO  BUY_FILLED 024740 phase=HOLDING
2026-04-22 10:20:46 INFO  BUY_FILLED 024740 phase=HOLDING
2026-04-22 10:20:51 INFO  BUY_FILLED 024740 phase=HOLDING
2026-04-22 10:20:56 INFO  BUY_FILLED 024740 phase=HOLDING
2026-04-22 10:21:01 INFO  BUY_FILLED 024740 phase=HOLDING
2026-04-22 10:21:06 INFO  BUY_FILLED 024740 phase=HOLDING
2026-04-22 10:21:11 INFO  BUY_FILLED 024740 phase=HOLDING
2026-04-22 10:21:16 INFO  BUY_FILLED 024740 phase=HOLDING
2026-04-22 10:21:21 INFO  BUY_FILLED 024740 phase=HOLDING
2026-04-22 10:21:26 INFO  BUY_FILLED 024740 phase=HOLDING
2026-04-22 10:21:31 INFO  BUY_FILLED 024740 phase=HOLDING
2026-04-22 10:21:36 INFO  BUY_FILLED 024740 phase=HOLDING
2026-04-22 10:21:41 INFO  BUY_FILLED 024740 phase=HOLDING
2026-04-22 10:21:46 INFO  BUY_FILLED 024740 phase=HOLDING
2026-04-22 10:21:51 INFO  BUY_FILLED 024740 phase=HOLDING
2026-04-22 10:21:56 INFO  BUY_FILLED 024740 phase=HOLDING
2026-04-22 10:21:56 INFO  SELL_EXECUTED [KRX] 024740 mode=EARLY_MOMENTUM phase=EXITING exitType=STOPLOSS price=4010.0000 qty=98 reason=STOP_LOSS pnl=-1.23% weightedPnl=-0.98% dailyPnl=-0.98%
2026-04-22 10:21:57 INFO  SELL_FILLED 024740 reason=STOP_LOSS remainingQty=0 phase=NONE exitType=STOPLOSS partialDone=false
2026-04-22 10:32:25 INFO  BUY [KRX] 092220 mode=EARLY_MOMENTUM price=1705.0000 qty=234 size=0.8000x score=75(CONV) | WHY: velShort=1.36% velMid=1.72% aboveVwap | VWAP: 2.12%(ABOVE slope=UP) | TREND: score=3 vel=1.36%/1.72%/1.72% | VOL: 519544.0000/195771.1500 TO: 891017960.0000/329560982.0000 | entryNo=1
2026-04-22 10:32:25 INFO  BUY_FILLED 092220 phase=HOLDING
2026-04-22 10:32:30 INFO  BUY_FILLED 092220 phase=HOLDING
2026-04-22 10:32:35 INFO  BUY_FILLED 092220 phase=HOLDING
2026-04-22 10:32:40 INFO  BUY_FILLED 092220 phase=HOLDING
2026-04-22 10:32:45 INFO  BUY_FILLED 092220 phase=HOLDING
2026-04-22 10:32:50 INFO  BUY_FILLED 092220 phase=HOLDING
2026-04-22 10:32:55 INFO  BUY_FILLED 092220 phase=HOLDING
2026-04-22 10:33:00 INFO  BUY_FILLED 092220 phase=HOLDING
2026-04-22 10:33:05 INFO  BUY_FILLED 092220 phase=HOLDING
2026-04-22 10:33:10 INFO  BUY_FILLED 092220 phase=HOLDING
2026-04-22 10:33:15 INFO  BUY_FILLED 092220 phase=HOLDING
2026-04-22 10:33:20 INFO  BUY_FILLED 092220 phase=HOLDING
2026-04-22 10:33:25 INFO  BUY_FILLED 092220 phase=HOLDING
2026-04-22 10:33:30 INFO  BUY_FILLED 092220 phase=HOLDING
2026-04-22 10:33:35 INFO  BUY_FILLED 092220 phase=HOLDING
2026-04-22 10:33:40 INFO  BUY_FILLED 092220 phase=HOLDING
2026-04-22 10:33:45 INFO  BUY_FILLED 092220 phase=HOLDING
2026-04-22 10:33:50 INFO  BUY_FILLED 092220 phase=HOLDING
2026-04-22 10:33:55 INFO  BUY_FILLED 092220 phase=HOLDING
2026-04-22 10:34:00 INFO  BUY_FILLED 092220 phase=HOLDING
2026-04-22 10:34:05 INFO  BUY_FILLED 092220 phase=HOLDING
2026-04-22 10:34:10 INFO  BUY_FILLED 092220 phase=HOLDING
2026-04-22 10:34:15 INFO  BUY_FILLED 092220 phase=HOLDING
2026-04-22 10:34:20 INFO  BUY_FILLED 092220 phase=HOLDING
2026-04-22 10:34:25 INFO  BUY_FILLED 092220 phase=HOLDING
2026-04-22 10:34:30 INFO  BUY_FILLED 092220 phase=HOLDING
2026-04-22 10:34:35 INFO  BUY_FILLED 092220 phase=HOLDING
2026-04-22 10:34:40 INFO  BUY_FILLED 092220 phase=HOLDING
2026-04-22 10:34:45 INFO  BUY_FILLED 092220 phase=HOLDING
2026-04-22 10:34:50 INFO  BUY_FILLED 092220 phase=HOLDING
2026-04-22 10:34:55 INFO  BUY_FILLED 092220 phase=HOLDING
2026-04-22 10:35:01 INFO  BUY_FILLED 092220 phase=HOLDING
2026-04-22 10:35:06 INFO  BUY_FILLED 092220 phase=HOLDING
2026-04-22 10:35:11 INFO  BUY_FILLED 092220 phase=HOLDING
2026-04-22 10:35:16 INFO  BUY_FILLED 092220 phase=HOLDING
2026-04-22 10:35:21 INFO  BUY_FILLED 092220 phase=HOLDING
2026-04-22 10:35:26 INFO  BUY_FILLED 092220 phase=HOLDING
2026-04-22 10:35:31 INFO  BUY_FILLED 092220 phase=HOLDING
2026-04-22 10:35:36 INFO  BUY_FILLED 092220 phase=HOLDING
2026-04-22 10:35:41 INFO  BUY_FILLED 092220 phase=HOLDING
2026-04-22 10:35:46 INFO  BUY_FILLED 092220 phase=HOLDING
2026-04-22 10:35:51 INFO  BUY_FILLED 092220 phase=HOLDING
2026-04-22 10:35:56 INFO  BUY_FILLED 092220 phase=HOLDING
2026-04-22 10:35:56 INFO  SELL_EXECUTED [KRX] 092220 mode=EARLY_MOMENTUM phase=EXITING exitType=STOPLOSS price=1684.0000 qty=234 reason=STOP_LOSS pnl=-1.23% weightedPnl=-0.98% dailyPnl=-1.96%
2026-04-22 10:35:56 INFO  SELL_FILLED 092220 reason=STOP_LOSS remainingQty=0 phase=NONE exitType=STOPLOSS partialDone=false
2026-04-22 10:36:01 INFO  BUY_FILLED 092220 phase=HOLDING
2026-04-22 10:36:06 INFO  BUY_FILLED 092220 phase=HOLDING
2026-04-22 10:36:11 INFO  BUY_FILLED 092220 phase=HOLDING
2026-04-22 10:36:16 INFO  BUY_FILLED 092220 phase=HOLDING
2026-04-22 10:36:21 INFO  BUY_FILLED 092220 phase=HOLDING
2026-04-22 10:36:26 INFO  BUY_FILLED 092220 phase=HOLDING
2026-04-22 10:36:31 INFO  BUY_FILLED 092220 phase=HOLDING
2026-04-22 10:36:36 INFO  BUY_FILLED 092220 phase=HOLDING
2026-04-22 10:36:41 INFO  BUY_FILLED 092220 phase=HOLDING
2026-04-22 10:36:41 INFO  SELL_EXECUTED [KRX] 092220 mode=NONE phase=EXITING exitType=STOPLOSS price=1684.0000 qty=234 reason=STOP_LOSS pnl=-1.23% weightedPnl=-0.98% dailyPnl=-2.95%
2026-04-22 10:38:07 INFO  BUY [KRX] 018470 mode=EARLY_MOMENTUM price=2015.0000 qty=198 size=0.8000x score=75(CONV) | WHY: velShort=1.52% velMid=2.34% aboveVwap | VWAP: 1.79%(ABOVE slope=UP) | TREND: score=3 vel=1.52%/2.34%/2.24% | VOL: 945148.0000/241119.1500 TO: 1899747480.0000/475485574.3000 | entryNo=1
2026-04-22 10:38:07 INFO  BUY_FILLED 018470 phase=HOLDING
2026-04-22 10:38:12 INFO  BUY_FILLED 018470 phase=HOLDING
2026-04-22 10:38:17 INFO  BUY_FILLED 018470 phase=HOLDING
2026-04-22 10:38:22 INFO  BUY_FILLED 018470 phase=HOLDING
2026-04-22 10:38:27 INFO  BUY_FILLED 018470 phase=HOLDING
2026-04-22 10:38:32 INFO  BUY_FILLED 018470 phase=HOLDING
2026-04-22 10:38:37 INFO  BUY_FILLED 018470 phase=HOLDING
2026-04-22 10:38:42 INFO  BUY_FILLED 018470 phase=HOLDING
2026-04-22 10:38:47 INFO  BUY_FILLED 018470 phase=HOLDING
2026-04-22 10:38:52 INFO  BUY_FILLED 018470 phase=HOLDING
2026-04-22 10:38:57 INFO  BUY_FILLED 018470 phase=HOLDING
2026-04-22 10:39:02 INFO  BUY_FILLED 018470 phase=HOLDING
2026-04-22 10:39:07 INFO  BUY [KRX] 008350 mode=EARLY_MOMENTUM price=2670.0000 qty=149 size=0.8000x score=75(CONV) | WHY: velShort=1.33% velMid=1.53% aboveVwap | VWAP: 1.09%(ABOVE slope=UP) | TREND: score=3 vel=1.33%/1.53%/3.91% | VOL: 426618.0000/182108.1500 TO: 1134803880.0000/476207248.5000 | entryNo=1
2026-04-22 10:39:07 WARN  BUY_REJECTED 008350 phase=NONE
2026-04-22 10:39:07 INFO  BUY_FILLED 018470 phase=HOLDING
2026-04-22 10:39:12 INFO  BUY_FILLED 018470 phase=HOLDING
2026-04-22 10:39:17 INFO  BUY_FILLED 018470 phase=HOLDING
2026-04-22 10:39:22 INFO  BUY_FILLED 018470 phase=HOLDING
2026-04-22 10:39:27 INFO  BUY_FILLED 018470 phase=HOLDING
2026-04-22 10:39:32 INFO  BUY_FILLED 018470 phase=HOLDING
2026-04-22 10:39:37 INFO  BUY_FILLED 018470 phase=HOLDING
2026-04-22 10:39:42 INFO  BUY_FILLED 018470 phase=HOLDING
2026-04-22 10:39:47 INFO  BUY_FILLED 018470 phase=HOLDING
2026-04-22 10:39:52 INFO  BUY_FILLED 018470 phase=HOLDING
2026-04-22 10:39:57 INFO  BUY_FILLED 018470 phase=HOLDING
2026-04-22 10:40:02 INFO  BUY_FILLED 018470 phase=HOLDING
2026-04-22 10:40:07 INFO  BUY_FILLED 018470 phase=HOLDING
2026-04-22 10:40:12 INFO  BUY_FILLED 018470 phase=HOLDING
2026-04-22 10:40:17 INFO  BUY_FILLED 018470 phase=HOLDING
2026-04-22 10:40:23 INFO  BUY_FILLED 018470 phase=HOLDING
2026-04-22 10:40:28 INFO  BUY_FILLED 018470 phase=HOLDING
2026-04-22 10:40:33 INFO  BUY_FILLED 018470 phase=HOLDING
2026-04-22 10:40:38 INFO  BUY_FILLED 018470 phase=HOLDING
2026-04-22 10:40:43 INFO  BUY_FILLED 018470 phase=HOLDING
2026-04-22 10:40:48 INFO  BUY_FILLED 018470 phase=HOLDING
2026-04-22 10:40:53 INFO  BUY_FILLED 018470 phase=HOLDING
2026-04-22 10:40:58 INFO  BUY_FILLED 018470 phase=HOLDING
2026-04-22 10:40:58 INFO  SELL_EXECUTED [KRX] 018470 mode=EARLY_MOMENTUM phase=EXITING exitType=PROFIT price=2060.0000 qty=99 reason=TAKE_PROFIT_PARTIAL pnl=2.23% weightedPnl=0.89% dailyPnl=-2.05%
2026-04-22 10:40:58 WARN  SELL_REJECTED 018470 reason=TAKE_PROFIT_PARTIAL rolledBack=partialDone:false phase=HOLDING
2026-04-22 10:41:03 INFO  BUY_FILLED 018470 phase=HOLDING
2026-04-22 10:41:08 INFO  BUY_FILLED 018470 phase=HOLDING
2026-04-22 10:41:08 INFO  SELL [TRAIL_DYNAMIC] 018470 pnl=0.004962779156327543 peakPnl=0.022332506203473945 high=2060.0 current=2025.0 mult=0.99
2026-04-22 10:41:08 INFO  SELL_EXECUTED [KRX] 018470 mode=EARLY_MOMENTUM phase=EXITING exitType=TRAIL price=2025.0000 qty=198 reason=TRAIL_DYNAMIC pnl=0.50% weightedPnl=0.40% dailyPnl=-1.66%
2026-04-22 10:41:13 INFO  BUY_FILLED 018470 phase=HOLDING
2026-04-22 10:41:18 INFO  BUY_FILLED 018470 phase=HOLDING
2026-04-22 10:41:23 INFO  BUY_FILLED 018470 phase=HOLDING
2026-04-22 10:41:23 WARN  SELL pending timeout cleared for 018470
2026-04-22 10:41:23 INFO  SELL [TRAIL_DYNAMIC] 018470 pnl=0.004962779156327543 peakPnl=0.022332506203473945 high=2060.0 current=2025.0 mult=0.99
2026-04-22 10:41:23 INFO  SELL_EXECUTED [KRX] 018470 mode=EARLY_MOMENTUM phase=EXITING exitType=TRAIL price=2025.0000 qty=198 reason=TRAIL_DYNAMIC pnl=0.50% weightedPnl=0.40% dailyPnl=-1.26%
2026-04-22 10:41:28 INFO  BUY_FILLED 018470 phase=HOLDING
2026-04-22 10:41:33 INFO  BUY_FILLED 018470 phase=HOLDING
2026-04-22 10:41:38 INFO  BUY_FILLED 018470 phase=HOLDING
2026-04-22 10:41:38 WARN  SELL pending timeout cleared for 018470
2026-04-22 10:41:43 INFO  BUY_FILLED 018470 phase=HOLDING
2026-04-22 10:41:48 INFO  BUY_FILLED 018470 phase=HOLDING
2026-04-22 10:41:53 INFO  BUY_FILLED 018470 phase=HOLDING
2026-04-22 10:41:58 INFO  BUY_FILLED 018470 phase=HOLDING
2026-04-22 10:41:58 INFO  SELL [TRAIL_DYNAMIC] 018470 pnl=0.009925558312655087 peakPnl=0.022332506203473945 high=2060.0 current=2035.0 mult=0.99
2026-04-22 10:41:58 INFO  SELL_EXECUTED [KRX] 018470 mode=EARLY_MOMENTUM phase=EXITING exitType=TRAIL price=2035.0000 qty=198 reason=TRAIL_DYNAMIC pnl=0.99% weightedPnl=0.79% dailyPnl=-0.47%
2026-04-22 10:41:59 INFO  SELL_FILLED 018470 reason=TRAIL_DYNAMIC remainingQty=0 phase=NONE exitType=TRAIL partialDone=false
2026-04-22 10:45:09 INFO  BUY [KRX] 171120 mode=VOLUME_BREAKOUT price=2925.0000 qty=170 size=1.0000x score=105(CONV) | WHY: strongBreakout volBreakout retestOK multiUp vol(3.07x) | VWAP: 3.98%(ABOVE slope=UP) | TREND: score=3 vel=2.09%/1.39%/3.36% | VOL: 299395.0000/97371.8000 TO: 875730375.0000/278034552.0000 | entryNo=2
2026-04-22 10:45:09 WARN  BUY_REJECTED 171120 phase=NONE
2026-04-22 10:53:27 INFO  BUY [KRX] 092220 mode=VOLUME_BREAKOUT price=1765.0000 qty=283 size=1.0000x score=105(CONV) | WHY: strongBreakout volBreakout retestOK multiUp vol(3.66x) | VWAP: 3.30%(ABOVE slope=UP) | TREND: score=3 vel=1.73%/1.44%/2.38% | VOL: 1147776.0000/313287.5000 TO: 2024676864.0000/541697419.7500 | entryNo=2
2026-04-22 10:53:27 WARN  BUY_REJECTED 092220 phase=NONE
2026-04-22 10:55:08 INFO  BUY [KRX] 452190 mode=EARLY_MOMENTUM price=6830.0000 qty=58 size=0.8000x score=75(CONV) | WHY: velShort=1.34% velMid=1.34% aboveVwap | VWAP: 1.78%(ABOVE slope=UP) | TREND: score=3 vel=1.34%/1.34%/1.79% | VOL: 46239.0000/10174.8500 TO: 315812370.0000/68599460.5000 | entryNo=1
2026-04-22 10:55:09 INFO  BUY_FILLED 452190 phase=HOLDING
2026-04-22 10:55:13 INFO  BUY_FILLED 452190 phase=HOLDING
2026-04-22 10:55:18 INFO  BUY_FILLED 452190 phase=HOLDING
2026-04-22 10:55:23 INFO  BUY_FILLED 452190 phase=HOLDING
2026-04-22 10:55:28 INFO  BUY_FILLED 452190 phase=HOLDING
2026-04-22 10:55:33 INFO  BUY_FILLED 452190 phase=HOLDING
2026-04-22 10:55:38 INFO  BUY_FILLED 452190 phase=HOLDING
2026-04-22 10:55:43 INFO  BUY_FILLED 452190 phase=HOLDING
2026-04-22 10:55:48 INFO  BUY_FILLED 452190 phase=HOLDING
2026-04-22 10:55:53 INFO  BUY_FILLED 452190 phase=HOLDING
2026-04-22 10:55:58 INFO  BUY_FILLED 452190 phase=HOLDING
2026-04-22 10:56:03 INFO  BUY_FILLED 452190 phase=HOLDING
2026-04-22 10:56:08 INFO  BUY_FILLED 452190 phase=HOLDING
2026-04-22 10:56:13 INFO  BUY_FILLED 452190 phase=HOLDING
2026-04-22 10:56:18 INFO  BUY_FILLED 452190 phase=HOLDING
2026-04-22 10:56:23 INFO  BUY_FILLED 452190 phase=HOLDING
2026-04-22 10:56:28 INFO  BUY_FILLED 452190 phase=HOLDING
2026-04-22 10:56:33 INFO  BUY_FILLED 452190 phase=HOLDING
2026-04-22 10:56:38 INFO  BUY_FILLED 452190 phase=HOLDING
2026-04-22 10:56:43 INFO  BUY_FILLED 452190 phase=HOLDING
2026-04-22 10:56:49 INFO  BUY_FILLED 452190 phase=HOLDING
2026-04-22 10:56:54 INFO  BUY_FILLED 452190 phase=HOLDING
2026-04-22 10:56:59 INFO  BUY_FILLED 452190 phase=HOLDING
2026-04-22 10:57:14 INFO  BUY_FILLED 452190 phase=HOLDING
2026-04-22 10:57:19 INFO  BUY_FILLED 452190 phase=HOLDING
2026-04-22 10:57:24 INFO  BUY_FILLED 452190 phase=HOLDING
2026-04-22 10:57:29 INFO  BUY_FILLED 452190 phase=HOLDING
2026-04-22 10:57:34 INFO  BUY_FILLED 452190 phase=HOLDING
2026-04-22 10:57:39 INFO  BUY_FILLED 452190 phase=HOLDING
2026-04-22 10:57:44 INFO  BUY_FILLED 452190 phase=HOLDING
2026-04-22 10:57:49 INFO  BUY_FILLED 452190 phase=HOLDING
2026-04-22 10:57:54 INFO  BUY_FILLED 452190 phase=HOLDING
2026-04-22 10:57:59 INFO  BUY_FILLED 452190 phase=HOLDING
2026-04-22 10:58:04 INFO  BUY_FILLED 452190 phase=HOLDING
2026-04-22 10:58:09 INFO  BUY_FILLED 452190 phase=HOLDING
2026-04-22 10:58:14 INFO  BUY_FILLED 452190 phase=HOLDING
2026-04-22 10:58:19 INFO  BUY_FILLED 452190 phase=HOLDING
2026-04-22 10:58:24 INFO  BUY_FILLED 452190 phase=HOLDING
2026-04-22 10:58:29 INFO  BUY_FILLED 452190 phase=HOLDING
2026-04-22 10:58:34 INFO  BUY_FILLED 452190 phase=HOLDING
2026-04-22 10:58:39 INFO  BUY_FILLED 452190 phase=HOLDING
2026-04-22 10:58:44 INFO  BUY_FILLED 452190 phase=HOLDING
2026-04-22 10:58:49 INFO  BUY_FILLED 452190 phase=HOLDING
2026-04-22 10:58:54 INFO  BUY_FILLED 452190 phase=HOLDING
2026-04-22 10:58:59 INFO  BUY_FILLED 452190 phase=HOLDING
2026-04-22 10:59:04 INFO  BUY_FILLED 452190 phase=HOLDING
2026-04-22 10:59:09 INFO  BUY_FILLED 452190 phase=HOLDING
2026-04-22 10:59:14 INFO  BUY_FILLED 452190 phase=HOLDING
2026-04-22 10:59:19 INFO  BUY_FILLED 452190 phase=HOLDING
2026-04-22 10:59:25 INFO  BUY_FILLED 452190 phase=HOLDING
2026-04-22 10:59:30 INFO  BUY_FILLED 452190 phase=HOLDING
2026-04-22 10:59:35 INFO  BUY_FILLED 452190 phase=HOLDING
2026-04-22 10:59:35 INFO  SELL_EXECUTED [KRX] 452190 mode=EARLY_MOMENTUM phase=EXITING exitType=STOPLOSS price=6740.0000 qty=58 reason=STOP_LOSS pnl=-1.32% weightedPnl=-1.04% dailyPnl=-1.51%
2026-04-22 10:59:35 INFO  SELL_FILLED 452190 reason=STOP_LOSS remainingQty=0 phase=NONE exitType=STOPLOSS partialDone=false
2026-04-22 11:05:22 INFO  BUY [KRX] 024740 mode=VOLUME_BREAKOUT price=4050.0000 qty=123 size=1.0000x score=105(CONV) | WHY: strongBreakout volBreakout retestOK multiUp vol(3.59x) | VWAP: 0.77%(ABOVE slope=UP) | TREND: score=3 vel=1.25%/1.88%/1.88% | VOL: 53374.0000/14865.5000 TO: 216431570.0000/59517213.7500 | entryNo=2
2026-04-22 11:05:22 WARN  BUY_REJECTED 024740 phase=NONE
2026-04-22 11:14:20 INFO  BUY [KRX] 001250 mode=EARLY_MOMENTUM price=3910.0000 qty=102 size=0.8000x score=75(CONV) | WHY: velShort=1.42% velMid=1.29% aboveVwap | VWAP: 0.38%(ABOVE slope=UP) | TREND: score=3 vel=1.42%/1.29%/0.64% | VOL: 29892.0000/23558.5500 TO: 117027180.0000/91768520.5000 | entryNo=1
2026-04-22 11:14:22 INFO  BUY_FILLED 001250 phase=HOLDING
2026-04-22 11:14:25 INFO  BUY_FILLED 001250 phase=HOLDING
2026-04-22 11:14:30 INFO  BUY_FILLED 001250 phase=HOLDING
2026-04-22 11:14:35 INFO  BUY_FILLED 001250 phase=HOLDING
2026-04-22 11:14:40 INFO  BUY_FILLED 001250 phase=HOLDING
2026-04-22 11:14:45 INFO  BUY_FILLED 001250 phase=HOLDING
2026-04-22 11:14:50 INFO  BUY_FILLED 001250 phase=HOLDING
2026-04-22 11:14:55 INFO  BUY_FILLED 001250 phase=HOLDING
2026-04-22 11:15:00 INFO  BUY_FILLED 001250 phase=HOLDING
2026-04-22 11:15:05 INFO  BUY_FILLED 001250 phase=HOLDING
2026-04-22 11:15:10 INFO  BUY_FILLED 001250 phase=HOLDING
2026-04-22 11:15:15 INFO  BUY_FILLED 001250 phase=HOLDING
2026-04-22 11:15:20 INFO  BUY_FILLED 001250 phase=HOLDING
2026-04-22 11:15:25 INFO  BUY_FILLED 001250 phase=HOLDING
2026-04-22 11:15:31 INFO  BUY_FILLED 001250 phase=HOLDING
2026-04-22 11:15:36 INFO  BUY_FILLED 001250 phase=HOLDING
2026-04-22 11:15:41 INFO  BUY_FILLED 001250 phase=HOLDING
2026-04-22 11:15:46 INFO  BUY_FILLED 001250 phase=HOLDING
2026-04-22 11:15:51 INFO  BUY_FILLED 001250 phase=HOLDING
2026-04-22 11:16:01 INFO  BUY_FILLED 001250 phase=HOLDING
2026-04-22 11:16:06 INFO  BUY_FILLED 001250 phase=HOLDING
2026-04-22 11:16:11 INFO  BUY_FILLED 001250 phase=HOLDING
2026-04-22 11:16:16 INFO  BUY_FILLED 001250 phase=HOLDING
2026-04-22 11:16:21 INFO  BUY_FILLED 001250 phase=HOLDING
2026-04-22 11:16:26 INFO  BUY_FILLED 001250 phase=HOLDING
2026-04-22 11:16:31 INFO  BUY_FILLED 001250 phase=HOLDING
2026-04-22 11:16:36 INFO  BUY_FILLED 001250 phase=HOLDING
2026-04-22 11:16:41 INFO  BUY_FILLED 001250 phase=HOLDING
2026-04-22 11:16:46 INFO  BUY_FILLED 001250 phase=HOLDING
2026-04-22 11:16:51 INFO  BUY_FILLED 001250 phase=HOLDING
2026-04-22 11:16:56 INFO  BUY_FILLED 001250 phase=HOLDING
2026-04-22 11:17:01 INFO  BUY_FILLED 001250 phase=HOLDING
2026-04-22 11:17:06 INFO  BUY_FILLED 001250 phase=HOLDING
2026-04-22 11:17:11 INFO  BUY_FILLED 001250 phase=HOLDING
2026-04-22 11:17:16 INFO  BUY_FILLED 001250 phase=HOLDING
2026-04-22 11:17:21 INFO  BUY_FILLED 001250 phase=HOLDING
2026-04-22 11:17:26 INFO  BUY_FILLED 001250 phase=HOLDING
2026-04-22 11:17:31 INFO  BUY_FILLED 001250 phase=HOLDING
2026-04-22 11:17:36 INFO  BUY_FILLED 001250 phase=HOLDING
2026-04-22 11:17:41 INFO  BUY_FILLED 001250 phase=HOLDING
2026-04-22 11:17:46 INFO  BUY_FILLED 001250 phase=HOLDING
2026-04-22 11:17:51 INFO  BUY_FILLED 001250 phase=HOLDING
2026-04-22 11:17:56 INFO  BUY_FILLED 001250 phase=HOLDING
2026-04-22 11:18:02 INFO  BUY_FILLED 001250 phase=HOLDING
2026-04-22 11:18:07 INFO  BUY_FILLED 001250 phase=HOLDING
2026-04-22 11:18:17 INFO  BUY_FILLED 001250 phase=HOLDING
2026-04-22 11:18:22 INFO  BUY_FILLED 001250 phase=HOLDING
2026-04-22 11:18:27 INFO  BUY_FILLED 001250 phase=HOLDING
2026-04-22 11:18:32 INFO  BUY_FILLED 001250 phase=HOLDING
2026-04-22 11:18:37 INFO  BUY_FILLED 001250 phase=HOLDING
2026-04-22 11:18:42 INFO  BUY_FILLED 001250 phase=HOLDING
2026-04-22 11:18:47 INFO  BUY_FILLED 001250 phase=HOLDING
2026-04-22 11:18:52 INFO  BUY_FILLED 001250 phase=HOLDING
2026-04-22 11:18:57 INFO  BUY_FILLED 001250 phase=HOLDING
2026-04-22 11:19:02 INFO  BUY_FILLED 001250 phase=HOLDING
2026-04-22 11:19:07 INFO  BUY_FILLED 001250 phase=HOLDING
2026-04-22 11:19:12 INFO  BUY_FILLED 001250 phase=HOLDING
2026-04-22 11:19:17 INFO  BUY_FILLED 001250 phase=HOLDING
2026-04-22 11:19:22 INFO  BUY_FILLED 001250 phase=HOLDING
2026-04-22 11:19:27 INFO  BUY_FILLED 001250 phase=HOLDING
2026-04-22 11:19:32 INFO  BUY_FILLED 001250 phase=HOLDING
2026-04-22 11:19:37 INFO  BUY_FILLED 001250 phase=HOLDING
2026-04-22 11:19:42 INFO  BUY_FILLED 001250 phase=HOLDING
2026-04-22 11:19:47 INFO  BUY_FILLED 001250 phase=HOLDING
2026-04-22 11:19:52 INFO  BUY_FILLED 001250 phase=HOLDING
2026-04-22 11:19:57 INFO  BUY_FILLED 001250 phase=HOLDING
2026-04-22 11:20:02 INFO  BUY_FILLED 001250 phase=HOLDING
2026-04-22 11:20:07 INFO  BUY_FILLED 001250 phase=HOLDING
2026-04-22 11:20:12 INFO  BUY_FILLED 001250 phase=HOLDING
2026-04-22 11:20:17 INFO  BUY_FILLED 001250 phase=HOLDING
2026-04-22 11:20:22 INFO  BUY_FILLED 001250 phase=HOLDING
2026-04-22 11:20:27 INFO  BUY_FILLED 001250 phase=HOLDING
2026-04-22 11:20:32 INFO  BUY_FILLED 001250 phase=HOLDING
2026-04-22 11:20:37 INFO  BUY_FILLED 001250 phase=HOLDING
2026-04-22 11:20:42 INFO  BUY_FILLED 001250 phase=HOLDING
2026-04-22 11:20:47 INFO  BUY_FILLED 001250 phase=HOLDING
2026-04-22 11:20:53 INFO  BUY_FILLED 001250 phase=HOLDING
2026-04-22 11:20:58 INFO  BUY_FILLED 001250 phase=HOLDING
2026-04-22 11:21:03 INFO  BUY_FILLED 001250 phase=HOLDING
2026-04-22 11:21:08 INFO  BUY_FILLED 001250 phase=HOLDING
2026-04-22 11:21:13 INFO  BUY_FILLED 001250 phase=HOLDING
2026-04-22 11:21:18 INFO  BUY_FILLED 001250 phase=HOLDING
2026-04-22 11:21:23 INFO  BUY_FILLED 001250 phase=HOLDING
2026-04-22 11:21:28 INFO  BUY_FILLED 001250 phase=HOLDING
2026-04-22 11:21:33 INFO  BUY_FILLED 001250 phase=HOLDING
2026-04-22 11:21:38 INFO  BUY_FILLED 001250 phase=HOLDING
2026-04-22 11:21:43 INFO  BUY_FILLED 001250 phase=HOLDING
2026-04-22 11:21:48 INFO  BUY_FILLED 001250 phase=HOLDING
2026-04-22 11:21:53 INFO  BUY_FILLED 001250 phase=HOLDING
2026-04-22 11:21:58 INFO  BUY_FILLED 001250 phase=HOLDING
2026-04-22 11:22:03 INFO  BUY_FILLED 001250 phase=HOLDING
2026-04-22 11:22:08 INFO  BUY_FILLED 001250 phase=HOLDING
2026-04-22 11:22:13 INFO  BUY_FILLED 001250 phase=HOLDING
2026-04-22 11:22:18 INFO  BUY_FILLED 001250 phase=HOLDING
2026-04-22 11:22:23 INFO  BUY_FILLED 001250 phase=HOLDING
2026-04-22 11:22:28 INFO  BUY_FILLED 001250 phase=HOLDING
2026-04-22 11:22:33 INFO  BUY_FILLED 001250 phase=HOLDING
2026-04-22 11:22:38 INFO  BUY_FILLED 001250 phase=HOLDING
2026-04-22 11:22:43 INFO  BUY_FILLED 001250 phase=HOLDING
2026-04-22 11:22:48 INFO  BUY_FILLED 001250 phase=HOLDING
2026-04-22 11:22:53 INFO  BUY_FILLED 001250 phase=HOLDING
2026-04-22 11:22:58 INFO  BUY_FILLED 001250 phase=HOLDING
2026-04-22 11:23:03 INFO  BUY_FILLED 001250 phase=HOLDING
2026-04-22 11:23:08 INFO  BUY_FILLED 001250 phase=HOLDING
2026-04-22 11:23:13 INFO  BUY_FILLED 001250 phase=HOLDING
2026-04-22 11:23:18 INFO  BUY_FILLED 001250 phase=HOLDING
2026-04-22 11:23:23 INFO  BUY_FILLED 001250 phase=HOLDING
2026-04-22 11:23:28 INFO  BUY_FILLED 001250 phase=HOLDING
2026-04-22 11:23:33 INFO  BUY_FILLED 001250 phase=HOLDING
2026-04-22 11:23:39 INFO  BUY_FILLED 001250 phase=HOLDING
2026-04-22 11:23:44 INFO  BUY_FILLED 001250 phase=HOLDING
2026-04-22 11:23:49 INFO  BUY_FILLED 001250 phase=HOLDING
2026-04-22 11:23:54 INFO  BUY_FILLED 001250 phase=HOLDING
2026-04-22 11:23:59 INFO  BUY_FILLED 001250 phase=HOLDING
2026-04-22 11:24:04 INFO  BUY_FILLED 001250 phase=HOLDING
2026-04-22 11:24:09 INFO  BUY_FILLED 001250 phase=HOLDING
2026-04-22 11:24:19 INFO  BUY_FILLED 001250 phase=HOLDING
2026-04-22 11:24:24 INFO  BUY_FILLED 001250 phase=HOLDING
2026-04-22 11:24:29 INFO  BUY_FILLED 001250 phase=HOLDING
2026-04-22 11:24:34 INFO  BUY_FILLED 001250 phase=HOLDING
2026-04-22 11:24:39 INFO  BUY_FILLED 001250 phase=HOLDING
2026-04-22 11:24:44 INFO  BUY_FILLED 001250 phase=HOLDING
2026-04-22 11:24:49 INFO  BUY_FILLED 001250 phase=HOLDING
2026-04-22 11:24:54 INFO  BUY_FILLED 001250 phase=HOLDING
2026-04-22 11:24:59 INFO  BUY_FILLED 001250 phase=HOLDING
2026-04-22 11:25:04 INFO  BUY_FILLED 001250 phase=HOLDING
2026-04-22 11:25:09 INFO  BUY_FILLED 001250 phase=HOLDING
2026-04-22 11:25:14 INFO  BUY_FILLED 001250 phase=HOLDING
2026-04-22 11:25:19 INFO  BUY_FILLED 001250 phase=HOLDING
2026-04-22 11:25:24 INFO  BUY_FILLED 001250 phase=HOLDING
2026-04-22 11:25:29 INFO  BUY_FILLED 001250 phase=HOLDING
2026-04-22 11:25:34 INFO  BUY_FILLED 001250 phase=HOLDING
2026-04-22 11:25:39 INFO  BUY_FILLED 001250 phase=HOLDING
2026-04-22 11:25:44 INFO  BUY_FILLED 001250 phase=HOLDING
2026-04-22 11:25:49 INFO  BUY_FILLED 001250 phase=HOLDING
2026-04-22 11:25:54 INFO  BUY_FILLED 001250 phase=HOLDING
2026-04-22 11:25:59 INFO  BUY_FILLED 001250 phase=HOLDING
2026-04-22 11:26:04 INFO  BUY_FILLED 001250 phase=HOLDING
2026-04-22 11:26:09 INFO  BUY_FILLED 001250 phase=HOLDING
2026-04-22 11:26:14 INFO  BUY_FILLED 001250 phase=HOLDING
2026-04-22 11:26:20 INFO  BUY_FILLED 001250 phase=HOLDING
2026-04-22 11:26:25 INFO  BUY_FILLED 001250 phase=HOLDING
2026-04-22 11:26:30 INFO  BUY_FILLED 001250 phase=HOLDING
2026-04-22 11:26:35 INFO  BUY_FILLED 001250 phase=HOLDING
2026-04-22 11:26:40 INFO  BUY_FILLED 001250 phase=HOLDING
2026-04-22 11:26:45 INFO  BUY_FILLED 001250 phase=HOLDING
2026-04-22 11:26:50 INFO  BUY_FILLED 001250 phase=HOLDING
2026-04-22 11:26:55 INFO  BUY_FILLED 001250 phase=HOLDING
2026-04-22 11:27:00 INFO  BUY_FILLED 001250 phase=HOLDING
2026-04-22 11:27:05 INFO  BUY_FILLED 001250 phase=HOLDING
2026-04-22 11:27:10 INFO  BUY_FILLED 001250 phase=HOLDING
2026-04-22 11:27:15 INFO  BUY_FILLED 001250 phase=HOLDING
2026-04-22 11:27:20 INFO  BUY_FILLED 001250 phase=HOLDING
2026-04-22 11:27:25 INFO  BUY_FILLED 001250 phase=HOLDING
2026-04-22 11:27:30 INFO  BUY_FILLED 001250 phase=HOLDING
2026-04-22 11:27:35 INFO  BUY_FILLED 001250 phase=HOLDING
2026-04-22 11:27:40 INFO  BUY_FILLED 001250 phase=HOLDING
2026-04-22 11:27:45 INFO  BUY_FILLED 001250 phase=HOLDING
2026-04-22 11:27:50 INFO  BUY_FILLED 001250 phase=HOLDING
2026-04-22 11:27:55 INFO  BUY_FILLED 001250 phase=HOLDING
2026-04-22 11:27:55 INFO  SELL [BREAKEVEN_GUARD] 001250 pnl=-0.13% peakPnl=1.07% holdMs=813450
2026-04-22 11:27:55 INFO  SELL_EXECUTED [KRX] 001250 mode=EARLY_MOMENTUM phase=EXITING exitType=TRAIL price=3905.0000 qty=102 reason=BREAKEVEN_GUARD pnl=-0.13% weightedPnl=-0.10% dailyPnl=-1.62%
2026-04-22 11:27:56 INFO  SELL_FILLED 001250 reason=BREAKEVEN_GUARD remainingQty=0 phase=NONE exitType=TRAIL partialDone=false
2026-04-22 11:28:00 INFO  BUY_FILLED 001250 phase=HOLDING
2026-04-22 11:28:05 INFO  BUY_FILLED 001250 phase=HOLDING
2026-04-22 11:28:10 INFO  BUY_FILLED 001250 phase=HOLDING
2026-04-22 11:28:15 INFO  BUY_FILLED 001250 phase=HOLDING
2026-04-22 11:28:20 INFO  BUY_FILLED 001250 phase=HOLDING
2026-04-22 11:28:25 INFO  BUY_FILLED 001250 phase=HOLDING
2026-04-22 11:28:30 INFO  BUY_FILLED 001250 phase=HOLDING
2026-04-22 11:28:35 INFO  BUY_FILLED 001250 phase=HOLDING
2026-04-22 11:28:40 INFO  BUY_FILLED 001250 phase=HOLDING
2026-04-22 11:28:45 INFO  BUY_FILLED 001250 phase=HOLDING
2026-04-22 11:28:50 INFO  BUY_FILLED 001250 phase=HOLDING
2026-04-22 11:28:55 INFO  BUY_FILLED 001250 phase=HOLDING
2026-04-22 11:59:37 INFO  BUY amount set for 222080: 500000.00
2026-04-22 11:59:37 INFO  BUY amount set for 073570: 500000.00
2026-04-22 11:59:37 INFO  BUY amount set for 018470: 500000.00
2026-04-22 11:59:37 INFO  BUY amount set for 010820: 500000.00
2026-04-22 11:59:37 INFO  BUY amount set for 088340: 500000.00
2026-04-22 11:59:37 INFO  BUY amount set for 452190: 500000.00
2026-04-22 11:59:37 INFO  BUY amount set for 023790: 500000.00
2026-04-22 11:59:37 INFO  BUY amount set for 294140: 500000.00
2026-04-22 12:11:08 INFO  BUY [KRX] 452190 mode=VOLUME_BREAKOUT price=7280.0000 qty=54 size=0.8000x score=90(CONV) | WHY: strongBreakout volBreakout retestOK multiUp vol(2.08x) | VWAP: 2.00%(ABOVE slope=UP) | TREND: score=3 vel=0.97%/2.68%/3.41% | VOL: 342760.0000/164410.2500 TO: 2491865200.0000/1171780575.0000 | entryNo=1
2026-04-22 12:11:09 INFO  BUY_FILLED 452190 phase=HOLDING
2026-04-22 12:11:13 INFO  BUY_FILLED 452190 phase=HOLDING
2026-04-22 12:11:18 INFO  BUY_FILLED 452190 phase=HOLDING
2026-04-22 12:11:28 INFO  BUY_FILLED 452190 phase=HOLDING
2026-04-22 12:11:33 INFO  BUY_FILLED 452190 phase=HOLDING
2026-04-22 12:11:38 INFO  BUY_FILLED 452190 phase=HOLDING
2026-04-22 12:11:43 INFO  BUY_FILLED 452190 phase=HOLDING
2026-04-22 12:11:48 INFO  BUY_FILLED 452190 phase=HOLDING
2026-04-22 12:11:53 INFO  BUY_FILLED 452190 phase=HOLDING
2026-04-22 12:11:58 INFO  BUY_FILLED 452190 phase=HOLDING
2026-04-22 12:12:03 INFO  BUY_FILLED 452190 phase=HOLDING
2026-04-22 12:12:09 INFO  BUY_FILLED 452190 phase=HOLDING
2026-04-22 12:12:14 INFO  BUY_FILLED 452190 phase=HOLDING
2026-04-22 12:12:19 INFO  BUY_FILLED 452190 phase=HOLDING
2026-04-22 12:12:24 INFO  BUY_FILLED 452190 phase=HOLDING
2026-04-22 12:12:29 INFO  BUY_FILLED 452190 phase=HOLDING
2026-04-22 12:12:34 INFO  BUY_FILLED 452190 phase=HOLDING
2026-04-22 12:12:39 INFO  BUY_FILLED 452190 phase=HOLDING
2026-04-22 12:12:44 INFO  BUY_FILLED 452190 phase=HOLDING
2026-04-22 12:12:49 INFO  BUY_FILLED 452190 phase=HOLDING
2026-04-22 12:12:54 INFO  BUY_FILLED 452190 phase=HOLDING
2026-04-22 12:12:59 INFO  BUY_FILLED 452190 phase=HOLDING
2026-04-22 12:13:04 INFO  BUY_FILLED 452190 phase=HOLDING
2026-04-22 12:13:09 INFO  BUY_FILLED 452190 phase=HOLDING
2026-04-22 12:13:14 INFO  BUY_FILLED 452190 phase=HOLDING
2026-04-22 12:13:19 INFO  BUY_FILLED 452190 phase=HOLDING
2026-04-22 12:13:24 INFO  BUY_FILLED 452190 phase=HOLDING
2026-04-22 12:13:29 INFO  BUY_FILLED 452190 phase=HOLDING
2026-04-22 12:13:34 INFO  BUY_FILLED 452190 phase=HOLDING
2026-04-22 12:13:39 INFO  BUY_FILLED 452190 phase=HOLDING
2026-04-22 12:13:39 INFO  SELL_EXECUTED [KRX] 452190 mode=VOLUME_BREAKOUT phase=EXITING exitType=PROFIT price=7440.0000 qty=27 reason=TAKE_PROFIT_PARTIAL pnl=2.20% weightedPnl=0.86% dailyPnl=0.86%
2026-04-22 12:13:40 INFO  SELL_FILLED 452190 reason=TAKE_PROFIT_PARTIAL remainingQty=27 phase=PARTIAL_EXITED exitType=PROFIT partialDone=true
2026-04-22 12:13:45 INFO  BUY_FILLED 452190 phase=HOLDING
2026-04-22 12:13:50 INFO  BUY_FILLED 452190 phase=HOLDING
2026-04-22 12:13:50 INFO  SELL [PARTIAL_TRAIL_EXIT] 452190 pnl=0.019230769230769232 peakPnl=0.023351648351648352 high=7450.0 current=7420.0 mult=0.996
2026-04-22 12:13:50 INFO  SELL_EXECUTED [KRX] 452190 mode=VOLUME_BREAKOUT phase=EXITING exitType=NONE price=7420.0000 qty=27 reason=PARTIAL_TRAIL_EXIT pnl=1.92% weightedPnl=0.76% dailyPnl=1.62%
2026-04-22 12:13:51 INFO  SELL_FILLED 452190 reason=PARTIAL_TRAIL_EXIT remainingQty=0 phase=NONE exitType=NONE partialDone=false
2026-04-22 12:25:05 INFO  BUY [KRX] 452190 mode=PULLBACK price=7600.0000 qty=78 size=1.2000x score=75(CONV) | WHY: zone(-2.57%fromHigh) avgCross vol(1.01x) | VWAP: 2.41%(ABOVE slope=UP) | TREND: score=1 vel=-1.69%/-1.17%/1.47% | VOL: 294288.0000/292268.3500 TO: 2227760160.0000/2174114637.0000 | entryNo=2
2026-04-22 12:25:05 WARN  BUY_REJECTED 452190 phase=NONE
2026-04-22 12:37:05 INFO  BUY [KRX] 023790 mode=EARLY_MOMENTUM price=1220.0000 qty=327 size=0.8000x score=75(CONV) | WHY: velShort=2.70% velMid=3.13% aboveVwap | VWAP: 0.24%(ABOVE slope=UP) | TREND: score=3 vel=2.70%/3.13%/2.87% | VOL: 189609.0000/62335.4000 TO: 230943762.0000/75262169.0000 | entryNo=1
2026-04-22 12:37:06 INFO  BUY_FILLED 023790 phase=HOLDING
2026-04-22 12:37:10 INFO  BUY_FILLED 023790 phase=HOLDING
2026-04-22 12:37:15 INFO  BUY_FILLED 023790 phase=HOLDING
2026-04-22 12:37:20 INFO  BUY_FILLED 023790 phase=HOLDING
2026-04-22 12:37:25 INFO  BUY_FILLED 023790 phase=HOLDING
2026-04-22 12:37:30 INFO  BUY_FILLED 023790 phase=HOLDING
2026-04-22 12:37:35 INFO  BUY_FILLED 023790 phase=HOLDING
2026-04-22 12:37:40 INFO  BUY_FILLED 023790 phase=HOLDING
2026-04-22 12:37:40 INFO  SELL_EXECUTED [KRX] 023790 mode=EARLY_MOMENTUM phase=EXITING exitType=PROFIT price=1245.0000 qty=163 reason=TAKE_PROFIT_PARTIAL pnl=2.05% weightedPnl=0.82% dailyPnl=2.44%
2026-04-22 12:37:41 INFO  SELL_FILLED 023790 reason=TAKE_PROFIT_PARTIAL remainingQty=164 phase=PARTIAL_EXITED exitType=PROFIT partialDone=true
2026-04-22 12:37:45 INFO  BUY_FILLED 023790 phase=HOLDING
2026-04-22 12:37:50 INFO  BUY_FILLED 023790 phase=HOLDING
2026-04-22 12:37:56 INFO  BUY_FILLED 023790 phase=HOLDING
2026-04-22 12:38:01 INFO  BUY_FILLED 023790 phase=HOLDING
2026-04-22 12:38:01 INFO  SELL [PARTIAL_TRAIL_EXIT] 023790 pnl=0.01639344262295082 peakPnl=0.020491803278688523 high=1245.0 current=1240.0 mult=0.996
2026-04-22 12:38:01 INFO  SELL_EXECUTED [KRX] 023790 mode=EARLY_MOMENTUM phase=EXITING exitType=NONE price=1240.0000 qty=164 reason=PARTIAL_TRAIL_EXIT pnl=1.64% weightedPnl=0.66% dailyPnl=3.09%
2026-04-22 12:38:01 INFO  SELL_FILLED 023790 reason=PARTIAL_TRAIL_EXIT remainingQty=0 phase=NONE exitType=NONE partialDone=false
2026-04-22 12:40:07 INFO  BUY [KRX] 010820 mode=VOLUME_BREAKOUT price=16800.0000 qty=29 size=1.0000x score=100(CONV) | WHY: strongBreakout volBreakout retestOK multiUp vol(2.38x) | VWAP: 1.49%(ABOVE slope=UP) | TREND: score=3 vel=1.27%/1.20%/1.14% | VOL: 38277.0000/16065.2500 TO: 643436370.0000/267788898.7500 | entryNo=1
2026-04-22 12:40:07 WARN  BUY_REJECTED 010820 phase=NONE
2026-04-22 13:08:22 INFO  BUY [KRX] 222080 mode=VOLUME_BREAKOUT price=16900.0000 qty=29 size=1.0000x score=90(CONV) | WHY: strongBreakout volBreakout retestOK multiUp vol(3.86x) | VWAP: 0.92%(ABOVE slope=UP) | TREND: score=3 vel=0.84%/0.78%/1.20% | VOL: 57303.0000/14838.7500 TO: 967847670.0000/248370855.5000 | entryNo=1
2026-04-22 13:08:22 WARN  BUY_REJECTED 222080 phase=NONE
2026-04-22 22:35:31 INFO  BUY amount set for IBIT: 300.00
2026-04-22 22:35:31 INFO  BUY amount set for AXTI: 300.00
2026-04-22 22:35:31 INFO  BUY amount set for IREN: 300.00
2026-04-22 22:35:31 INFO  BUY amount set for POET: 300.00
2026-04-22 22:35:33 INFO  BUY amount set for NVDL: 300.00
2026-04-22 22:35:33 INFO  BUY amount set for BAIG: 300.00
2026-04-22 22:35:33 INFO  BUY amount set for SOXS: 300.00
2026-04-22 22:35:33 INFO  BUY amount set for SMCX: 300.00
2026-04-22 22:35:33 INFO  BUY amount set for TSLL: 300.00
2026-04-22 22:35:33 INFO  BUY amount set for SOXL: 300.00
2026-04-22 22:35:33 INFO  BUY amount set for SMU: 300.00
2026-04-22 22:35:33 INFO  BUY amount set for ETHU: 300.00
2026-04-22 22:43:26 INFO  BUY [US] BAIG mode=EARLY_MOMENTUM price=3.6200 qty=66 size=0.8000x score=75(CONV) | WHY: velShort=1.26% velMid=2.85% aboveVwap | VWAP: 1.00%(ABOVE slope=UP) | TREND: score=3 vel=1.26%/2.85%/3.29% | VOL: 7168.0000/3192.2500 TO: 25912.3200/11425.2648 | entryNo=1
2026-04-22 22:44:21 INFO  BUY [US] SMU mode=EARLY_MOMENTUM price=17.8500 qty=13 size=0.8000x score=75(CONV) | WHY: velShort=2.71% velMid=2.97% aboveVwap | VWAP: 3.75%(ABOVE slope=UP) | TREND: score=3 vel=2.71%/2.97%/5.58% | VOL: 12317.0000/11018.7778 TO: 219612.1100/189359.2813 | entryNo=1
2026-04-22 22:44:21 WARN  BUY_REJECTED SMU phase=NONE
2026-04-22 22:46:02 INFO  BUY_FILLED BAIG phase=HOLDING
2026-04-22 22:46:07 INFO  BUY_FILLED BAIG phase=HOLDING
2026-04-22 22:46:12 INFO  BUY_FILLED BAIG phase=HOLDING
2026-04-22 22:46:17 INFO  BUY_FILLED BAIG phase=HOLDING
2026-04-22 22:46:22 INFO  BUY_FILLED BAIG phase=HOLDING
2026-04-22 22:46:27 INFO  BUY_FILLED BAIG phase=HOLDING
2026-04-22 22:46:32 INFO  BUY_FILLED BAIG phase=HOLDING
2026-04-22 22:46:37 INFO  BUY_FILLED BAIG phase=HOLDING
2026-04-22 22:46:42 INFO  BUY_FILLED BAIG phase=HOLDING
2026-04-22 22:46:47 INFO  BUY_FILLED BAIG phase=HOLDING
2026-04-22 22:46:52 INFO  BUY_FILLED BAIG phase=HOLDING
2026-04-22 22:46:57 INFO  BUY_FILLED BAIG phase=HOLDING
2026-04-22 22:47:02 INFO  BUY_FILLED BAIG phase=HOLDING
2026-04-22 22:47:07 INFO  BUY_FILLED BAIG phase=HOLDING
2026-04-22 22:47:12 INFO  BUY_FILLED BAIG phase=HOLDING
2026-04-22 22:47:17 INFO  BUY_FILLED BAIG phase=HOLDING
2026-04-22 22:47:22 INFO  BUY_FILLED BAIG phase=HOLDING
2026-04-22 22:47:27 INFO  BUY_FILLED BAIG phase=HOLDING
2026-04-22 22:47:32 INFO  BUY_FILLED BAIG phase=HOLDING
2026-04-22 22:47:37 INFO  BUY_FILLED BAIG phase=HOLDING
2026-04-22 22:47:43 INFO  BUY_FILLED BAIG phase=HOLDING
2026-04-22 22:47:48 INFO  BUY_FILLED BAIG phase=HOLDING
2026-04-22 22:47:53 INFO  BUY_FILLED BAIG phase=HOLDING
2026-04-22 22:47:58 INFO  BUY_FILLED BAIG phase=HOLDING
2026-04-22 22:48:03 INFO  BUY_FILLED BAIG phase=HOLDING
2026-04-22 22:48:08 INFO  BUY_FILLED BAIG phase=HOLDING
2026-04-22 22:48:13 INFO  BUY_FILLED BAIG phase=HOLDING
2026-04-22 22:48:18 INFO  BUY_FILLED BAIG phase=HOLDING
2026-04-22 22:48:23 INFO  BUY_FILLED BAIG phase=HOLDING
2026-04-22 22:48:28 INFO  BUY_FILLED BAIG phase=HOLDING
2026-04-22 22:48:33 INFO  BUY_FILLED BAIG phase=HOLDING
2026-04-22 22:48:38 INFO  BUY_FILLED BAIG phase=HOLDING
2026-04-22 22:48:43 INFO  BUY_FILLED BAIG phase=HOLDING
2026-04-22 22:48:48 INFO  BUY_FILLED BAIG phase=HOLDING
2026-04-22 22:48:53 INFO  BUY_FILLED BAIG phase=HOLDING
2026-04-22 22:48:58 INFO  BUY_FILLED BAIG phase=HOLDING
2026-04-22 22:49:03 INFO  BUY_FILLED BAIG phase=HOLDING
2026-04-22 22:49:03 INFO  SELL [BREAKEVEN_GUARD] BAIG pnl=-1.10% peakPnl=0.55% holdMs=180998
2026-04-22 22:49:03 INFO  SELL_EXECUTED [US] BAIG mode=EARLY_MOMENTUM phase=EXITING exitType=TRAIL price=3.5800 qty=66 reason=BREAKEVEN_GUARD pnl=-1.10% weightedPnl=-0.88% dailyPnl=2.21%
2026-04-22 22:49:06 WARN  SELL_REJECTED BAIG reason=null rolledBack=partialDone:false phase=NONE
2026-04-22 22:50:09 INFO  BUY [US] SMU mode=EARLY_MOMENTUM price=17.7100 qty=13 size=0.8000x score=65 | WHY: velShort=1.46% velMid=1.09% aboveVwap | VWAP: 1.87%(ABOVE slope=UP) | TREND: score=2 vel=1.46%/1.09%/-0.62% | VOL: 5700.0000/10037.6000 TO: 100491.0000/173706.7298 | entryNo=2
2026-04-22 22:50:09 INFO  BUY_FILLED SMU phase=HOLDING
2026-04-22 22:50:14 INFO  BUY_FILLED SMU phase=HOLDING
2026-04-22 22:50:19 INFO  BUY_FILLED SMU phase=HOLDING
2026-04-22 22:50:24 INFO  BUY_FILLED SMU phase=HOLDING
2026-04-22 22:50:29 INFO  BUY_FILLED SMU phase=HOLDING
2026-04-22 22:50:34 INFO  BUY_FILLED SMU phase=HOLDING
2026-04-22 22:50:34 INFO  SELL_EXECUTED [US] SMU mode=EARLY_MOMENTUM phase=EXITING exitType=STOPLOSS price=17.4007 qty=13 reason=STOP_LOSS pnl=-1.58% weightedPnl=-1.21% dailyPnl=1.88%
2026-04-22 22:50:34 WARN  SELL_REJECTED SMU reason=STOP_LOSS rolledBack=partialDone:false phase=HOLDING
2026-04-22 22:50:44 INFO  BUY_FILLED SMU phase=HOLDING
2026-04-22 22:50:49 INFO  BUY_FILLED SMU phase=HOLDING
2026-04-22 22:50:54 INFO  BUY_FILLED SMU phase=HOLDING
2026-04-22 22:50:59 INFO  BUY_FILLED SMU phase=HOLDING
2026-04-22 22:51:04 INFO  BUY_FILLED SMU phase=HOLDING
2026-04-22 22:51:09 INFO  BUY_FILLED SMU phase=HOLDING
2026-04-22 22:51:14 INFO  BUY_FILLED SMU phase=HOLDING
2026-04-22 22:51:19 INFO  BUY_FILLED SMU phase=HOLDING
2026-04-22 22:51:24 INFO  BUY_FILLED SMU phase=HOLDING
2026-04-22 22:51:24 INFO  SELL_EXECUTED [US] SMU mode=EARLY_MOMENTUM phase=EXITING exitType=STOPLOSS price=17.3650 qty=13 reason=STOP_LOSS pnl=-1.78% weightedPnl=-1.37% dailyPnl=1.72%
2026-04-22 22:51:28 WARN  SELL_REJECTED SMU reason=STOP_LOSS rolledBack=partialDone:false phase=HOLDING
2026-04-22 22:51:29 INFO  BUY_FILLED SMU phase=HOLDING
2026-04-22 22:51:34 INFO  BUY_FILLED SMU phase=HOLDING
2026-04-22 22:51:34 INFO  SELL_EXECUTED [US] SMU mode=EARLY_MOMENTUM phase=EXITING exitType=STOPLOSS price=17.3360 qty=13 reason=STOP_LOSS pnl=-1.95% weightedPnl=-1.49% dailyPnl=1.60%
2026-04-22 22:51:34 WARN  SELL_REJECTED SMU reason=STOP_LOSS rolledBack=partialDone:false phase=HOLDING
2026-04-22 22:51:40 INFO  BUY_FILLED SMU phase=HOLDING
2026-04-22 22:51:40 INFO  SELL_EXECUTED [US] SMU mode=EARLY_MOMENTUM phase=EXITING exitType=STOPLOSS price=17.3360 qty=13 reason=STOP_LOSS pnl=-1.95% weightedPnl=-1.49% dailyPnl=1.60%
2026-04-22 22:51:45 INFO  BUY_FILLED SMU phase=HOLDING
2026-04-22 22:51:50 INFO  BUY_FILLED SMU phase=HOLDING
2026-04-22 22:51:55 INFO  BUY_FILLED SMU phase=HOLDING
2026-04-22 22:51:55 WARN  SELL pending timeout cleared for SMU
2026-04-22 22:51:55 INFO  SELL_EXECUTED [US] SMU mode=EARLY_MOMENTUM phase=EXITING exitType=STOPLOSS price=17.3700 qty=13 reason=STOP_LOSS pnl=-1.76% weightedPnl=-1.34% dailyPnl=0.25%
2026-04-22 22:52:00 INFO  BUY_FILLED SMU phase=HOLDING
2026-04-22 22:52:05 INFO  BUY_FILLED SMU phase=HOLDING
2026-04-22 22:53:20 INFO  BUY [US] IBIT mode=VOLUME_BREAKOUT price=44.6700 qty=6 size=1.0000x score=95(CONV) | WHY: strongBreakout volBreakout retestOK multiUp vol(8.67x) | VWAP: 0.16%(ABOVE slope=UP) | TREND: score=3 vel=0.16%/0.16%/0.10% | VOL: 4783743.0000/551762.3889 TO: 213761555.9550/24617123.4669 | entryNo=1
2026-04-22 22:53:20 WARN  BUY_REJECTED IBIT phase=NONE
2026-04-22 23:14:08 INFO  BUY [US] IREN mode=VOLUME_BREAKOUT price=48.0000 qty=6 size=1.0000x score=95(CONV) | WHY: strongBreakout volBreakout retestOK multiUp vol(9.39x) | VWAP: 0.34%(ABOVE slope=UP) | TREND: score=3 vel=0.25%/0.27%/1.01% | VOL: 7070717.0000/752645.2000 TO: 339170981.3428/36008508.5184 | entryNo=1
2026-04-22 23:14:09 INFO  BUY_FILLED IREN phase=HOLDING
2026-04-22 23:14:13 INFO  BUY_FILLED IREN phase=HOLDING
2026-04-22 23:14:18 INFO  BUY_FILLED IREN phase=HOLDING
2026-04-22 23:14:24 INFO  BUY_FILLED IREN phase=HOLDING
2026-04-22 23:14:29 INFO  BUY_FILLED IREN phase=HOLDING
2026-04-22 23:14:34 INFO  BUY_FILLED IREN phase=HOLDING
2026-04-22 23:14:39 INFO  BUY_FILLED IREN phase=HOLDING
2026-04-22 23:14:44 INFO  BUY_FILLED IREN phase=HOLDING
2026-04-22 23:14:49 INFO  BUY_FILLED IREN phase=HOLDING
2026-04-22 23:14:54 INFO  BUY_FILLED IREN phase=HOLDING
2026-04-22 23:14:59 INFO  BUY_FILLED IREN phase=HOLDING
2026-04-22 23:15:04 INFO  BUY_FILLED IREN phase=HOLDING
2026-04-22 23:15:09 INFO  BUY_FILLED IREN phase=HOLDING
2026-04-22 23:15:14 INFO  BUY_FILLED IREN phase=HOLDING
2026-04-22 23:15:19 INFO  BUY_FILLED IREN phase=HOLDING
2026-04-22 23:15:24 INFO  BUY_FILLED IREN phase=HOLDING
2026-04-22 23:15:29 INFO  BUY_FILLED IREN phase=HOLDING
2026-04-22 23:15:34 INFO  BUY_FILLED IREN phase=HOLDING
2026-04-22 23:15:39 INFO  BUY_FILLED IREN phase=HOLDING
2026-04-22 23:15:44 INFO  BUY_FILLED IREN phase=HOLDING
2026-04-22 23:15:49 INFO  BUY_FILLED IREN phase=HOLDING
2026-04-22 23:15:54 INFO  BUY_FILLED IREN phase=HOLDING
2026-04-22 23:15:59 INFO  BUY_FILLED IREN phase=HOLDING
2026-04-22 23:16:04 INFO  BUY_FILLED IREN phase=HOLDING
2026-04-22 23:16:09 INFO  BUY_FILLED IREN phase=HOLDING
2026-04-22 23:16:14 INFO  BUY_FILLED IREN phase=HOLDING
2026-04-22 23:16:19 INFO  BUY_FILLED IREN phase=HOLDING
2026-04-22 23:16:24 INFO  BUY_FILLED IREN phase=HOLDING
2026-04-22 23:16:29 INFO  BUY_FILLED IREN phase=HOLDING
2026-04-22 23:16:34 INFO  BUY_FILLED IREN phase=HOLDING
2026-04-22 23:16:39 INFO  BUY_FILLED IREN phase=HOLDING
2026-04-22 23:16:44 INFO  BUY_FILLED IREN phase=HOLDING
2026-04-22 23:16:50 INFO  BUY_FILLED IREN phase=HOLDING
2026-04-22 23:16:55 INFO  BUY_FILLED IREN phase=HOLDING
2026-04-22 23:17:00 INFO  BUY_FILLED IREN phase=HOLDING
2026-04-22 23:17:05 INFO  BUY_FILLED IREN phase=HOLDING
2026-04-22 23:17:10 INFO  BUY_FILLED IREN phase=HOLDING
2026-04-22 23:17:15 INFO  BUY_FILLED IREN phase=HOLDING
2026-04-22 23:17:20 INFO  BUY_FILLED IREN phase=HOLDING
2026-04-22 23:17:25 INFO  BUY_FILLED IREN phase=HOLDING
2026-04-22 23:17:30 INFO  BUY_FILLED IREN phase=HOLDING
2026-04-22 23:17:35 INFO  BUY_FILLED IREN phase=HOLDING
2026-04-22 23:17:40 INFO  BUY_FILLED IREN phase=HOLDING
2026-04-22 23:17:45 INFO  BUY_FILLED IREN phase=HOLDING
2026-04-22 23:17:50 INFO  BUY_FILLED IREN phase=HOLDING
2026-04-22 23:17:55 INFO  BUY_FILLED IREN phase=HOLDING
2026-04-22 23:18:00 INFO  BUY_FILLED IREN phase=HOLDING
2026-04-22 23:18:05 INFO  BUY_FILLED IREN phase=HOLDING
2026-04-22 23:18:10 INFO  BUY_FILLED IREN phase=HOLDING
2026-04-22 23:18:15 INFO  BUY_FILLED IREN phase=HOLDING
2026-04-22 23:18:20 INFO  BUY_FILLED IREN phase=HOLDING
2026-04-22 23:18:25 INFO  BUY_FILLED IREN phase=HOLDING
2026-04-22 23:18:30 INFO  BUY_FILLED IREN phase=HOLDING
2026-04-22 23:18:35 INFO  BUY_FILLED IREN phase=HOLDING
2026-04-22 23:18:40 INFO  BUY_FILLED IREN phase=HOLDING
2026-04-22 23:18:45 INFO  BUY_FILLED IREN phase=HOLDING
2026-04-22 23:18:50 INFO  BUY_FILLED IREN phase=HOLDING
2026-04-22 23:18:55 INFO  BUY_FILLED IREN phase=HOLDING
2026-04-22 23:19:00 INFO  BUY_FILLED IREN phase=HOLDING
2026-04-22 23:19:05 INFO  BUY_FILLED IREN phase=HOLDING
2026-04-22 23:19:10 INFO  BUY_FILLED IREN phase=HOLDING
2026-04-22 23:19:15 INFO  BUY_FILLED IREN phase=HOLDING
2026-04-22 23:19:20 INFO  BUY_FILLED IREN phase=HOLDING
2026-04-22 23:19:26 INFO  BUY_FILLED IREN phase=HOLDING
2026-04-22 23:19:31 INFO  BUY_FILLED IREN phase=HOLDING
2026-04-22 23:19:36 INFO  BUY_FILLED IREN phase=HOLDING
2026-04-22 23:19:41 INFO  BUY_FILLED IREN phase=HOLDING
2026-04-22 23:19:46 INFO  BUY_FILLED IREN phase=HOLDING
2026-04-22 23:19:51 INFO  BUY_FILLED IREN phase=HOLDING
2026-04-22 23:19:56 INFO  BUY_FILLED IREN phase=HOLDING
2026-04-22 23:20:01 INFO  BUY_FILLED IREN phase=HOLDING
2026-04-22 23:20:06 INFO  BUY_FILLED IREN phase=HOLDING
2026-04-22 23:20:11 INFO  BUY_FILLED IREN phase=HOLDING
2026-04-22 23:20:16 INFO  BUY_FILLED IREN phase=HOLDING
2026-04-22 23:20:21 INFO  BUY_FILLED IREN phase=HOLDING
2026-04-22 23:20:26 INFO  BUY_FILLED IREN phase=HOLDING
2026-04-22 23:20:31 INFO  BUY_FILLED IREN phase=HOLDING
2026-04-22 23:20:36 INFO  BUY_FILLED IREN phase=HOLDING
2026-04-22 23:20:41 INFO  BUY_FILLED IREN phase=HOLDING
2026-04-22 23:20:46 INFO  BUY_FILLED IREN phase=HOLDING
2026-04-22 23:20:51 INFO  BUY_FILLED IREN phase=HOLDING
2026-04-22 23:20:56 INFO  BUY_FILLED IREN phase=HOLDING
2026-04-22 23:21:02 INFO  BUY_FILLED IREN phase=HOLDING
2026-04-22 23:21:07 INFO  BUY_FILLED IREN phase=HOLDING
2026-04-22 23:21:12 INFO  BUY_FILLED IREN phase=HOLDING
2026-04-22 23:21:17 INFO  BUY_FILLED IREN phase=HOLDING
2026-04-22 23:21:22 INFO  BUY_FILLED IREN phase=HOLDING
2026-04-22 23:21:27 INFO  BUY_FILLED IREN phase=HOLDING
2026-04-22 23:21:32 INFO  BUY_FILLED IREN phase=HOLDING
2026-04-22 23:21:37 INFO  BUY_FILLED IREN phase=HOLDING
2026-04-22 23:21:42 INFO  BUY_FILLED IREN phase=HOLDING
2026-04-22 23:21:47 INFO  BUY_FILLED IREN phase=HOLDING
2026-04-22 23:21:52 INFO  BUY_FILLED IREN phase=HOLDING
2026-04-22 23:21:57 INFO  BUY_FILLED IREN phase=HOLDING
2026-04-22 23:22:02 INFO  BUY_FILLED IREN phase=HOLDING
2026-04-22 23:22:07 INFO  BUY_FILLED IREN phase=HOLDING
2026-04-22 23:22:12 INFO  BUY_FILLED IREN phase=HOLDING
2026-04-22 23:22:17 INFO  BUY_FILLED IREN phase=HOLDING
2026-04-22 23:22:22 INFO  BUY_FILLED IREN phase=HOLDING
2026-04-22 23:22:27 INFO  BUY_FILLED IREN phase=HOLDING
2026-04-22 23:22:32 INFO  BUY_FILLED IREN phase=HOLDING
2026-04-22 23:22:37 INFO  BUY_FILLED IREN phase=HOLDING
2026-04-22 23:22:42 INFO  BUY_FILLED IREN phase=HOLDING
2026-04-22 23:22:47 INFO  BUY_FILLED IREN phase=HOLDING
2026-04-22 23:22:52 INFO  BUY_FILLED IREN phase=HOLDING
2026-04-22 23:22:57 INFO  BUY_FILLED IREN phase=HOLDING
2026-04-22 23:23:03 INFO  BUY_FILLED IREN phase=HOLDING
2026-04-22 23:23:08 INFO  BUY_FILLED IREN phase=HOLDING
2026-04-22 23:23:13 INFO  BUY_FILLED IREN phase=HOLDING
2026-04-22 23:23:18 INFO  BUY_FILLED IREN phase=HOLDING
2026-04-22 23:23:23 INFO  BUY_FILLED IREN phase=HOLDING
2026-04-22 23:23:28 INFO  BUY_FILLED IREN phase=HOLDING
2026-04-22 23:23:33 INFO  BUY_FILLED IREN phase=HOLDING
2026-04-22 23:23:38 INFO  BUY_FILLED IREN phase=HOLDING
2026-04-22 23:23:43 INFO  BUY_FILLED IREN phase=HOLDING
2026-04-22 23:23:48 INFO  BUY_FILLED IREN phase=HOLDING
2026-04-22 23:23:53 INFO  BUY_FILLED IREN phase=HOLDING
2026-04-22 23:23:58 INFO  BUY_FILLED IREN phase=HOLDING
2026-04-22 23:24:03 INFO  BUY_FILLED IREN phase=HOLDING
2026-04-22 23:24:08 INFO  BUY_FILLED IREN phase=HOLDING
2026-04-22 23:24:13 INFO  BUY_FILLED IREN phase=HOLDING
2026-04-22 23:24:18 INFO  BUY_FILLED IREN phase=HOLDING
2026-04-22 23:24:23 INFO  BUY_FILLED IREN phase=HOLDING
2026-04-22 23:24:28 INFO  BUY_FILLED IREN phase=HOLDING
2026-04-22 23:24:33 INFO  BUY_FILLED IREN phase=HOLDING
2026-04-22 23:24:38 INFO  BUY_FILLED IREN phase=HOLDING
2026-04-22 23:24:38 INFO  SELL_EXECUTED [US] IREN mode=VOLUME_BREAKOUT phase=EXITING exitType=VWAP_BREAK price=47.5350 qty=6 reason=VWAP_BREAK pnl=-0.97% weightedPnl=-0.93% dailyPnl=-0.68%
2026-04-22 23:24:42 WARN  SELL_REJECTED IREN reason=VWAP_BREAK rolledBack=partialDone:false phase=HOLDING
2026-04-22 23:24:44 INFO  BUY_FILLED IREN phase=HOLDING
2026-04-22 23:24:49 INFO  BUY_FILLED IREN phase=HOLDING
2026-04-22 23:24:54 INFO  BUY_FILLED IREN phase=HOLDING
2026-04-22 23:24:59 INFO  BUY_FILLED IREN phase=HOLDING
2026-04-22 23:25:04 INFO  BUY_FILLED IREN phase=HOLDING
2026-04-22 23:25:09 INFO  BUY_FILLED IREN phase=HOLDING
2026-04-22 23:25:09 INFO  SELL_EXECUTED [US] IREN mode=VOLUME_BREAKOUT phase=EXITING exitType=VWAP_BREAK price=47.6000 qty=6 reason=VWAP_BREAK pnl=-0.83% weightedPnl=-0.80% dailyPnl=-0.55%
2026-04-22 23:25:09 WARN  SELL_REJECTED IREN reason=VWAP_BREAK rolledBack=partialDone:false phase=HOLDING
2026-04-22 23:37:20 INFO  BUY [US] SMCX mode=VOLUME_BREAKOUT price=13.3500 qty=22 size=1.0000x score=95(CONV) | WHY: strongBreakout volBreakout retestOK multiUp vol(18.38x) | VWAP: 0.42%(ABOVE slope=UP) | TREND: score=3 vel=0.23%/0.79%/0.87% | VOL: 719720.0000/39163.4000 TO: 9615459.2000/522872.1976 | entryNo=1
2026-04-22 23:37:22 INFO  BUY_FILLED SMCX phase=HOLDING
2026-04-22 23:37:25 INFO  BUY_FILLED SMCX phase=HOLDING
2026-04-22 23:37:30 INFO  BUY_FILLED SMCX phase=HOLDING
2026-04-22 23:37:35 INFO  BUY_FILLED SMCX phase=HOLDING
2026-04-22 23:37:40 INFO  BUY_FILLED SMCX phase=HOLDING
2026-04-22 23:37:45 INFO  BUY_FILLED SMCX phase=HOLDING
2026-04-22 23:37:50 INFO  BUY_FILLED SMCX phase=HOLDING
2026-04-22 23:37:55 INFO  BUY_FILLED SMCX phase=HOLDING
2026-04-22 23:38:00 INFO  BUY_FILLED SMCX phase=HOLDING
2026-04-22 23:38:05 INFO  BUY_FILLED SMCX phase=HOLDING
2026-04-22 23:38:10 INFO  BUY_FILLED SMCX phase=HOLDING
2026-04-22 23:38:15 INFO  BUY_FILLED SMCX phase=HOLDING
2026-04-22 23:38:20 INFO  BUY_FILLED SMCX phase=HOLDING
2026-04-22 23:38:26 INFO  BUY_FILLED SMCX phase=HOLDING
2026-04-22 23:38:31 INFO  BUY_FILLED SMCX phase=HOLDING
2026-04-22 23:38:36 INFO  BUY_FILLED SMCX phase=HOLDING
2026-04-22 23:38:41 INFO  BUY_FILLED SMCX phase=HOLDING
2026-04-22 23:38:46 INFO  BUY_FILLED SMCX phase=HOLDING
2026-04-22 23:38:51 INFO  BUY_FILLED SMCX phase=HOLDING
2026-04-22 23:38:56 INFO  BUY_FILLED SMCX phase=HOLDING
2026-04-22 23:39:01 INFO  BUY_FILLED SMCX phase=HOLDING
2026-04-22 23:39:06 INFO  BUY_FILLED SMCX phase=HOLDING
2026-04-22 23:39:11 INFO  BUY_FILLED SMCX phase=HOLDING
2026-04-22 23:39:16 INFO  BUY_FILLED SMCX phase=HOLDING
2026-04-22 23:39:21 INFO  BUY_FILLED SMCX phase=HOLDING
2026-04-22 23:39:26 INFO  BUY_FILLED SMCX phase=HOLDING
2026-04-22 23:39:31 INFO  BUY_FILLED SMCX phase=HOLDING
2026-04-22 23:39:36 INFO  BUY_FILLED SMCX phase=HOLDING
2026-04-22 23:39:41 INFO  BUY_FILLED SMCX phase=HOLDING
2026-04-22 23:39:46 INFO  BUY_FILLED SMCX phase=HOLDING
2026-04-22 23:39:51 INFO  BUY_FILLED SMCX phase=HOLDING
2026-04-22 23:39:56 INFO  BUY_FILLED SMCX phase=HOLDING
2026-04-22 23:40:01 INFO  BUY_FILLED SMCX phase=HOLDING
2026-04-22 23:40:06 INFO  BUY_FILLED SMCX phase=HOLDING
2026-04-22 23:40:11 INFO  BUY_FILLED SMCX phase=HOLDING
2026-04-22 23:40:16 INFO  BUY_FILLED SMCX phase=HOLDING
2026-04-22 23:40:21 INFO  BUY_FILLED SMCX phase=HOLDING
2026-04-22 23:40:26 INFO  BUY_FILLED SMCX phase=HOLDING
2026-04-22 23:40:31 INFO  BUY_FILLED SMCX phase=HOLDING
2026-04-22 23:40:36 INFO  BUY_FILLED SMCX phase=HOLDING
2026-04-22 23:40:41 INFO  BUY_FILLED SMCX phase=HOLDING
2026-04-22 23:40:46 INFO  BUY_FILLED SMCX phase=HOLDING
2026-04-22 23:40:51 INFO  BUY_FILLED SMCX phase=HOLDING
2026-04-22 23:40:57 INFO  BUY_FILLED SMCX phase=HOLDING
2026-04-22 23:41:02 INFO  BUY_FILLED SMCX phase=HOLDING
2026-04-22 23:41:07 INFO  BUY_FILLED SMCX phase=HOLDING
2026-04-22 23:41:12 INFO  BUY_FILLED SMCX phase=HOLDING
2026-04-22 23:41:17 INFO  BUY_FILLED SMCX phase=HOLDING
2026-04-22 23:41:22 INFO  BUY_FILLED SMCX phase=HOLDING
2026-04-22 23:41:27 INFO  BUY_FILLED SMCX phase=HOLDING
2026-04-22 23:41:32 INFO  BUY_FILLED SMCX phase=HOLDING
2026-04-22 23:41:37 INFO  BUY_FILLED SMCX phase=HOLDING
2026-04-22 23:41:42 INFO  BUY_FILLED SMCX phase=HOLDING
2026-04-22 23:41:47 INFO  BUY_FILLED SMCX phase=HOLDING
2026-04-22 23:41:52 INFO  BUY_FILLED SMCX phase=HOLDING
2026-04-22 23:41:57 INFO  BUY_FILLED SMCX phase=HOLDING
2026-04-22 23:42:02 INFO  BUY_FILLED SMCX phase=HOLDING
2026-04-22 23:42:07 INFO  BUY_FILLED SMCX phase=HOLDING
2026-04-22 23:42:12 INFO  BUY_FILLED SMCX phase=HOLDING
2026-04-22 23:42:17 INFO  BUY_FILLED SMCX phase=HOLDING
2026-04-22 23:42:22 INFO  BUY_FILLED SMCX phase=HOLDING
2026-04-22 23:42:27 INFO  BUY_FILLED SMCX phase=HOLDING
2026-04-22 23:42:32 INFO  BUY_FILLED SMCX phase=HOLDING
2026-04-22 23:42:37 INFO  BUY_FILLED SMCX phase=HOLDING
2026-04-22 23:42:42 INFO  BUY_FILLED SMCX phase=HOLDING
2026-04-22 23:42:47 INFO  BUY_FILLED SMCX phase=HOLDING
2026-04-22 23:42:52 INFO  BUY_FILLED SMCX phase=HOLDING
2026-04-22 23:42:57 INFO  BUY_FILLED SMCX phase=HOLDING
2026-04-22 23:43:02 INFO  BUY_FILLED SMCX phase=HOLDING
2026-04-22 23:43:07 INFO  BUY_FILLED SMCX phase=HOLDING
2026-04-22 23:43:12 INFO  BUY_FILLED SMCX phase=HOLDING
2026-04-22 23:43:17 INFO  BUY_FILLED SMCX phase=HOLDING
2026-04-22 23:43:23 INFO  BUY_FILLED SMCX phase=HOLDING
2026-04-22 23:43:28 INFO  BUY_FILLED SMCX phase=HOLDING
2026-04-22 23:43:33 INFO  BUY_FILLED SMCX phase=HOLDING
2026-04-22 23:43:38 INFO  BUY_FILLED SMCX phase=HOLDING
2026-04-22 23:43:43 INFO  BUY_FILLED SMCX phase=HOLDING
2026-04-22 23:43:48 INFO  BUY_FILLED SMCX phase=HOLDING
2026-04-22 23:43:48 INFO  SELL [BREAKEVEN_GUARD] SMCX pnl=-0.15% peakPnl=1.20% holdMs=385356
2026-04-22 23:43:48 INFO  SELL_EXECUTED [US] SMCX mode=VOLUME_BREAKOUT phase=EXITING exitType=TRAIL price=13.3300 qty=22 reason=BREAKEVEN_GUARD pnl=-0.15% weightedPnl=-0.15% dailyPnl=0.11%
2026-04-22 23:43:51 WARN  SELL_REJECTED SMCX reason=BREAKEVEN_GUARD rolledBack=partialDone:false phase=HOLDING
2026-04-22 23:43:53 INFO  BUY_FILLED SMCX phase=HOLDING
2026-04-22 23:43:58 INFO  BUY_FILLED SMCX phase=HOLDING
2026-04-22 23:43:58 INFO  SELL [BREAKEVEN_GUARD] SMCX pnl=-0.15% peakPnl=1.20% holdMs=395484
2026-04-22 23:43:58 INFO  SELL_EXECUTED [US] SMCX mode=VOLUME_BREAKOUT phase=EXITING exitType=TRAIL price=13.3300 qty=22 reason=BREAKEVEN_GUARD pnl=-0.15% weightedPnl=-0.15% dailyPnl=0.11%
2026-04-22 23:43:58 WARN  SELL_REJECTED SMCX reason=BREAKEVEN_GUARD rolledBack=partialDone:false phase=HOLDING
2026-04-22 23:44:03 INFO  BUY_FILLED SMCX phase=HOLDING
2026-04-22 23:44:03 INFO  SELL [BREAKEVEN_GUARD] SMCX pnl=-0.15% peakPnl=1.20% holdMs=400655
2026-04-22 23:44:03 INFO  SELL_EXECUTED [US] SMCX mode=VOLUME_BREAKOUT phase=EXITING exitType=TRAIL price=13.3300 qty=22 reason=BREAKEVEN_GUARD pnl=-0.15% weightedPnl=-0.15% dailyPnl=0.11%
2026-04-22 23:44:08 INFO  BUY_FILLED SMCX phase=HOLDING
2026-04-22 23:46:09 INFO  BUY [US] AXTI mode=EARLY_MOMENTUM price=81.9800 qty=2 size=0.8000x score=70(CONV) | WHY: velShort=1.38% velMid=1.21% aboveVwap | VWAP: 2.89%(ABOVE slope=UP) | TREND: score=2 vel=1.38%/1.21%/-0.60% | VOL: 57998.0000/34005.5500 TO: 4751323.7556/2758518.8335 | entryNo=1
2026-04-22 23:46:09 INFO  BUY_FILLED AXTI phase=HOLDING
2026-04-22 23:46:14 INFO  BUY_FILLED AXTI phase=HOLDING
2026-04-22 23:46:19 INFO  BUY_FILLED AXTI phase=HOLDING
2026-04-22 23:46:24 INFO  BUY_FILLED AXTI phase=HOLDING
2026-04-22 23:46:29 INFO  BUY_FILLED AXTI phase=HOLDING
2026-04-22 23:46:34 INFO  BUY_FILLED AXTI phase=HOLDING
2026-04-22 23:46:39 INFO  BUY_FILLED AXTI phase=HOLDING
2026-04-22 23:46:44 INFO  BUY_FILLED AXTI phase=HOLDING
2026-04-22 23:46:49 INFO  BUY_FILLED AXTI phase=HOLDING
2026-04-22 23:46:54 INFO  BUY_FILLED AXTI phase=HOLDING
2026-04-22 23:46:59 INFO  BUY_FILLED AXTI phase=HOLDING
2026-04-22 23:47:04 INFO  BUY_FILLED AXTI phase=HOLDING
2026-04-22 23:47:09 INFO  BUY_FILLED AXTI phase=HOLDING
2026-04-22 23:47:14 INFO  BUY_FILLED AXTI phase=HOLDING
2026-04-22 23:47:19 INFO  BUY_FILLED AXTI phase=HOLDING
2026-04-22 23:47:24 INFO  BUY_FILLED AXTI phase=HOLDING
2026-04-22 23:47:29 INFO  BUY_FILLED AXTI phase=HOLDING
2026-04-22 23:47:34 INFO  BUY_FILLED AXTI phase=HOLDING
2026-04-22 23:47:39 INFO  BUY_FILLED AXTI phase=HOLDING
2026-04-22 23:47:44 INFO  BUY_FILLED AXTI phase=HOLDING
2026-04-22 23:47:49 INFO  BUY_FILLED AXTI phase=HOLDING
2026-04-22 23:47:54 INFO  BUY_FILLED AXTI phase=HOLDING
2026-04-22 23:47:59 INFO  BUY_FILLED AXTI phase=HOLDING
2026-04-22 23:48:04 INFO  BUY_FILLED AXTI phase=HOLDING
2026-04-22 23:48:09 INFO  BUY_FILLED AXTI phase=HOLDING
2026-04-22 23:48:14 INFO  BUY_FILLED AXTI phase=HOLDING
2026-04-22 23:48:19 INFO  BUY_FILLED AXTI phase=HOLDING
2026-04-22 23:48:25 INFO  BUY_FILLED AXTI phase=HOLDING
2026-04-22 23:48:30 INFO  BUY_FILLED AXTI phase=HOLDING
2026-04-22 23:48:35 INFO  BUY_FILLED AXTI phase=HOLDING
2026-04-22 23:48:40 INFO  BUY_FILLED AXTI phase=HOLDING
2026-04-22 23:48:45 INFO  BUY_FILLED AXTI phase=HOLDING
2026-04-22 23:48:50 INFO  BUY_FILLED AXTI phase=HOLDING
2026-04-22 23:48:55 INFO  BUY_FILLED AXTI phase=HOLDING
2026-04-22 23:49:00 INFO  BUY_FILLED AXTI phase=HOLDING
2026-04-22 23:49:05 INFO  BUY_FILLED AXTI phase=HOLDING
2026-04-22 23:49:10 INFO  BUY_FILLED AXTI phase=HOLDING
2026-04-22 23:49:15 INFO  BUY_FILLED AXTI phase=HOLDING
2026-04-22 23:49:20 INFO  BUY_FILLED AXTI phase=HOLDING
2026-04-22 23:49:25 INFO  BUY_FILLED AXTI phase=HOLDING
2026-04-22 23:49:30 INFO  BUY_FILLED AXTI phase=HOLDING
2026-04-22 23:49:35 INFO  BUY_FILLED AXTI phase=HOLDING
2026-04-22 23:49:40 INFO  BUY_FILLED AXTI phase=HOLDING
2026-04-22 23:49:45 INFO  BUY_FILLED AXTI phase=HOLDING
2026-04-22 23:49:50 INFO  BUY_FILLED AXTI phase=HOLDING
2026-04-22 23:49:55 INFO  BUY_FILLED AXTI phase=HOLDING
2026-04-22 23:50:00 INFO  BUY_FILLED AXTI phase=HOLDING
2026-04-22 23:50:05 INFO  BUY_FILLED AXTI phase=HOLDING
2026-04-22 23:50:10 INFO  BUY_FILLED AXTI phase=HOLDING
2026-04-22 23:50:15 INFO  BUY_FILLED AXTI phase=HOLDING
2026-04-22 23:50:20 INFO  BUY_FILLED AXTI phase=HOLDING
2026-04-22 23:50:25 INFO  BUY_FILLED AXTI phase=HOLDING
2026-04-22 23:50:25 INFO  SELL_EXECUTED [US] AXTI mode=EARLY_MOMENTUM phase=EXITING exitType=STOPLOSS price=80.5557 qty=2 reason=STOP_LOSS pnl=-1.65% weightedPnl=-0.90% dailyPnl=-0.79%
2026-04-22 23:50:29 WARN  SELL_REJECTED AXTI reason=STOP_LOSS rolledBack=partialDone:false phase=HOLDING
2026-04-22 23:50:30 INFO  BUY_FILLED AXTI phase=HOLDING
2026-04-22 23:50:35 INFO  BUY_FILLED AXTI phase=HOLDING
2026-04-22 23:50:35 INFO  SELL_EXECUTED [US] AXTI mode=EARLY_MOMENTUM phase=EXITING exitType=STOPLOSS price=80.6400 qty=2 reason=STOP_LOSS pnl=-1.55% weightedPnl=-0.85% dailyPnl=-0.74%
2026-04-22 23:50:36 WARN  SELL_REJECTED AXTI reason=STOP_LOSS rolledBack=partialDone:false phase=HOLDING
2026-04-22 23:50:41 INFO  BUY_FILLED AXTI phase=HOLDING
2026-04-22 23:50:46 INFO  BUY_FILLED AXTI phase=HOLDING
2026-04-22 23:50:51 INFO  BUY_FILLED AXTI phase=HOLDING
2026-04-22 23:50:51 INFO  SELL_EXECUTED [US] AXTI mode=EARLY_MOMENTUM phase=EXITING exitType=STOPLOSS price=80.6600 qty=2 reason=STOP_LOSS pnl=-1.53% weightedPnl=-0.83% dailyPnl=-0.73%
2026-04-22 23:50:56 INFO  BUY_FILLED AXTI phase=HOLDING
2026-04-22 23:51:01 INFO  BUY_FILLED AXTI phase=HOLDING
2026-04-22 23:51:06 INFO  BUY_FILLED AXTI phase=HOLDING
2026-04-22 23:51:06 WARN  SELL pending timeout cleared for AXTI
2026-04-22 23:51:06 INFO  SELL_EXECUTED [US] AXTI mode=EARLY_MOMENTUM phase=EXITING exitType=STOPLOSS price=80.4025 qty=2 reason=STOP_LOSS pnl=-1.84% weightedPnl=-1.00% dailyPnl=-1.73%
2026-04-22 23:51:07 WARN  SELL_REJECTED AXTI reason=STOP_LOSS rolledBack=partialDone:false phase=HOLDING
2026-04-22 23:51:12 INFO  BUY_FILLED AXTI phase=HOLDING
2026-04-22 23:51:12 INFO  SELL_EXECUTED [US] AXTI mode=EARLY_MOMENTUM phase=EXITING exitType=STOPLOSS price=80.3300 qty=2 reason=STOP_LOSS pnl=-1.93% weightedPnl=-1.05% dailyPnl=-1.78%
