2026-04-25 00:46:06 WARN  BUY pending timeout cleared for ETHU
2026-04-25 00:46:21 INFO  BUY [US] ETHU mode=EARLY_MOMENTUM price=26.9200 qty=5 size=0.5000x score=70(CONV) | WHY: velShort=1.01% velMid=0.93% aboveVwap | VWAP: 1.46%(ABOVE slope=UP) | TREND: score=3 vel=1.01%/0.93%/1.28% | VOL: 28868.0000/48867.5500 TO: 779147.3200/1302053.9803 | entryNo=2
2026-04-25 00:46:22 INFO  BUY_FILLED ETHU phase=HOLDING
2026-04-25 00:46:26 INFO  BUY_FILLED ETHU phase=HOLDING
2026-04-25 00:46:31 INFO  BUY_FILLED ETHU phase=HOLDING
2026-04-25 00:46:36 INFO  BUY_FILLED ETHU phase=HOLDING
2026-04-25 00:46:41 INFO  BUY_FILLED ETHU phase=HOLDING
2026-04-25 00:46:46 INFO  BUY_FILLED ETHU phase=HOLDING
2026-04-25 00:46:51 INFO  BUY_FILLED ETHU phase=HOLDING
2026-04-25 00:46:56 INFO  BUY_FILLED ETHU phase=HOLDING
2026-04-25 00:47:02 INFO  BUY_FILLED ETHU phase=HOLDING
2026-04-25 00:47:07 INFO  BUY_FILLED ETHU phase=HOLDING
2026-04-25 00:47:12 INFO  BUY_FILLED ETHU phase=HOLDING
2026-04-25 00:47:17 INFO  BUY_FILLED ETHU phase=HOLDING
2026-04-25 00:47:22 INFO  BUY_FILLED ETHU phase=HOLDING
2026-04-25 00:47:27 INFO  BUY_FILLED ETHU phase=HOLDING
2026-04-25 00:47:32 INFO  BUY_FILLED ETHU phase=HOLDING
2026-04-25 00:47:37 INFO  BUY_FILLED ETHU phase=HOLDING
2026-04-25 00:47:42 INFO  BUY_FILLED ETHU phase=HOLDING
2026-04-25 00:47:47 INFO  BUY_FILLED ETHU phase=HOLDING
2026-04-25 00:47:52 INFO  BUY_FILLED ETHU phase=HOLDING
2026-04-25 00:47:57 INFO  BUY_FILLED ETHU phase=HOLDING
2026-04-25 00:48:02 INFO  BUY_FILLED ETHU phase=HOLDING
2026-04-25 00:48:07 INFO  BUY_FILLED ETHU phase=HOLDING
2026-04-25 00:48:12 INFO  BUY_FILLED ETHU phase=HOLDING
2026-04-25 00:48:17 INFO  BUY_FILLED ETHU phase=HOLDING
2026-04-25 00:48:22 INFO  BUY_FILLED ETHU phase=HOLDING
2026-04-25 00:48:27 INFO  BUY_FILLED ETHU phase=HOLDING
2026-04-25 00:48:32 INFO  BUY_FILLED ETHU phase=HOLDING
2026-04-25 00:48:37 INFO  BUY_FILLED ETHU phase=HOLDING
2026-04-25 00:48:42 INFO  BUY_FILLED ETHU phase=HOLDING
2026-04-25 00:48:47 INFO  BUY_FILLED ETHU phase=HOLDING
2026-04-25 00:48:53 INFO  BUY_FILLED ETHU phase=HOLDING
2026-04-25 00:48:58 INFO  BUY_FILLED ETHU phase=HOLDING
2026-04-25 00:49:03 INFO  BUY_FILLED ETHU phase=HOLDING
2026-04-25 00:49:08 INFO  BUY_FILLED ETHU phase=HOLDING
2026-04-25 00:49:13 INFO  BUY_FILLED ETHU phase=HOLDING
2026-04-25 00:49:18 INFO  BUY_FILLED ETHU phase=HOLDING
2026-04-25 00:49:23 INFO  BUY_FILLED ETHU phase=HOLDING
2026-04-25 00:49:28 INFO  BUY_FILLED ETHU phase=HOLDING
2026-04-25 00:49:33 INFO  BUY_FILLED ETHU phase=HOLDING
2026-04-25 00:49:38 INFO  BUY_FILLED ETHU phase=HOLDING
2026-04-25 00:49:43 INFO  BUY_FILLED ETHU phase=HOLDING
2026-04-25 00:49:48 INFO  BUY_FILLED ETHU phase=HOLDING
2026-04-25 00:49:53 INFO  BUY_FILLED ETHU phase=HOLDING
2026-04-25 00:49:58 INFO  BUY_FILLED ETHU phase=HOLDING
2026-04-25 00:50:03 INFO  BUY_FILLED ETHU phase=HOLDING
2026-04-25 00:50:08 INFO  BUY_FILLED ETHU phase=HOLDING
2026-04-25 00:50:13 INFO  BUY_FILLED ETHU phase=HOLDING
2026-04-25 00:50:18 INFO  BUY_FILLED ETHU phase=HOLDING
2026-04-25 00:50:23 INFO  BUY_FILLED ETHU phase=HOLDING
2026-04-25 00:50:29 INFO  BUY_FILLED ETHU phase=HOLDING
2026-04-25 00:50:34 INFO  BUY_FILLED ETHU phase=HOLDING
2026-04-25 00:50:39 INFO  BUY_FILLED ETHU phase=HOLDING
2026-04-25 00:50:44 INFO  BUY_FILLED ETHU phase=HOLDING
2026-04-25 00:50:49 INFO  BUY_FILLED ETHU phase=HOLDING
2026-04-25 00:50:54 INFO  BUY_FILLED ETHU phase=HOLDING
2026-04-25 00:50:59 INFO  BUY_FILLED ETHU phase=HOLDING
2026-04-25 00:51:04 INFO  BUY_FILLED ETHU phase=HOLDING
2026-04-25 00:51:08 WARN  BUY pending timeout cleared for SMU
2026-04-25 00:51:09 INFO  BUY_FILLED ETHU phase=HOLDING
2026-04-25 00:51:14 INFO  BUY_FILLED ETHU phase=HOLDING
2026-04-25 00:51:19 INFO  BUY_FILLED ETHU phase=HOLDING
2026-04-25 00:51:23 INFO  BUY [US] SMU mode=EARLY_MOMENTUM price=16.3800 qty=9 size=0.5000x score=70(CONV) | WHY: velShort=1.36% velMid=0.84% aboveVwap | VWAP: 0.13%(ABOVE slope=UP) | TREND: score=3 vel=1.36%/0.84%/0.44% | VOL: 982.0000/1785.2000 TO: 16165.2912/28648.0425 | entryNo=2
2026-04-25 00:51:24 INFO  BUY_FILLED ETHU phase=HOLDING
2026-04-25 00:51:24 INFO  BUY_FILLED SMU phase=HOLDING
2026-04-25 00:51:28 INFO  BUY_FILLED SMU phase=HOLDING
2026-04-25 00:51:29 INFO  BUY_FILLED ETHU phase=HOLDING
2026-04-25 00:51:33 INFO  BUY_FILLED SMU phase=HOLDING
2026-04-25 00:51:34 INFO  BUY_FILLED ETHU phase=HOLDING
2026-04-25 00:51:38 INFO  BUY_FILLED SMU phase=HOLDING
2026-04-25 00:51:39 INFO  BUY_FILLED ETHU phase=HOLDING
2026-04-25 00:51:44 INFO  BUY_FILLED SMU phase=HOLDING
2026-04-25 00:51:44 INFO  BUY_FILLED ETHU phase=HOLDING
2026-04-25 00:51:49 INFO  BUY_FILLED SMU phase=HOLDING
2026-04-25 00:51:49 INFO  BUY_FILLED ETHU phase=HOLDING
2026-04-25 00:51:49 INFO  SELL_EXECUTED [US] ETHU mode=EARLY_MOMENTUM phase=EXITING exitType=TIMESTOP price=26.8991 qty=5 reason=TIME_STOP_SOFT pnl=-0.08% peakPnl=0.04% holdMs=327337 high=26.9300 avgPrice=26.9200 weightedPnl=-0.03% dailyPnl=-0.03%
2026-04-25 00:51:53 WARN  SELL_REJECTED ETHU reason=TIME_STOP_SOFT rolledBack=partialDone:false phase=HOLDING
2026-04-25 00:51:54 INFO  BUY_FILLED SMU phase=HOLDING
2026-04-25 00:51:54 INFO  BUY_FILLED ETHU phase=HOLDING
2026-04-25 00:51:59 INFO  BUY_FILLED SMU phase=HOLDING
2026-04-25 00:51:59 INFO  BUY_FILLED ETHU phase=HOLDING
2026-04-25 00:51:59 INFO  SELL_EXECUTED [US] ETHU mode=EARLY_MOMENTUM phase=EXITING exitType=TIMESTOP price=26.8991 qty=5 reason=TIME_STOP_SOFT pnl=-0.08% peakPnl=0.04% holdMs=337442 high=26.9300 avgPrice=26.9200 weightedPnl=-0.03% dailyPnl=-0.03%
2026-04-25 00:51:59 WARN  SELL_REJECTED ETHU reason=TIME_STOP_SOFT rolledBack=partialDone:false phase=HOLDING
2026-04-25 00:52:04 INFO  BUY_FILLED SMU phase=HOLDING
2026-04-25 00:52:05 INFO  BUY_FILLED ETHU phase=HOLDING
2026-04-25 00:52:05 INFO  SELL_EXECUTED [US] ETHU mode=EARLY_MOMENTUM phase=EXITING exitType=TIMESTOP price=26.8991 qty=5 reason=TIME_STOP_SOFT pnl=-0.08% peakPnl=0.04% holdMs=342614 high=26.9300 avgPrice=26.9200 weightedPnl=-0.03% dailyPnl=-0.03%
2026-04-25 00:52:09 INFO  BUY_FILLED SMU phase=HOLDING
2026-04-25 00:52:10 INFO  BUY_FILLED ETHU phase=HOLDING
2026-04-25 00:52:14 INFO  BUY_FILLED SMU phase=HOLDING
2026-04-25 00:52:15 INFO  BUY_FILLED ETHU phase=HOLDING
2026-04-25 00:52:19 INFO  BUY_FILLED SMU phase=HOLDING
2026-04-25 00:52:24 INFO  BUY_FILLED SMU phase=HOLDING
2026-04-25 00:52:29 INFO  BUY_FILLED SMU phase=HOLDING
2026-04-25 00:52:34 INFO  BUY_FILLED SMU phase=HOLDING
2026-04-25 00:52:39 INFO  BUY_FILLED SMU phase=HOLDING
2026-04-25 00:52:44 INFO  BUY_FILLED SMU phase=HOLDING
2026-04-25 00:52:49 INFO  BUY_FILLED SMU phase=HOLDING
2026-04-25 00:52:54 INFO  BUY_FILLED SMU phase=HOLDING
2026-04-25 00:52:59 INFO  BUY_FILLED SMU phase=HOLDING
2026-04-25 00:53:04 INFO  BUY_FILLED SMU phase=HOLDING
2026-04-25 00:53:09 INFO  BUY_FILLED SMU phase=HOLDING
2026-04-25 00:53:14 INFO  BUY_FILLED SMU phase=HOLDING
2026-04-25 00:53:19 INFO  BUY_FILLED SMU phase=HOLDING
2026-04-25 00:53:24 INFO  BUY_FILLED SMU phase=HOLDING
2026-04-25 00:53:30 INFO  BUY_FILLED SMU phase=HOLDING
2026-04-25 00:53:35 INFO  BUY_FILLED SMU phase=HOLDING
2026-04-25 00:53:40 INFO  BUY_FILLED SMU phase=HOLDING
2026-04-25 00:53:45 INFO  BUY_FILLED SMU phase=HOLDING
2026-04-25 00:53:50 INFO  BUY_FILLED SMU phase=HOLDING
2026-04-25 00:53:55 INFO  BUY_FILLED SMU phase=HOLDING
2026-04-25 00:54:00 INFO  BUY_FILLED SMU phase=HOLDING
2026-04-25 00:54:05 INFO  BUY_FILLED SMU phase=HOLDING
2026-04-25 00:54:10 INFO  BUY_FILLED SMU phase=HOLDING
2026-04-25 00:54:15 INFO  BUY_FILLED SMU phase=HOLDING
2026-04-25 00:54:20 INFO  BUY_FILLED SMU phase=HOLDING
2026-04-25 00:54:25 INFO  BUY_FILLED SMU phase=HOLDING
2026-04-25 00:54:30 INFO  BUY_FILLED SMU phase=HOLDING
2026-04-25 00:54:35 INFO  BUY_FILLED SMU phase=HOLDING
2026-04-25 00:54:40 INFO  BUY_FILLED SMU phase=HOLDING
2026-04-25 00:54:45 INFO  BUY_FILLED SMU phase=HOLDING
2026-04-25 00:54:50 INFO  BUY_FILLED SMU phase=HOLDING
2026-04-25 00:54:55 INFO  BUY_FILLED SMU phase=HOLDING
2026-04-25 00:55:00 INFO  BUY_FILLED SMU phase=HOLDING
2026-04-25 00:55:05 INFO  BUY_FILLED SMU phase=HOLDING
2026-04-25 00:55:10 INFO  BUY_FILLED SMU phase=HOLDING
2026-04-25 00:55:16 INFO  BUY_FILLED SMU phase=HOLDING
2026-04-25 00:55:21 INFO  BUY_FILLED SMU phase=HOLDING
2026-04-25 00:55:26 INFO  BUY_FILLED SMU phase=HOLDING
2026-04-25 00:55:31 INFO  BUY_FILLED SMU phase=HOLDING
2026-04-25 00:55:36 INFO  BUY_FILLED SMU phase=HOLDING
2026-04-25 00:55:41 INFO  BUY_FILLED SMU phase=HOLDING
2026-04-25 00:55:46 INFO  BUY_FILLED SMU phase=HOLDING
2026-04-25 00:55:51 INFO  BUY_FILLED SMU phase=HOLDING
2026-04-25 00:55:56 INFO  BUY_FILLED SMU phase=HOLDING
2026-04-25 00:56:01 INFO  BUY_FILLED SMU phase=HOLDING
2026-04-25 00:56:06 INFO  BUY_FILLED SMU phase=HOLDING
2026-04-25 00:56:11 INFO  BUY_FILLED SMU phase=HOLDING
2026-04-25 00:56:21 INFO  BUY_FILLED SMU phase=HOLDING
2026-04-25 00:56:26 INFO  BUY_FILLED SMU phase=HOLDING
2026-04-25 00:56:26 INFO  SELL_EXECUTED [US] SMU mode=EARLY_MOMENTUM phase=EXITING exitType=TIMESTOP price=16.1900 qty=9 reason=TIME_STOP_SOFT pnl=-0.86% peakPnl=-0.12% holdMs=302145 high=16.3100 avgPrice=16.3299 weightedPnl=-0.42% dailyPnl=-0.45%
2026-04-25 00:56:30 WARN  SELL_REJECTED SMU reason=TIME_STOP_SOFT rolledBack=partialDone:false phase=HOLDING
2026-04-25 00:56:31 INFO  BUY_FILLED SMU phase=HOLDING
2026-04-25 00:56:36 INFO  BUY_FILLED SMU phase=HOLDING
2026-04-25 00:56:36 INFO  SELL_EXECUTED [US] SMU mode=EARLY_MOMENTUM phase=EXITING exitType=TIMESTOP price=16.1900 qty=9 reason=TIME_STOP_SOFT pnl=-0.86% peakPnl=-0.12% holdMs=312266 high=16.3100 avgPrice=16.3299 weightedPnl=-0.42% dailyPnl=-0.45%
2026-04-25 00:56:36 WARN  SELL_REJECTED SMU reason=TIME_STOP_SOFT rolledBack=partialDone:false phase=HOLDING
2026-04-25 00:56:41 INFO  BUY_FILLED SMU phase=HOLDING
2026-04-25 00:56:41 INFO  SELL_EXECUTED [US] SMU mode=EARLY_MOMENTUM phase=EXITING exitType=TIMESTOP price=16.1900 qty=9 reason=TIME_STOP_SOFT pnl=-0.86% peakPnl=-0.12% holdMs=317425 high=16.3100 avgPrice=16.3299 weightedPnl=-0.42% dailyPnl=-0.45%
2026-04-25 00:56:47 INFO  BUY_FILLED SMU phase=HOLDING
2026-04-25 00:56:52 INFO  BUY_FILLED SMU phase=HOLDING
2026-04-25 00:56:57 INFO  BUY_FILLED SMU phase=HOLDING
2026-04-25 00:56:57 WARN  SELL pending timeout cleared for SMU
2026-04-25 00:56:57 INFO  SELL_EXECUTED [US] SMU mode=EARLY_MOMENTUM phase=EXITING exitType=TIMESTOP price=16.1300 qty=9 reason=TIME_STOP_SOFT pnl=-1.22% peakPnl=-0.12% holdMs=332515 high=16.3100 avgPrice=16.3299 weightedPnl=-0.60% dailyPnl=-1.05%
2026-04-25 00:57:02 INFO  BUY_FILLED SMU phase=HOLDING
2026-04-25 00:57:07 INFO  BUY_FILLED SMU phase=HOLDING
2026-04-25 00:57:12 INFO  BUY_FILLED SMU phase=HOLDING
2026-04-25 00:57:12 WARN  SELL pending timeout cleared for SMU
2026-04-25 00:57:12 INFO  SELL_EXECUTED [US] SMU mode=EARLY_MOMENTUM phase=EXITING exitType=TIMESTOP price=16.1000 qty=9 reason=TIME_STOP_SOFT pnl=-1.41% peakPnl=-0.12% holdMs=347605 high=16.3100 avgPrice=16.3299 weightedPnl=-0.69% dailyPnl=-1.74%
2026-04-25 00:57:12 WARN  SELL_REJECTED SMU reason=TIME_STOP_SOFT rolledBack=partialDone:false phase=HOLDING
2026-04-25 01:38:09 INFO  BUY [US] BAIG mode=VOLUME_BREAKOUT price=3.0500 qty=98 size=1.0000x score=95(CONV) | WHY: strongBreakout volBreakout retestOK multiUp vol(9.94x) | VWAP: 1.06%(ABOVE slope=UP) | TREND: score=3 vel=0.33%/0.33%/0.33% | VOL: 219808.0000/22108.3500 TO: 670436.3808/67317.2733 | entryNo=1
2026-04-25 01:39:40 INFO  BUY_FILLED BAIG phase=HOLDING
2026-04-25 01:39:45 INFO  BUY_FILLED BAIG phase=HOLDING
2026-04-25 01:39:50 INFO  BUY_FILLED BAIG phase=HOLDING
2026-04-25 01:39:55 INFO  BUY_FILLED BAIG phase=HOLDING
2026-04-25 01:40:00 INFO  BUY_FILLED BAIG phase=HOLDING
2026-04-25 01:40:05 INFO  BUY_FILLED BAIG phase=HOLDING
2026-04-25 01:40:10 INFO  BUY_FILLED BAIG phase=HOLDING
2026-04-25 01:40:15 INFO  BUY_FILLED BAIG phase=HOLDING
2026-04-25 01:40:20 INFO  BUY_FILLED BAIG phase=HOLDING
2026-04-25 01:40:25 INFO  BUY_FILLED BAIG phase=HOLDING
2026-04-25 01:40:30 INFO  BUY_FILLED BAIG phase=HOLDING
2026-04-25 01:40:35 INFO  BUY_FILLED BAIG phase=HOLDING
2026-04-25 01:40:40 INFO  BUY_FILLED BAIG phase=HOLDING
2026-04-25 01:40:45 INFO  BUY_FILLED BAIG phase=HOLDING
2026-04-25 01:40:50 INFO  BUY_FILLED BAIG phase=HOLDING
2026-04-25 01:40:55 INFO  BUY_FILLED BAIG phase=HOLDING
2026-04-25 01:41:00 INFO  BUY_FILLED BAIG phase=HOLDING
2026-04-25 01:41:05 INFO  BUY_FILLED BAIG phase=HOLDING
2026-04-25 01:41:10 INFO  BUY_FILLED BAIG phase=HOLDING
2026-04-25 01:41:15 INFO  BUY_FILLED BAIG phase=HOLDING
2026-04-25 01:41:20 INFO  BUY_FILLED BAIG phase=HOLDING
2026-04-25 01:41:25 INFO  BUY_FILLED BAIG phase=HOLDING
2026-04-25 01:41:31 INFO  BUY_FILLED BAIG phase=HOLDING
2026-04-25 01:41:36 INFO  BUY_FILLED BAIG phase=HOLDING
2026-04-25 01:41:41 INFO  BUY_FILLED BAIG phase=HOLDING
2026-04-25 01:41:46 INFO  BUY_FILLED BAIG phase=HOLDING
2026-04-25 01:41:51 INFO  BUY_FILLED BAIG phase=HOLDING
2026-04-25 01:41:56 INFO  BUY_FILLED BAIG phase=HOLDING
2026-04-25 01:42:01 INFO  BUY_FILLED BAIG phase=HOLDING
2026-04-25 01:42:06 INFO  BUY_FILLED BAIG phase=HOLDING
2026-04-25 01:42:11 INFO  BUY_FILLED BAIG phase=HOLDING
2026-04-25 01:42:16 INFO  BUY_FILLED BAIG phase=HOLDING
2026-04-25 01:42:21 INFO  BUY_FILLED BAIG phase=HOLDING
2026-04-25 01:42:26 INFO  BUY_FILLED BAIG phase=HOLDING
2026-04-25 01:42:31 INFO  BUY_FILLED BAIG phase=HOLDING
2026-04-25 01:42:36 INFO  BUY_FILLED BAIG phase=HOLDING
2026-04-25 01:42:41 INFO  BUY_FILLED BAIG phase=HOLDING
2026-04-25 01:42:46 INFO  BUY_FILLED BAIG phase=HOLDING
2026-04-25 01:42:51 INFO  BUY_FILLED BAIG phase=HOLDING
2026-04-25 01:42:56 INFO  BUY_FILLED BAIG phase=HOLDING
2026-04-25 01:43:01 INFO  BUY_FILLED BAIG phase=HOLDING
2026-04-25 01:43:06 INFO  BUY_FILLED BAIG phase=HOLDING
2026-04-25 01:43:11 INFO  BUY_FILLED BAIG phase=HOLDING
2026-04-25 01:43:16 INFO  BUY_FILLED BAIG phase=HOLDING
2026-04-25 01:43:21 INFO  BUY_FILLED BAIG phase=HOLDING
2026-04-25 01:43:26 INFO  BUY_FILLED BAIG phase=HOLDING
2026-04-25 01:43:31 INFO  BUY_FILLED BAIG phase=HOLDING
2026-04-25 01:43:36 INFO  BUY_FILLED BAIG phase=HOLDING
2026-04-25 01:43:41 INFO  BUY_FILLED BAIG phase=HOLDING
2026-04-25 01:43:46 INFO  BUY_FILLED BAIG phase=HOLDING
2026-04-25 01:43:52 INFO  BUY_FILLED BAIG phase=HOLDING
2026-04-25 01:43:57 INFO  BUY_FILLED BAIG phase=HOLDING
2026-04-25 01:44:02 INFO  BUY_FILLED BAIG phase=HOLDING
2026-04-25 01:44:07 INFO  BUY_FILLED BAIG phase=HOLDING
2026-04-25 01:44:12 INFO  BUY_FILLED BAIG phase=HOLDING
2026-04-25 01:44:17 INFO  BUY_FILLED BAIG phase=HOLDING
2026-04-25 01:44:22 INFO  BUY_FILLED BAIG phase=HOLDING
2026-04-25 01:44:27 INFO  BUY_FILLED BAIG phase=HOLDING
2026-04-25 01:44:32 INFO  BUY_FILLED BAIG phase=HOLDING
2026-04-25 01:44:37 INFO  BUY_FILLED BAIG phase=HOLDING
2026-04-25 01:44:42 INFO  BUY_FILLED BAIG phase=HOLDING
2026-04-25 01:44:42 INFO  SELL_EXECUTED [US] BAIG mode=VOLUME_BREAKOUT phase=EXITING exitType=TIMESTOP price=3.0398 qty=98 reason=TIME_STOP_SOFT pnl=-0.33% peakPnl=0.00% holdMs=302263 high=3.0501 avgPrice=3.0500 weightedPnl=-0.33% dailyPnl=-1.39%
2026-04-25 01:44:45 WARN  SELL_REJECTED BAIG reason=TIME_STOP_SOFT rolledBack=partialDone:false phase=HOLDING
2026-04-25 01:44:47 INFO  BUY_FILLED BAIG phase=HOLDING
2026-04-25 01:44:52 INFO  BUY_FILLED BAIG phase=HOLDING
2026-04-25 01:44:52 INFO  SELL_EXECUTED [US] BAIG mode=VOLUME_BREAKOUT phase=EXITING exitType=TIMESTOP price=3.0398 qty=98 reason=TIME_STOP_SOFT pnl=-0.33% peakPnl=0.00% holdMs=312374 high=3.0501 avgPrice=3.0500 weightedPnl=-0.33% dailyPnl=-1.39%
2026-04-25 01:44:52 WARN  SELL_REJECTED BAIG reason=TIME_STOP_SOFT rolledBack=partialDone:false phase=HOLDING
2026-04-25 01:44:57 INFO  BUY_FILLED BAIG phase=HOLDING
2026-04-25 01:44:57 INFO  SELL_EXECUTED [US] BAIG mode=VOLUME_BREAKOUT phase=EXITING exitType=TIMESTOP price=3.0398 qty=98 reason=TIME_STOP_SOFT pnl=-0.33% peakPnl=0.00% holdMs=317557 high=3.0501 avgPrice=3.0500 weightedPnl=-0.33% dailyPnl=-1.39%
2026-04-25 01:45:02 INFO  BUY_FILLED BAIG phase=HOLDING
2026-04-25 01:45:07 INFO  BUY_FILLED BAIG phase=HOLDING
2026-04-25 01:45:12 INFO  BUY_FILLED BAIG phase=HOLDING
2026-04-25 01:45:12 WARN  SELL pending timeout cleared for BAIG
2026-04-25 01:45:12 INFO  SELL_EXECUTED [US] BAIG mode=VOLUME_BREAKOUT phase=EXITING exitType=TIMESTOP price=3.0398 qty=98 reason=TIME_STOP_SOFT pnl=-0.33% peakPnl=0.00% holdMs=332638 high=3.0501 avgPrice=3.0500 weightedPnl=-0.33% dailyPnl=-1.72%
2026-04-25 01:45:17 INFO  BUY_FILLED BAIG phase=HOLDING
2026-04-25 08:33:08 INFO  BUY [US] NVDL mode=BREAKOUT price=101.9600 qty=2 size=0.8000x score=67 | WHY: strongBreakout retestOK multiUp vol(1.54x) | VWAP: 0.16%(ABOVE slope=UP) | TREND: score=2 vel=0.03%/0.04%/-0.01% | VOL: 1002.0000/648.5500 TO: 102193.9800/66118.6391 | entryNo=2
