2026-04-23 00:07:08 INFO  BUY [US] NVDL mode=VOLUME_BREAKOUT price=95.8500 qty=3 size=1.0000x score=95(CONV) | WHY: strongBreakout volBreakout retestOK multiUp vol(2.87x) | VWAP: 0.96%(ABOVE slope=UP) | TREND: score=3 vel=0.11%/0.10%/0.18% | VOL: 16279.0000/5669.4000 TO: 1558714.2500/543066.5136 | entryNo=1
2026-04-23 00:07:09 INFO  BUY_FILLED NVDL phase=HOLDING
2026-04-23 00:07:13 INFO  BUY_FILLED NVDL phase=HOLDING
2026-04-23 00:07:18 INFO  BUY_FILLED NVDL phase=HOLDING
2026-04-23 00:07:23 INFO  BUY_FILLED NVDL phase=HOLDING
2026-04-23 00:07:28 INFO  BUY_FILLED NVDL phase=HOLDING
2026-04-23 00:07:33 INFO  BUY_FILLED NVDL phase=HOLDING
2026-04-23 00:07:38 INFO  BUY_FILLED NVDL phase=HOLDING
2026-04-23 00:07:43 INFO  BUY_FILLED NVDL phase=HOLDING
2026-04-23 00:07:48 INFO  BUY_FILLED NVDL phase=HOLDING
2026-04-23 00:07:53 INFO  BUY_FILLED NVDL phase=HOLDING
2026-04-23 00:07:58 INFO  BUY_FILLED NVDL phase=HOLDING
2026-04-23 00:08:03 INFO  BUY_FILLED NVDL phase=HOLDING
2026-04-23 00:08:08 INFO  BUY_FILLED NVDL phase=HOLDING
2026-04-23 00:08:13 INFO  BUY_FILLED NVDL phase=HOLDING
2026-04-23 00:08:18 INFO  BUY_FILLED NVDL phase=HOLDING
2026-04-23 00:08:23 INFO  BUY_FILLED NVDL phase=HOLDING
2026-04-23 00:08:28 INFO  BUY_FILLED NVDL phase=HOLDING
2026-04-23 00:08:33 INFO  BUY_FILLED NVDL phase=HOLDING
2026-04-23 00:08:39 INFO  BUY_FILLED NVDL phase=HOLDING
2026-04-23 00:08:44 INFO  BUY_FILLED NVDL phase=HOLDING
2026-04-23 00:08:49 INFO  BUY_FILLED NVDL phase=HOLDING
2026-04-23 00:08:54 INFO  BUY_FILLED NVDL phase=HOLDING
2026-04-23 00:08:59 INFO  BUY_FILLED NVDL phase=HOLDING
2026-04-23 00:09:04 INFO  BUY_FILLED NVDL phase=HOLDING
2026-04-23 00:09:09 INFO  BUY_FILLED NVDL phase=HOLDING
2026-04-23 00:09:14 INFO  BUY_FILLED NVDL phase=HOLDING
2026-04-23 00:09:19 INFO  BUY_FILLED NVDL phase=HOLDING
2026-04-23 00:09:24 INFO  BUY_FILLED NVDL phase=HOLDING
2026-04-23 00:09:29 INFO  BUY_FILLED NVDL phase=HOLDING
2026-04-23 00:09:34 INFO  BUY_FILLED NVDL phase=HOLDING
2026-04-23 00:09:39 INFO  BUY_FILLED NVDL phase=HOLDING
2026-04-23 00:09:44 INFO  BUY_FILLED NVDL phase=HOLDING
2026-04-23 00:09:49 INFO  BUY_FILLED NVDL phase=HOLDING
2026-04-23 00:09:54 INFO  BUY_FILLED NVDL phase=HOLDING
2026-04-23 00:09:59 INFO  BUY_FILLED NVDL phase=HOLDING
2026-04-23 00:10:04 INFO  BUY_FILLED NVDL phase=HOLDING
2026-04-23 00:10:09 INFO  BUY_FILLED NVDL phase=HOLDING
2026-04-23 00:10:14 INFO  BUY_FILLED NVDL phase=HOLDING
2026-04-23 00:10:24 INFO  BUY_FILLED NVDL phase=HOLDING
2026-04-23 00:10:29 INFO  BUY_FILLED NVDL phase=HOLDING
2026-04-23 00:10:34 INFO  BUY_FILLED NVDL phase=HOLDING
2026-04-23 00:10:39 INFO  BUY_FILLED NVDL phase=HOLDING
2026-04-23 00:10:44 INFO  BUY_FILLED NVDL phase=HOLDING
2026-04-23 00:10:49 INFO  BUY_FILLED NVDL phase=HOLDING
2026-04-23 00:10:54 INFO  BUY_FILLED NVDL phase=HOLDING
2026-04-23 00:10:59 INFO  BUY_FILLED NVDL phase=HOLDING
2026-04-23 00:11:04 INFO  BUY_FILLED NVDL phase=HOLDING
2026-04-23 00:11:09 INFO  BUY_FILLED NVDL phase=HOLDING
2026-04-23 00:11:14 INFO  BUY_FILLED NVDL phase=HOLDING
2026-04-23 00:11:19 INFO  BUY_FILLED NVDL phase=HOLDING
2026-04-23 00:11:24 INFO  BUY_FILLED NVDL phase=HOLDING
2026-04-23 00:11:29 INFO  BUY_FILLED NVDL phase=HOLDING
2026-04-23 00:11:34 INFO  BUY_FILLED NVDL phase=HOLDING
2026-04-23 00:11:39 INFO  BUY_FILLED NVDL phase=HOLDING
2026-04-23 00:11:44 INFO  BUY_FILLED NVDL phase=HOLDING
2026-04-23 00:11:50 INFO  BUY_FILLED NVDL phase=HOLDING
2026-04-23 00:11:55 INFO  BUY_FILLED NVDL phase=HOLDING
2026-04-23 00:12:00 INFO  BUY_FILLED NVDL phase=HOLDING
2026-04-23 00:12:05 INFO  BUY_FILLED NVDL phase=HOLDING
2026-04-23 00:12:10 INFO  BUY_FILLED NVDL phase=HOLDING
2026-04-23 00:12:15 INFO  BUY_FILLED NVDL phase=HOLDING
2026-04-23 00:12:20 INFO  BUY_FILLED NVDL phase=HOLDING
2026-04-23 00:12:25 INFO  BUY_FILLED NVDL phase=HOLDING
2026-04-23 00:12:30 INFO  BUY_FILLED NVDL phase=HOLDING
2026-04-23 00:12:35 INFO  BUY_FILLED NVDL phase=HOLDING
2026-04-23 00:12:40 INFO  BUY_FILLED NVDL phase=HOLDING
2026-04-23 00:12:45 INFO  BUY_FILLED NVDL phase=HOLDING
2026-04-23 00:12:50 INFO  BUY_FILLED NVDL phase=HOLDING
2026-04-23 00:12:55 INFO  BUY_FILLED NVDL phase=HOLDING
2026-04-23 00:13:00 INFO  BUY_FILLED NVDL phase=HOLDING
2026-04-23 00:13:05 INFO  BUY_FILLED NVDL phase=HOLDING
2026-04-23 00:13:10 INFO  BUY_FILLED NVDL phase=HOLDING
2026-04-23 00:13:15 INFO  BUY_FILLED NVDL phase=HOLDING
2026-04-23 00:13:20 INFO  BUY_FILLED NVDL phase=HOLDING
2026-04-23 00:13:25 INFO  BUY_FILLED NVDL phase=HOLDING
2026-04-23 00:13:30 INFO  BUY_FILLED NVDL phase=HOLDING
2026-04-23 00:13:35 INFO  BUY_FILLED NVDL phase=HOLDING
2026-04-23 00:13:40 INFO  BUY_FILLED NVDL phase=HOLDING
2026-04-23 00:13:45 INFO  BUY_FILLED NVDL phase=HOLDING
2026-04-23 00:13:50 INFO  BUY_FILLED NVDL phase=HOLDING
2026-04-23 00:13:55 INFO  BUY_FILLED NVDL phase=HOLDING
2026-04-23 00:14:00 INFO  BUY_FILLED NVDL phase=HOLDING
2026-04-23 00:14:05 INFO  BUY_FILLED NVDL phase=HOLDING
2026-04-23 00:14:11 INFO  BUY_FILLED NVDL phase=HOLDING
2026-04-23 00:14:16 INFO  BUY_FILLED NVDL phase=HOLDING
2026-04-23 00:14:21 INFO  BUY_FILLED NVDL phase=HOLDING
2026-04-23 00:14:26 INFO  BUY_FILLED NVDL phase=HOLDING
2026-04-23 00:14:31 INFO  BUY_FILLED NVDL phase=HOLDING
2026-04-23 00:14:36 INFO  BUY_FILLED NVDL phase=HOLDING
2026-04-23 00:14:41 INFO  BUY_FILLED NVDL phase=HOLDING
2026-04-23 00:14:46 INFO  BUY_FILLED NVDL phase=HOLDING
2026-04-23 00:14:51 INFO  BUY_FILLED NVDL phase=HOLDING
2026-04-23 00:14:56 INFO  BUY_FILLED NVDL phase=HOLDING
2026-04-23 00:15:01 INFO  BUY_FILLED NVDL phase=HOLDING
2026-04-23 00:15:06 INFO  BUY_FILLED NVDL phase=HOLDING
2026-04-23 00:15:11 INFO  BUY_FILLED NVDL phase=HOLDING
2026-04-23 00:15:16 INFO  BUY_FILLED NVDL phase=HOLDING
2026-04-23 00:15:21 INFO  BUY_FILLED NVDL phase=HOLDING
2026-04-23 00:15:26 INFO  BUY_FILLED NVDL phase=HOLDING
2026-04-23 00:15:31 INFO  BUY_FILLED NVDL phase=HOLDING
2026-04-23 00:15:36 INFO  BUY_FILLED NVDL phase=HOLDING
2026-04-23 00:15:41 INFO  BUY_FILLED NVDL phase=HOLDING
2026-04-23 00:15:46 INFO  BUY_FILLED NVDL phase=HOLDING
2026-04-23 00:15:51 INFO  BUY_FILLED NVDL phase=HOLDING
2026-04-23 00:15:56 INFO  BUY_FILLED NVDL phase=HOLDING
2026-04-23 00:16:01 INFO  BUY_FILLED NVDL phase=HOLDING
2026-04-23 00:16:06 INFO  BUY_FILLED NVDL phase=HOLDING
2026-04-23 00:16:11 INFO  BUY_FILLED NVDL phase=HOLDING
2026-04-23 00:16:16 INFO  BUY_FILLED NVDL phase=HOLDING
2026-04-23 00:16:21 INFO  BUY_FILLED NVDL phase=HOLDING
2026-04-23 00:16:26 INFO  BUY_FILLED NVDL phase=HOLDING
2026-04-23 00:16:31 INFO  BUY_FILLED NVDL phase=HOLDING
2026-04-23 00:16:36 INFO  BUY_FILLED NVDL phase=HOLDING
2026-04-23 00:16:41 INFO  BUY_FILLED NVDL phase=HOLDING
2026-04-23 00:16:46 INFO  BUY_FILLED NVDL phase=HOLDING
2026-04-23 00:16:52 INFO  BUY_FILLED NVDL phase=HOLDING
2026-04-23 00:16:57 INFO  BUY_FILLED NVDL phase=HOLDING
2026-04-23 00:17:02 INFO  BUY_FILLED NVDL phase=HOLDING
2026-04-23 00:17:07 INFO  BUY_FILLED NVDL phase=HOLDING
2026-04-23 00:17:12 INFO  BUY_FILLED NVDL phase=HOLDING
2026-04-23 00:17:17 INFO  BUY_FILLED NVDL phase=HOLDING
2026-04-23 00:17:22 INFO  BUY_FILLED NVDL phase=HOLDING
2026-04-23 00:17:27 INFO  BUY_FILLED NVDL phase=HOLDING
2026-04-23 00:17:32 INFO  BUY_FILLED NVDL phase=HOLDING
2026-04-23 00:17:37 INFO  BUY_FILLED NVDL phase=HOLDING
2026-04-23 00:17:42 INFO  BUY_FILLED NVDL phase=HOLDING
2026-04-23 00:17:47 INFO  BUY_FILLED NVDL phase=HOLDING
2026-04-23 00:17:52 INFO  BUY_FILLED NVDL phase=HOLDING
2026-04-23 00:17:57 INFO  BUY_FILLED NVDL phase=HOLDING
2026-04-23 00:18:02 INFO  BUY_FILLED NVDL phase=HOLDING
2026-04-23 00:18:07 INFO  BUY_FILLED NVDL phase=HOLDING
2026-04-23 00:18:12 INFO  BUY_FILLED NVDL phase=HOLDING
2026-04-23 00:18:17 INFO  BUY_FILLED NVDL phase=HOLDING
2026-04-23 00:18:22 INFO  BUY_FILLED NVDL phase=HOLDING
2026-04-23 00:18:27 INFO  BUY_FILLED NVDL phase=HOLDING
2026-04-23 00:18:32 INFO  BUY_FILLED NVDL phase=HOLDING
2026-04-23 00:18:37 INFO  BUY_FILLED NVDL phase=HOLDING
2026-04-23 00:18:42 INFO  BUY_FILLED NVDL phase=HOLDING
2026-04-23 00:18:47 INFO  BUY_FILLED NVDL phase=HOLDING
2026-04-23 00:18:52 INFO  BUY_FILLED NVDL phase=HOLDING
2026-04-23 00:18:57 INFO  BUY_FILLED NVDL phase=HOLDING
2026-04-23 00:19:02 INFO  BUY_FILLED NVDL phase=HOLDING
2026-04-23 00:19:07 INFO  BUY_FILLED NVDL phase=HOLDING
2026-04-23 00:19:12 INFO  BUY_FILLED NVDL phase=HOLDING
2026-04-23 00:19:17 INFO  BUY_FILLED NVDL phase=HOLDING
2026-04-23 00:19:22 INFO  BUY_FILLED NVDL phase=HOLDING
2026-04-23 00:19:27 INFO  BUY_FILLED NVDL phase=HOLDING
2026-04-23 00:19:32 INFO  BUY_FILLED NVDL phase=HOLDING
2026-04-23 00:19:38 INFO  BUY_FILLED NVDL phase=HOLDING
2026-04-23 00:19:43 INFO  BUY_FILLED NVDL phase=HOLDING
2026-04-23 00:19:48 INFO  BUY_FILLED NVDL phase=HOLDING
2026-04-23 00:19:53 INFO  BUY_FILLED NVDL phase=HOLDING
2026-04-23 00:19:58 INFO  BUY_FILLED NVDL phase=HOLDING
2026-04-23 00:20:03 INFO  BUY_FILLED NVDL phase=HOLDING
2026-04-23 00:20:08 INFO  BUY_FILLED NVDL phase=HOLDING
2026-04-23 00:20:13 INFO  BUY_FILLED NVDL phase=HOLDING
2026-04-23 00:20:18 INFO  BUY_FILLED NVDL phase=HOLDING
2026-04-23 00:20:23 INFO  BUY_FILLED NVDL phase=HOLDING
2026-04-23 00:20:28 INFO  BUY_FILLED NVDL phase=HOLDING
2026-04-23 00:20:33 INFO  BUY_FILLED NVDL phase=HOLDING
2026-04-23 00:20:38 INFO  BUY_FILLED NVDL phase=HOLDING
2026-04-23 00:20:43 INFO  BUY_FILLED NVDL phase=HOLDING
2026-04-23 00:20:48 INFO  BUY_FILLED NVDL phase=HOLDING
2026-04-23 00:20:53 INFO  BUY_FILLED NVDL phase=HOLDING
2026-04-23 00:20:58 INFO  BUY_FILLED NVDL phase=HOLDING
2026-04-23 00:21:03 INFO  BUY_FILLED NVDL phase=HOLDING
2026-04-23 00:21:08 INFO  BUY_FILLED NVDL phase=HOLDING
2026-04-23 00:21:13 INFO  BUY_FILLED NVDL phase=HOLDING
2026-04-23 00:21:18 INFO  BUY_FILLED NVDL phase=HOLDING
2026-04-23 00:21:23 INFO  BUY_FILLED NVDL phase=HOLDING
2026-04-23 00:21:28 INFO  BUY_FILLED NVDL phase=HOLDING
2026-04-23 00:21:33 INFO  BUY_FILLED NVDL phase=HOLDING
2026-04-23 00:21:38 INFO  BUY_FILLED NVDL phase=HOLDING
2026-04-23 00:21:43 INFO  BUY_FILLED NVDL phase=HOLDING
2026-04-23 00:21:48 INFO  BUY_FILLED NVDL phase=HOLDING
2026-04-23 00:21:53 INFO  BUY_FILLED NVDL phase=HOLDING
2026-04-23 00:21:58 INFO  BUY_FILLED NVDL phase=HOLDING
2026-04-23 00:22:04 INFO  BUY_FILLED NVDL phase=HOLDING
2026-04-23 00:22:09 INFO  BUY_FILLED NVDL phase=HOLDING
2026-04-23 00:22:09 INFO  BUY [US] SOXL mode=VOLUME_BREAKOUT price=102.9000 qty=2 size=1.0000x score=95(CONV) | WHY: strongBreakout volBreakout retestOK multiUp vol(9.95x) | VWAP: 0.99%(ABOVE slope=UP) | TREND: score=3 vel=0.11%/0.14%/0.25% | VOL: 13963594.0000/1403157.1000 TO: 1436293882.4806/143929339.7492 | entryNo=1
2026-04-23 00:22:09 WARN  BUY_REJECTED SOXL phase=NONE
2026-04-23 00:22:14 INFO  BUY_FILLED NVDL phase=HOLDING
2026-04-23 00:22:19 INFO  BUY_FILLED NVDL phase=HOLDING
2026-04-23 00:22:24 INFO  BUY_FILLED NVDL phase=HOLDING
2026-04-23 00:22:29 INFO  BUY_FILLED NVDL phase=HOLDING
2026-04-23 00:22:34 INFO  BUY_FILLED NVDL phase=HOLDING
2026-04-23 00:22:39 INFO  BUY_FILLED NVDL phase=HOLDING
2026-04-23 00:22:44 INFO  BUY_FILLED NVDL phase=HOLDING
2026-04-23 00:22:49 INFO  BUY_FILLED NVDL phase=HOLDING
2026-04-23 00:22:54 INFO  BUY_FILLED NVDL phase=HOLDING
2026-04-23 00:22:59 INFO  BUY_FILLED NVDL phase=HOLDING
2026-04-23 00:23:04 INFO  BUY_FILLED NVDL phase=HOLDING
2026-04-23 00:23:09 INFO  BUY_FILLED NVDL phase=HOLDING
2026-04-23 00:23:14 INFO  BUY_FILLED NVDL phase=HOLDING
2026-04-23 00:23:19 INFO  BUY_FILLED NVDL phase=HOLDING
2026-04-23 00:23:24 INFO  BUY_FILLED NVDL phase=HOLDING
2026-04-23 00:23:29 INFO  BUY_FILLED NVDL phase=HOLDING
2026-04-23 00:23:34 INFO  BUY_FILLED NVDL phase=HOLDING
2026-04-23 00:23:39 INFO  BUY_FILLED NVDL phase=HOLDING
2026-04-23 00:23:44 INFO  BUY_FILLED NVDL phase=HOLDING
2026-04-23 00:23:49 INFO  BUY_FILLED NVDL phase=HOLDING
2026-04-23 00:23:54 INFO  BUY_FILLED NVDL phase=HOLDING
2026-04-23 00:23:59 INFO  BUY_FILLED NVDL phase=HOLDING
2026-04-23 00:24:04 INFO  BUY_FILLED NVDL phase=HOLDING
2026-04-23 00:24:09 INFO  BUY_FILLED NVDL phase=HOLDING
2026-04-23 00:24:14 INFO  BUY_FILLED NVDL phase=HOLDING
2026-04-23 00:24:19 INFO  BUY_FILLED NVDL phase=HOLDING
2026-04-23 00:24:24 INFO  BUY_FILLED NVDL phase=HOLDING
2026-04-23 00:24:29 INFO  BUY_FILLED NVDL phase=HOLDING
2026-04-23 00:24:35 INFO  BUY_FILLED NVDL phase=HOLDING
2026-04-23 00:24:40 INFO  BUY_FILLED NVDL phase=HOLDING
2026-04-23 00:24:45 INFO  BUY_FILLED NVDL phase=HOLDING
2026-04-23 00:24:50 INFO  BUY_FILLED NVDL phase=HOLDING
2026-04-23 00:24:55 INFO  BUY_FILLED NVDL phase=HOLDING
2026-04-23 00:25:00 INFO  BUY_FILLED NVDL phase=HOLDING
2026-04-23 00:25:05 INFO  BUY_FILLED NVDL phase=HOLDING
2026-04-23 00:25:10 INFO  BUY_FILLED NVDL phase=HOLDING
2026-04-23 00:25:10 INFO  SELL_EXECUTED [US] NVDL mode=VOLUME_BREAKOUT phase=EXITING exitType=TIMESTOP price=96.1500 qty=3 reason=TIME_STOP_HARD pnl=0.32% weightedPnl=0.31% dailyPnl=-1.47%
2026-04-23 00:25:13 WARN  SELL_REJECTED NVDL reason=TIME_STOP_HARD rolledBack=partialDone:false phase=HOLDING
2026-04-23 00:25:15 INFO  BUY_FILLED NVDL phase=HOLDING
2026-04-23 00:49:05 INFO  BUY [US] AXTI mode=VOLUME_BREAKOUT price=80.6600 qty=2 size=0.8000x score=95(CONV) | WHY: strongBreakout volBreakout retestOK multiUp vol(2.05x) | VWAP: 1.20%(ABOVE slope=UP) | TREND: score=3 vel=0.59%/1.14%/1.70% | VOL: 27155.0000/13223.4000 TO: 2187612.2310/1055883.6357 | entryNo=2
2026-04-23 00:49:06 INFO  BUY_FILLED AXTI phase=HOLDING
2026-04-23 00:49:10 INFO  BUY_FILLED AXTI phase=HOLDING
2026-04-23 00:49:15 INFO  BUY_FILLED AXTI phase=HOLDING
2026-04-23 00:49:20 INFO  BUY_FILLED AXTI phase=HOLDING
2026-04-23 00:49:25 INFO  BUY_FILLED AXTI phase=HOLDING
2026-04-23 00:49:30 INFO  BUY_FILLED AXTI phase=HOLDING
2026-04-23 00:49:35 INFO  BUY_FILLED AXTI phase=HOLDING
2026-04-23 00:49:40 INFO  BUY_FILLED AXTI phase=HOLDING
2026-04-23 00:49:45 INFO  BUY_FILLED AXTI phase=HOLDING
2026-04-23 00:49:50 INFO  BUY_FILLED AXTI phase=HOLDING
2026-04-23 00:49:55 INFO  BUY_FILLED AXTI phase=HOLDING
2026-04-23 00:50:00 INFO  BUY_FILLED AXTI phase=HOLDING
2026-04-23 00:50:06 INFO  BUY_FILLED AXTI phase=HOLDING
2026-04-23 00:50:11 INFO  BUY_FILLED AXTI phase=HOLDING
2026-04-23 00:50:16 INFO  BUY_FILLED AXTI phase=HOLDING
2026-04-23 00:50:21 INFO  BUY [US] POET mode=VOLUME_BREAKOUT price=12.0700 qty=19 size=0.8000x score=95(CONV) | WHY: strongBreakout volBreakout retestOK multiUp vol(2.13x) | VWAP: 0.19%(ABOVE slope=UP) | TREND: score=3 vel=0.41%/0.29%/1.55% | VOL: 166862.0000/78256.6500 TO: 2014858.6500/944632.3558 | entryNo=1
2026-04-23 00:50:21 INFO  BUY_FILLED AXTI phase=HOLDING
2026-04-23 00:50:21 WARN  BUY_REJECTED POET phase=NONE
2026-04-23 00:50:26 INFO  BUY_FILLED AXTI phase=HOLDING
2026-04-23 00:50:31 INFO  BUY_FILLED AXTI phase=HOLDING
2026-04-23 00:50:36 INFO  BUY_FILLED AXTI phase=HOLDING
2026-04-23 00:50:41 INFO  BUY_FILLED AXTI phase=HOLDING
2026-04-23 00:50:46 INFO  BUY_FILLED AXTI phase=HOLDING
2026-04-23 00:50:51 INFO  BUY_FILLED AXTI phase=HOLDING
2026-04-23 00:50:56 INFO  BUY_FILLED AXTI phase=HOLDING
2026-04-23 00:51:01 INFO  BUY_FILLED AXTI phase=HOLDING
2026-04-23 00:51:06 INFO  BUY_FILLED AXTI phase=HOLDING
2026-04-23 00:51:11 INFO  BUY_FILLED AXTI phase=HOLDING
2026-04-23 00:51:16 INFO  BUY_FILLED AXTI phase=HOLDING
2026-04-23 00:51:21 INFO  BUY_FILLED AXTI phase=HOLDING
2026-04-23 00:51:26 INFO  BUY_FILLED AXTI phase=HOLDING
2026-04-23 00:51:31 INFO  BUY_FILLED AXTI phase=HOLDING
2026-04-23 00:51:36 INFO  BUY_FILLED AXTI phase=HOLDING
2026-04-23 00:51:41 INFO  BUY_FILLED AXTI phase=HOLDING
2026-04-23 00:51:46 INFO  BUY_FILLED AXTI phase=HOLDING
2026-04-23 00:51:51 INFO  BUY_FILLED AXTI phase=HOLDING
2026-04-23 00:51:56 INFO  BUY_FILLED AXTI phase=HOLDING
2026-04-23 00:52:01 INFO  BUY_FILLED AXTI phase=HOLDING
2026-04-23 00:52:06 INFO  BUY_FILLED AXTI phase=HOLDING
2026-04-23 00:52:11 INFO  BUY_FILLED AXTI phase=HOLDING
2026-04-23 00:52:16 INFO  BUY_FILLED AXTI phase=HOLDING
2026-04-23 00:52:21 INFO  BUY [US] IBIT mode=VOLUME_BREAKOUT price=44.9800 qty=6 size=1.0000x score=82(CONV) | WHY: strongBreakout volBreakout retestOK multiUp vol(4.18x) | VWAP: 0.41%(ABOVE slope=UP) | TREND: score=2 vel=0.05%/0.00%/0.12% | VOL: 13114995.0000/3135690.7500 TO: 590043625.0500/140728436.6706 | entryNo=2
2026-04-23 00:52:21 WARN  BUY_REJECTED IBIT phase=NONE
2026-04-23 00:52:21 INFO  BUY_FILLED AXTI phase=HOLDING
2026-04-23 00:52:27 INFO  BUY_FILLED AXTI phase=HOLDING
2026-04-23 00:52:32 INFO  BUY_FILLED AXTI phase=HOLDING
2026-04-23 00:52:37 INFO  BUY_FILLED AXTI phase=HOLDING
2026-04-23 00:52:42 INFO  BUY_FILLED AXTI phase=HOLDING
2026-04-23 00:52:47 INFO  BUY_FILLED AXTI phase=HOLDING
2026-04-23 00:52:52 INFO  BUY_FILLED AXTI phase=HOLDING
2026-04-23 00:52:57 INFO  BUY_FILLED AXTI phase=HOLDING
2026-04-23 00:53:02 INFO  BUY_FILLED AXTI phase=HOLDING
2026-04-23 00:53:07 INFO  BUY_FILLED AXTI phase=HOLDING
2026-04-23 00:53:12 INFO  BUY_FILLED AXTI phase=HOLDING
2026-04-23 00:53:17 INFO  BUY_FILLED AXTI phase=HOLDING
2026-04-23 00:53:22 INFO  BUY_FILLED AXTI phase=HOLDING
2026-04-23 00:53:27 INFO  BUY_FILLED AXTI phase=HOLDING
2026-04-23 00:53:32 INFO  BUY_FILLED AXTI phase=HOLDING
2026-04-23 00:53:37 INFO  BUY_FILLED AXTI phase=HOLDING
2026-04-23 00:53:42 INFO  BUY_FILLED AXTI phase=HOLDING
2026-04-23 00:53:47 INFO  BUY_FILLED AXTI phase=HOLDING
2026-04-23 00:53:52 INFO  BUY_FILLED AXTI phase=HOLDING
2026-04-23 00:53:57 INFO  BUY_FILLED AXTI phase=HOLDING
2026-04-23 00:54:02 INFO  BUY_FILLED AXTI phase=HOLDING
2026-04-23 00:54:07 INFO  BUY_FILLED AXTI phase=HOLDING
2026-04-23 00:54:12 INFO  BUY_FILLED AXTI phase=HOLDING
2026-04-23 00:54:17 INFO  BUY_FILLED AXTI phase=HOLDING
2026-04-23 00:54:22 INFO  BUY_FILLED AXTI phase=HOLDING
2026-04-23 00:54:27 INFO  BUY_FILLED AXTI phase=HOLDING
2026-04-23 00:54:32 INFO  BUY_FILLED AXTI phase=HOLDING
2026-04-23 00:54:37 INFO  BUY_FILLED AXTI phase=HOLDING
2026-04-23 00:54:42 INFO  BUY_FILLED AXTI phase=HOLDING
2026-04-23 00:54:47 INFO  BUY_FILLED AXTI phase=HOLDING
2026-04-23 00:54:52 INFO  BUY_FILLED AXTI phase=HOLDING
2026-04-23 00:54:57 INFO  BUY_FILLED AXTI phase=HOLDING
2026-04-23 00:55:02 INFO  BUY_FILLED AXTI phase=HOLDING
2026-04-23 00:55:07 INFO  BUY_FILLED AXTI phase=HOLDING
2026-04-23 00:55:12 INFO  BUY_FILLED AXTI phase=HOLDING
2026-04-23 00:55:18 INFO  BUY_FILLED AXTI phase=HOLDING
2026-04-23 00:55:23 INFO  BUY_FILLED AXTI phase=HOLDING
2026-04-23 00:55:28 INFO  BUY_FILLED AXTI phase=HOLDING
2026-04-23 00:55:33 INFO  BUY_FILLED AXTI phase=HOLDING
2026-04-23 00:55:38 INFO  BUY_FILLED AXTI phase=HOLDING
2026-04-23 00:55:43 INFO  BUY_FILLED AXTI phase=HOLDING
2026-04-23 00:55:48 INFO  BUY_FILLED AXTI phase=HOLDING
2026-04-23 00:55:53 INFO  BUY_FILLED AXTI phase=HOLDING
2026-04-23 00:55:58 INFO  BUY_FILLED AXTI phase=HOLDING
2026-04-23 00:56:03 INFO  BUY_FILLED AXTI phase=HOLDING
2026-04-23 00:56:08 INFO  BUY_FILLED AXTI phase=HOLDING
2026-04-23 00:56:13 INFO  BUY_FILLED AXTI phase=HOLDING
2026-04-23 00:56:18 INFO  BUY_FILLED AXTI phase=HOLDING
2026-04-23 00:56:23 INFO  BUY_FILLED AXTI phase=HOLDING
2026-04-23 00:56:28 INFO  BUY_FILLED AXTI phase=HOLDING
2026-04-23 00:56:33 INFO  BUY_FILLED AXTI phase=HOLDING
2026-04-23 00:56:38 INFO  BUY_FILLED AXTI phase=HOLDING
2026-04-23 00:56:43 INFO  BUY_FILLED AXTI phase=HOLDING
2026-04-23 00:56:48 INFO  BUY_FILLED AXTI phase=HOLDING
2026-04-23 00:56:53 INFO  BUY_FILLED AXTI phase=HOLDING
2026-04-23 00:56:58 INFO  BUY_FILLED AXTI phase=HOLDING
2026-04-23 00:57:03 INFO  BUY_FILLED AXTI phase=HOLDING
2026-04-23 00:57:08 INFO  BUY_FILLED AXTI phase=HOLDING
2026-04-23 00:57:13 INFO  BUY_FILLED AXTI phase=HOLDING
2026-04-23 00:57:18 INFO  BUY_FILLED AXTI phase=HOLDING
2026-04-23 00:57:23 INFO  BUY_FILLED AXTI phase=HOLDING
2026-04-23 00:57:28 INFO  BUY_FILLED AXTI phase=HOLDING
2026-04-23 00:57:33 INFO  BUY_FILLED AXTI phase=HOLDING
2026-04-23 00:57:38 INFO  BUY_FILLED AXTI phase=HOLDING
2026-04-23 00:57:44 INFO  BUY_FILLED AXTI phase=HOLDING
2026-04-23 00:57:49 INFO  BUY_FILLED AXTI phase=HOLDING
2026-04-23 00:57:54 INFO  BUY_FILLED AXTI phase=HOLDING
2026-04-23 00:57:59 INFO  BUY_FILLED AXTI phase=HOLDING
2026-04-23 00:58:04 INFO  BUY_FILLED AXTI phase=HOLDING
2026-04-23 00:58:09 INFO  BUY_FILLED AXTI phase=HOLDING
2026-04-23 00:58:14 INFO  BUY_FILLED AXTI phase=HOLDING
2026-04-23 00:58:19 INFO  BUY_FILLED AXTI phase=HOLDING
2026-04-23 00:58:24 INFO  BUY_FILLED AXTI phase=HOLDING
2026-04-23 00:58:29 INFO  BUY_FILLED AXTI phase=HOLDING
2026-04-23 00:58:34 INFO  BUY_FILLED AXTI phase=HOLDING
2026-04-23 00:58:34 INFO  SELL [BREAKEVEN_GUARD] AXTI pnl=-0.13% peakPnl=0.93% holdMs=567920
2026-04-23 00:58:34 INFO  SELL_EXECUTED [US] AXTI mode=VOLUME_BREAKOUT phase=EXITING exitType=TRAIL price=80.5550 qty=2 reason=BREAKEVEN_GUARD pnl=-0.13% weightedPnl=-0.07% dailyPnl=-1.85%
2026-04-23 00:58:37 WARN  SELL_REJECTED AXTI reason=BREAKEVEN_GUARD rolledBack=partialDone:false phase=HOLDING
2026-04-23 00:58:39 INFO  BUY_FILLED AXTI phase=HOLDING
2026-04-23 00:58:44 INFO  BUY_FILLED AXTI phase=HOLDING
2026-04-23 00:58:44 INFO  SELL [BREAKEVEN_GUARD] AXTI pnl=-0.40% peakPnl=0.93% holdMs=578056
2026-04-23 00:58:44 INFO  SELL_EXECUTED [US] AXTI mode=VOLUME_BREAKOUT phase=EXITING exitType=TRAIL price=80.3400 qty=2 reason=BREAKEVEN_GUARD pnl=-0.40% weightedPnl=-0.21% dailyPnl=-1.99%
2026-04-23 00:58:44 WARN  SELL_REJECTED AXTI reason=BREAKEVEN_GUARD rolledBack=partialDone:false phase=HOLDING
2026-04-23 00:58:49 INFO  BUY_FILLED AXTI phase=HOLDING
2026-04-23 00:58:49 INFO  SELL [BREAKEVEN_GUARD] AXTI pnl=-0.50% peakPnl=0.93% holdMs=583221
2026-04-23 00:58:49 INFO  SELL_EXECUTED [US] AXTI mode=VOLUME_BREAKOUT phase=EXITING exitType=TRAIL price=80.2550 qty=2 reason=BREAKEVEN_GUARD pnl=-0.50% weightedPnl=-0.27% dailyPnl=-2.05%
2026-04-23 00:58:54 INFO  BUY_FILLED AXTI phase=HOLDING
2026-04-23 00:58:59 INFO  BUY_FILLED AXTI phase=HOLDING
2026-04-23 00:59:04 INFO  BUY_FILLED AXTI phase=HOLDING
2026-04-23 00:59:04 WARN  SELL pending timeout cleared for AXTI
2026-04-23 00:59:04 INFO  SELL [BREAKEVEN_GUARD] AXTI pnl=-0.60% peakPnl=0.93% holdMs=598280
2026-04-23 00:59:04 INFO  SELL_EXECUTED [US] AXTI mode=VOLUME_BREAKOUT phase=EXITING exitType=TRAIL price=80.1750 qty=2 reason=BREAKEVEN_GUARD pnl=-0.60% weightedPnl=-0.32% dailyPnl=-2.37%
2026-04-23 00:59:09 INFO  BUY_FILLED AXTI phase=HOLDING
2026-04-23 00:59:14 INFO  BUY_FILLED AXTI phase=HOLDING
2026-04-23 00:59:19 INFO  BUY_FILLED AXTI phase=HOLDING
2026-04-23 00:59:19 WARN  SELL pending timeout cleared for AXTI
2026-04-23 00:59:19 INFO  SELL [BREAKEVEN_GUARD] AXTI pnl=-0.60% peakPnl=0.93% holdMs=613344
2026-04-23 00:59:19 INFO  SELL_EXECUTED [US] AXTI mode=VOLUME_BREAKOUT phase=EXITING exitType=TRAIL price=80.1800 qty=2 reason=BREAKEVEN_GUARD pnl=-0.60% weightedPnl=-0.32% dailyPnl=-2.69%
2026-04-23 00:59:19 WARN  SELL_REJECTED AXTI reason=BREAKEVEN_GUARD rolledBack=partialDone:false phase=HOLDING
2026-04-23 02:53:08 INFO  BUY [US] BAIG mode=VOLUME_BREAKOUT price=3.3800 qty=88 size=1.0000x score=95(CONV) | WHY: strongBreakout volBreakout retestOK multiUp vol(9.53x) | VWAP: 0.90%(ABOVE slope=UP) | TREND: score=3 vel=0.60%/1.38%/1.38% | VOL: 399855.0000/41947.9500 TO: 1351509.9000/140764.7700 | entryNo=2
2026-04-23 02:53:08 WARN  BUY_REJECTED BAIG phase=NONE
2026-04-23 04:25:08 INFO  BUY [US] ETHU mode=VOLUME_BREAKOUT price=28.9500 qty=10 size=1.0000x score=87(CONV) | WHY: strongBreakout volBreakout retestOK multiUp vol(19.66x) | VWAP: 0.65%(ABOVE slope=UP) | TREND: score=3 vel=0.00%/0.03%/0.31% | VOL: 2757982.0000/140265.1500 TO: 79843578.9000/4060189.0974 | entryNo=1
2026-04-23 04:25:09 INFO  BUY_FILLED ETHU phase=HOLDING
2026-04-23 04:25:13 INFO  BUY_FILLED ETHU phase=HOLDING
2026-04-23 04:25:18 INFO  BUY_FILLED ETHU phase=HOLDING
2026-04-23 04:25:23 INFO  BUY_FILLED ETHU phase=HOLDING
2026-04-23 04:25:28 INFO  BUY_FILLED ETHU phase=HOLDING
2026-04-23 04:25:33 INFO  BUY_FILLED ETHU phase=HOLDING
2026-04-23 04:25:38 INFO  BUY_FILLED ETHU phase=HOLDING
2026-04-23 04:25:43 INFO  BUY_FILLED ETHU phase=HOLDING
2026-04-23 04:25:48 INFO  BUY_FILLED ETHU phase=HOLDING
2026-04-23 04:25:53 INFO  BUY_FILLED ETHU phase=HOLDING
2026-04-23 04:25:59 INFO  BUY_FILLED ETHU phase=HOLDING
2026-04-23 04:26:04 INFO  BUY_FILLED ETHU phase=HOLDING
2026-04-23 04:26:09 INFO  BUY_FILLED ETHU phase=HOLDING
2026-04-23 04:26:14 INFO  BUY_FILLED ETHU phase=HOLDING
2026-04-23 04:26:19 INFO  BUY_FILLED ETHU phase=HOLDING
2026-04-23 04:26:24 INFO  BUY_FILLED ETHU phase=HOLDING
2026-04-23 04:26:29 INFO  BUY_FILLED ETHU phase=HOLDING
2026-04-23 04:26:34 INFO  BUY_FILLED ETHU phase=HOLDING
2026-04-23 04:26:39 INFO  BUY_FILLED ETHU phase=HOLDING
2026-04-23 04:26:44 INFO  BUY_FILLED ETHU phase=HOLDING
2026-04-23 04:26:49 INFO  BUY_FILLED ETHU phase=HOLDING
2026-04-23 04:26:54 INFO  BUY_FILLED ETHU phase=HOLDING
2026-04-23 04:26:59 INFO  BUY_FILLED ETHU phase=HOLDING
2026-04-23 04:27:04 INFO  BUY_FILLED ETHU phase=HOLDING
2026-04-23 04:27:09 INFO  BUY_FILLED ETHU phase=HOLDING
2026-04-23 04:27:14 INFO  BUY_FILLED ETHU phase=HOLDING
2026-04-23 04:27:19 INFO  BUY_FILLED ETHU phase=HOLDING
2026-04-23 04:27:24 INFO  BUY_FILLED ETHU phase=HOLDING
2026-04-23 04:27:29 INFO  BUY_FILLED ETHU phase=HOLDING
2026-04-23 04:27:34 INFO  BUY_FILLED ETHU phase=HOLDING
2026-04-23 04:27:39 INFO  BUY_FILLED ETHU phase=HOLDING
2026-04-23 04:27:44 INFO  BUY_FILLED ETHU phase=HOLDING
2026-04-23 04:27:49 INFO  BUY_FILLED ETHU phase=HOLDING
2026-04-23 04:27:55 INFO  BUY_FILLED ETHU phase=HOLDING
2026-04-23 04:28:00 INFO  BUY_FILLED ETHU phase=HOLDING
2026-04-23 04:28:05 INFO  BUY_FILLED ETHU phase=HOLDING
2026-04-23 04:28:10 INFO  BUY_FILLED ETHU phase=HOLDING
2026-04-23 04:28:15 INFO  BUY_FILLED ETHU phase=HOLDING
2026-04-23 04:28:20 INFO  BUY_FILLED ETHU phase=HOLDING
2026-04-23 04:28:25 INFO  BUY_FILLED ETHU phase=HOLDING
2026-04-23 04:28:30 INFO  BUY_FILLED ETHU phase=HOLDING
2026-04-23 04:28:35 INFO  BUY_FILLED ETHU phase=HOLDING
2026-04-23 04:28:40 INFO  BUY_FILLED ETHU phase=HOLDING
2026-04-23 04:28:45 INFO  BUY_FILLED ETHU phase=HOLDING
2026-04-23 04:28:50 INFO  BUY_FILLED ETHU phase=HOLDING
2026-04-23 04:28:55 INFO  BUY_FILLED ETHU phase=HOLDING
2026-04-23 04:29:00 INFO  BUY_FILLED ETHU phase=HOLDING
2026-04-23 04:29:05 INFO  BUY_FILLED ETHU phase=HOLDING
2026-04-23 04:29:10 INFO  BUY_FILLED ETHU phase=HOLDING
2026-04-23 04:29:15 INFO  BUY_FILLED ETHU phase=HOLDING
2026-04-23 04:29:20 INFO  BUY_FILLED ETHU phase=HOLDING
2026-04-23 04:29:26 INFO  BUY_FILLED ETHU phase=HOLDING
2026-04-23 04:29:31 INFO  BUY_FILLED ETHU phase=HOLDING
2026-04-23 04:29:36 INFO  BUY_FILLED ETHU phase=HOLDING
2026-04-23 04:29:41 INFO  BUY_FILLED ETHU phase=HOLDING
2026-04-23 04:29:46 INFO  BUY_FILLED ETHU phase=HOLDING
2026-04-23 04:29:51 INFO  BUY_FILLED ETHU phase=HOLDING
2026-04-23 04:29:56 INFO  BUY_FILLED ETHU phase=HOLDING
2026-04-23 04:30:01 INFO  BUY_FILLED ETHU phase=HOLDING
2026-04-23 04:30:06 INFO  BUY_FILLED ETHU phase=HOLDING
2026-04-23 04:30:11 INFO  BUY_FILLED ETHU phase=HOLDING
2026-04-23 04:30:16 INFO  BUY_FILLED ETHU phase=HOLDING
2026-04-23 04:30:21 INFO  BUY_FILLED ETHU phase=HOLDING
2026-04-23 04:30:26 INFO  BUY_FILLED ETHU phase=HOLDING
2026-04-23 04:30:31 INFO  BUY_FILLED ETHU phase=HOLDING
2026-04-23 04:30:36 INFO  BUY_FILLED ETHU phase=HOLDING
2026-04-23 04:30:41 INFO  BUY_FILLED ETHU phase=HOLDING
2026-04-23 04:30:46 INFO  BUY_FILLED ETHU phase=HOLDING
2026-04-23 04:30:51 INFO  BUY_FILLED ETHU phase=HOLDING
2026-04-23 04:30:56 INFO  BUY_FILLED ETHU phase=HOLDING
2026-04-23 04:31:01 INFO  BUY_FILLED ETHU phase=HOLDING
2026-04-23 04:31:06 INFO  BUY_FILLED ETHU phase=HOLDING
2026-04-23 04:31:12 INFO  BUY_FILLED ETHU phase=HOLDING
2026-04-23 04:31:17 INFO  BUY_FILLED ETHU phase=HOLDING
2026-04-23 04:31:22 INFO  BUY_FILLED ETHU phase=HOLDING
2026-04-23 04:31:27 INFO  BUY_FILLED ETHU phase=HOLDING
2026-04-23 04:31:32 INFO  BUY_FILLED ETHU phase=HOLDING
2026-04-23 04:31:37 INFO  BUY_FILLED ETHU phase=HOLDING
2026-04-23 04:31:42 INFO  BUY_FILLED ETHU phase=HOLDING
2026-04-23 04:31:47 INFO  BUY_FILLED ETHU phase=HOLDING
2026-04-23 04:31:52 INFO  BUY_FILLED ETHU phase=HOLDING
2026-04-23 04:31:57 INFO  BUY_FILLED ETHU phase=HOLDING
2026-04-23 04:32:02 INFO  BUY_FILLED ETHU phase=HOLDING
2026-04-23 04:32:07 INFO  BUY_FILLED ETHU phase=HOLDING
2026-04-23 04:32:12 INFO  BUY_FILLED ETHU phase=HOLDING
2026-04-23 04:32:17 INFO  BUY_FILLED ETHU phase=HOLDING
2026-04-23 04:32:22 INFO  BUY_FILLED ETHU phase=HOLDING
2026-04-23 04:32:27 INFO  BUY_FILLED ETHU phase=HOLDING
2026-04-23 04:32:32 INFO  BUY_FILLED ETHU phase=HOLDING
2026-04-23 04:32:37 INFO  BUY_FILLED ETHU phase=HOLDING
2026-04-23 04:32:42 INFO  BUY_FILLED ETHU phase=HOLDING
2026-04-23 04:32:47 INFO  BUY_FILLED ETHU phase=HOLDING
2026-04-23 04:32:53 INFO  BUY_FILLED ETHU phase=HOLDING
2026-04-23 04:32:58 INFO  BUY_FILLED ETHU phase=HOLDING
2026-04-23 04:33:03 INFO  BUY_FILLED ETHU phase=HOLDING
2026-04-23 04:33:08 INFO  BUY_FILLED ETHU phase=HOLDING
2026-04-23 04:33:13 INFO  BUY_FILLED ETHU phase=HOLDING
2026-04-23 04:33:18 INFO  BUY_FILLED ETHU phase=HOLDING
2026-04-23 04:33:23 INFO  BUY_FILLED ETHU phase=HOLDING
2026-04-23 04:33:28 INFO  BUY_FILLED ETHU phase=HOLDING
2026-04-23 04:33:33 INFO  BUY_FILLED ETHU phase=HOLDING
2026-04-23 04:33:38 INFO  BUY_FILLED ETHU phase=HOLDING
2026-04-23 04:33:43 INFO  BUY_FILLED ETHU phase=HOLDING
2026-04-23 04:33:48 INFO  BUY_FILLED ETHU phase=HOLDING
2026-04-23 04:33:53 INFO  BUY_FILLED ETHU phase=HOLDING
2026-04-23 04:33:58 INFO  BUY_FILLED ETHU phase=HOLDING
2026-04-23 04:34:03 INFO  BUY_FILLED ETHU phase=HOLDING
2026-04-23 04:34:08 INFO  BUY_FILLED ETHU phase=HOLDING
2026-04-23 04:34:13 INFO  BUY_FILLED ETHU phase=HOLDING
2026-04-23 04:34:18 INFO  BUY_FILLED ETHU phase=HOLDING
2026-04-23 04:34:23 INFO  BUY_FILLED ETHU phase=HOLDING
2026-04-23 04:34:28 INFO  BUY_FILLED ETHU phase=HOLDING
2026-04-23 04:34:33 INFO  BUY_FILLED ETHU phase=HOLDING
2026-04-23 04:34:38 INFO  BUY_FILLED ETHU phase=HOLDING
2026-04-23 04:34:43 INFO  BUY_FILLED ETHU phase=HOLDING
2026-04-23 04:34:48 INFO  BUY_FILLED ETHU phase=HOLDING
2026-04-23 04:34:53 INFO  BUY_FILLED ETHU phase=HOLDING
2026-04-23 04:34:59 INFO  BUY_FILLED ETHU phase=HOLDING
2026-04-23 04:35:04 INFO  BUY_FILLED ETHU phase=HOLDING
2026-04-23 04:35:09 INFO  BUY_FILLED ETHU phase=HOLDING
2026-04-23 04:35:14 INFO  BUY_FILLED ETHU phase=HOLDING
2026-04-23 04:35:19 INFO  BUY_FILLED ETHU phase=HOLDING
2026-04-23 04:35:24 INFO  BUY_FILLED ETHU phase=HOLDING
2026-04-23 04:35:29 INFO  BUY_FILLED ETHU phase=HOLDING
2026-04-23 04:35:34 INFO  BUY_FILLED ETHU phase=HOLDING
2026-04-23 04:35:39 INFO  BUY_FILLED ETHU phase=HOLDING
2026-04-23 04:35:44 INFO  BUY_FILLED ETHU phase=HOLDING
2026-04-23 04:35:49 INFO  BUY_FILLED ETHU phase=HOLDING
2026-04-23 04:35:54 INFO  BUY_FILLED ETHU phase=HOLDING
2026-04-23 04:35:59 INFO  BUY_FILLED ETHU phase=HOLDING
2026-04-23 04:36:04 INFO  BUY_FILLED ETHU phase=HOLDING
2026-04-23 04:36:09 INFO  BUY_FILLED ETHU phase=HOLDING
2026-04-23 04:36:14 INFO  BUY_FILLED ETHU phase=HOLDING
2026-04-23 04:36:19 INFO  BUY_FILLED ETHU phase=HOLDING
2026-04-23 04:36:24 INFO  BUY_FILLED ETHU phase=HOLDING
2026-04-23 04:36:24 INFO  SELL_EXECUTED [US] ETHU mode=VOLUME_BREAKOUT phase=EXITING exitType=VWAP_BREAK price=28.6700 qty=10 reason=VWAP_BREAK pnl=-0.97% weightedPnl=-0.93% dailyPnl=-3.30%
2026-04-23 04:36:28 WARN  SELL_REJECTED ETHU reason=VWAP_BREAK rolledBack=partialDone:false phase=HOLDING
2026-04-23 04:36:29 INFO  BUY_FILLED ETHU phase=HOLDING
2026-04-23 04:36:34 INFO  BUY_FILLED ETHU phase=HOLDING
2026-04-23 04:36:39 INFO  BUY_FILLED ETHU phase=HOLDING
2026-04-23 05:03:07 INFO  BUY [US] TSLL mode=EARLY_MOMENTUM price=13.3100 qty=18 size=0.8000x score=75(CONV) | WHY: velShort=1.78% velMid=2.01% aboveVwap | VWAP: 1.49%(ABOVE slope=UP) | TREND: score=3 vel=1.78%/2.01%/1.93% | VOL: 218547.0000/132221.0000 TO: 2887005.8700/1715302.2423 | entryNo=1
2026-04-23 06:24:07 WARN  BUY pending timeout cleared for TSLL
2026-04-23 06:24:07 INFO  BUY [US] TSLL mode=VOLUME_BREAKOUT price=13.9200 qty=21 size=1.0000x score=90(CONV) | WHY: strongBreakout volBreakout retestOK multiUp vol(5.00x) | VWAP: 1.93%(ABOVE slope=UP) | TREND: score=2 vel=0.07%/0.21%/-0.00% | VOL: 36592114.0000/7322612.9000 TO: 509354908.4572/101803779.5434 | entryNo=2
2026-04-23 10:13:19 INFO  BUY amount set for 024840: 500000.00
2026-04-23 10:13:19 INFO  BUY amount set for 023790: 500000.00
2026-04-23 10:13:19 INFO  BUY amount set for 060310: 500000.00
2026-04-23 10:13:19 INFO  BUY amount set for 163730: 500000.00
2026-04-23 10:13:19 INFO  BUY amount set for 017510: 500000.00
2026-04-23 10:13:19 INFO  BUY amount set for 006910: 500000.00
2026-04-23 10:13:19 INFO  BUY amount set for 091970: 500000.00
2026-04-23 10:24:05 INFO  BUY [KRX] 163730 mode=EARLY_MOMENTUM price=20550.0000 qty=19 size=0.8000x score=75(CONV) | WHY: velShort=2.75% velMid=1.99% aboveVwap | VWAP: 1.64%(ABOVE slope=UP) | TREND: score=3 vel=2.75%/1.99%/0.74% | VOL: 11679.0000/9787.0909 TO: 240003450.0000/197884954.5455 | entryNo=1
2026-04-23 10:24:06 INFO  BUY_FILLED 163730 phase=HOLDING
2026-04-23 10:24:10 INFO  BUY_FILLED 163730 phase=HOLDING
2026-04-23 10:24:15 INFO  BUY_FILLED 163730 phase=HOLDING
2026-04-23 10:24:20 INFO  BUY_FILLED 163730 phase=HOLDING
2026-04-23 10:24:25 INFO  BUY_FILLED 163730 phase=HOLDING
2026-04-23 10:24:30 INFO  BUY_FILLED 163730 phase=HOLDING
2026-04-23 10:24:35 INFO  BUY_FILLED 163730 phase=HOLDING
2026-04-23 10:24:45 INFO  BUY_FILLED 163730 phase=HOLDING
2026-04-23 10:24:51 INFO  BUY_FILLED 163730 phase=HOLDING
2026-04-23 10:24:51 INFO  SELL_EXECUTED [KRX] 163730 mode=EARLY_MOMENTUM phase=EXITING exitType=STOPLOSS price=20300.0000 qty=19 reason=STOP_LOSS pnl=-1.22% weightedPnl=-0.95% dailyPnl=-0.95%
2026-04-23 10:24:51 WARN  SELL_REJECTED 163730 reason=STOP_LOSS rolledBack=partialDone:false phase=HOLDING
2026-04-23 10:24:56 INFO  BUY_FILLED 163730 phase=HOLDING
2026-04-23 10:24:56 INFO  SELL_EXECUTED [KRX] 163730 mode=EARLY_MOMENTUM phase=EXITING exitType=STOPLOSS price=20150.0000 qty=19 reason=STOP_LOSS pnl=-1.95% weightedPnl=-1.52% dailyPnl=-1.52%
2026-04-23 10:25:01 INFO  BUY_FILLED 163730 phase=HOLDING
2026-04-23 10:25:06 INFO  BUY_FILLED 163730 phase=HOLDING
2026-04-23 10:25:11 INFO  BUY_FILLED 163730 phase=HOLDING
2026-04-23 10:25:11 WARN  SELL pending timeout cleared for 163730
2026-04-23 10:25:11 INFO  SELL_EXECUTED [KRX] 163730 mode=EARLY_MOMENTUM phase=EXITING exitType=STOPLOSS price=20000.0000 qty=19 reason=STOP_LOSS pnl=-2.68% weightedPnl=-2.09% dailyPnl=-3.61%
2026-04-23 10:25:16 INFO  BUY_FILLED 163730 phase=HOLDING
2026-04-23 10:25:21 INFO  BUY_FILLED 163730 phase=HOLDING
2026-04-23 10:25:26 INFO  BUY_FILLED 163730 phase=HOLDING
2026-04-23 10:25:26 WARN  SELL pending timeout cleared for 163730
2026-04-23 10:25:26 INFO  SELL_EXECUTED [KRX] 163730 mode=EARLY_MOMENTUM phase=EXITING exitType=STOPLOSS price=20000.0000 qty=19 reason=STOP_LOSS pnl=-2.68% weightedPnl=-2.09% dailyPnl=-5.70%
2026-04-23 10:25:26 INFO  SELL_FILLED 163730 reason=STOP_LOSS remainingQty=0 phase=NONE exitType=STOPLOSS partialDone=false
2026-04-23 10:25:36 INFO  SELL_EXECUTED [KRX] 163730 mode=NONE phase=EXITING exitType=STOPLOSS price=20050.0000 qty=19 reason=STOP_LOSS pnl=-2.43% weightedPnl=-1.90% dailyPnl=-7.60%
2026-04-23 10:36:07 WARN  BUY_SKIP [KRX] 023790 reason=DAILY_LOSS_LIMIT dailyPnl=-7.60%
2026-04-23 10:36:22 WARN  BUY_SKIP [KRX] 023790 reason=DAILY_LOSS_LIMIT dailyPnl=-7.60%
2026-04-23 10:38:07 WARN  BUY_SKIP [KRX] 023790 reason=DAILY_LOSS_LIMIT dailyPnl=-7.60%
2026-04-23 10:38:23 WARN  BUY_SKIP [KRX] 023790 reason=DAILY_LOSS_LIMIT dailyPnl=-7.60%
2026-04-23 10:39:08 WARN  BUY_SKIP [KRX] 023790 reason=DAILY_LOSS_LIMIT dailyPnl=-7.60%
2026-04-23 10:39:23 WARN  BUY_SKIP [KRX] 023790 reason=DAILY_LOSS_LIMIT dailyPnl=-7.60%
2026-04-23 10:40:09 WARN  BUY_SKIP [KRX] 023790 reason=DAILY_LOSS_LIMIT dailyPnl=-7.60%
2026-04-23 10:40:24 WARN  BUY_SKIP [KRX] 023790 reason=DAILY_LOSS_LIMIT dailyPnl=-7.60%
2026-04-23 10:44:06 WARN  BUY_SKIP [KRX] 163730 reason=DAILY_LOSS_LIMIT dailyPnl=-7.60%
2026-04-23 10:44:21 WARN  BUY_SKIP [KRX] 163730 reason=DAILY_LOSS_LIMIT dailyPnl=-7.60%
2026-04-23 10:51:09 WARN  BUY_SKIP [KRX] 006910 reason=DAILY_LOSS_LIMIT dailyPnl=-7.60%
2026-04-23 10:51:24 WARN  BUY_SKIP [KRX] 006910 reason=DAILY_LOSS_LIMIT dailyPnl=-7.60%
2026-04-23 10:52:09 WARN  BUY_SKIP [KRX] 006910 reason=DAILY_LOSS_LIMIT dailyPnl=-7.60%
2026-04-23 10:52:24 WARN  BUY_SKIP [KRX] 006910 reason=DAILY_LOSS_LIMIT dailyPnl=-7.60%
2026-04-23 10:58:07 WARN  BUY_SKIP [KRX] 060310 reason=DAILY_LOSS_LIMIT dailyPnl=-7.60%
2026-04-23 10:58:22 WARN  BUY_SKIP [KRX] 060310 reason=DAILY_LOSS_LIMIT dailyPnl=-7.60%
2026-04-23 10:59:07 WARN  BUY_SKIP [KRX] 060310 reason=DAILY_LOSS_LIMIT dailyPnl=-7.60%
2026-04-23 10:59:22 WARN  BUY_SKIP [KRX] 060310 reason=DAILY_LOSS_LIMIT dailyPnl=-7.60%
2026-04-23 11:04:10 WARN  BUY_SKIP [KRX] 006910 reason=DAILY_LOSS_LIMIT dailyPnl=-7.60%
2026-04-23 11:04:25 WARN  BUY_SKIP [KRX] 006910 reason=DAILY_LOSS_LIMIT dailyPnl=-7.60%
2026-04-23 11:16:05 WARN  BUY_SKIP [KRX] 023790 reason=DAILY_LOSS_LIMIT dailyPnl=-7.60%
2026-04-23 11:16:20 WARN  BUY_SKIP [KRX] 023790 reason=DAILY_LOSS_LIMIT dailyPnl=-7.60%
2026-04-23 11:17:08 WARN  BUY_SKIP [KRX] 023790 reason=DAILY_LOSS_LIMIT dailyPnl=-7.60%
2026-04-23 11:17:23 WARN  BUY_SKIP [KRX] 023790 reason=DAILY_LOSS_LIMIT dailyPnl=-7.60%
2026-04-23 11:22:10 WARN  BUY_SKIP [KRX] 023790 reason=DAILY_LOSS_LIMIT dailyPnl=-7.60%
2026-04-23 11:22:25 WARN  BUY_SKIP [KRX] 023790 reason=DAILY_LOSS_LIMIT dailyPnl=-7.60%
2026-04-23 11:24:05 WARN  BUY_SKIP [KRX] 023790 reason=DAILY_LOSS_LIMIT dailyPnl=-7.60%
2026-04-23 11:24:21 WARN  BUY_SKIP [KRX] 023790 reason=DAILY_LOSS_LIMIT dailyPnl=-7.60%
2026-04-23 11:25:06 WARN  BUY_SKIP [KRX] 023790 reason=DAILY_LOSS_LIMIT dailyPnl=-7.60%
2026-04-23 11:25:21 WARN  BUY_SKIP [KRX] 023790 reason=DAILY_LOSS_LIMIT dailyPnl=-7.60%
2026-04-23 11:37:06 WARN  BUY_SKIP [KRX] 006910 reason=DAILY_LOSS_LIMIT dailyPnl=-7.60%
2026-04-23 11:37:21 WARN  BUY_SKIP [KRX] 006910 reason=DAILY_LOSS_LIMIT dailyPnl=-7.60%
2026-04-23 11:39:07 WARN  BUY_SKIP [KRX] 163730 reason=DAILY_LOSS_LIMIT dailyPnl=-7.60%
2026-04-23 11:39:22 WARN  BUY_SKIP [KRX] 163730 reason=DAILY_LOSS_LIMIT dailyPnl=-7.60%
2026-04-23 11:40:07 WARN  BUY_SKIP [KRX] 163730 reason=DAILY_LOSS_LIMIT dailyPnl=-7.60%
2026-04-23 11:40:22 WARN  BUY_SKIP [KRX] 163730 reason=DAILY_LOSS_LIMIT dailyPnl=-7.60%
2026-04-23 12:02:06 WARN  BUY_SKIP [KRX] 023790 reason=DAILY_LOSS_LIMIT dailyPnl=-7.60%
2026-04-23 12:02:22 WARN  BUY_SKIP [KRX] 023790 reason=DAILY_LOSS_LIMIT dailyPnl=-7.60%
2026-04-23 12:11:06 WARN  BUY_SKIP [KRX] 023790 reason=DAILY_LOSS_LIMIT dailyPnl=-7.60%
2026-04-23 12:11:22 WARN  BUY_SKIP [KRX] 023790 reason=DAILY_LOSS_LIMIT dailyPnl=-7.60%
2026-04-23 12:15:08 WARN  BUY_SKIP [KRX] 163730 reason=DAILY_LOSS_LIMIT dailyPnl=-7.60%
2026-04-23 12:15:23 WARN  BUY_SKIP [KRX] 163730 reason=DAILY_LOSS_LIMIT dailyPnl=-7.60%
2026-04-23 13:20:05 WARN  BUY_SKIP [KRX] 006910 reason=DAILY_LOSS_LIMIT dailyPnl=-7.60%
2026-04-23 13:20:20 WARN  BUY_SKIP [KRX] 006910 reason=DAILY_LOSS_LIMIT dailyPnl=-7.60%
2026-04-23 13:38:09 WARN  BUY_SKIP [KRX] 023790 reason=DAILY_LOSS_LIMIT dailyPnl=-7.60%
2026-04-23 13:38:24 WARN  BUY_SKIP [KRX] 023790 reason=DAILY_LOSS_LIMIT dailyPnl=-7.60%
2026-04-23 13:39:09 WARN  BUY_SKIP [KRX] 023790 reason=DAILY_LOSS_LIMIT dailyPnl=-7.60%
2026-04-23 13:39:24 WARN  BUY_SKIP [KRX] 023790 reason=DAILY_LOSS_LIMIT dailyPnl=-7.60%
2026-04-23 14:03:07 WARN  BUY_SKIP [KRX] 163730 reason=DAILY_LOSS_LIMIT dailyPnl=-7.60%
2026-04-23 14:03:22 WARN  BUY_SKIP [KRX] 163730 reason=DAILY_LOSS_LIMIT dailyPnl=-7.60%
2026-04-23 14:20:47 INFO  BUY amount set for 006910: 500000.00
2026-04-23 14:20:47 INFO  BUY amount set for 023790: 500000.00
2026-04-23 14:20:47 INFO  BUY amount set for 060310: 500000.00
2026-04-23 14:20:47 INFO  BUY amount set for 017510: 500000.00
2026-04-23 14:20:47 INFO  BUY amount set for 024840: 500000.00
2026-04-23 14:20:47 INFO  BUY amount set for 163730: 500000.00
2026-04-23 14:20:47 INFO  BUY amount set for 091970: 500000.00
2026-04-23 14:20:47 INFO  BUY amount set for 046120: 500000.00
2026-04-23 14:20:47 INFO  BUY amount set for 356890: 500000.00
2026-04-23 14:20:47 INFO  BUY amount set for 150900: 500000.00
2026-04-23 14:20:47 INFO  BUY amount set for 145170: 500000.00
2026-04-23 14:20:47 INFO  BUY amount set for 177900: 500000.00
2026-04-23 14:20:47 INFO  BUY amount set for 049080: 500000.00
2026-04-23 14:29:07 WARN  BUY_SKIP [KRX] 150900 reason=DAILY_LOSS_LIMIT dailyPnl=-7.60%
2026-04-23 14:29:22 WARN  BUY_SKIP [KRX] 150900 reason=DAILY_LOSS_LIMIT dailyPnl=-7.60%
2026-04-23 14:38:06 WARN  BUY_SKIP [KRX] 150900 reason=DAILY_LOSS_LIMIT dailyPnl=-7.60%
2026-04-23 14:38:21 WARN  BUY_SKIP [KRX] 150900 reason=DAILY_LOSS_LIMIT dailyPnl=-7.60%
2026-04-23 14:42:08 WARN  BUY_SKIP [KRX] 023790 reason=DAILY_LOSS_LIMIT dailyPnl=-7.60%
2026-04-23 14:42:23 WARN  BUY_SKIP [KRX] 023790 reason=DAILY_LOSS_LIMIT dailyPnl=-7.60%
2026-04-23 14:47:05 WARN  BUY_SKIP [KRX] 023790 reason=DAILY_LOSS_LIMIT dailyPnl=-7.60%
2026-04-23 14:47:05 WARN  BUY_SKIP [KRX] 006910 reason=DAILY_LOSS_LIMIT dailyPnl=-7.60%
2026-04-23 14:47:20 WARN  BUY_SKIP [KRX] 023790 reason=DAILY_LOSS_LIMIT dailyPnl=-7.60%
2026-04-23 14:47:20 WARN  BUY_SKIP [KRX] 006910 reason=DAILY_LOSS_LIMIT dailyPnl=-7.60%
2026-04-23 14:50:06 WARN  BUY_SKIP [KRX] 023790 reason=DAILY_LOSS_LIMIT dailyPnl=-7.60%
2026-04-23 14:50:21 WARN  BUY_SKIP [KRX] 023790 reason=DAILY_LOSS_LIMIT dailyPnl=-7.60%
