2026-04-29 00:45:09 INFO  BUY [US] BAIG mode=VOLUME_BREAKOUT price=3.4200 qty=87 size=1.0000x score=105(CONV) | WHY: strongBreakout volBreakout retestOK multiUp vol(7.20x) | VWAP: 1.21%(ABOVE slope=UP) | TREND: score=3 vel=1.18%/1.18%/1.18% | VOL: 703432.0000/97705.1500 TO: 2405596.7536/334684.4159 | entryNo=2
2026-04-29 00:45:10 INFO  BUY_FILLED BAIG phase=HOLDING
2026-04-29 00:45:15 INFO  BUY_FILLED BAIG phase=HOLDING
2026-04-29 00:45:20 INFO  BUY_FILLED BAIG phase=HOLDING
2026-04-29 00:45:25 INFO  BUY_FILLED BAIG phase=HOLDING
2026-04-29 00:45:30 INFO  BUY_FILLED BAIG phase=HOLDING
2026-04-29 00:45:35 INFO  BUY_FILLED BAIG phase=HOLDING
2026-04-29 00:45:40 INFO  BUY_FILLED BAIG phase=HOLDING
2026-04-29 00:45:45 INFO  BUY_FILLED BAIG phase=HOLDING
2026-04-29 00:45:50 INFO  BUY_FILLED BAIG phase=HOLDING
2026-04-29 00:45:55 INFO  BUY_FILLED BAIG phase=HOLDING
2026-04-29 00:46:00 INFO  BUY_FILLED BAIG phase=HOLDING
2026-04-29 00:46:05 INFO  BUY_FILLED BAIG phase=HOLDING
2026-04-29 00:46:10 INFO  BUY_FILLED BAIG phase=HOLDING
2026-04-29 00:46:16 INFO  BUY_FILLED BAIG phase=HOLDING
2026-04-29 00:46:21 INFO  BUY_FILLED BAIG phase=HOLDING
2026-04-29 00:46:26 INFO  BUY_FILLED BAIG phase=HOLDING
2026-04-29 00:46:31 INFO  BUY_FILLED BAIG phase=HOLDING
2026-04-29 00:46:36 INFO  BUY_FILLED BAIG phase=HOLDING
2026-04-29 00:46:41 INFO  BUY_FILLED BAIG phase=HOLDING
2026-04-29 00:46:46 INFO  BUY_FILLED BAIG phase=HOLDING
2026-04-29 00:46:51 INFO  BUY_FILLED BAIG phase=HOLDING
2026-04-29 00:46:56 INFO  BUY_FILLED BAIG phase=HOLDING
2026-04-29 00:47:01 INFO  BUY_FILLED BAIG phase=HOLDING
2026-04-29 00:47:06 INFO  BUY_FILLED BAIG phase=HOLDING
2026-04-29 00:47:12 INFO  BUY_FILLED BAIG phase=HOLDING
2026-04-29 00:47:17 INFO  BUY_FILLED BAIG phase=HOLDING
2026-04-29 00:47:22 INFO  BUY_FILLED BAIG phase=HOLDING
2026-04-29 00:47:27 INFO  BUY_FILLED BAIG phase=HOLDING
2026-04-29 00:47:32 INFO  BUY_FILLED BAIG phase=HOLDING
2026-04-29 00:47:37 INFO  BUY_FILLED BAIG phase=HOLDING
2026-04-29 00:47:42 INFO  BUY_FILLED BAIG phase=HOLDING
2026-04-29 00:47:47 INFO  BUY_FILLED BAIG phase=HOLDING
2026-04-29 00:47:52 INFO  BUY_FILLED BAIG phase=HOLDING
2026-04-29 00:47:57 INFO  BUY_FILLED BAIG phase=HOLDING
2026-04-29 00:48:02 INFO  BUY_FILLED BAIG phase=HOLDING
2026-04-29 00:48:08 INFO  BUY_FILLED BAIG phase=HOLDING
2026-04-29 00:48:13 INFO  BUY_FILLED BAIG phase=HOLDING
2026-04-29 00:48:18 INFO  BUY_FILLED BAIG phase=HOLDING
2026-04-29 00:48:23 INFO  BUY_FILLED BAIG phase=HOLDING
2026-04-29 00:48:28 INFO  BUY_FILLED BAIG phase=HOLDING
2026-04-29 00:48:33 INFO  BUY_FILLED BAIG phase=HOLDING
2026-04-29 00:48:38 INFO  BUY_FILLED BAIG phase=HOLDING
2026-04-29 00:48:43 INFO  BUY_FILLED BAIG phase=HOLDING
2026-04-29 00:48:48 INFO  BUY_FILLED BAIG phase=HOLDING
2026-04-29 00:48:53 INFO  BUY_FILLED BAIG phase=HOLDING
2026-04-29 00:48:58 INFO  BUY_FILLED BAIG phase=HOLDING
2026-04-29 00:49:03 INFO  BUY_FILLED BAIG phase=HOLDING
2026-04-29 00:49:08 INFO  BUY_FILLED BAIG phase=HOLDING
2026-04-29 00:49:14 INFO  BUY_FILLED BAIG phase=HOLDING
2026-04-29 00:49:19 INFO  BUY_FILLED BAIG phase=HOLDING
2026-04-29 00:49:24 INFO  BUY_FILLED BAIG phase=HOLDING
2026-04-29 00:49:29 INFO  BUY_FILLED BAIG phase=HOLDING
2026-04-29 00:49:34 INFO  BUY_FILLED BAIG phase=HOLDING
2026-04-29 00:49:39 INFO  BUY_FILLED BAIG phase=HOLDING
2026-04-29 00:49:44 INFO  BUY_FILLED BAIG phase=HOLDING
2026-04-29 00:49:49 INFO  BUY_FILLED BAIG phase=HOLDING
2026-04-29 00:49:54 INFO  BUY_FILLED BAIG phase=HOLDING
2026-04-29 00:50:00 INFO  BUY_FILLED BAIG phase=HOLDING
2026-04-29 00:50:05 INFO  BUY_FILLED BAIG phase=HOLDING
2026-04-29 00:50:10 INFO  BUY_FILLED BAIG phase=HOLDING
2026-04-29 00:50:15 INFO  BUY_FILLED BAIG phase=HOLDING
2026-04-29 00:50:15 INFO  SELL_EXECUTED [US] BAIG mode=VOLUME_BREAKOUT phase=EXITING exitType=TIMESTOP price=3.4019 qty=87 reason=TIME_STOP_SOFT pnl=-0.24% peakPnl=0.29% holdMs=304585 high=3.4199 avgPrice=3.4100 weightedPnl=-0.23% dailyPnl=0.08%
2026-04-29 00:50:18 WARN  SELL_REJECTED BAIG reason=TIME_STOP_SOFT rolledBack=partialDone:false phase=HOLDING
2026-04-29 00:50:20 INFO  BUY_FILLED BAIG phase=HOLDING
2026-04-29 00:50:25 INFO  BUY_FILLED BAIG phase=HOLDING
2026-04-29 00:50:25 INFO  SELL_EXECUTED [US] BAIG mode=VOLUME_BREAKOUT phase=EXITING exitType=TIMESTOP price=3.4019 qty=87 reason=TIME_STOP_SOFT pnl=-0.24% peakPnl=0.29% holdMs=314767 high=3.4199 avgPrice=3.4100 weightedPnl=-0.23% dailyPnl=0.08%
2026-04-29 00:50:25 WARN  SELL_REJECTED BAIG reason=TIME_STOP_SOFT rolledBack=partialDone:false phase=HOLDING
2026-04-29 00:50:40 INFO  BUY_FILLED BAIG phase=HOLDING
2026-04-29 00:50:40 INFO  SELL_EXECUTED [US] BAIG mode=VOLUME_BREAKOUT phase=EXITING exitType=TIMESTOP price=3.4019 qty=87 reason=TIME_STOP_SOFT pnl=-0.24% peakPnl=0.29% holdMs=330064 high=3.4199 avgPrice=3.4100 weightedPnl=-0.23% dailyPnl=0.08%
2026-04-29 00:50:45 INFO  BUY_FILLED BAIG phase=HOLDING
2026-04-29 00:50:50 INFO  BUY_FILLED BAIG phase=HOLDING
2026-04-29 00:50:56 INFO  BUY_FILLED BAIG phase=HOLDING
2026-04-29 00:50:56 WARN  SELL pending timeout cleared for BAIG
2026-04-29 00:50:56 INFO  SELL_EXECUTED [US] BAIG mode=VOLUME_BREAKOUT phase=EXITING exitType=TIMESTOP price=3.4019 qty=87 reason=TIME_STOP_SOFT pnl=-0.24% peakPnl=0.29% holdMs=345333 high=3.4199 avgPrice=3.4100 weightedPnl=-0.23% dailyPnl=0.08%
2026-04-29 00:50:56 WARN  SELL_REJECTED BAIG reason=TIME_STOP_SOFT rolledBack=partialDone:false phase=HOLDING
2026-04-29 00:51:01 INFO  BUY_FILLED BAIG phase=HOLDING
2026-04-29 00:51:01 INFO  SELL_EXECUTED [US] BAIG mode=VOLUME_BREAKOUT phase=EXITING exitType=TIMESTOP price=3.4019 qty=87 reason=TIME_STOP_SOFT pnl=-0.24% peakPnl=0.29% holdMs=350449 high=3.4199 avgPrice=3.4100 weightedPnl=-0.23% dailyPnl=0.08%
2026-04-29 00:51:06 INFO  BUY_FILLED BAIG phase=HOLDING
2026-04-29 00:51:11 INFO  BUY_FILLED BAIG phase=HOLDING
2026-04-29 00:51:16 INFO  BUY_FILLED BAIG phase=HOLDING
2026-04-29 00:51:16 WARN  SELL pending timeout cleared for BAIG
2026-04-29 00:51:16 INFO  SELL_EXECUTED [US] BAIG mode=VOLUME_BREAKOUT phase=EXITING exitType=TIMESTOP price=3.4019 qty=87 reason=TIME_STOP_SOFT pnl=-0.24% peakPnl=0.29% holdMs=365711 high=3.4199 avgPrice=3.4100 weightedPnl=-0.23% dailyPnl=0.08%
2026-04-29 00:51:21 INFO  BUY_FILLED BAIG phase=HOLDING
2026-04-29 00:51:26 INFO  BUY_FILLED BAIG phase=HOLDING
2026-04-29 00:51:31 INFO  BUY_FILLED BAIG phase=HOLDING
2026-04-29 00:51:31 WARN  SELL pending timeout cleared for BAIG
2026-04-29 00:51:31 INFO  SELL_EXECUTED [US] BAIG mode=VOLUME_BREAKOUT phase=EXITING exitType=TIMESTOP price=3.4019 qty=87 reason=TIME_STOP_SOFT pnl=-0.24% peakPnl=0.29% holdMs=380955 high=3.4199 avgPrice=3.4100 weightedPnl=-0.23% dailyPnl=0.08%
2026-04-29 00:51:31 WARN  SELL_REJECTED BAIG reason=TIME_STOP_SOFT rolledBack=partialDone:false phase=HOLDING
2026-04-29 00:51:36 INFO  BUY_FILLED BAIG phase=HOLDING
2026-04-29 00:51:36 INFO  SELL_EXECUTED [US] BAIG mode=VOLUME_BREAKOUT phase=EXITING exitType=TIMESTOP price=3.4019 qty=87 reason=TIME_STOP_SOFT pnl=-0.24% peakPnl=0.29% holdMs=386192 high=3.4199 avgPrice=3.4100 weightedPnl=-0.23% dailyPnl=0.08%
2026-04-29 00:51:41 INFO  BUY_FILLED BAIG phase=HOLDING
2026-04-29 00:51:46 INFO  BUY_FILLED BAIG phase=HOLDING
2026-04-29 00:56:06 INFO  BUY [US] ETHU mode=VOLUME_BREAKOUT price=25.8200 qty=11 size=1.0000x score=90(CONV) | WHY: strongBreakout volBreakout retestOK multiUp vol(3.16x) | VWAP: 0.51%(ABOVE slope=UP) | TREND: score=2 vel=0.08%/0.00%/0.16% | VOL: 2148494.0000/678871.9000 TO: 55474115.0800/17473123.2133 | entryNo=2
2026-04-29 00:56:08 INFO  BUY_FILLED ETHU phase=HOLDING
2026-04-29 00:56:13 INFO  BUY_FILLED ETHU phase=HOLDING
2026-04-29 00:56:18 INFO  BUY_FILLED ETHU phase=HOLDING
2026-04-29 00:56:23 INFO  BUY_FILLED ETHU phase=HOLDING
2026-04-29 00:56:28 INFO  BUY_FILLED ETHU phase=HOLDING
2026-04-29 00:56:33 INFO  BUY_FILLED ETHU phase=HOLDING
2026-04-29 00:56:38 INFO  BUY_FILLED ETHU phase=HOLDING
2026-04-29 00:56:43 INFO  BUY_FILLED ETHU phase=HOLDING
2026-04-29 00:56:48 INFO  BUY_FILLED ETHU phase=HOLDING
2026-04-29 00:56:53 INFO  BUY_FILLED ETHU phase=HOLDING
2026-04-29 00:56:59 INFO  BUY_FILLED ETHU phase=HOLDING
2026-04-29 00:57:04 INFO  BUY_FILLED ETHU phase=HOLDING
2026-04-29 00:57:09 INFO  BUY_FILLED ETHU phase=HOLDING
2026-04-29 00:57:14 INFO  BUY_FILLED ETHU phase=HOLDING
2026-04-29 00:57:19 INFO  BUY_FILLED ETHU phase=HOLDING
2026-04-29 00:57:24 INFO  BUY_FILLED ETHU phase=HOLDING
2026-04-29 00:57:29 INFO  BUY_FILLED ETHU phase=HOLDING
2026-04-29 00:57:34 INFO  BUY_FILLED ETHU phase=HOLDING
2026-04-29 00:57:39 INFO  BUY_FILLED ETHU phase=HOLDING
2026-04-29 00:57:44 INFO  BUY_FILLED ETHU phase=HOLDING
2026-04-29 00:57:49 INFO  BUY_FILLED ETHU phase=HOLDING
2026-04-29 00:57:54 INFO  BUY_FILLED ETHU phase=HOLDING
2026-04-29 00:57:59 INFO  BUY_FILLED ETHU phase=HOLDING
2026-04-29 00:58:05 INFO  BUY_FILLED ETHU phase=HOLDING
2026-04-29 00:58:10 INFO  BUY_FILLED ETHU phase=HOLDING
2026-04-29 00:58:15 INFO  BUY_FILLED ETHU phase=HOLDING
2026-04-29 00:58:20 INFO  BUY_FILLED ETHU phase=HOLDING
2026-04-29 00:58:25 INFO  BUY_FILLED ETHU phase=HOLDING
2026-04-29 00:58:30 INFO  BUY_FILLED ETHU phase=HOLDING
2026-04-29 00:58:35 INFO  BUY_FILLED ETHU phase=HOLDING
2026-04-29 00:58:40 INFO  BUY_FILLED ETHU phase=HOLDING
2026-04-29 00:58:45 INFO  BUY_FILLED ETHU phase=HOLDING
2026-04-29 00:58:50 INFO  BUY_FILLED ETHU phase=HOLDING
2026-04-29 00:58:55 INFO  BUY_FILLED ETHU phase=HOLDING
2026-04-29 00:59:00 INFO  BUY_FILLED ETHU phase=HOLDING
2026-04-29 00:59:06 INFO  BUY_FILLED ETHU phase=HOLDING
2026-04-29 00:59:11 INFO  BUY_FILLED ETHU phase=HOLDING
2026-04-29 00:59:16 INFO  BUY_FILLED ETHU phase=HOLDING
2026-04-29 00:59:21 INFO  BUY_FILLED ETHU phase=HOLDING
2026-04-29 00:59:26 INFO  BUY_FILLED ETHU phase=HOLDING
2026-04-29 00:59:31 INFO  BUY_FILLED ETHU phase=HOLDING
2026-04-29 00:59:36 INFO  BUY_FILLED ETHU phase=HOLDING
2026-04-29 00:59:41 INFO  BUY_FILLED ETHU phase=HOLDING
2026-04-29 00:59:46 INFO  BUY_FILLED ETHU phase=HOLDING
2026-04-29 00:59:51 INFO  BUY_FILLED ETHU phase=HOLDING
2026-04-29 00:59:56 INFO  BUY_FILLED ETHU phase=HOLDING
2026-04-29 01:00:01 INFO  BUY_FILLED ETHU phase=HOLDING
2026-04-29 01:00:06 INFO  BUY_FILLED ETHU phase=HOLDING
2026-04-29 01:00:12 INFO  BUY_FILLED ETHU phase=HOLDING
2026-04-29 01:00:17 INFO  BUY_FILLED ETHU phase=HOLDING
2026-04-29 01:00:22 INFO  BUY_FILLED ETHU phase=HOLDING
2026-04-29 01:00:27 INFO  BUY_FILLED ETHU phase=HOLDING
2026-04-29 01:00:32 INFO  BUY_FILLED ETHU phase=HOLDING
2026-04-29 01:00:37 INFO  BUY_FILLED ETHU phase=HOLDING
2026-04-29 01:00:42 INFO  BUY_FILLED ETHU phase=HOLDING
2026-04-29 01:00:47 INFO  BUY_FILLED ETHU phase=HOLDING
2026-04-29 01:00:52 INFO  BUY_FILLED ETHU phase=HOLDING
2026-04-29 01:00:57 INFO  BUY_FILLED ETHU phase=HOLDING
2026-04-29 01:01:02 INFO  BUY_FILLED ETHU phase=HOLDING
2026-04-29 01:01:07 INFO  BUY_FILLED ETHU phase=HOLDING
2026-04-29 01:01:12 INFO  BUY_FILLED ETHU phase=HOLDING
2026-04-29 01:01:18 INFO  BUY_FILLED ETHU phase=HOLDING
2026-04-29 01:01:23 INFO  BUY_FILLED ETHU phase=HOLDING
2026-04-29 01:01:28 INFO  BUY_FILLED ETHU phase=HOLDING
2026-04-29 01:01:33 INFO  BUY_FILLED ETHU phase=HOLDING
2026-04-29 01:01:38 INFO  BUY_FILLED ETHU phase=HOLDING
2026-04-29 01:01:43 INFO  BUY_FILLED ETHU phase=HOLDING
2026-04-29 01:01:48 INFO  BUY_FILLED ETHU phase=HOLDING
2026-04-29 01:01:53 INFO  BUY_FILLED ETHU phase=HOLDING
2026-04-29 01:01:58 INFO  BUY_FILLED ETHU phase=HOLDING
2026-04-29 01:02:04 INFO  BUY_FILLED ETHU phase=HOLDING
2026-04-29 01:02:09 INFO  BUY_FILLED ETHU phase=HOLDING
2026-04-29 01:02:14 INFO  BUY_FILLED ETHU phase=HOLDING
2026-04-29 01:02:19 INFO  BUY_FILLED ETHU phase=HOLDING
2026-04-29 01:02:24 INFO  BUY_FILLED ETHU phase=HOLDING
2026-04-29 01:02:29 INFO  BUY_FILLED ETHU phase=HOLDING
2026-04-29 01:02:34 INFO  BUY_FILLED ETHU phase=HOLDING
2026-04-29 01:02:39 INFO  BUY_FILLED ETHU phase=HOLDING
2026-04-29 01:02:45 INFO  BUY_FILLED ETHU phase=HOLDING
2026-04-29 01:02:50 INFO  BUY_FILLED ETHU phase=HOLDING
2026-04-29 01:02:55 INFO  BUY_FILLED ETHU phase=HOLDING
2026-04-29 01:03:00 INFO  BUY_FILLED ETHU phase=HOLDING
2026-04-29 01:03:05 INFO  BUY_FILLED ETHU phase=HOLDING
2026-04-29 01:03:05 INFO  SELL_EXECUTED [US] ETHU mode=VOLUME_BREAKOUT phase=EXITING exitType=TIMESTOP price=25.7800 qty=11 reason=TIME_STOP_SOFT pnl=-0.08% peakPnl=0.23% holdMs=416317 high=25.8599 avgPrice=25.7999 weightedPnl=-0.07% dailyPnl=0.01%
2026-04-29 01:03:08 WARN  SELL_REJECTED ETHU reason=TIME_STOP_SOFT rolledBack=partialDone:false phase=HOLDING
2026-04-29 01:03:10 INFO  BUY_FILLED ETHU phase=HOLDING
2026-04-29 01:03:15 INFO  BUY_FILLED ETHU phase=HOLDING
2026-04-29 01:03:15 INFO  SELL_EXECUTED [US] ETHU mode=VOLUME_BREAKOUT phase=EXITING exitType=TIMESTOP price=25.7800 qty=11 reason=TIME_STOP_SOFT pnl=-0.08% peakPnl=0.23% holdMs=426416 high=25.8599 avgPrice=25.7999 weightedPnl=-0.07% dailyPnl=0.01%
2026-04-29 01:03:15 WARN  SELL_REJECTED ETHU reason=TIME_STOP_SOFT rolledBack=partialDone:false phase=HOLDING
2026-04-29 01:03:20 INFO  BUY_FILLED ETHU phase=HOLDING
2026-04-29 01:03:20 INFO  SELL_EXECUTED [US] ETHU mode=VOLUME_BREAKOUT phase=EXITING exitType=TIMESTOP price=25.7800 qty=11 reason=TIME_STOP_SOFT pnl=-0.08% peakPnl=0.23% holdMs=431585 high=25.8599 avgPrice=25.7999 weightedPnl=-0.07% dailyPnl=0.01%
2026-04-29 01:03:25 INFO  BUY_FILLED ETHU phase=HOLDING
2026-04-29 01:03:30 INFO  BUY_FILLED ETHU phase=HOLDING
2026-04-29 01:03:35 INFO  BUY_FILLED ETHU phase=HOLDING
2026-04-29 01:03:35 WARN  SELL pending timeout cleared for ETHU
2026-04-29 01:03:35 INFO  SELL_EXECUTED [US] ETHU mode=VOLUME_BREAKOUT phase=EXITING exitType=TIMESTOP price=25.7800 qty=11 reason=TIME_STOP_SOFT pnl=-0.08% peakPnl=0.23% holdMs=446658 high=25.8599 avgPrice=25.7999 weightedPnl=-0.07% dailyPnl=0.01%
2026-04-29 01:03:40 INFO  BUY_FILLED ETHU phase=HOLDING
2026-04-29 01:03:45 INFO  BUY_FILLED ETHU phase=HOLDING
2026-04-29 01:03:50 INFO  BUY_FILLED ETHU phase=HOLDING
2026-04-29 01:03:50 WARN  SELL pending timeout cleared for ETHU
2026-04-29 01:03:50 INFO  SELL_EXECUTED [US] ETHU mode=VOLUME_BREAKOUT phase=EXITING exitType=TIMESTOP price=25.7800 qty=11 reason=TIME_STOP_SOFT pnl=-0.08% peakPnl=0.23% holdMs=461730 high=25.8599 avgPrice=25.7999 weightedPnl=-0.07% dailyPnl=0.01%
2026-04-29 01:03:50 WARN  SELL_REJECTED ETHU reason=TIME_STOP_SOFT rolledBack=partialDone:false phase=HOLDING
2026-04-29 02:28:23 INFO  BUY [US] SOXL mode=VOLUME_BREAKOUT price=107.6900 qty=2 size=1.0000x score=95(CONV) | WHY: strongBreakout volBreakout retestOK multiUp vol(2.87x) | VWAP: 0.42%(ABOVE slope=UP) | TREND: score=3 vel=0.15%/0.16%/0.51% | VOL: 36916472.0000/12852123.1000 TO: 3971289475.4000/1378005420.5026 | entryNo=1
2026-04-29 02:28:24 INFO  BUY_FILLED SOXL phase=HOLDING
2026-04-29 02:28:28 INFO  BUY_FILLED SOXL phase=HOLDING
2026-04-29 02:28:33 INFO  BUY_FILLED SOXL phase=HOLDING
2026-04-29 02:28:38 INFO  BUY_FILLED SOXL phase=HOLDING
2026-04-29 02:28:43 INFO  BUY_FILLED SOXL phase=HOLDING
2026-04-29 02:28:48 INFO  BUY_FILLED SOXL phase=HOLDING
2026-04-29 02:28:53 INFO  BUY_FILLED SOXL phase=HOLDING
2026-04-29 02:28:58 INFO  BUY_FILLED SOXL phase=HOLDING
2026-04-29 02:29:03 INFO  BUY_FILLED SOXL phase=HOLDING
2026-04-29 02:29:09 INFO  BUY_FILLED SOXL phase=HOLDING
2026-04-29 02:29:14 INFO  BUY_FILLED SOXL phase=HOLDING
2026-04-29 02:29:19 INFO  BUY_FILLED SOXL phase=HOLDING
2026-04-29 02:29:29 INFO  BUY_FILLED SOXL phase=HOLDING
2026-04-29 02:29:34 INFO  BUY_FILLED SOXL phase=HOLDING
2026-04-29 02:29:39 INFO  BUY_FILLED SOXL phase=HOLDING
2026-04-29 02:29:44 INFO  BUY_FILLED SOXL phase=HOLDING
2026-04-29 02:29:49 INFO  BUY_FILLED SOXL phase=HOLDING
2026-04-29 02:29:54 INFO  BUY_FILLED SOXL phase=HOLDING
2026-04-29 02:30:00 INFO  BUY_FILLED SOXL phase=HOLDING
2026-04-29 02:30:05 INFO  BUY_FILLED SOXL phase=HOLDING
2026-04-29 02:30:10 INFO  BUY_FILLED SOXL phase=HOLDING
2026-04-29 02:30:15 INFO  BUY_FILLED SOXL phase=HOLDING
2026-04-29 02:30:20 INFO  BUY_FILLED SOXL phase=HOLDING
2026-04-29 02:30:25 INFO  BUY_FILLED SOXL phase=HOLDING
2026-04-29 02:30:30 INFO  BUY_FILLED SOXL phase=HOLDING
2026-04-29 02:30:35 INFO  BUY_FILLED SOXL phase=HOLDING
2026-04-29 02:30:40 INFO  BUY_FILLED SOXL phase=HOLDING
2026-04-29 02:30:45 INFO  BUY_FILLED SOXL phase=HOLDING
2026-04-29 02:30:50 INFO  BUY_FILLED SOXL phase=HOLDING
2026-04-29 02:30:55 INFO  BUY_FILLED SOXL phase=HOLDING
2026-04-29 02:31:00 INFO  BUY_FILLED SOXL phase=HOLDING
2026-04-29 02:31:06 INFO  BUY_FILLED SOXL phase=HOLDING
2026-04-29 02:31:11 INFO  BUY_FILLED SOXL phase=HOLDING
2026-04-29 02:31:16 INFO  BUY_FILLED SOXL phase=HOLDING
2026-04-29 02:31:21 INFO  BUY_FILLED SOXL phase=HOLDING
2026-04-29 02:31:26 INFO  BUY_FILLED SOXL phase=HOLDING
2026-04-29 02:31:31 INFO  BUY_FILLED SOXL phase=HOLDING
2026-04-29 02:31:36 INFO  BUY_FILLED SOXL phase=HOLDING
2026-04-29 02:31:41 INFO  BUY_FILLED SOXL phase=HOLDING
2026-04-29 02:31:46 INFO  BUY_FILLED SOXL phase=HOLDING
2026-04-29 02:31:51 INFO  BUY_FILLED SOXL phase=HOLDING
2026-04-29 02:31:56 INFO  BUY_FILLED SOXL phase=HOLDING
2026-04-29 02:32:02 INFO  BUY_FILLED SOXL phase=HOLDING
2026-04-29 02:32:07 INFO  BUY_FILLED SOXL phase=HOLDING
2026-04-29 02:32:12 INFO  BUY_FILLED SOXL phase=HOLDING
2026-04-29 02:32:17 INFO  BUY_FILLED SOXL phase=HOLDING
2026-04-29 02:32:22 INFO  BUY_FILLED SOXL phase=HOLDING
2026-04-29 02:32:27 INFO  BUY_FILLED SOXL phase=HOLDING
2026-04-29 02:32:32 INFO  BUY_FILLED SOXL phase=HOLDING
2026-04-29 02:32:37 INFO  BUY_FILLED SOXL phase=HOLDING
2026-04-29 02:32:42 INFO  BUY_FILLED SOXL phase=HOLDING
2026-04-29 02:32:47 INFO  BUY_FILLED SOXL phase=HOLDING
2026-04-29 02:32:52 INFO  BUY_FILLED SOXL phase=HOLDING
2026-04-29 02:32:57 INFO  BUY_FILLED SOXL phase=HOLDING
2026-04-29 02:33:02 INFO  BUY_FILLED SOXL phase=HOLDING
2026-04-29 02:33:08 INFO  BUY_FILLED SOXL phase=HOLDING
2026-04-29 02:33:13 INFO  BUY_FILLED SOXL phase=HOLDING
2026-04-29 02:33:18 INFO  BUY_FILLED SOXL phase=HOLDING
2026-04-29 02:33:23 INFO  BUY_FILLED SOXL phase=HOLDING
2026-04-29 02:33:28 INFO  BUY_FILLED SOXL phase=HOLDING
2026-04-29 02:33:33 INFO  BUY_FILLED SOXL phase=HOLDING
2026-04-29 02:33:38 INFO  BUY_FILLED SOXL phase=HOLDING
2026-04-29 02:33:43 INFO  BUY_FILLED SOXL phase=HOLDING
2026-04-29 02:33:48 INFO  BUY_FILLED SOXL phase=HOLDING
2026-04-29 02:33:53 INFO  BUY_FILLED SOXL phase=HOLDING
2026-04-29 02:33:58 INFO  BUY_FILLED SOXL phase=HOLDING
2026-04-29 02:34:03 INFO  BUY_FILLED SOXL phase=HOLDING
2026-04-29 02:34:08 INFO  BUY_FILLED SOXL phase=HOLDING
2026-04-29 02:34:14 INFO  BUY_FILLED SOXL phase=HOLDING
2026-04-29 02:34:19 INFO  BUY_FILLED SOXL phase=HOLDING
2026-04-29 02:34:24 INFO  BUY_FILLED SOXL phase=HOLDING
2026-04-29 02:34:29 INFO  BUY_FILLED SOXL phase=HOLDING
2026-04-29 02:34:34 INFO  BUY_FILLED SOXL phase=HOLDING
2026-04-29 02:34:39 INFO  BUY_FILLED SOXL phase=HOLDING
2026-04-29 02:34:44 INFO  BUY_FILLED SOXL phase=HOLDING
2026-04-29 02:34:54 INFO  BUY_FILLED SOXL phase=HOLDING
2026-04-29 02:34:59 INFO  BUY_FILLED SOXL phase=HOLDING
2026-04-29 02:35:05 INFO  BUY_FILLED SOXL phase=HOLDING
2026-04-29 02:35:10 INFO  BUY_FILLED SOXL phase=HOLDING
2026-04-29 02:35:15 INFO  BUY_FILLED SOXL phase=HOLDING
2026-04-29 02:35:20 INFO  BUY_FILLED SOXL phase=HOLDING
2026-04-29 02:35:25 INFO  BUY_FILLED SOXL phase=HOLDING
2026-04-29 02:35:30 INFO  BUY_FILLED SOXL phase=HOLDING
2026-04-29 02:35:35 INFO  BUY_FILLED SOXL phase=HOLDING
2026-04-29 02:35:40 INFO  BUY_FILLED SOXL phase=HOLDING
2026-04-29 02:35:45 INFO  BUY_FILLED SOXL phase=HOLDING
2026-04-29 02:35:50 INFO  BUY_FILLED SOXL phase=HOLDING
2026-04-29 02:35:55 INFO  BUY_FILLED SOXL phase=HOLDING
2026-04-29 02:36:01 INFO  BUY_FILLED SOXL phase=HOLDING
2026-04-29 02:36:06 INFO  BUY_FILLED SOXL phase=HOLDING
2026-04-29 02:36:11 INFO  BUY_FILLED SOXL phase=HOLDING
2026-04-29 02:36:16 INFO  BUY_FILLED SOXL phase=HOLDING
2026-04-29 02:36:21 INFO  BUY_FILLED SOXL phase=HOLDING
2026-04-29 02:36:26 INFO  BUY_FILLED SOXL phase=HOLDING
2026-04-29 02:36:31 INFO  BUY_FILLED SOXL phase=HOLDING
2026-04-29 02:36:41 INFO  BUY_FILLED SOXL phase=HOLDING
2026-04-29 02:36:46 INFO  BUY_FILLED SOXL phase=HOLDING
2026-04-29 02:36:51 INFO  BUY_FILLED SOXL phase=HOLDING
2026-04-29 02:36:56 INFO  BUY_FILLED SOXL phase=HOLDING
2026-04-29 02:37:02 INFO  BUY_FILLED SOXL phase=HOLDING
2026-04-29 02:37:07 INFO  BUY_FILLED SOXL phase=HOLDING
2026-04-29 02:37:12 INFO  BUY_FILLED SOXL phase=HOLDING
2026-04-29 02:37:17 INFO  BUY_FILLED SOXL phase=HOLDING
2026-04-29 02:37:22 INFO  BUY_FILLED SOXL phase=HOLDING
2026-04-29 02:37:27 INFO  BUY_FILLED SOXL phase=HOLDING
2026-04-29 02:37:32 INFO  BUY_FILLED SOXL phase=HOLDING
2026-04-29 02:37:37 INFO  BUY_FILLED SOXL phase=HOLDING
2026-04-29 02:37:42 INFO  BUY_FILLED SOXL phase=HOLDING
2026-04-29 02:37:47 INFO  BUY_FILLED SOXL phase=HOLDING
2026-04-29 02:37:52 INFO  BUY_FILLED SOXL phase=HOLDING
2026-04-29 02:37:57 INFO  BUY_FILLED SOXL phase=HOLDING
2026-04-29 02:38:03 INFO  BUY_FILLED SOXL phase=HOLDING
2026-04-29 02:38:08 INFO  BUY_FILLED SOXL phase=HOLDING
2026-04-29 02:38:13 INFO  BUY_FILLED SOXL phase=HOLDING
2026-04-29 02:38:18 INFO  BUY_FILLED SOXL phase=HOLDING
2026-04-29 02:38:23 INFO  BUY_FILLED SOXL phase=HOLDING
2026-04-29 02:38:28 INFO  BUY_FILLED SOXL phase=HOLDING
2026-04-29 02:38:28 INFO  SELL_EXECUTED [US] SOXL mode=VOLUME_BREAKOUT phase=EXITING exitType=TIMESTOP price=109.1900 qty=2 reason=TIME_STOP_HARD pnl=1.39% peakPnl=1.63% holdMs=603972 high=109.4400 avgPrice=107.6900 weightedPnl=1.00% dailyPnl=1.08%
2026-04-29 02:38:32 WARN  SELL_REJECTED SOXL reason=TIME_STOP_HARD rolledBack=partialDone:false phase=HOLDING
2026-04-29 02:38:33 INFO  BUY_FILLED SOXL phase=HOLDING
2026-04-29 02:38:38 INFO  BUY_FILLED SOXL phase=HOLDING
2026-04-29 02:38:38 INFO  SELL_EXECUTED [US] SOXL mode=VOLUME_BREAKOUT phase=EXITING exitType=TIMESTOP price=109.1799 qty=2 reason=TIME_STOP_HARD pnl=1.38% peakPnl=1.63% holdMs=614074 high=109.4400 avgPrice=107.6900 weightedPnl=0.99% dailyPnl=1.07%
2026-04-29 02:38:38 WARN  SELL_REJECTED SOXL reason=TIME_STOP_HARD rolledBack=partialDone:false phase=HOLDING
2026-04-29 02:38:43 INFO  BUY_FILLED SOXL phase=HOLDING
2026-04-29 02:38:43 INFO  SELL_EXECUTED [US] SOXL mode=VOLUME_BREAKOUT phase=EXITING exitType=TIMESTOP price=109.1231 qty=2 reason=TIME_STOP_HARD pnl=1.33% peakPnl=1.63% holdMs=619249 high=109.4400 avgPrice=107.6900 weightedPnl=0.96% dailyPnl=1.04%
2026-04-29 02:38:48 INFO  BUY_FILLED SOXL phase=HOLDING
2026-04-29 02:38:53 INFO  BUY_FILLED SOXL phase=HOLDING
2026-04-29 02:38:58 INFO  BUY_FILLED SOXL phase=HOLDING
2026-04-29 02:38:58 WARN  SELL pending timeout cleared for SOXL
2026-04-29 02:38:58 INFO  SELL_EXECUTED [US] SOXL mode=VOLUME_BREAKOUT phase=EXITING exitType=TIMESTOP price=109.1400 qty=2 reason=TIME_STOP_HARD pnl=1.35% peakPnl=1.63% holdMs=634404 high=109.4400 avgPrice=107.6900 weightedPnl=0.97% dailyPnl=1.05%
2026-04-29 02:39:03 INFO  BUY_FILLED SOXL phase=HOLDING
2026-04-29 02:39:09 INFO  BUY_FILLED SOXL phase=HOLDING
2026-04-29 02:39:14 INFO  BUY_FILLED SOXL phase=HOLDING
2026-04-29 02:39:14 WARN  SELL pending timeout cleared for SOXL
2026-04-29 02:39:14 INFO  SELL_EXECUTED [US] SOXL mode=VOLUME_BREAKOUT phase=EXITING exitType=TIMESTOP price=109.1892 qty=2 reason=TIME_STOP_HARD pnl=1.39% peakPnl=1.63% holdMs=649640 high=109.4400 avgPrice=107.6900 weightedPnl=1.00% dailyPnl=1.08%
2026-04-29 02:39:14 WARN  SELL_REJECTED SOXL reason=TIME_STOP_HARD rolledBack=partialDone:false phase=HOLDING
2026-04-29 02:57:20 INFO  BUY [US] TSLL mode=VOLUME_BREAKOUT price=12.1300 qty=19 size=0.8000x score=90(CONV) | WHY: strongBreakout volBreakout retestOK multiUp vol(1.81x) | VWAP: 0.19%(ABOVE slope=UP) | TREND: score=2 vel=0.21%/0.22%/-0.01% | VOL: 49168.0000/27181.1500 TO: 596402.9232/329803.0644 | entryNo=2
2026-04-29 02:57:46 INFO  BUY_FILLED TSLL phase=HOLDING
2026-04-29 02:57:51 INFO  BUY_FILLED TSLL phase=HOLDING
2026-04-29 02:57:56 INFO  BUY_FILLED TSLL phase=HOLDING
2026-04-29 02:58:01 INFO  BUY_FILLED TSLL phase=HOLDING
2026-04-29 02:58:06 INFO  BUY_FILLED TSLL phase=HOLDING
2026-04-29 02:58:11 INFO  BUY_FILLED TSLL phase=HOLDING
2026-04-29 02:58:16 INFO  BUY_FILLED TSLL phase=HOLDING
2026-04-29 02:58:21 INFO  BUY_FILLED TSLL phase=HOLDING
2026-04-29 02:58:26 INFO  BUY_FILLED TSLL phase=HOLDING
2026-04-29 02:58:31 INFO  BUY_FILLED TSLL phase=HOLDING
2026-04-29 02:58:36 INFO  BUY_FILLED TSLL phase=HOLDING
2026-04-29 02:58:42 INFO  BUY_FILLED TSLL phase=HOLDING
2026-04-29 02:58:48 INFO  BUY_FILLED TSLL phase=HOLDING
2026-04-29 02:58:54 INFO  BUY_FILLED TSLL phase=HOLDING
2026-04-29 02:59:00 INFO  BUY_FILLED TSLL phase=HOLDING
2026-04-29 02:59:05 INFO  BUY_FILLED TSLL phase=HOLDING
2026-04-29 02:59:11 INFO  BUY_FILLED TSLL phase=HOLDING
2026-04-29 02:59:16 INFO  BUY_FILLED TSLL phase=HOLDING
2026-04-29 02:59:23 INFO  BUY_FILLED TSLL phase=HOLDING
2026-04-29 02:59:29 INFO  BUY_FILLED TSLL phase=HOLDING
2026-04-29 02:59:34 INFO  BUY_FILLED TSLL phase=HOLDING
2026-04-29 02:59:40 INFO  BUY_FILLED TSLL phase=HOLDING
2026-04-29 02:59:45 INFO  BUY_FILLED TSLL phase=HOLDING
2026-04-29 02:59:51 INFO  BUY_FILLED TSLL phase=HOLDING
2026-04-29 02:59:56 INFO  BUY_FILLED TSLL phase=HOLDING
2026-04-29 03:00:02 INFO  BUY_FILLED TSLL phase=HOLDING
2026-04-29 03:00:09 INFO  BUY_FILLED TSLL phase=HOLDING
2026-04-29 03:00:14 INFO  BUY_FILLED TSLL phase=HOLDING
2026-04-29 03:00:19 INFO  BUY_FILLED TSLL phase=HOLDING
2026-04-29 03:00:24 INFO  BUY_FILLED TSLL phase=HOLDING
2026-04-29 03:00:30 INFO  BUY_FILLED TSLL phase=HOLDING
2026-04-29 03:00:35 INFO  BUY_FILLED TSLL phase=HOLDING
2026-04-29 03:00:40 INFO  BUY_FILLED TSLL phase=HOLDING
2026-04-29 03:00:45 INFO  BUY_FILLED TSLL phase=HOLDING
2026-04-29 03:00:51 INFO  BUY_FILLED TSLL phase=HOLDING
2026-04-29 03:00:57 INFO  BUY_FILLED TSLL phase=HOLDING
2026-04-29 03:01:02 INFO  BUY_FILLED TSLL phase=HOLDING
2026-04-29 03:01:08 INFO  BUY_FILLED TSLL phase=HOLDING
2026-04-29 03:01:13 INFO  BUY_FILLED TSLL phase=HOLDING
2026-04-29 03:01:18 INFO  BUY_FILLED TSLL phase=HOLDING
2026-04-29 03:01:24 INFO  BUY_FILLED TSLL phase=HOLDING
2026-04-29 03:01:29 INFO  BUY_FILLED TSLL phase=HOLDING
2026-04-29 03:01:34 INFO  BUY_FILLED TSLL phase=HOLDING
2026-04-29 03:01:39 INFO  BUY_FILLED TSLL phase=HOLDING
2026-04-29 03:01:44 INFO  BUY_FILLED TSLL phase=HOLDING
2026-04-29 03:01:49 INFO  BUY_FILLED TSLL phase=HOLDING
2026-04-29 03:01:54 INFO  BUY_FILLED TSLL phase=HOLDING
2026-04-29 03:01:59 INFO  BUY_FILLED TSLL phase=HOLDING
2026-04-29 03:02:04 INFO  BUY_FILLED TSLL phase=HOLDING
2026-04-29 03:02:10 INFO  BUY_FILLED TSLL phase=HOLDING
2026-04-29 03:02:15 INFO  BUY_FILLED TSLL phase=HOLDING
2026-04-29 03:02:20 INFO  BUY_FILLED TSLL phase=HOLDING
2026-04-29 03:02:25 INFO  BUY_FILLED TSLL phase=HOLDING
2026-04-29 03:02:30 INFO  BUY_FILLED TSLL phase=HOLDING
2026-04-29 03:02:35 INFO  BUY_FILLED TSLL phase=HOLDING
2026-04-29 03:02:40 INFO  BUY_FILLED TSLL phase=HOLDING
2026-04-29 03:02:45 INFO  BUY_FILLED TSLL phase=HOLDING
2026-04-29 03:02:50 INFO  BUY_FILLED TSLL phase=HOLDING
2026-04-29 03:02:55 INFO  BUY_FILLED TSLL phase=HOLDING
2026-04-29 03:02:55 INFO  SELL_EXECUTED [US] TSLL mode=VOLUME_BREAKOUT phase=EXITING exitType=TIMESTOP price=12.1250 qty=19 reason=TIME_STOP_SOFT pnl=-0.04% peakPnl=0.16% holdMs=309669 high=12.1500 avgPrice=12.1300 weightedPnl=-0.03% dailyPnl=0.05%
2026-04-29 03:02:59 WARN  SELL_REJECTED TSLL reason=TIME_STOP_SOFT rolledBack=partialDone:false phase=HOLDING
2026-04-29 03:03:01 INFO  BUY_FILLED TSLL phase=HOLDING
2026-04-29 03:03:06 INFO  BUY_FILLED TSLL phase=HOLDING
2026-04-29 03:03:11 INFO  BUY_FILLED TSLL phase=HOLDING
2026-04-29 03:03:16 INFO  BUY_FILLED TSLL phase=HOLDING
2026-04-29 03:03:21 INFO  BUY_FILLED TSLL phase=HOLDING
2026-04-29 03:03:26 INFO  BUY_FILLED TSLL phase=HOLDING
2026-04-29 03:03:31 INFO  BUY_FILLED TSLL phase=HOLDING
2026-04-29 03:03:31 INFO  SELL_EXECUTED [US] TSLL mode=VOLUME_BREAKOUT phase=EXITING exitType=TIMESTOP price=12.1250 qty=19 reason=TIME_STOP_SOFT pnl=-0.04% peakPnl=0.16% holdMs=345366 high=12.1500 avgPrice=12.1300 weightedPnl=-0.03% dailyPnl=0.05%
2026-04-29 03:03:31 WARN  SELL_REJECTED TSLL reason=TIME_STOP_SOFT rolledBack=partialDone:false phase=HOLDING
2026-04-29 14:15:47 INFO  BUY amount set for 017510: 400000.00
2026-04-29 14:15:47 INFO  BUY amount set for 475430: 400000.00
2026-04-29 14:15:47 INFO  BUY amount set for 125020: 400000.00
2026-04-29 14:15:47 INFO  BUY amount set for 147830: 400000.00
2026-04-29 14:15:47 INFO  BUY amount set for 005950: 400000.00
2026-04-29 14:15:47 INFO  BUY amount set for 027360: 400000.00
2026-04-29 14:15:47 INFO  BUY amount set for 900300: 400000.00
2026-04-29 14:15:47 INFO  BUY amount set for 065420: 400000.00
2026-04-29 14:15:47 INFO  BUY amount set for 440320: 400000.00
2026-04-29 14:15:47 INFO  BUY amount set for 002880: 400000.00
2026-04-29 14:15:47 INFO  BUY amount set for 057540: 400000.00
2026-04-29 14:15:47 INFO  BUY amount set for 064240: 400000.00
2026-04-29 14:15:47 INFO  BUY amount set for 407400: 400000.00
2026-04-29 14:36:05 INFO  BUY [KRX] 475430 mode=VOLUME_BREAKOUT price=6080.0000 qty=52 size=0.8000x score=90(CONV) | WHY: strongBreakout volBreakout retestOK multiUp vol(1.60x) | VWAP: 2.26%(ABOVE slope=UP) | TREND: score=3 vel=2.70%/5.00%/4.64% | VOL: 155000.0000/96593.9000 TO: 943950000.0000/575286669.0000 | entryNo=1
2026-04-29 14:36:06 INFO  BUY_FILLED 475430 phase=HOLDING
2026-04-29 14:36:10 INFO  BUY_FILLED 475430 phase=HOLDING
2026-04-29 14:36:15 INFO  BUY_FILLED 475430 phase=HOLDING
2026-04-29 14:36:20 INFO  BUY_FILLED 475430 phase=HOLDING
2026-04-29 14:36:25 INFO  BUY_FILLED 475430 phase=HOLDING
2026-04-29 14:36:30 INFO  BUY_FILLED 475430 phase=HOLDING
2026-04-29 14:36:35 INFO  BUY_FILLED 475430 phase=HOLDING
2026-04-29 14:36:51 INFO  BUY_FILLED 475430 phase=HOLDING
2026-04-29 14:36:51 INFO  SELL_EXECUTED [KRX] 475430 mode=VOLUME_BREAKOUT phase=EXITING exitType=PROFIT price=6280.0000 qty=52 reason=TAKE_PROFIT_VOLUME_BREAKOUT pnl=3.29% peakPnl=3.29% holdMs=44350 high=6280.0000 avgPrice=6080.0000 weightedPnl=2.60% dailyPnl=2.60%
2026-04-29 14:36:51 INFO  SELL_FILLED 475430 reason=TAKE_PROFIT_VOLUME_BREAKOUT remainingQty=0 phase=NONE exitType=PROFIT partialDone=false
2026-04-29 14:38:07 WARN  BUY_SKIP [KRX] 017510 reason=DAILY_PROFIT_TARGET_HIT dailyPnl=2.60%
2026-04-29 14:38:23 WARN  BUY_SKIP [KRX] 017510 reason=DAILY_PROFIT_TARGET_HIT dailyPnl=2.60%
2026-04-29 14:42:06 WARN  BUY_SKIP [KRX] 057540 reason=DAILY_PROFIT_TARGET_HIT dailyPnl=2.60%
2026-04-29 14:42:22 WARN  BUY_SKIP [KRX] 057540 reason=DAILY_PROFIT_TARGET_HIT dailyPnl=2.60%
