2026-05-09 00:00:08 INFO  BUY [US] GOOD mode=VOLUME_BREAKOUT price=12.8600 qty=23 size=1.0000x score=82(CONV) | WHY: strongBreakout volBreakout retestOK multiUp vol(2.37x) | VWAP: 0.60%(ABOVE slope=UP) | TREND: score=2 vel=0.04%/0.00%/0.08% | VOL: 130161.0000/54882.8000 TO: 1673870.4600/704284.5723 | entryNo=2
2026-05-09 00:00:08 WARN  BUY_REJECTED GOOD phase=NONE
2026-05-09 00:05:05 WARN  BUY_SKIP [US] SOXL reason=AMOUNT_TOO_SMALL amount=300.0000 size=0.8000x price=169.4000
2026-05-09 00:06:06 WARN  BUY_SKIP [US] SOXL reason=AMOUNT_TOO_SMALL amount=300.0000 size=0.8000x price=169.9200
2026-05-09 00:06:21 WARN  BUY_SKIP [US] SOXL reason=AMOUNT_TOO_SMALL amount=300.0000 size=0.8000x price=169.9700
2026-05-09 00:07:07 INFO  BUY [US] NVDL mode=VOLUME_BREAKOUT price=109.0100 qty=2 size=1.0000x score=95(CONV) | WHY: strongBreakout volBreakout retestOK multiUp vol(5.05x) | VWAP: 0.26%(ABOVE slope=UP) | TREND: score=3 vel=0.25%/0.23%/0.45% | VOL: 5858594.0000/1159349.5500 TO: 638176644.4200/125946318.5849 | entryNo=1
2026-05-09 00:07:07 WARN  BUY_REJECTED NVDL phase=NONE
2026-05-09 00:07:07 WARN  BUY_SKIP [US] SOXL reason=AMOUNT_TOO_SMALL amount=300.0000 size=1.0000x price=169.9800
2026-05-09 00:07:22 WARN  BUY_SKIP [US] SOXL reason=AMOUNT_TOO_SMALL amount=300.0000 size=1.0000x price=169.8600
2026-05-09 00:24:09 INFO  BUY [US] NVDL mode=BREAKOUT price=108.8300 qty=2 size=0.8000x score=85(CONV) | WHY: strongBreakout retestOK multiUp vol(1.50x) | VWAP: 0.05%(ABOVE slope=UP) | TREND: score=3 vel=0.11%/0.16%/0.49% | VOL: 3244197.0000/2160333.0500 TO: 352741539.8100/235007180.9869 | entryNo=2
2026-05-09 00:24:09 WARN  BUY_REJECTED NVDL phase=NONE
2026-05-09 00:34:05 INFO  BUY [US] SMU mode=BREAKOUT price=13.9200 qty=17 size=0.8000x score=85(CONV) | WHY: strongBreakout retestOK multiUp vol(1.57x) | VWAP: 0.13%(ABOVE slope=UP) | TREND: score=3 vel=1.09%/1.24%/1.38% | VOL: 405309.0000/258843.2000 TO: 5641901.2800/3564670.9303 | entryNo=2
2026-05-09 00:34:05 WARN  BUY_REJECTED SMU phase=NONE
2026-05-09 00:47:24 WARN  BUY_SKIP [US] SOXL reason=AMOUNT_TOO_SMALL amount=300.0000 size=0.8000x price=170.3000
2026-05-09 00:57:09 WARN  BUY_SKIP [US] SOXL reason=AMOUNT_TOO_SMALL amount=300.0000 size=0.8000x price=170.9600
2026-05-09 00:57:24 WARN  BUY_SKIP [US] SOXL reason=AMOUNT_TOO_SMALL amount=300.0000 size=0.8000x price=171.0700
2026-05-09 00:58:10 WARN  BUY_SKIP [US] SOXL reason=AMOUNT_TOO_SMALL amount=300.0000 size=1.0000x price=171.2600
2026-05-09 01:12:09 INFO  BUY [US] TQQQ mode=VOLUME_BREAKOUT price=75.2400 qty=3 size=1.0000x score=82(CONV) | WHY: strongBreakout volBreakout retestOK multiUp vol(6.66x) | VWAP: 0.69%(ABOVE slope=UP) | TREND: score=2 vel=0.03%/0.10%/-0.02% | VOL: 27474162.0000/4122365.1500 TO: 2066606465.6400/309997849.3503 | entryNo=2
2026-05-09 01:12:09 WARN  BUY_REJECTED TQQQ phase=NONE
2026-05-09 01:15:08 WARN  BUY_SKIP [US] SOXL reason=AMOUNT_TOO_SMALL amount=300.0000 size=1.0000x price=170.0800
2026-05-09 01:15:23 WARN  BUY_SKIP [US] SOXL reason=AMOUNT_TOO_SMALL amount=300.0000 size=1.0000x price=170.0900
2026-05-09 01:19:07 WARN  BUY_SKIP [US] SOXL reason=AMOUNT_TOO_SMALL amount=300.0000 size=1.0000x price=170.4800
2026-05-09 01:23:05 WARN  BUY_SKIP [US] SOXL reason=AMOUNT_TOO_SMALL amount=300.0000 size=1.0000x price=170.7600
2026-05-09 01:34:07 WARN  BUY_SKIP [US] SOXL reason=AMOUNT_TOO_SMALL amount=300.0000 size=0.8000x price=172.0800
2026-05-09 01:34:22 WARN  BUY_SKIP [US] SOXL reason=AMOUNT_TOO_SMALL amount=300.0000 size=0.8000x price=172.1200
2026-05-09 01:45:08 INFO  BUY [US] TSLQ mode=VOLUME_BREAKOUT price=17.6500 qty=13 size=0.8000x score=95(CONV) | WHY: strongBreakout volBreakout retestOK multiUp vol(1.84x) | VWAP: 0.13%(ABOVE slope=UP) | TREND: score=3 vel=0.26%/0.25%/0.71% | VOL: 7426022.0000/4042102.6500 TO: 131106418.4100/71051812.4895 | entryNo=1
2026-05-09 01:45:08 WARN  BUY_REJECTED TSLQ phase=NONE
2026-05-09 01:53:46 INFO  BUY amount set for META: 250.00
2026-05-09 01:53:46 INFO  BUY amount set for AAPU: 250.00
2026-05-09 01:53:46 INFO  BUY amount set for AAPD: 250.00
2026-05-09 01:53:46 INFO  BUY amount set for GOOX: 250.00
2026-05-09 01:53:46 INFO  BUY amount set for GOOD: 250.00
2026-05-09 01:53:46 INFO  BUY amount set for NFLX: 250.00
2026-05-09 01:53:46 INFO  BUY amount set for AMZD: 250.00
2026-05-09 01:53:46 INFO  BUY amount set for AMZU: 250.00
2026-05-09 01:53:46 INFO  BUY amount set for WEBS: 250.00
2026-05-09 01:53:46 INFO  BUY amount set for WEBL: 250.00
2026-05-09 01:53:46 INFO  BUY amount set for BERZ: 250.00
2026-05-09 01:53:46 INFO  BUY amount set for BULZ: 250.00
2026-05-09 01:53:46 INFO  BUY amount set for LABD: 250.00
2026-05-09 01:53:46 INFO  BUY amount set for LABU: 250.00
2026-05-09 01:53:46 INFO  BUY amount set for SQQQ: 250.00
2026-05-09 01:53:46 INFO  BUY amount set for TQQQ: 250.00
2026-05-09 01:53:46 INFO  BUY amount set for NVDQ: 250.00
2026-05-09 01:53:46 INFO  BUY amount set for TSLQ: 250.00
2026-05-09 01:53:46 INFO  BUY amount set for BAIG: 250.00
2026-05-09 01:53:46 INFO  BUY amount set for SMCX: 250.00
2026-05-09 01:53:46 INFO  BUY amount set for NVDL: 250.00
2026-05-09 01:53:46 INFO  BUY amount set for SOXS: 250.00
2026-05-09 01:53:46 INFO  BUY amount set for SMU: 250.00
2026-05-09 01:53:46 INFO  BUY amount set for SOXL: 250.00
2026-05-09 01:53:46 INFO  BUY amount set for TSLL: 250.00
2026-05-09 01:53:47 INFO  BUY amount set for ETHU: 250.00
2026-05-09 02:01:05 WARN  BUY_SKIP [US] SOXL reason=AMOUNT_TOO_SMALL amount=250.0000 size=0.8000x price=174.4700
2026-05-09 02:01:05 INFO  BUY [US] ETHU mode=VOLUME_BREAKOUT price=25.9100 qty=7 size=0.8000x score=95(CONV) | WHY: strongBreakout volBreakout retestOK multiUp vol(1.60x) | VWAP: 0.08%(ABOVE slope=UP) | TREND: score=3 vel=0.13%/0.10%/0.14% | VOL: 1023114.0000/638587.8750 TO: 26503768.1700/16528573.2985 | entryNo=1
2026-05-09 02:01:05 WARN  BUY_REJECTED ETHU phase=NONE
2026-05-09 02:02:06 WARN  BUY_SKIP [US] SOXL reason=AMOUNT_TOO_SMALL amount=250.0000 size=0.8000x price=174.8100
2026-05-09 02:04:08 INFO  BUY [US] AAPD mode=VOLUME_BREAKOUT price=12.1400 qty=16 size=0.8000x score=95(CONV) | WHY: strongBreakout volBreakout retestOK multiUp vol(1.85x) | VWAP: 0.11%(ABOVE slope=UP) | TREND: score=3 vel=0.12%/0.12%/0.12% | VOL: 1786899.0000/963974.1818 TO: 21684019.3650/11685000.8432 | entryNo=1
2026-05-09 02:04:08 WARN  BUY_REJECTED AAPD phase=NONE
2026-05-09 02:05:09 INFO  BUY [US] ETHU mode=BREAKOUT price=26.0200 qty=7 size=0.8000x score=85(CONV) | WHY: strongBreakout retestOK multiUp vol(1.51x) | VWAP: 0.35%(ABOVE slope=UP) | TREND: score=3 vel=0.13%/0.23%/0.50% | VOL: 1034023.0000/683531.7500 TO: 26894938.2300/17716454.0127 | entryNo=2
2026-05-09 02:05:09 WARN  BUY_REJECTED ETHU phase=NONE
2026-05-09 02:05:09 WARN  BUY_SKIP [US] SOXL reason=AMOUNT_TOO_SMALL amount=250.0000 size=0.8000x price=175.7300
2026-05-09 02:05:24 WARN  BUY_SKIP [US] SOXL reason=AMOUNT_TOO_SMALL amount=250.0000 size=0.8000x price=175.6600
2026-05-09 02:06:05 INFO  BUY [US] AMZU mode=VOLUME_BREAKOUT price=45.2600 qty=5 size=1.0000x score=95(CONV) | WHY: strongBreakout volBreakout retestOK multiUp vol(2.61x) | VWAP: 0.31%(ABOVE slope=UP) | TREND: score=3 vel=0.13%/0.18%/0.42% | VOL: 1421636.0000/544186.8462 TO: 64343245.3600/24552787.3017 | entryNo=1
2026-05-09 02:06:05 WARN  BUY_REJECTED AMZU phase=NONE
2026-05-09 02:07:06 INFO  BUY [US] NFLX mode=VOLUME_BREAKOUT price=87.6000 qty=2 size=0.8000x score=87(CONV) | WHY: strongBreakout volBreakout retestOK multiUp vol(2.02x) | VWAP: 0.01%(ABOVE slope=UP) | TREND: score=3 vel=0.03%/0.08%/0.02% | VOL: 10400794.0000/5144608.2857 TO: 911005546.4600/450585463.9323 | entryNo=1
2026-05-09 02:07:06 WARN  BUY_REJECTED NFLX phase=NONE
2026-05-09 02:10:34 INFO  BUY amount set for NFLX: 300.00
2026-05-09 02:10:34 INFO  BUY amount set for GOOD: 300.00
2026-05-09 02:10:34 INFO  BUY amount set for AAPU: 300.00
2026-05-09 02:10:34 INFO  BUY amount set for AAPD: 300.00
2026-05-09 02:10:34 INFO  BUY amount set for GOOX: 300.00
2026-05-09 02:10:34 INFO  BUY amount set for META: 300.00
2026-05-09 02:10:34 INFO  BUY amount set for AMZD: 300.00
2026-05-09 02:10:34 INFO  BUY amount set for AMZU: 300.00
2026-05-09 02:10:34 INFO  BUY amount set for WEBS: 300.00
2026-05-09 02:10:34 INFO  BUY amount set for WEBL: 300.00
2026-05-09 02:10:34 INFO  BUY amount set for BERZ: 300.00
2026-05-09 02:10:34 INFO  BUY amount set for BULZ: 300.00
2026-05-09 02:10:34 INFO  BUY amount set for LABU: 300.00
2026-05-09 02:10:34 INFO  BUY amount set for LABD: 300.00
2026-05-09 02:10:34 INFO  BUY amount set for SQQQ: 300.00
2026-05-09 02:10:34 INFO  BUY amount set for TQQQ: 300.00
2026-05-09 02:10:34 INFO  BUY amount set for NVDQ: 300.00
2026-05-09 02:10:34 INFO  BUY amount set for TSLQ: 300.00
2026-05-09 02:10:34 INFO  BUY amount set for BAIG: 300.00
2026-05-09 02:10:34 INFO  BUY amount set for SMCX: 300.00
2026-05-09 02:10:34 INFO  BUY amount set for NVDL: 300.00
2026-05-09 02:10:34 INFO  BUY amount set for SOXS: 300.00
2026-05-09 02:10:34 INFO  BUY amount set for SOXL: 300.00
2026-05-09 02:10:34 INFO  BUY amount set for SMU: 300.00
2026-05-09 02:10:34 INFO  BUY amount set for TSLL: 300.00
2026-05-09 02:10:34 INFO  BUY amount set for ETHU: 300.00
2026-05-09 02:19:24 WARN  BUY_SKIP [US] META reason=AMOUNT_TOO_SMALL amount=300.0000 size=0.8000x price=609.8600
2026-05-09 02:20:05 INFO  BUY [US] SMU mode=VOLUME_BREAKOUT price=13.7300 qty=17 size=0.8000x score=95(CONV) | WHY: strongBreakout volBreakout retestOK multiUp vol(2.01x) | VWAP: 0.56%(ABOVE slope=UP) | TREND: score=3 vel=0.48%/0.81%/0.96% | VOL: 1009031.0000/501938.3000 TO: 13853995.6300/6853231.4200 | entryNo=1
2026-05-09 02:20:06 INFO  BUY_FILLED SMU phase=HOLDING
2026-05-09 02:20:10 INFO  BUY_FILLED SMU phase=HOLDING
2026-05-09 02:20:15 INFO  BUY_FILLED SMU phase=HOLDING
2026-05-09 02:20:20 INFO  BUY_FILLED SMU phase=HOLDING
2026-05-09 02:20:25 INFO  BUY_FILLED SMU phase=HOLDING
2026-05-09 02:20:30 INFO  BUY_FILLED SMU phase=HOLDING
2026-05-09 02:20:36 INFO  BUY_FILLED SMU phase=HOLDING
2026-05-09 02:20:41 INFO  BUY_FILLED SMU phase=HOLDING
2026-05-09 02:20:46 INFO  BUY_FILLED SMU phase=HOLDING
2026-05-09 02:20:51 INFO  BUY_FILLED SMU phase=HOLDING
2026-05-09 02:20:56 INFO  BUY_FILLED SMU phase=HOLDING
2026-05-09 02:21:01 INFO  BUY_FILLED SMU phase=HOLDING
2026-05-09 02:21:06 INFO  BUY [US] BAIG mode=VOLUME_BREAKOUT price=34.4700 qty=8 size=1.0000x score=95(CONV) | WHY: strongBreakout volBreakout retestOK multiUp vol(3.87x) | VWAP: 0.21%(ABOVE slope=UP) | TREND: score=3 vel=0.60%/0.23%/0.23% | VOL: 30862.0000/7971.0909 TO: 1063813.1400/274183.4175 | entryNo=1
2026-05-09 02:21:06 WARN  BUY_REJECTED BAIG phase=NONE
2026-05-09 02:21:06 INFO  BUY_FILLED SMU phase=HOLDING
2026-05-09 02:21:11 INFO  BUY_FILLED SMU phase=HOLDING
2026-05-09 02:21:16 INFO  BUY_FILLED SMU phase=HOLDING
2026-05-09 02:21:22 INFO  BUY_FILLED SMU phase=HOLDING
2026-05-09 02:21:27 INFO  BUY_FILLED SMU phase=HOLDING
2026-05-09 02:21:32 INFO  BUY_FILLED SMU phase=HOLDING
2026-05-09 02:21:37 INFO  BUY_FILLED SMU phase=HOLDING
2026-05-09 02:21:42 INFO  BUY_FILLED SMU phase=HOLDING
2026-05-09 02:21:47 INFO  BUY_FILLED SMU phase=HOLDING
2026-05-09 02:21:52 INFO  BUY_FILLED SMU phase=HOLDING
2026-05-09 02:21:57 INFO  BUY_FILLED SMU phase=HOLDING
2026-05-09 02:22:02 INFO  BUY_FILLED SMU phase=HOLDING
2026-05-09 02:22:07 INFO  BUY [US] TQQQ mode=BREAKOUT price=75.9600 qty=3 size=0.8000x score=85(CONV) | WHY: strongBreakout retestOK multiUp vol(1.51x) | VWAP: 0.11%(ABOVE slope=UP) | TREND: score=3 vel=0.08%/0.06%/0.07% | VOL: 33455223.0000/22121357.9167 TO: 2540609707.7538/1678085770.6255 | entryNo=1
2026-05-09 02:22:07 WARN  BUY_REJECTED TQQQ phase=NONE
2026-05-09 02:22:07 INFO  BUY_FILLED SMU phase=HOLDING
2026-05-09 02:22:12 INFO  BUY_FILLED SMU phase=HOLDING
2026-05-09 02:22:18 INFO  BUY_FILLED SMU phase=HOLDING
2026-05-09 02:22:23 INFO  BUY_FILLED SMU phase=HOLDING
2026-05-09 02:22:28 INFO  BUY_FILLED SMU phase=HOLDING
2026-05-09 02:22:33 INFO  BUY_FILLED SMU phase=HOLDING
2026-05-09 02:22:38 INFO  BUY_FILLED SMU phase=HOLDING
2026-05-09 02:22:43 INFO  BUY_FILLED SMU phase=HOLDING
2026-05-09 02:22:48 INFO  BUY_FILLED SMU phase=HOLDING
2026-05-09 02:22:53 INFO  BUY_FILLED SMU phase=HOLDING
2026-05-09 02:22:58 INFO  BUY_FILLED SMU phase=HOLDING
2026-05-09 02:23:03 INFO  BUY_FILLED SMU phase=HOLDING
2026-05-09 02:23:08 INFO  BUY_FILLED SMU phase=HOLDING
2026-05-09 02:23:13 INFO  BUY_FILLED SMU phase=HOLDING
2026-05-09 02:23:19 INFO  BUY_FILLED SMU phase=HOLDING
2026-05-09 02:23:23 INFO  BUY [US] TSLQ mode=VOLUME_BREAKOUT price=17.7000 qty=16 size=1.0000x score=95(CONV) | WHY: strongBreakout volBreakout retestOK multiUp vol(2.59x) | VWAP: 0.11%(ABOVE slope=UP) | TREND: score=3 vel=0.06%/0.24%/0.08% | VOL: 8009546.0000/3095775.0000 TO: 141849059.6600/54763519.1997 | entryNo=1
2026-05-09 02:23:23 WARN  BUY_REJECTED TSLQ phase=NONE
2026-05-09 02:23:24 INFO  BUY_FILLED SMU phase=HOLDING
2026-05-09 02:23:29 INFO  BUY_FILLED SMU phase=HOLDING
2026-05-09 02:23:34 INFO  BUY_FILLED SMU phase=HOLDING
2026-05-09 02:23:39 INFO  BUY_FILLED SMU phase=HOLDING
2026-05-09 02:23:44 INFO  BUY_FILLED SMU phase=HOLDING
2026-05-09 02:23:49 INFO  BUY_FILLED SMU phase=HOLDING
2026-05-09 02:23:54 INFO  BUY_FILLED SMU phase=HOLDING
2026-05-09 02:23:59 INFO  BUY_FILLED SMU phase=HOLDING
2026-05-09 02:24:04 INFO  BUY_FILLED SMU phase=HOLDING
2026-05-09 02:24:10 INFO  BUY_FILLED SMU phase=HOLDING
2026-05-09 02:24:15 INFO  BUY_FILLED SMU phase=HOLDING
2026-05-09 02:24:20 INFO  BUY_FILLED SMU phase=HOLDING
2026-05-09 02:24:25 INFO  BUY_FILLED SMU phase=HOLDING
2026-05-09 02:24:30 INFO  BUY_FILLED SMU phase=HOLDING
2026-05-09 02:24:35 INFO  BUY_FILLED SMU phase=HOLDING
2026-05-09 02:24:40 INFO  BUY_FILLED SMU phase=HOLDING
2026-05-09 02:24:45 INFO  BUY_FILLED SMU phase=HOLDING
2026-05-09 02:24:50 INFO  BUY_FILLED SMU phase=HOLDING
2026-05-09 02:24:56 INFO  BUY_FILLED SMU phase=HOLDING
2026-05-09 02:25:01 INFO  BUY_FILLED SMU phase=HOLDING
2026-05-09 02:25:06 INFO  BUY_FILLED SMU phase=HOLDING
2026-05-09 02:25:11 INFO  BUY_FILLED SMU phase=HOLDING
2026-05-09 02:25:16 INFO  BUY_FILLED SMU phase=HOLDING
2026-05-09 02:25:21 INFO  BUY_FILLED SMU phase=HOLDING
2026-05-09 02:25:26 INFO  BUY_FILLED SMU phase=HOLDING
2026-05-09 02:25:31 INFO  BUY_FILLED SMU phase=HOLDING
2026-05-09 02:25:36 INFO  BUY_FILLED SMU phase=HOLDING
2026-05-09 02:25:41 INFO  BUY_FILLED SMU phase=HOLDING
2026-05-09 02:25:46 INFO  BUY_FILLED SMU phase=HOLDING
2026-05-09 02:25:51 INFO  BUY_FILLED SMU phase=HOLDING
2026-05-09 02:25:57 INFO  BUY_FILLED SMU phase=HOLDING
2026-05-09 02:26:02 INFO  BUY_FILLED SMU phase=HOLDING
2026-05-09 02:26:06 INFO  BUY [US] AMZD mode=VOLUME_BREAKOUT price=8.3700 qty=35 size=1.0000x score=87(CONV) | WHY: strongBreakout volBreakout retestOK multiUp vol(2.95x) | VWAP: 0.08%(ABOVE slope=UP) | TREND: score=3 vel=0.00%/0.06%/0.06% | VOL: 4460746.0000/1510702.3750 TO: 37336890.0946/12634354.9402 | entryNo=1
2026-05-09 02:26:06 WARN  BUY_REJECTED AMZD phase=NONE
2026-05-09 02:26:06 INFO  BUY [US] AAPD mode=VOLUME_BREAKOUT price=12.1400 qty=19 size=0.8000x score=95(CONV) | WHY: strongBreakout volBreakout retestOK multiUp vol(2.03x) | VWAP: 0.15%(ABOVE slope=UP) | TREND: score=3 vel=0.08%/0.12%/0.25% | VOL: 3731224.0000/1834271.7500 TO: 45296686.2376/22235376.5348 | entryNo=1
2026-05-09 02:26:06 WARN  BUY_REJECTED AAPD phase=NONE
2026-05-09 02:26:07 INFO  BUY_FILLED SMU phase=HOLDING
2026-05-09 02:26:12 INFO  BUY_FILLED SMU phase=HOLDING
2026-05-09 02:26:17 INFO  BUY_FILLED SMU phase=HOLDING
2026-05-09 02:26:22 INFO  BUY_FILLED SMU phase=HOLDING
2026-05-09 02:26:27 INFO  BUY_FILLED SMU phase=HOLDING
2026-05-09 02:26:37 INFO  BUY_FILLED SMU phase=HOLDING
2026-05-09 02:26:42 INFO  BUY_FILLED SMU phase=HOLDING
2026-05-09 02:26:47 INFO  BUY_FILLED SMU phase=HOLDING
2026-05-09 02:26:53 INFO  BUY_FILLED SMU phase=HOLDING
2026-05-09 02:26:58 INFO  BUY_FILLED SMU phase=HOLDING
2026-05-09 02:27:03 INFO  BUY_FILLED SMU phase=HOLDING
2026-05-09 02:27:07 INFO  BUY [US] GOOD mode=VOLUME_BREAKOUT price=12.8200 qty=23 size=1.0000x score=87(CONV) | WHY: strongBreakout volBreakout retestOK multiUp vol(5.65x) | VWAP: 0.08%(ABOVE slope=UP) | TREND: score=3 vel=0.04%/0.04%/0.12% | VOL: 272293.0000/48193.0000 TO: 3489434.7950/617118.5841 | entryNo=1
2026-05-09 02:27:07 WARN  BUY_REJECTED GOOD phase=NONE
2026-05-09 02:27:08 INFO  BUY_FILLED SMU phase=HOLDING
2026-05-09 02:27:13 INFO  BUY_FILLED SMU phase=HOLDING
2026-05-09 02:27:18 INFO  BUY_FILLED SMU phase=HOLDING
2026-05-09 02:27:23 INFO  BUY_FILLED SMU phase=HOLDING
2026-05-09 02:27:28 INFO  BUY_FILLED SMU phase=HOLDING
2026-05-09 02:27:33 INFO  BUY_FILLED SMU phase=HOLDING
2026-05-09 02:27:38 INFO  BUY_FILLED SMU phase=HOLDING
2026-05-09 02:27:43 INFO  BUY_FILLED SMU phase=HOLDING
2026-05-09 02:27:48 INFO  BUY_FILLED SMU phase=HOLDING
2026-05-09 02:27:54 INFO  BUY_FILLED SMU phase=HOLDING
2026-05-09 02:27:59 INFO  BUY_FILLED SMU phase=HOLDING
2026-05-09 02:28:04 INFO  BUY_FILLED SMU phase=HOLDING
2026-05-09 02:28:09 INFO  BUY_FILLED SMU phase=HOLDING
2026-05-09 02:28:14 INFO  BUY_FILLED SMU phase=HOLDING
2026-05-09 02:28:19 INFO  BUY_FILLED SMU phase=HOLDING
2026-05-09 02:28:24 INFO  BUY_FILLED SMU phase=HOLDING
2026-05-09 02:28:29 INFO  BUY_FILLED SMU phase=HOLDING
2026-05-09 02:28:34 INFO  BUY_FILLED SMU phase=HOLDING
2026-05-09 02:28:39 INFO  BUY_FILLED SMU phase=HOLDING
2026-05-09 02:28:44 INFO  BUY_FILLED SMU phase=HOLDING
2026-05-09 02:28:50 INFO  BUY_FILLED SMU phase=HOLDING
2026-05-09 02:28:55 INFO  BUY_FILLED SMU phase=HOLDING
2026-05-09 02:29:00 INFO  BUY_FILLED SMU phase=HOLDING
2026-05-09 02:29:05 INFO  BUY_FILLED SMU phase=HOLDING
2026-05-09 02:29:09 WARN  BUY_SKIP [US] META reason=AMOUNT_TOO_SMALL amount=300.0000 size=0.8000x price=610.0800
2026-05-09 02:29:10 INFO  BUY_FILLED SMU phase=HOLDING
2026-05-09 02:29:15 INFO  BUY_FILLED SMU phase=HOLDING
2026-05-09 02:29:20 INFO  BUY_FILLED SMU phase=HOLDING
2026-05-09 02:29:25 INFO  BUY_FILLED SMU phase=HOLDING
2026-05-09 02:29:30 INFO  BUY_FILLED SMU phase=HOLDING
2026-05-09 02:29:35 INFO  BUY_FILLED SMU phase=HOLDING
2026-05-09 02:29:40 INFO  BUY_FILLED SMU phase=HOLDING
2026-05-09 02:29:46 INFO  BUY_FILLED SMU phase=HOLDING
2026-05-09 02:29:51 INFO  BUY_FILLED SMU phase=HOLDING
2026-05-09 02:29:56 INFO  BUY_FILLED SMU phase=HOLDING
2026-05-09 02:30:01 INFO  BUY_FILLED SMU phase=HOLDING
2026-05-09 02:30:06 INFO  BUY [US] ETHU mode=VOLUME_BREAKOUT price=26.1900 qty=9 size=0.8000x score=95(CONV) | WHY: strongBreakout volBreakout retestOK multiUp vol(1.70x) | VWAP: 0.41%(ABOVE slope=UP) | TREND: score=3 vel=0.15%/0.22%/0.34% | VOL: 1089082.0000/639904.3000 TO: 28509988.5960/16682862.8487 | entryNo=1
2026-05-09 02:30:06 WARN  BUY_REJECTED ETHU phase=NONE
2026-05-09 02:30:06 INFO  BUY_FILLED SMU phase=HOLDING
2026-05-09 02:30:06 INFO  SELL_EXECUTED [US] SMU mode=VOLUME_BREAKOUT phase=EXITING exitType=TIMESTOP price=13.9500 qty=17 reason=TIME_STOP_HARD pnl=1.64% peakPnl=1.64% holdMs=600228 high=13.9500 avgPrice=13.7250 weightedPnl=1.27% dailyPnl=1.21%
2026-05-09 02:30:09 WARN  SELL_REJECTED SMU reason=TIME_STOP_HARD rolledBack=partialDone:false phase=HOLDING
2026-05-09 02:30:11 INFO  BUY_FILLED SMU phase=HOLDING
2026-05-09 02:31:07 INFO  BUY [US] AAPU mode=VOLUME_BREAKOUT price=36.6100 qty=8 size=1.0000x score=95(CONV) | WHY: strongBreakout volBreakout retestOK multiUp vol(2.52x) | VWAP: 0.09%(ABOVE slope=UP) | TREND: score=3 vel=0.16%/0.21%/0.27% | VOL: 2710727.0000/1074641.5500 TO: 99235378.3068/39303966.5132 | entryNo=1
2026-05-09 02:31:17 INFO  BUY_FILLED AAPU phase=HOLDING
2026-05-09 02:31:22 INFO  BUY_FILLED AAPU phase=HOLDING
2026-05-09 02:31:27 INFO  BUY_FILLED AAPU phase=HOLDING
2026-05-09 02:31:32 INFO  BUY_FILLED AAPU phase=HOLDING
2026-05-09 02:31:37 INFO  BUY_FILLED AAPU phase=HOLDING
2026-05-09 02:31:42 INFO  BUY_FILLED AAPU phase=HOLDING
2026-05-09 02:31:47 INFO  BUY_FILLED AAPU phase=HOLDING
2026-05-09 02:31:52 INFO  BUY_FILLED AAPU phase=HOLDING
2026-05-09 02:31:57 INFO  BUY_FILLED AAPU phase=HOLDING
2026-05-09 02:32:03 INFO  BUY_FILLED AAPU phase=HOLDING
2026-05-09 02:32:08 INFO  BUY_FILLED AAPU phase=HOLDING
2026-05-09 02:32:13 INFO  BUY_FILLED AAPU phase=HOLDING
2026-05-09 02:32:18 INFO  BUY_FILLED AAPU phase=HOLDING
2026-05-09 02:32:23 INFO  BUY_FILLED AAPU phase=HOLDING
2026-05-09 02:32:23 INFO  BUY [US] ETHU mode=BREAKOUT price=26.3700 qty=9 size=0.8000x score=85(CONV) | WHY: strongBreakout retestOK multiUp vol(1.58x) | VWAP: 1.03%(ABOVE slope=UP) | TREND: score=3 vel=0.77%/0.80%/0.99% | VOL: 1104136.0000/697124.1500 TO: 29126886.8528/18208590.7590 | entryNo=2
2026-05-09 02:32:23 WARN  BUY_REJECTED ETHU phase=NONE
2026-05-09 02:32:28 INFO  BUY_FILLED AAPU phase=HOLDING
2026-05-09 02:32:33 INFO  BUY_FILLED AAPU phase=HOLDING
2026-05-09 02:32:38 INFO  BUY_FILLED AAPU phase=HOLDING
2026-05-09 02:32:43 INFO  BUY_FILLED AAPU phase=HOLDING
2026-05-09 02:32:48 INFO  BUY_FILLED AAPU phase=HOLDING
2026-05-09 02:32:53 INFO  BUY_FILLED AAPU phase=HOLDING
2026-05-09 02:32:58 INFO  BUY_FILLED AAPU phase=HOLDING
2026-05-09 02:33:04 INFO  BUY_FILLED AAPU phase=HOLDING
2026-05-09 02:33:09 INFO  BUY_FILLED AAPU phase=HOLDING
2026-05-09 02:33:14 INFO  BUY_FILLED AAPU phase=HOLDING
2026-05-09 02:33:19 INFO  BUY_FILLED AAPU phase=HOLDING
2026-05-09 02:33:24 INFO  BUY_FILLED AAPU phase=HOLDING
2026-05-09 02:33:29 INFO  BUY_FILLED AAPU phase=HOLDING
2026-05-09 02:33:34 INFO  BUY_FILLED AAPU phase=HOLDING
2026-05-09 02:33:39 INFO  BUY_FILLED AAPU phase=HOLDING
2026-05-09 02:33:44 INFO  BUY_FILLED AAPU phase=HOLDING
2026-05-09 02:33:49 INFO  BUY_FILLED AAPU phase=HOLDING
2026-05-09 02:33:54 INFO  BUY_FILLED AAPU phase=HOLDING
2026-05-09 02:34:00 INFO  BUY_FILLED AAPU phase=HOLDING
2026-05-09 02:34:05 INFO  BUY_FILLED AAPU phase=HOLDING
2026-05-09 02:34:10 INFO  BUY_FILLED AAPU phase=HOLDING
2026-05-09 02:34:15 INFO  BUY_FILLED AAPU phase=HOLDING
2026-05-09 02:34:20 INFO  BUY_FILLED AAPU phase=HOLDING
2026-05-09 02:34:25 INFO  BUY_FILLED AAPU phase=HOLDING
2026-05-09 02:34:30 INFO  BUY_FILLED AAPU phase=HOLDING
2026-05-09 02:34:35 INFO  BUY_FILLED AAPU phase=HOLDING
2026-05-09 02:34:40 INFO  BUY_FILLED AAPU phase=HOLDING
2026-05-09 02:34:45 INFO  BUY_FILLED AAPU phase=HOLDING
2026-05-09 02:34:50 INFO  BUY_FILLED AAPU phase=HOLDING
2026-05-09 02:34:55 INFO  BUY_FILLED AAPU phase=HOLDING
2026-05-09 02:35:01 INFO  BUY_FILLED AAPU phase=HOLDING
2026-05-09 02:35:06 INFO  BUY_FILLED AAPU phase=HOLDING
2026-05-09 02:35:11 INFO  BUY_FILLED AAPU phase=HOLDING
2026-05-09 02:35:16 INFO  BUY_FILLED AAPU phase=HOLDING
2026-05-09 02:35:21 INFO  BUY_FILLED AAPU phase=HOLDING
2026-05-09 02:35:26 INFO  BUY_FILLED AAPU phase=HOLDING
2026-05-09 02:35:31 INFO  BUY_FILLED AAPU phase=HOLDING
2026-05-09 02:35:41 INFO  BUY_FILLED AAPU phase=HOLDING
2026-05-09 02:35:46 INFO  BUY_FILLED AAPU phase=HOLDING
2026-05-09 02:35:51 INFO  BUY_FILLED AAPU phase=HOLDING
2026-05-09 02:35:56 INFO  BUY_FILLED AAPU phase=HOLDING
2026-05-09 02:36:02 INFO  BUY_FILLED AAPU phase=HOLDING
2026-05-09 02:36:07 INFO  BUY_FILLED AAPU phase=HOLDING
2026-05-09 02:36:12 INFO  BUY_FILLED AAPU phase=HOLDING
2026-05-09 02:36:17 INFO  BUY_FILLED AAPU phase=HOLDING
2026-05-09 02:36:22 INFO  BUY_FILLED AAPU phase=HOLDING
2026-05-09 02:36:27 INFO  BUY_FILLED AAPU phase=HOLDING
2026-05-09 02:36:32 INFO  BUY_FILLED AAPU phase=HOLDING
2026-05-09 02:36:37 INFO  BUY_FILLED AAPU phase=HOLDING
2026-05-09 02:36:42 INFO  BUY_FILLED AAPU phase=HOLDING
2026-05-09 02:36:47 INFO  BUY_FILLED AAPU phase=HOLDING
2026-05-09 02:36:52 INFO  BUY_FILLED AAPU phase=HOLDING
2026-05-09 02:36:58 INFO  BUY_FILLED AAPU phase=HOLDING
2026-05-09 02:37:03 INFO  BUY_FILLED AAPU phase=HOLDING
2026-05-09 02:37:08 INFO  BUY_FILLED AAPU phase=HOLDING
2026-05-09 02:37:13 INFO  BUY_FILLED AAPU phase=HOLDING
2026-05-09 02:37:18 INFO  BUY_FILLED AAPU phase=HOLDING
2026-05-09 02:37:23 INFO  BUY_FILLED AAPU phase=HOLDING
2026-05-09 02:37:28 INFO  BUY_FILLED AAPU phase=HOLDING
2026-05-09 02:37:33 INFO  BUY_FILLED AAPU phase=HOLDING
2026-05-09 02:37:38 INFO  BUY_FILLED AAPU phase=HOLDING
2026-05-09 02:37:43 INFO  BUY_FILLED AAPU phase=HOLDING
2026-05-09 02:37:48 INFO  BUY_FILLED AAPU phase=HOLDING
2026-05-09 02:37:53 INFO  BUY_FILLED AAPU phase=HOLDING
2026-05-09 02:37:59 INFO  BUY_FILLED AAPU phase=HOLDING
2026-05-09 02:38:04 INFO  BUY_FILLED AAPU phase=HOLDING
2026-05-09 02:38:09 INFO  BUY_FILLED AAPU phase=HOLDING
2026-05-09 02:38:14 INFO  BUY_FILLED AAPU phase=HOLDING
2026-05-09 02:38:19 INFO  BUY_FILLED AAPU phase=HOLDING
2026-05-09 02:38:24 INFO  BUY_FILLED AAPU phase=HOLDING
2026-05-09 02:38:29 INFO  BUY_FILLED AAPU phase=HOLDING
2026-05-09 02:38:34 INFO  BUY_FILLED AAPU phase=HOLDING
2026-05-09 02:38:39 INFO  BUY_FILLED AAPU phase=HOLDING
2026-05-09 02:38:44 INFO  BUY_FILLED AAPU phase=HOLDING
2026-05-09 02:38:49 INFO  BUY_FILLED AAPU phase=HOLDING
2026-05-09 02:38:54 INFO  BUY_FILLED AAPU phase=HOLDING
2026-05-09 02:39:00 INFO  BUY_FILLED AAPU phase=HOLDING
2026-05-09 02:39:05 INFO  BUY_FILLED AAPU phase=HOLDING
2026-05-09 02:39:10 INFO  BUY_FILLED AAPU phase=HOLDING
2026-05-09 02:39:15 INFO  BUY_FILLED AAPU phase=HOLDING
2026-05-09 02:39:20 INFO  BUY_FILLED AAPU phase=HOLDING
2026-05-09 02:39:25 INFO  BUY_FILLED AAPU phase=HOLDING
2026-05-09 02:39:30 INFO  BUY_FILLED AAPU phase=HOLDING
2026-05-09 02:39:40 INFO  BUY_FILLED AAPU phase=HOLDING
2026-05-09 02:39:45 INFO  BUY_FILLED AAPU phase=HOLDING
2026-05-09 02:39:50 INFO  BUY_FILLED AAPU phase=HOLDING
2026-05-09 02:39:55 INFO  BUY_FILLED AAPU phase=HOLDING
2026-05-09 02:40:01 INFO  BUY_FILLED AAPU phase=HOLDING
2026-05-09 02:40:06 INFO  BUY_FILLED AAPU phase=HOLDING
2026-05-09 02:40:06 INFO  BUY [US] SQQQ mode=VOLUME_BREAKOUT price=42.8500 qty=7 size=1.0000x score=95(CONV) | WHY: strongBreakout volBreakout retestOK multiUp vol(2.93x) | VWAP: 0.01%(ABOVE slope=UP) | TREND: score=3 vel=0.12%/0.12%/0.12% | VOL: 50942046.0000/17391317.0500 TO: 2181847830.1800/744214713.8135 | entryNo=1
2026-05-09 02:40:06 WARN  BUY_REJECTED SQQQ phase=NONE
2026-05-09 02:40:11 INFO  BUY_FILLED AAPU phase=HOLDING
2026-05-09 02:40:16 INFO  BUY_FILLED AAPU phase=HOLDING
2026-05-09 02:40:21 INFO  BUY_FILLED AAPU phase=HOLDING
2026-05-09 02:40:26 INFO  BUY_FILLED AAPU phase=HOLDING
2026-05-09 02:40:31 INFO  BUY_FILLED AAPU phase=HOLDING
2026-05-09 02:40:36 INFO  BUY_FILLED AAPU phase=HOLDING
2026-05-09 02:40:41 INFO  BUY_FILLED AAPU phase=HOLDING
2026-05-09 02:40:46 INFO  BUY_FILLED AAPU phase=HOLDING
2026-05-09 02:40:51 INFO  BUY_FILLED AAPU phase=HOLDING
2026-05-09 02:40:56 INFO  BUY_FILLED AAPU phase=HOLDING
2026-05-09 02:41:02 INFO  BUY_FILLED AAPU phase=HOLDING
2026-05-09 02:41:07 INFO  BUY_FILLED AAPU phase=HOLDING
2026-05-09 02:41:12 INFO  BUY_FILLED AAPU phase=HOLDING
2026-05-09 02:41:17 INFO  BUY_FILLED AAPU phase=HOLDING
2026-05-09 02:41:17 INFO  SELL_EXECUTED [US] AAPU mode=VOLUME_BREAKOUT phase=EXITING exitType=TIMESTOP price=36.6697 qty=8 reason=TIME_STOP_HARD pnl=0.16% peakPnl=0.27% holdMs=600069 high=36.7093 avgPrice=36.6100 weightedPnl=0.16% dailyPnl=0.10%
2026-05-09 02:41:20 WARN  SELL_REJECTED AAPU reason=TIME_STOP_HARD rolledBack=partialDone:false phase=HOLDING
2026-05-09 02:41:22 INFO  BUY_FILLED AAPU phase=HOLDING
2026-05-09 02:41:27 INFO  BUY_FILLED AAPU phase=HOLDING
2026-05-09 02:41:27 INFO  SELL_EXECUTED [US] AAPU mode=VOLUME_BREAKOUT phase=EXITING exitType=TIMESTOP price=36.6697 qty=8 reason=TIME_STOP_HARD pnl=0.16% peakPnl=0.27% holdMs=610329 high=36.7093 avgPrice=36.6100 weightedPnl=0.16% dailyPnl=0.10%
2026-05-09 02:41:27 WARN  SELL_REJECTED AAPU reason=TIME_STOP_HARD rolledBack=partialDone:false phase=HOLDING
2026-05-09 02:41:32 INFO  BUY_FILLED AAPU phase=HOLDING
2026-05-09 02:41:32 INFO  SELL_EXECUTED [US] AAPU mode=VOLUME_BREAKOUT phase=EXITING exitType=TIMESTOP price=36.6697 qty=8 reason=TIME_STOP_HARD pnl=0.16% peakPnl=0.27% holdMs=615733 high=36.7093 avgPrice=36.6100 weightedPnl=0.16% dailyPnl=0.10%
2026-05-09 02:41:37 INFO  BUY_FILLED AAPU phase=HOLDING
2026-05-09 02:41:43 INFO  BUY_FILLED AAPU phase=HOLDING
2026-05-09 02:41:48 INFO  BUY_FILLED AAPU phase=HOLDING
2026-05-09 02:41:48 WARN  SELL pending timeout cleared for AAPU
2026-05-09 02:41:48 INFO  SELL_EXECUTED [US] AAPU mode=VOLUME_BREAKOUT phase=EXITING exitType=TIMESTOP price=36.6700 qty=8 reason=TIME_STOP_HARD pnl=0.16% peakPnl=0.27% holdMs=630890 high=36.7093 avgPrice=36.6100 weightedPnl=0.16% dailyPnl=0.10%
2026-05-09 02:41:53 INFO  BUY_FILLED AAPU phase=HOLDING
2026-05-09 02:41:58 INFO  BUY_FILLED AAPU phase=HOLDING
2026-05-09 02:42:03 INFO  BUY_FILLED AAPU phase=HOLDING
2026-05-09 02:42:03 WARN  SELL pending timeout cleared for AAPU
2026-05-09 02:42:03 INFO  SELL_EXECUTED [US] AAPU mode=VOLUME_BREAKOUT phase=EXITING exitType=TIMESTOP price=36.6700 qty=8 reason=TIME_STOP_HARD pnl=0.16% peakPnl=0.27% holdMs=646101 high=36.7093 avgPrice=36.6100 weightedPnl=0.16% dailyPnl=0.10%
2026-05-09 02:42:03 WARN  SELL_REJECTED AAPU reason=TIME_STOP_HARD rolledBack=partialDone:false phase=HOLDING
2026-05-09 02:42:08 INFO  BUY_FILLED AAPU phase=HOLDING
2026-05-09 02:42:08 INFO  SELL_EXECUTED [US] AAPU mode=VOLUME_BREAKOUT phase=EXITING exitType=TIMESTOP price=36.6700 qty=8 reason=TIME_STOP_HARD pnl=0.16% peakPnl=0.27% holdMs=651268 high=36.7093 avgPrice=36.6100 weightedPnl=0.16% dailyPnl=0.10%
2026-05-09 02:42:13 INFO  BUY_FILLED AAPU phase=HOLDING
2026-05-09 02:44:05 INFO  BUY [US] SQQQ mode=BREAKOUT price=42.9200 qty=5 size=0.8000x score=85(CONV) | WHY: strongBreakout retestOK multiUp vol(1.58x) | VWAP: 0.16%(ABOVE slope=UP) | TREND: score=3 vel=0.08%/0.16%/0.24% | VOL: 25974908.0000/16482626.4000 TO: 1114320955.7092/705683645.3197 | entryNo=2
2026-05-09 02:44:06 INFO  BUY_FILLED SQQQ phase=HOLDING
2026-05-09 02:44:10 INFO  BUY_FILLED SQQQ phase=HOLDING
2026-05-09 02:44:15 INFO  BUY_FILLED SQQQ phase=HOLDING
2026-05-09 02:44:20 INFO  BUY_FILLED SQQQ phase=HOLDING
2026-05-09 02:44:25 INFO  BUY_FILLED SQQQ phase=HOLDING
2026-05-09 02:44:30 INFO  BUY_FILLED SQQQ phase=HOLDING
2026-05-09 02:44:35 INFO  BUY_FILLED SQQQ phase=HOLDING
2026-05-09 02:44:40 INFO  BUY_FILLED SQQQ phase=HOLDING
2026-05-09 02:44:45 INFO  BUY_FILLED SQQQ phase=HOLDING
2026-05-09 02:44:51 INFO  BUY_FILLED SQQQ phase=HOLDING
2026-05-09 02:44:56 INFO  BUY_FILLED SQQQ phase=HOLDING
2026-05-09 02:45:01 INFO  BUY_FILLED SQQQ phase=HOLDING
2026-05-09 02:45:06 INFO  BUY_FILLED SQQQ phase=HOLDING
2026-05-09 02:45:06 INFO  BUY [US] SMU mode=BREAKOUT price=14.2900 qty=16 size=0.8000x score=85(CONV) | WHY: strongBreakout retestOK multiUp vol(1.56x) | VWAP: 3.18%(ABOVE slope=UP) | TREND: score=3 vel=0.74%/0.46%/0.60% | VOL: 519148.0000/332462.0000 TO: 7416029.1800/4654122.7293 | entryNo=2
2026-05-09 02:45:06 WARN  BUY_REJECTED SMU phase=NONE
2026-05-09 02:45:11 INFO  BUY_FILLED SQQQ phase=HOLDING
2026-05-09 02:45:16 INFO  BUY_FILLED SQQQ phase=HOLDING
2026-05-09 02:45:21 INFO  BUY_FILLED SQQQ phase=HOLDING
2026-05-09 02:45:26 INFO  BUY_FILLED SQQQ phase=HOLDING
2026-05-09 02:45:31 INFO  BUY_FILLED SQQQ phase=HOLDING
2026-05-09 02:45:36 INFO  BUY_FILLED SQQQ phase=HOLDING
2026-05-09 02:45:41 INFO  BUY_FILLED SQQQ phase=HOLDING
2026-05-09 02:45:46 INFO  BUY_FILLED SQQQ phase=HOLDING
2026-05-09 02:45:52 INFO  BUY_FILLED SQQQ phase=HOLDING
2026-05-09 02:45:57 INFO  BUY_FILLED SQQQ phase=HOLDING
2026-05-09 02:46:02 INFO  BUY_FILLED SQQQ phase=HOLDING
2026-05-09 02:46:07 INFO  BUY_FILLED SQQQ phase=HOLDING
2026-05-09 02:46:12 INFO  BUY_FILLED SQQQ phase=HOLDING
2026-05-09 02:46:17 INFO  BUY_FILLED SQQQ phase=HOLDING
2026-05-09 02:46:22 INFO  BUY_FILLED SQQQ phase=HOLDING
2026-05-09 02:46:27 INFO  BUY_FILLED SQQQ phase=HOLDING
2026-05-09 02:46:32 INFO  BUY_FILLED SQQQ phase=HOLDING
2026-05-09 02:46:37 INFO  BUY_FILLED SQQQ phase=HOLDING
2026-05-09 02:46:42 INFO  BUY_FILLED SQQQ phase=HOLDING
2026-05-09 02:46:47 INFO  BUY_FILLED SQQQ phase=HOLDING
2026-05-09 02:46:53 INFO  BUY_FILLED SQQQ phase=HOLDING
2026-05-09 02:46:58 INFO  BUY_FILLED SQQQ phase=HOLDING
2026-05-09 02:47:03 INFO  BUY_FILLED SQQQ phase=HOLDING
2026-05-09 02:47:08 INFO  BUY_FILLED SQQQ phase=HOLDING
2026-05-09 02:47:13 INFO  BUY_FILLED SQQQ phase=HOLDING
2026-05-09 02:47:18 INFO  BUY_FILLED SQQQ phase=HOLDING
2026-05-09 02:47:23 INFO  BUY [US] NFLX mode=VOLUME_BREAKOUT price=87.4800 qty=3 size=1.0000x score=87(CONV) | WHY: strongBreakout volBreakout retestOK multiUp vol(2.54x) | VWAP: 0.03%(ABOVE slope=UP) | TREND: score=3 vel=0.04%/0.05%/0.03% | VOL: 11536536.0000/4534517.4500 TO: 1009446900.0000/396655771.5307 | entryNo=1
2026-05-09 02:47:23 WARN  BUY_REJECTED NFLX phase=NONE
2026-05-09 02:47:23 INFO  BUY_FILLED SQQQ phase=HOLDING
2026-05-09 02:47:23 WARN  BUY_SKIP [US] SOXL reason=AMOUNT_TOO_SMALL amount=300.0000 size=0.8000x price=175.8400
2026-05-09 02:47:28 INFO  BUY_FILLED SQQQ phase=HOLDING
2026-05-09 02:47:33 INFO  BUY_FILLED SQQQ phase=HOLDING
2026-05-09 02:47:38 INFO  BUY_FILLED SQQQ phase=HOLDING
2026-05-09 02:47:43 INFO  BUY_FILLED SQQQ phase=HOLDING
2026-05-09 02:47:48 INFO  BUY_FILLED SQQQ phase=HOLDING
2026-05-09 02:47:54 INFO  BUY_FILLED SQQQ phase=HOLDING
2026-05-09 02:47:59 INFO  BUY_FILLED SQQQ phase=HOLDING
2026-05-09 02:48:04 INFO  BUY_FILLED SQQQ phase=HOLDING
2026-05-09 02:48:09 INFO  BUY_FILLED SQQQ phase=HOLDING
2026-05-09 02:48:14 INFO  BUY_FILLED SQQQ phase=HOLDING
2026-05-09 02:48:19 INFO  BUY_FILLED SQQQ phase=HOLDING
2026-05-09 02:48:24 INFO  BUY_FILLED SQQQ phase=HOLDING
2026-05-09 02:48:29 INFO  BUY_FILLED SQQQ phase=HOLDING
2026-05-09 02:48:34 INFO  BUY_FILLED SQQQ phase=HOLDING
2026-05-09 02:48:39 INFO  BUY_FILLED SQQQ phase=HOLDING
2026-05-09 02:48:44 INFO  BUY_FILLED SQQQ phase=HOLDING
2026-05-09 02:48:49 INFO  BUY_FILLED SQQQ phase=HOLDING
2026-05-09 02:48:55 INFO  BUY_FILLED SQQQ phase=HOLDING
2026-05-09 02:49:00 INFO  BUY_FILLED SQQQ phase=HOLDING
2026-05-09 02:49:05 INFO  BUY_FILLED SQQQ phase=HOLDING
2026-05-09 02:49:10 INFO  BUY_FILLED SQQQ phase=HOLDING
2026-05-09 02:49:10 INFO  SELL_EXECUTED [US] SQQQ mode=BREAKOUT phase=EXITING exitType=TIMESTOP price=42.9099 qty=5 reason=TIME_STOP_SOFT pnl=-0.02% peakPnl=0.08% holdMs=304309 high=42.9512 avgPrice=42.9190 weightedPnl=-0.02% dailyPnl=0.08%
2026-05-09 02:49:13 WARN  SELL_REJECTED SQQQ reason=TIME_STOP_SOFT rolledBack=partialDone:false phase=HOLDING
2026-05-09 02:54:05 WARN  BUY_SKIP [US] META reason=AMOUNT_TOO_SMALL amount=300.0000 size=0.8000x price=609.8900
2026-05-09 02:54:20 WARN  BUY_SKIP [US] META reason=AMOUNT_TOO_SMALL amount=300.0000 size=0.8000x price=609.8900
2026-05-09 02:55:06 INFO  BUY [US] TSLL mode=VOLUME_BREAKOUT price=15.5800 qty=19 size=1.0000x score=95(CONV) | WHY: strongBreakout volBreakout retestOK multiUp vol(2.68x) | VWAP: 0.20%(ABOVE slope=UP) | TREND: score=3 vel=0.29%/0.35%/0.16% | VOL: 105785113.0000/39478138.4000 TO: 1647063630.8987/613744655.7684 | entryNo=1
2026-05-09 02:55:07 INFO  BUY_FILLED TSLL phase=HOLDING
2026-05-09 02:55:11 WARN  BUY_SKIP [US] META reason=AMOUNT_TOO_SMALL amount=300.0000 size=1.0000x price=609.9500
2026-05-09 02:55:11 INFO  BUY_FILLED TSLL phase=HOLDING
2026-05-09 02:55:16 INFO  BUY_FILLED TSLL phase=HOLDING
2026-05-09 02:55:22 INFO  BUY_FILLED TSLL phase=HOLDING
2026-05-09 02:55:27 INFO  BUY_FILLED TSLL phase=HOLDING
2026-05-09 02:55:32 INFO  BUY_FILLED TSLL phase=HOLDING
2026-05-09 02:55:37 INFO  BUY_FILLED TSLL phase=HOLDING
2026-05-09 02:55:42 INFO  BUY_FILLED TSLL phase=HOLDING
2026-05-09 02:55:47 INFO  BUY_FILLED TSLL phase=HOLDING
2026-05-09 02:55:52 INFO  BUY_FILLED TSLL phase=HOLDING
2026-05-09 02:55:57 INFO  BUY_FILLED TSLL phase=HOLDING
2026-05-09 02:56:02 INFO  BUY_FILLED TSLL phase=HOLDING
2026-05-09 02:56:07 WARN  BUY_SKIP [US] META reason=AMOUNT_TOO_SMALL amount=300.0000 size=0.8000x price=610.3700
2026-05-09 02:56:07 INFO  BUY_FILLED TSLL phase=HOLDING
2026-05-09 02:56:12 INFO  BUY_FILLED TSLL phase=HOLDING
2026-05-09 02:56:18 INFO  BUY_FILLED TSLL phase=HOLDING
2026-05-09 02:56:22 WARN  BUY_SKIP [US] META reason=AMOUNT_TOO_SMALL amount=300.0000 size=0.8000x price=610.4700
2026-05-09 02:56:23 INFO  BUY_FILLED TSLL phase=HOLDING
2026-05-09 02:56:28 INFO  BUY_FILLED TSLL phase=HOLDING
2026-05-09 02:56:33 INFO  BUY_FILLED TSLL phase=HOLDING
2026-05-09 02:56:38 INFO  BUY_FILLED TSLL phase=HOLDING
2026-05-09 02:56:43 INFO  BUY_FILLED TSLL phase=HOLDING
2026-05-09 02:56:48 INFO  BUY_FILLED TSLL phase=HOLDING
2026-05-09 02:56:53 INFO  BUY_FILLED TSLL phase=HOLDING
2026-05-09 02:56:58 INFO  BUY_FILLED TSLL phase=HOLDING
2026-05-09 02:57:03 INFO  BUY_FILLED TSLL phase=HOLDING
2026-05-09 02:57:08 INFO  BUY_FILLED TSLL phase=HOLDING
2026-05-09 02:57:13 INFO  BUY_FILLED TSLL phase=HOLDING
2026-05-09 02:57:19 INFO  BUY_FILLED TSLL phase=HOLDING
2026-05-09 02:57:24 INFO  BUY_FILLED TSLL phase=HOLDING
2026-05-09 02:57:28 WARN  BUY_SKIP [US] META reason=AMOUNT_TOO_SMALL amount=300.0000 size=0.8000x price=610.7400
2026-05-09 02:57:29 INFO  BUY_FILLED TSLL phase=HOLDING
2026-05-09 02:57:34 INFO  BUY_FILLED TSLL phase=HOLDING
2026-05-09 02:57:39 INFO  BUY_FILLED TSLL phase=HOLDING
2026-05-09 02:57:44 INFO  BUY_FILLED TSLL phase=HOLDING
2026-05-09 02:57:49 INFO  BUY_FILLED TSLL phase=HOLDING
2026-05-09 02:57:54 INFO  BUY_FILLED TSLL phase=HOLDING
2026-05-09 02:57:59 INFO  BUY_FILLED TSLL phase=HOLDING
2026-05-09 02:58:04 INFO  BUY_FILLED TSLL phase=HOLDING
2026-05-09 02:58:09 INFO  BUY_FILLED TSLL phase=HOLDING
2026-05-09 02:58:14 INFO  BUY_FILLED TSLL phase=HOLDING
2026-05-09 02:58:20 INFO  BUY_FILLED TSLL phase=HOLDING
2026-05-09 02:58:25 INFO  BUY_FILLED TSLL phase=HOLDING
2026-05-09 02:58:30 INFO  BUY_FILLED TSLL phase=HOLDING
2026-05-09 02:58:35 INFO  BUY_FILLED TSLL phase=HOLDING
2026-05-09 02:58:40 INFO  BUY_FILLED TSLL phase=HOLDING
2026-05-09 02:58:45 INFO  BUY_FILLED TSLL phase=HOLDING
2026-05-09 02:58:50 INFO  BUY_FILLED TSLL phase=HOLDING
2026-05-09 02:58:55 INFO  BUY_FILLED TSLL phase=HOLDING
2026-05-09 02:59:00 INFO  BUY_FILLED TSLL phase=HOLDING
2026-05-09 02:59:05 INFO  BUY_FILLED TSLL phase=HOLDING
2026-05-09 02:59:10 INFO  BUY_FILLED TSLL phase=HOLDING
2026-05-09 02:59:16 INFO  BUY_FILLED TSLL phase=HOLDING
2026-05-09 02:59:21 INFO  BUY_FILLED TSLL phase=HOLDING
2026-05-09 02:59:26 INFO  BUY_FILLED TSLL phase=HOLDING
2026-05-09 02:59:31 INFO  BUY_FILLED TSLL phase=HOLDING
2026-05-09 02:59:36 INFO  BUY_FILLED TSLL phase=HOLDING
2026-05-09 02:59:41 INFO  BUY_FILLED TSLL phase=HOLDING
2026-05-09 02:59:46 INFO  BUY_FILLED TSLL phase=HOLDING
2026-05-09 02:59:51 INFO  BUY_FILLED TSLL phase=HOLDING
2026-05-09 02:59:56 INFO  BUY_FILLED TSLL phase=HOLDING
2026-05-09 03:00:01 INFO  BUY_FILLED TSLL phase=HOLDING
2026-05-09 03:00:06 INFO  BUY_FILLED TSLL phase=HOLDING
2026-05-09 03:00:12 INFO  BUY_FILLED TSLL phase=HOLDING
2026-05-09 03:00:12 INFO  SELL_EXECUTED [US] TSLL mode=VOLUME_BREAKOUT phase=EXITING exitType=TIMESTOP price=15.4999 qty=19 reason=TIME_STOP_SOFT pnl=-0.48% peakPnl=0.03% holdMs=304480 high=15.5800 avgPrice=15.5750 weightedPnl=-0.48% dailyPnl=-0.38%
2026-05-09 03:00:15 WARN  SELL_REJECTED TSLL reason=TIME_STOP_SOFT rolledBack=partialDone:false phase=HOLDING
2026-05-09 03:05:07 INFO  BUY [US] NVDL mode=VOLUME_BREAKOUT price=108.1200 qty=2 size=1.0000x score=95(CONV) | WHY: strongBreakout volBreakout retestOK multiUp vol(19.46x) | VWAP: 0.01%(ABOVE slope=UP) | TREND: score=3 vel=0.15%/0.06%/0.45% | VOL: 4700221.0000/241545.7000 TO: 508375433.3379/26123703.9769 | entryNo=1
2026-05-09 03:09:01 INFO  BUY_FILLED NVDL phase=HOLDING
2026-05-09 03:09:06 INFO  BUY_FILLED NVDL phase=HOLDING
2026-05-09 03:09:11 INFO  BUY_FILLED NVDL phase=HOLDING
2026-05-09 03:09:16 INFO  BUY_FILLED NVDL phase=HOLDING
2026-05-09 03:09:21 INFO  BUY_FILLED NVDL phase=HOLDING
2026-05-09 03:09:26 INFO  BUY_FILLED NVDL phase=HOLDING
2026-05-09 03:09:31 INFO  BUY_FILLED NVDL phase=HOLDING
2026-05-09 03:09:36 INFO  BUY_FILLED NVDL phase=HOLDING
2026-05-09 03:09:41 INFO  BUY_FILLED NVDL phase=HOLDING
2026-05-09 03:09:46 INFO  BUY_FILLED NVDL phase=HOLDING
2026-05-09 03:09:51 INFO  BUY_FILLED NVDL phase=HOLDING
2026-05-09 03:09:57 INFO  BUY_FILLED NVDL phase=HOLDING
2026-05-09 03:10:02 INFO  BUY_FILLED NVDL phase=HOLDING
2026-05-09 03:10:07 INFO  BUY_FILLED NVDL phase=HOLDING
2026-05-09 03:10:12 INFO  BUY_FILLED NVDL phase=HOLDING
2026-05-09 03:10:17 INFO  BUY_FILLED NVDL phase=HOLDING
2026-05-09 03:10:22 INFO  BUY_FILLED NVDL phase=HOLDING
2026-05-09 03:10:27 INFO  BUY_FILLED NVDL phase=HOLDING
2026-05-09 03:10:32 INFO  BUY_FILLED NVDL phase=HOLDING
2026-05-09 03:10:37 INFO  BUY_FILLED NVDL phase=HOLDING
2026-05-09 03:10:42 INFO  BUY_FILLED NVDL phase=HOLDING
2026-05-09 03:10:47 INFO  BUY_FILLED NVDL phase=HOLDING
2026-05-09 03:10:53 INFO  BUY_FILLED NVDL phase=HOLDING
2026-05-09 03:10:58 INFO  BUY_FILLED NVDL phase=HOLDING
2026-05-09 03:11:03 INFO  BUY_FILLED NVDL phase=HOLDING
2026-05-09 03:11:08 INFO  BUY_FILLED NVDL phase=HOLDING
2026-05-09 03:11:13 INFO  BUY_FILLED NVDL phase=HOLDING
2026-05-09 03:11:18 INFO  BUY_FILLED NVDL phase=HOLDING
2026-05-09 03:11:23 INFO  BUY_FILLED NVDL phase=HOLDING
2026-05-09 03:11:28 INFO  BUY_FILLED NVDL phase=HOLDING
2026-05-09 03:11:33 INFO  BUY_FILLED NVDL phase=HOLDING
2026-05-09 03:11:38 INFO  BUY_FILLED NVDL phase=HOLDING
2026-05-09 03:11:43 INFO  BUY_FILLED NVDL phase=HOLDING
2026-05-09 03:11:49 INFO  BUY_FILLED NVDL phase=HOLDING
2026-05-09 03:11:54 INFO  BUY_FILLED NVDL phase=HOLDING
2026-05-09 03:11:59 INFO  BUY_FILLED NVDL phase=HOLDING
2026-05-09 03:12:04 INFO  BUY_FILLED NVDL phase=HOLDING
2026-05-09 03:12:09 INFO  BUY_FILLED NVDL phase=HOLDING
2026-05-09 03:12:14 INFO  BUY_FILLED NVDL phase=HOLDING
2026-05-09 03:12:19 INFO  BUY_FILLED NVDL phase=HOLDING
2026-05-09 03:12:24 INFO  BUY_FILLED NVDL phase=HOLDING
2026-05-09 03:12:29 INFO  BUY_FILLED NVDL phase=HOLDING
2026-05-09 03:12:34 INFO  BUY_FILLED NVDL phase=HOLDING
2026-05-09 03:12:39 INFO  BUY_FILLED NVDL phase=HOLDING
2026-05-09 03:12:45 INFO  BUY_FILLED NVDL phase=HOLDING
2026-05-09 03:12:50 INFO  BUY_FILLED NVDL phase=HOLDING
2026-05-09 03:12:55 INFO  BUY_FILLED NVDL phase=HOLDING
2026-05-09 03:13:00 INFO  BUY_FILLED NVDL phase=HOLDING
2026-05-09 03:13:05 INFO  BUY_FILLED NVDL phase=HOLDING
2026-05-09 03:13:10 INFO  BUY_FILLED NVDL phase=HOLDING
2026-05-09 03:13:15 INFO  BUY_FILLED NVDL phase=HOLDING
2026-05-09 03:13:20 INFO  BUY_FILLED NVDL phase=HOLDING
2026-05-09 03:13:25 INFO  BUY_FILLED NVDL phase=HOLDING
2026-05-09 03:13:30 INFO  BUY_FILLED NVDL phase=HOLDING
2026-05-09 03:13:35 INFO  BUY_FILLED NVDL phase=HOLDING
2026-05-09 03:13:40 INFO  BUY_FILLED NVDL phase=HOLDING
2026-05-09 03:13:46 INFO  BUY_FILLED NVDL phase=HOLDING
2026-05-09 03:13:51 INFO  BUY_FILLED NVDL phase=HOLDING
2026-05-09 03:13:56 INFO  BUY_FILLED NVDL phase=HOLDING
2026-05-09 03:14:01 INFO  BUY_FILLED NVDL phase=HOLDING
2026-05-09 03:14:01 INFO  SELL_EXECUTED [US] NVDL mode=VOLUME_BREAKOUT phase=EXITING exitType=TIMESTOP price=108.0350 qty=2 reason=TIME_STOP_SOFT pnl=-0.08% peakPnl=0.03% holdMs=300257 high=108.1578 avgPrice=108.1200 weightedPnl=-0.06% dailyPnl=0.04%
2026-05-09 03:14:04 WARN  SELL_REJECTED NVDL reason=TIME_STOP_SOFT rolledBack=partialDone:false phase=HOLDING
2026-05-09 03:14:06 INFO  BUY_FILLED NVDL phase=HOLDING
2026-05-09 03:14:11 INFO  BUY_FILLED NVDL phase=HOLDING
2026-05-09 03:14:11 INFO  SELL_EXECUTED [US] NVDL mode=VOLUME_BREAKOUT phase=EXITING exitType=TIMESTOP price=107.9950 qty=2 reason=TIME_STOP_SOFT pnl=-0.12% peakPnl=0.03% holdMs=310510 high=108.1578 avgPrice=108.1200 weightedPnl=-0.08% dailyPnl=0.01%
2026-05-09 03:14:11 WARN  SELL_REJECTED NVDL reason=TIME_STOP_SOFT rolledBack=partialDone:false phase=HOLDING
2026-05-09 03:14:16 INFO  BUY_FILLED NVDL phase=HOLDING
2026-05-09 03:14:16 INFO  SELL_EXECUTED [US] NVDL mode=VOLUME_BREAKOUT phase=EXITING exitType=TIMESTOP price=107.9950 qty=2 reason=TIME_STOP_SOFT pnl=-0.12% peakPnl=0.03% holdMs=315740 high=108.1578 avgPrice=108.1200 weightedPnl=-0.08% dailyPnl=0.01%
2026-05-09 03:23:21 INFO  BUY [US] TSLL mode=BREAKOUT price=15.6100 qty=15 size=0.8000x score=85(CONV) | WHY: strongBreakout retestOK multiUp vol(1.56x) | VWAP: 0.47%(ABOVE slope=UP) | TREND: score=3 vel=0.42%/0.48%/0.71% | VOL: 54660665.0000/35112017.1500 TO: 853252980.6500/545011760.3944 | entryNo=2
2026-05-09 03:28:06 WARN  BUY_SKIP [US] META reason=AMOUNT_TOO_SMALL amount=300.0000 size=0.8000x price=610.7600
2026-05-09 03:28:21 WARN  BUY_SKIP [US] META reason=AMOUNT_TOO_SMALL amount=300.0000 size=0.8000x price=610.8500
2026-05-09 03:29:07 WARN  BUY_SKIP [US] META reason=AMOUNT_TOO_SMALL amount=300.0000 size=0.8000x price=611.2300
2026-05-09 03:29:22 WARN  BUY_SKIP [US] META reason=AMOUNT_TOO_SMALL amount=300.0000 size=0.8000x price=611.4100
2026-05-09 03:39:23 INFO  BUY [US] SMCX mode=VOLUME_BREAKOUT price=17.8600 qty=16 size=1.0000x score=95(CONV) | WHY: strongBreakout volBreakout retestOK multiUp vol(9.96x) | VWAP: 0.03%(ABOVE slope=UP) | TREND: score=3 vel=0.14%/0.44%/0.25% | VOL: 2036453.0000/204405.1000 TO: 36391415.1100/3645027.6397 | entryNo=1
2026-05-09 03:39:23 WARN  BUY_REJECTED SMCX phase=NONE
2026-05-09 03:43:57 INFO  BUY_FILLED TSLL phase=HOLDING
2026-05-09 03:44:02 INFO  BUY_FILLED TSLL phase=HOLDING
2026-05-09 03:44:08 INFO  BUY_FILLED TSLL phase=HOLDING
2026-05-09 03:44:08 INFO  BUY [US] TQQQ mode=VOLUME_BREAKOUT price=75.8600 qty=3 size=0.8000x score=95(CONV) | WHY: strongBreakout volBreakout retestOK multiUp vol(2.01x) | VWAP: 0.00%(ABOVE slope=UP) | TREND: score=3 vel=0.12%/0.11%/0.03% | VOL: 38851825.0000/19324033.3000 TO: 2946910926.2500/1465317613.4727 | entryNo=2
2026-05-09 03:44:08 WARN  BUY_REJECTED TQQQ phase=NONE
2026-05-09 03:44:13 INFO  BUY_FILLED TSLL phase=HOLDING
2026-05-09 03:44:18 INFO  BUY_FILLED TSLL phase=HOLDING
2026-05-09 03:44:23 INFO  BUY_FILLED TSLL phase=HOLDING
2026-05-09 03:44:28 INFO  BUY_FILLED TSLL phase=HOLDING
2026-05-09 03:44:33 INFO  BUY_FILLED TSLL phase=HOLDING
2026-05-09 03:44:38 INFO  BUY_FILLED TSLL phase=HOLDING
2026-05-09 03:44:43 INFO  BUY_FILLED TSLL phase=HOLDING
2026-05-09 03:44:48 INFO  BUY_FILLED TSLL phase=HOLDING
2026-05-09 03:44:53 INFO  BUY_FILLED TSLL phase=HOLDING
2026-05-09 03:44:58 INFO  BUY_FILLED TSLL phase=HOLDING
2026-05-09 03:45:04 INFO  BUY_FILLED TSLL phase=HOLDING
2026-05-09 03:45:09 INFO  BUY_FILLED TSLL phase=HOLDING
2026-05-09 03:45:19 INFO  BUY_FILLED TSLL phase=HOLDING
2026-05-09 03:45:24 INFO  BUY_FILLED TSLL phase=HOLDING
2026-05-09 03:45:29 INFO  BUY_FILLED TSLL phase=HOLDING
2026-05-09 03:45:34 INFO  BUY_FILLED TSLL phase=HOLDING
2026-05-09 03:45:39 INFO  BUY_FILLED TSLL phase=HOLDING
2026-05-09 03:45:44 INFO  BUY_FILLED TSLL phase=HOLDING
2026-05-09 03:45:49 INFO  BUY_FILLED TSLL phase=HOLDING
2026-05-09 03:45:54 INFO  BUY_FILLED TSLL phase=HOLDING
2026-05-09 03:46:00 INFO  BUY_FILLED TSLL phase=HOLDING
2026-05-09 03:46:05 INFO  BUY_FILLED TSLL phase=HOLDING
2026-05-09 03:46:10 INFO  BUY_FILLED TSLL phase=HOLDING
2026-05-09 03:46:15 INFO  BUY_FILLED TSLL phase=HOLDING
2026-05-09 03:46:20 INFO  BUY_FILLED TSLL phase=HOLDING
2026-05-09 03:46:25 INFO  BUY_FILLED TSLL phase=HOLDING
2026-05-09 03:46:30 INFO  BUY_FILLED TSLL phase=HOLDING
2026-05-09 03:46:35 INFO  BUY_FILLED TSLL phase=HOLDING
2026-05-09 03:46:40 INFO  BUY_FILLED TSLL phase=HOLDING
2026-05-09 03:46:45 INFO  BUY_FILLED TSLL phase=HOLDING
2026-05-09 03:46:50 INFO  BUY_FILLED TSLL phase=HOLDING
2026-05-09 03:46:55 INFO  BUY_FILLED TSLL phase=HOLDING
2026-05-09 03:47:01 INFO  BUY_FILLED TSLL phase=HOLDING
2026-05-09 03:47:06 INFO  BUY_FILLED TSLL phase=HOLDING
2026-05-09 03:47:11 INFO  BUY_FILLED TSLL phase=HOLDING
2026-05-09 03:47:16 INFO  BUY_FILLED TSLL phase=HOLDING
2026-05-09 03:47:21 INFO  BUY_FILLED TSLL phase=HOLDING
2026-05-09 03:47:26 INFO  BUY_FILLED TSLL phase=HOLDING
2026-05-09 03:47:31 INFO  BUY_FILLED TSLL phase=HOLDING
2026-05-09 03:47:36 INFO  BUY_FILLED TSLL phase=HOLDING
2026-05-09 03:47:41 INFO  BUY_FILLED TSLL phase=HOLDING
2026-05-09 03:47:46 INFO  BUY_FILLED TSLL phase=HOLDING
2026-05-09 03:47:51 INFO  BUY_FILLED TSLL phase=HOLDING
2026-05-09 03:47:57 INFO  BUY_FILLED TSLL phase=HOLDING
2026-05-09 03:48:02 INFO  BUY_FILLED TSLL phase=HOLDING
2026-05-09 03:48:07 INFO  BUY_FILLED TSLL phase=HOLDING
2026-05-09 03:48:12 INFO  BUY_FILLED TSLL phase=HOLDING
2026-05-09 03:48:17 INFO  BUY_FILLED TSLL phase=HOLDING
2026-05-09 03:48:22 INFO  BUY_FILLED TSLL phase=HOLDING
2026-05-09 03:48:27 INFO  BUY_FILLED TSLL phase=HOLDING
2026-05-09 03:48:32 INFO  BUY_FILLED TSLL phase=HOLDING
2026-05-09 03:48:37 INFO  BUY_FILLED TSLL phase=HOLDING
2026-05-09 03:48:42 INFO  BUY_FILLED TSLL phase=HOLDING
2026-05-09 03:48:47 INFO  BUY_FILLED TSLL phase=HOLDING
2026-05-09 03:48:52 INFO  BUY_FILLED TSLL phase=HOLDING
2026-05-09 03:48:58 INFO  BUY_FILLED TSLL phase=HOLDING
2026-05-09 03:48:58 INFO  SELL_EXECUTED [US] TSLL mode=BREAKOUT phase=EXITING exitType=TIMESTOP price=15.5916 qty=15 reason=TIME_STOP_SOFT pnl=-0.12% peakPnl=0.03% holdMs=300148 high=15.6150 avgPrice=15.6100 weightedPnl=-0.09% dailyPnl=-0.08%
2026-05-09 03:49:01 WARN  SELL_REJECTED TSLL reason=TIME_STOP_SOFT rolledBack=partialDone:false phase=HOLDING
2026-05-09 03:49:03 INFO  BUY_FILLED TSLL phase=HOLDING
2026-05-09 03:49:08 INFO  BUY_FILLED TSLL phase=HOLDING
2026-05-09 03:49:08 INFO  SELL_EXECUTED [US] TSLL mode=BREAKOUT phase=EXITING exitType=TIMESTOP price=15.6000 qty=15 reason=TIME_STOP_SOFT pnl=-0.06% peakPnl=0.03% holdMs=310343 high=15.6150 avgPrice=15.6100 weightedPnl=-0.05% dailyPnl=-0.04%
2026-05-09 03:49:08 WARN  SELL_REJECTED TSLL reason=TIME_STOP_SOFT rolledBack=partialDone:false phase=HOLDING
2026-05-09 03:49:13 INFO  BUY_FILLED TSLL phase=HOLDING
2026-05-09 03:49:18 INFO  BUY_FILLED TSLL phase=HOLDING
2026-05-09 03:52:06 WARN  BUY_SKIP [US] SOXL reason=AMOUNT_TOO_SMALL amount=300.0000 size=0.8000x price=175.1300
2026-05-09 03:58:07 INFO  BUY [US] NVDL mode=BREAKOUT price=108.0500 qty=2 size=0.8000x score=85(CONV) | WHY: strongBreakout retestOK multiUp vol(1.56x) | VWAP: 0.02%(ABOVE slope=UP) | TREND: score=3 vel=0.32%/0.18%/0.22% | VOL: 4923556.0000/3165680.8000 TO: 531990225.8000/341515041.6226 | entryNo=2
2026-05-09 03:58:08 INFO  BUY_FILLED NVDL phase=HOLDING
2026-05-09 03:58:12 INFO  BUY_FILLED NVDL phase=HOLDING
2026-05-09 03:58:17 INFO  BUY_FILLED NVDL phase=HOLDING
2026-05-09 03:58:22 INFO  BUY_FILLED NVDL phase=HOLDING
2026-05-09 03:58:28 INFO  BUY_FILLED NVDL phase=HOLDING
2026-05-09 03:58:33 INFO  BUY_FILLED NVDL phase=HOLDING
2026-05-09 03:58:38 INFO  BUY_FILLED NVDL phase=HOLDING
2026-05-09 03:58:43 INFO  BUY_FILLED NVDL phase=HOLDING
2026-05-09 03:58:48 INFO  BUY_FILLED NVDL phase=HOLDING
2026-05-09 03:58:53 INFO  BUY_FILLED NVDL phase=HOLDING
2026-05-09 03:58:58 INFO  BUY_FILLED NVDL phase=HOLDING
2026-05-09 03:59:03 INFO  BUY_FILLED NVDL phase=HOLDING
2026-05-09 03:59:08 INFO  BUY_FILLED NVDL phase=HOLDING
2026-05-09 03:59:13 INFO  BUY_FILLED NVDL phase=HOLDING
2026-05-09 03:59:18 INFO  BUY_FILLED NVDL phase=HOLDING
2026-05-09 03:59:23 INFO  BUY_FILLED NVDL phase=HOLDING
2026-05-09 03:59:29 INFO  BUY_FILLED NVDL phase=HOLDING
2026-05-09 03:59:34 INFO  BUY_FILLED NVDL phase=HOLDING
2026-05-09 03:59:39 INFO  BUY_FILLED NVDL phase=HOLDING
2026-05-09 03:59:44 INFO  BUY_FILLED NVDL phase=HOLDING
2026-05-09 03:59:49 INFO  BUY_FILLED NVDL phase=HOLDING
2026-05-09 03:59:54 INFO  BUY_FILLED NVDL phase=HOLDING
2026-05-09 03:59:59 INFO  BUY_FILLED NVDL phase=HOLDING
2026-05-09 04:00:04 INFO  BUY_FILLED NVDL phase=HOLDING
2026-05-09 04:00:09 INFO  BUY_FILLED NVDL phase=HOLDING
2026-05-09 04:00:14 INFO  BUY_FILLED NVDL phase=HOLDING
2026-05-09 04:00:19 INFO  BUY_FILLED NVDL phase=HOLDING
2026-05-09 04:00:24 INFO  BUY_FILLED NVDL phase=HOLDING
2026-05-09 04:00:30 INFO  BUY_FILLED NVDL phase=HOLDING
2026-05-09 04:00:35 INFO  BUY_FILLED NVDL phase=HOLDING
2026-05-09 04:00:40 INFO  BUY_FILLED NVDL phase=HOLDING
2026-05-09 04:00:45 INFO  BUY_FILLED NVDL phase=HOLDING
2026-05-09 04:00:50 INFO  BUY_FILLED NVDL phase=HOLDING
2026-05-09 04:00:55 INFO  BUY_FILLED NVDL phase=HOLDING
2026-05-09 04:01:00 INFO  BUY_FILLED NVDL phase=HOLDING
2026-05-09 04:01:05 INFO  BUY_FILLED NVDL phase=HOLDING
2026-05-09 04:01:10 INFO  BUY_FILLED NVDL phase=HOLDING
2026-05-09 04:01:15 INFO  BUY_FILLED NVDL phase=HOLDING
2026-05-09 04:01:20 INFO  BUY_FILLED NVDL phase=HOLDING
2026-05-09 04:01:26 INFO  BUY_FILLED NVDL phase=HOLDING
2026-05-09 04:01:31 INFO  BUY_FILLED NVDL phase=HOLDING
2026-05-09 04:01:36 INFO  BUY_FILLED NVDL phase=HOLDING
2026-05-09 04:01:41 INFO  BUY_FILLED NVDL phase=HOLDING
2026-05-09 04:01:51 INFO  BUY_FILLED NVDL phase=HOLDING
2026-05-09 04:01:56 INFO  BUY_FILLED NVDL phase=HOLDING
2026-05-09 04:02:01 INFO  BUY_FILLED NVDL phase=HOLDING
2026-05-09 04:02:06 INFO  BUY_FILLED NVDL phase=HOLDING
2026-05-09 04:02:11 INFO  BUY_FILLED NVDL phase=HOLDING
2026-05-09 04:02:16 INFO  BUY_FILLED NVDL phase=HOLDING
2026-05-09 04:02:21 INFO  BUY_FILLED NVDL phase=HOLDING
2026-05-09 04:02:27 INFO  BUY_FILLED NVDL phase=HOLDING
2026-05-09 04:02:32 INFO  BUY_FILLED NVDL phase=HOLDING
2026-05-09 04:02:37 INFO  BUY_FILLED NVDL phase=HOLDING
2026-05-09 04:02:42 INFO  BUY_FILLED NVDL phase=HOLDING
2026-05-09 04:02:47 INFO  BUY_FILLED NVDL phase=HOLDING
2026-05-09 04:02:52 INFO  BUY_FILLED NVDL phase=HOLDING
2026-05-09 04:02:57 INFO  BUY_FILLED NVDL phase=HOLDING
2026-05-09 04:03:02 INFO  BUY_FILLED NVDL phase=HOLDING
2026-05-09 04:03:07 INFO  BUY_FILLED NVDL phase=HOLDING
2026-05-09 04:03:12 INFO  BUY_FILLED NVDL phase=HOLDING
2026-05-09 04:03:12 INFO  SELL_EXECUTED [US] NVDL mode=BREAKOUT phase=EXITING exitType=TIMESTOP price=107.9399 qty=2 reason=TIME_STOP_SOFT pnl=-0.10% peakPnl=0.11% holdMs=304556 high=108.1700 avgPrice=108.0500 weightedPnl=-0.07% dailyPnl=-0.06%
2026-05-09 04:03:16 WARN  SELL_REJECTED NVDL reason=TIME_STOP_SOFT rolledBack=partialDone:false phase=HOLDING
2026-05-09 04:03:18 INFO  BUY_FILLED NVDL phase=HOLDING
2026-05-09 04:03:23 INFO  BUY_FILLED NVDL phase=HOLDING
2026-05-09 04:03:23 INFO  SELL_EXECUTED [US] NVDL mode=BREAKOUT phase=EXITING exitType=TIMESTOP price=107.9799 qty=2 reason=TIME_STOP_SOFT pnl=-0.06% peakPnl=0.11% holdMs=314797 high=108.1700 avgPrice=108.0500 weightedPnl=-0.05% dailyPnl=-0.03%
2026-05-09 04:03:23 WARN  SELL_REJECTED NVDL reason=null rolledBack=partialDone:false phase=NONE
2026-05-09 04:06:06 WARN  BUY_SKIP [US] SOXL reason=AMOUNT_TOO_SMALL amount=300.0000 size=0.8000x price=175.6300
2026-05-09 04:08:08 WARN  BUY_SKIP [US] META reason=AMOUNT_TOO_SMALL amount=300.0000 size=0.8000x price=610.0400
2026-05-09 04:08:23 WARN  BUY_SKIP [US] META reason=AMOUNT_TOO_SMALL amount=300.0000 size=0.8000x price=610.1500
2026-05-09 04:18:08 WARN  BUY_SKIP [US] META reason=AMOUNT_TOO_SMALL amount=300.0000 size=1.0000x price=609.9400
2026-05-09 04:18:23 WARN  BUY_SKIP [US] META reason=AMOUNT_TOO_SMALL amount=300.0000 size=1.0000x price=609.9200
2026-05-09 04:27:07 WARN  BUY_SKIP [US] META reason=AMOUNT_TOO_SMALL amount=300.0000 size=0.8000x price=610.3100
2026-05-09 04:29:09 INFO  BUY [US] AMZU mode=VOLUME_BREAKOUT price=45.2700 qty=6 size=1.0000x score=95(CONV) | WHY: strongBreakout volBreakout retestOK multiUp vol(10.00x) | VWAP: 0.30%(ABOVE slope=UP) | TREND: score=3 vel=0.10%/0.09%/0.16% | VOL: 885160.0000/88515.4000 TO: 40071281.7160/3999771.7918 | entryNo=1
2026-05-09 04:29:11 INFO  BUY_FILLED AMZU phase=HOLDING
2026-05-09 04:29:14 INFO  BUY_FILLED AMZU phase=HOLDING
2026-05-09 04:29:19 INFO  BUY_FILLED AMZU phase=HOLDING
2026-05-09 04:29:24 INFO  BUY_FILLED AMZU phase=HOLDING
2026-05-09 04:29:29 INFO  BUY_FILLED AMZU phase=HOLDING
2026-05-09 04:29:34 INFO  BUY_FILLED AMZU phase=HOLDING
2026-05-09 04:29:40 INFO  BUY_FILLED AMZU phase=HOLDING
2026-05-09 04:29:45 INFO  BUY_FILLED AMZU phase=HOLDING
2026-05-09 04:29:50 INFO  BUY_FILLED AMZU phase=HOLDING
2026-05-09 04:29:55 INFO  BUY_FILLED AMZU phase=HOLDING
2026-05-09 04:30:00 INFO  BUY_FILLED AMZU phase=HOLDING
2026-05-09 04:30:05 INFO  BUY_FILLED AMZU phase=HOLDING
2026-05-09 04:30:10 INFO  BUY_FILLED AMZU phase=HOLDING
2026-05-09 04:30:15 INFO  BUY_FILLED AMZU phase=HOLDING
2026-05-09 04:30:20 INFO  BUY_FILLED AMZU phase=HOLDING
2026-05-09 04:30:25 INFO  BUY_FILLED AMZU phase=HOLDING
2026-05-09 04:30:30 INFO  BUY_FILLED AMZU phase=HOLDING
2026-05-09 04:30:36 INFO  BUY_FILLED AMZU phase=HOLDING
2026-05-09 04:30:41 INFO  BUY_FILLED AMZU phase=HOLDING
2026-05-09 04:30:46 INFO  BUY_FILLED AMZU phase=HOLDING
2026-05-09 04:30:51 INFO  BUY_FILLED AMZU phase=HOLDING
2026-05-09 04:30:56 INFO  BUY_FILLED AMZU phase=HOLDING
2026-05-09 04:31:01 INFO  BUY_FILLED AMZU phase=HOLDING
2026-05-09 04:31:06 INFO  BUY_FILLED AMZU phase=HOLDING
2026-05-09 04:31:11 INFO  BUY_FILLED AMZU phase=HOLDING
2026-05-09 04:31:16 INFO  BUY_FILLED AMZU phase=HOLDING
2026-05-09 04:31:21 INFO  BUY_FILLED AMZU phase=HOLDING
2026-05-09 04:31:26 INFO  BUY_FILLED AMZU phase=HOLDING
2026-05-09 04:31:31 INFO  BUY_FILLED AMZU phase=HOLDING
2026-05-09 04:31:37 INFO  BUY_FILLED AMZU phase=HOLDING
2026-05-09 04:31:42 INFO  BUY_FILLED AMZU phase=HOLDING
2026-05-09 04:31:47 INFO  BUY_FILLED AMZU phase=HOLDING
2026-05-09 04:31:57 INFO  BUY_FILLED AMZU phase=HOLDING
2026-05-09 04:32:02 INFO  BUY_FILLED AMZU phase=HOLDING
2026-05-09 04:32:07 INFO  BUY_FILLED AMZU phase=HOLDING
2026-05-09 04:32:07 WARN  BUY_SKIP [US] META reason=AMOUNT_TOO_SMALL amount=300.0000 size=1.0000x price=610.6200
2026-05-09 04:32:12 INFO  BUY_FILLED AMZU phase=HOLDING
2026-05-09 04:32:17 INFO  BUY_FILLED AMZU phase=HOLDING
2026-05-09 04:32:22 INFO  BUY_FILLED AMZU phase=HOLDING
2026-05-09 04:32:23 WARN  BUY_SKIP [US] META reason=AMOUNT_TOO_SMALL amount=300.0000 size=1.0000x price=610.7300
2026-05-09 04:32:27 INFO  BUY_FILLED AMZU phase=HOLDING
2026-05-09 04:32:33 INFO  BUY_FILLED AMZU phase=HOLDING
2026-05-09 04:32:38 INFO  BUY_FILLED AMZU phase=HOLDING
2026-05-09 04:32:43 INFO  BUY_FILLED AMZU phase=HOLDING
2026-05-09 04:32:48 INFO  BUY_FILLED AMZU phase=HOLDING
2026-05-09 04:32:53 INFO  BUY_FILLED AMZU phase=HOLDING
2026-05-09 04:32:58 INFO  BUY_FILLED AMZU phase=HOLDING
2026-05-09 04:33:03 INFO  BUY_FILLED AMZU phase=HOLDING
2026-05-09 04:33:08 INFO  BUY_FILLED AMZU phase=HOLDING
2026-05-09 04:33:13 INFO  BUY_FILLED AMZU phase=HOLDING
2026-05-09 04:33:18 INFO  BUY_FILLED AMZU phase=HOLDING
2026-05-09 04:33:23 INFO  BUY_FILLED AMZU phase=HOLDING
2026-05-09 04:33:29 INFO  BUY_FILLED AMZU phase=HOLDING
2026-05-09 04:33:34 INFO  BUY_FILLED AMZU phase=HOLDING
2026-05-09 04:33:39 INFO  BUY_FILLED AMZU phase=HOLDING
2026-05-09 04:33:44 INFO  BUY_FILLED AMZU phase=HOLDING
2026-05-09 04:33:49 INFO  BUY_FILLED AMZU phase=HOLDING
2026-05-09 04:33:54 INFO  BUY_FILLED AMZU phase=HOLDING
2026-05-09 04:34:04 INFO  BUY_FILLED AMZU phase=HOLDING
2026-05-09 04:34:09 INFO  BUY_FILLED AMZU phase=HOLDING
2026-05-09 04:34:14 INFO  BUY_FILLED AMZU phase=HOLDING
2026-05-09 04:34:20 INFO  BUY_FILLED AMZU phase=HOLDING
2026-05-09 04:34:25 INFO  BUY_FILLED AMZU phase=HOLDING
2026-05-09 04:34:30 INFO  BUY_FILLED AMZU phase=HOLDING
2026-05-09 04:34:35 INFO  BUY_FILLED AMZU phase=HOLDING
2026-05-09 04:34:40 INFO  BUY_FILLED AMZU phase=HOLDING
2026-05-09 04:34:45 INFO  BUY_FILLED AMZU phase=HOLDING
2026-05-09 04:34:50 INFO  BUY_FILLED AMZU phase=HOLDING
2026-05-09 04:34:55 INFO  BUY_FILLED AMZU phase=HOLDING
2026-05-09 04:35:00 INFO  BUY_FILLED AMZU phase=HOLDING
2026-05-09 04:35:05 INFO  BUY_FILLED AMZU phase=HOLDING
2026-05-09 04:35:10 INFO  BUY_FILLED AMZU phase=HOLDING
2026-05-09 04:35:15 INFO  BUY_FILLED AMZU phase=HOLDING
2026-05-09 04:35:20 INFO  BUY_FILLED AMZU phase=HOLDING
2026-05-09 04:35:26 INFO  BUY_FILLED AMZU phase=HOLDING
2026-05-09 04:35:31 INFO  BUY_FILLED AMZU phase=HOLDING
2026-05-09 04:35:36 INFO  BUY_FILLED AMZU phase=HOLDING
2026-05-09 04:35:41 INFO  BUY_FILLED AMZU phase=HOLDING
2026-05-09 04:35:46 INFO  BUY_FILLED AMZU phase=HOLDING
2026-05-09 04:35:51 INFO  BUY_FILLED AMZU phase=HOLDING
2026-05-09 04:35:56 INFO  BUY_FILLED AMZU phase=HOLDING
2026-05-09 04:36:01 INFO  BUY_FILLED AMZU phase=HOLDING
2026-05-09 04:36:06 INFO  BUY_FILLED AMZU phase=HOLDING
2026-05-09 04:36:11 INFO  BUY_FILLED AMZU phase=HOLDING
2026-05-09 04:36:17 INFO  BUY_FILLED AMZU phase=HOLDING
2026-05-09 04:36:22 INFO  BUY_FILLED AMZU phase=HOLDING
2026-05-09 04:36:27 INFO  BUY_FILLED AMZU phase=HOLDING
2026-05-09 04:36:32 INFO  BUY_FILLED AMZU phase=HOLDING
2026-05-09 04:36:32 INFO  SELL_EXECUTED [US] AMZU mode=VOLUME_BREAKOUT phase=EXITING exitType=TIMESTOP price=45.2659 qty=6 reason=TIME_STOP_SOFT pnl=-0.01% peakPnl=0.12% holdMs=440693 high=45.3250 avgPrice=45.2700 weightedPnl=-0.01% dailyPnl=0.01%
2026-05-09 04:36:35 WARN  SELL_REJECTED AMZU reason=TIME_STOP_SOFT rolledBack=partialDone:false phase=HOLDING
2026-05-09 04:36:37 INFO  BUY_FILLED AMZU phase=HOLDING
2026-05-09 04:36:42 INFO  BUY_FILLED AMZU phase=HOLDING
2026-05-09 04:36:42 INFO  SELL_EXECUTED [US] AMZU mode=VOLUME_BREAKOUT phase=EXITING exitType=TIMESTOP price=45.2600 qty=6 reason=TIME_STOP_SOFT pnl=-0.02% peakPnl=0.12% holdMs=450957 high=45.3250 avgPrice=45.2700 weightedPnl=-0.02% dailyPnl=-0.01%
2026-05-09 04:36:42 WARN  SELL_REJECTED AMZU reason=TIME_STOP_SOFT rolledBack=partialDone:false phase=HOLDING
2026-05-09 04:36:47 INFO  BUY_FILLED AMZU phase=HOLDING
2026-05-09 04:36:47 INFO  SELL_EXECUTED [US] AMZU mode=VOLUME_BREAKOUT phase=EXITING exitType=TIMESTOP price=45.2600 qty=6 reason=TIME_STOP_SOFT pnl=-0.02% peakPnl=0.12% holdMs=456203 high=45.3250 avgPrice=45.2700 weightedPnl=-0.02% dailyPnl=-0.01%
2026-05-09 04:36:52 INFO  BUY_FILLED AMZU phase=HOLDING
2026-05-09 04:36:57 INFO  BUY_FILLED AMZU phase=HOLDING
2026-05-09 04:37:03 INFO  BUY_FILLED AMZU phase=HOLDING
2026-05-09 04:37:03 WARN  SELL pending timeout cleared for AMZU
2026-05-09 04:37:03 INFO  SELL_EXECUTED [US] AMZU mode=VOLUME_BREAKOUT phase=EXITING exitType=TIMESTOP price=45.2600 qty=6 reason=TIME_STOP_SOFT pnl=-0.02% peakPnl=0.12% holdMs=471415 high=45.3250 avgPrice=45.2700 weightedPnl=-0.02% dailyPnl=-0.01%
2026-05-09 04:37:08 INFO  BUY_FILLED AMZU phase=HOLDING
2026-05-09 04:37:13 INFO  BUY_FILLED AMZU phase=HOLDING
2026-05-09 04:37:18 INFO  BUY_FILLED AMZU phase=HOLDING
2026-05-09 04:37:18 WARN  SELL pending timeout cleared for AMZU
2026-05-09 04:37:18 INFO  SELL_EXECUTED [US] AMZU mode=VOLUME_BREAKOUT phase=EXITING exitType=TIMESTOP price=45.2600 qty=6 reason=TIME_STOP_SOFT pnl=-0.02% peakPnl=0.12% holdMs=486681 high=45.3250 avgPrice=45.2700 weightedPnl=-0.02% dailyPnl=-0.01%
2026-05-09 04:37:18 WARN  SELL_REJECTED AMZU reason=TIME_STOP_SOFT rolledBack=partialDone:false phase=HOLDING
2026-05-09 04:37:23 INFO  BUY_FILLED AMZU phase=HOLDING
2026-05-09 04:37:23 INFO  SELL_EXECUTED [US] AMZU mode=VOLUME_BREAKOUT phase=EXITING exitType=TIMESTOP price=45.2600 qty=6 reason=TIME_STOP_SOFT pnl=-0.02% peakPnl=0.12% holdMs=492001 high=45.3250 avgPrice=45.2700 weightedPnl=-0.02% dailyPnl=-0.01%
2026-05-09 04:39:05 WARN  BUY_SKIP [US] SOXL reason=AMOUNT_TOO_SMALL amount=300.0000 size=1.0000x price=175.7900
2026-05-09 04:43:09 WARN  BUY_SKIP [US] SOXL reason=AMOUNT_TOO_SMALL amount=300.0000 size=1.0000x price=176.1200
2026-05-09 04:48:09 WARN  BUY_SKIP [US] META reason=AMOUNT_TOO_SMALL amount=300.0000 size=0.8000x price=610.8400
2026-05-09 04:59:22 WARN  BUY_SKIP [US] SOXL reason=AMOUNT_TOO_SMALL amount=300.0000 size=1.0000x price=177.3300
2026-05-09 05:06:08 INFO  BUY [US] SMCX mode=BREAKOUT price=18.3200 qty=13 size=0.8000x score=85(CONV) | WHY: strongBreakout retestOK multiUp vol(1.56x) | VWAP: 2.55%(ABOVE slope=UP) | TREND: score=3 vel=0.46%/0.73%/0.51% | VOL: 2313190.0000/1485291.9500 TO: 42385736.9650/26858174.3918 | entryNo=2
2026-05-09 05:30:24 WARN  BUY_SKIP [US] SOXL reason=AMOUNT_TOO_SMALL amount=300.0000 size=0.8000x price=177.4500
2026-05-09 05:47:06 INFO  BUY [US] NFLX mode=VOLUME_BREAKOUT price=87.5500 qty=2 size=0.8000x score=82(CONV) | WHY: strongBreakout volBreakout retestOK multiUp vol(2.23x) | VWAP: 0.05%(ABOVE slope=UP) | TREND: score=2 vel=0.03%/0.03%/0.00% | VOL: 51947734.0000/23247469.4000 TO: 4550621498.4000/2035509118.9126 | entryNo=2
2026-05-09 06:32:08 WARN  BUY_SKIP [US] SOXL reason=AMOUNT_TOO_SMALL amount=300.0000 size=1.0000x price=177.1400
2026-05-09 06:32:23 WARN  BUY_SKIP [US] SOXL reason=AMOUNT_TOO_SMALL amount=300.0000 size=1.0000x price=177.1800
2026-05-09 06:36:22 WARN  BUY_SKIP [US] SOXL reason=AMOUNT_TOO_SMALL amount=300.0000 size=1.0000x price=177.4000
2026-05-09 06:45:06 WARN  BUY_SKIP [US] SOXL reason=AMOUNT_TOO_SMALL amount=300.0000 size=1.0000x price=177.6200
2026-05-09 06:45:21 WARN  BUY_SKIP [US] SOXL reason=AMOUNT_TOO_SMALL amount=300.0000 size=1.0000x price=177.6700
2026-05-09 07:00:06 WARN  BUY_SKIP [US] SOXL reason=AMOUNT_TOO_SMALL amount=300.0000 size=0.8000x price=178.0700
2026-05-09 07:01:07 WARN  BUY_SKIP [US] SOXL reason=AMOUNT_TOO_SMALL amount=300.0000 size=0.8000x price=178.1800
2026-05-09 07:01:22 WARN  BUY_SKIP [US] SOXL reason=AMOUNT_TOO_SMALL amount=300.0000 size=0.8000x price=178.1400
2026-05-09 07:02:08 WARN  BUY_SKIP [US] SOXL reason=AMOUNT_TOO_SMALL amount=300.0000 size=0.8000x price=178.1500
2026-05-09 07:10:07 INFO  BUY [US] TSLQ mode=BREAKOUT price=17.6200 qty=13 size=0.8000x score=85(CONV) | WHY: strongBreakout retestOK multiUp vol(1.54x) | VWAP: 0.01%(ABOVE slope=UP) | TREND: score=3 vel=0.11%/0.11%/0.11% | VOL: 10744439.0000/6978144.9000 TO: 189317015.1800/122859741.2420 | entryNo=2
2026-05-09 07:19:06 WARN  BUY_SKIP [US] SOXL reason=AMOUNT_TOO_SMALL amount=300.0000 size=1.0000x price=178.8800
2026-05-09 08:09:07 WARN  BUY_SKIP [US] META reason=AMOUNT_TOO_SMALL amount=300.0000 size=1.0000x price=609.3300
2026-05-09 08:09:23 WARN  BUY_SKIP [US] META reason=AMOUNT_TOO_SMALL amount=300.0000 size=1.0000x price=609.3000
2026-05-09 08:15:08 INFO  BUY [US] AAPU mode=VOLUME_BREAKOUT price=36.9700 qty=8 size=1.0000x score=90(CONV) | WHY: strongBreakout volBreakout retestOK multiUp vol(4.00x) | VWAP: 0.33%(ABOVE slope=UP) | TREND: score=2 vel=0.41%/0.41%/0.00% | VOL: 1773827.0000/443433.7000 TO: 65578384.1900/16353835.0770 | entryNo=2
2026-05-09 08:35:09 WARN  BUY_SKIP [US] META reason=AMOUNT_TOO_SMALL amount=300.0000 size=0.8000x price=609.2100
2026-05-09 08:43:08 WARN  BUY_SKIP [US] META reason=AMOUNT_TOO_SMALL amount=300.0000 size=0.8000x price=609.8500
2026-05-09 08:51:06 WARN  BUY_SKIP [US] SOXL reason=AMOUNT_TOO_SMALL amount=300.0000 size=0.8000x price=178.9500
2026-05-09 08:51:21 WARN  BUY_SKIP [US] SOXL reason=AMOUNT_TOO_SMALL amount=300.0000 size=0.8000x price=178.9300
2026-05-09 08:59:09 WARN  BUY_SKIP [US] META reason=AMOUNT_TOO_SMALL amount=300.0000 size=1.0000x price=609.7500
2026-05-09 08:59:24 WARN  BUY_SKIP [US] META reason=AMOUNT_TOO_SMALL amount=300.0000 size=1.0000x price=609.7500
