2026-06-26 09:46:31 INFO  BUY amount set for 005935: 10000000.00
2026-06-26 09:46:31 INFO  BUY [KRX] 005935 mode=BREAKOUT price=139500.0000 qty=71 size=1.0000x score=85[A](CONV) | WHY: strongBreakout volBreakout retestOK multiUp vol(4.77x) | VWAP: 0.62%(ABOVE slope=UP) allowedGap=1.50% | TREND: score=3 vel=0.22%/0.18%/0.22% accel=true | VOL: 46288.0000/9706.8500 TO: 6457176000.0000/1351788850.0000 | HIGH: 139600.0000 fromHigh=-0.07% | entryNo=1
2026-06-26 09:46:31 INFO  BUY_FILLED 005935 phase=HOLDING
2026-06-26 09:46:31 INFO  SELL [EOD_FORCE_SELL] 005935 pnl=0.07% time=15:30
2026-06-26 09:46:31 INFO  SELL_EXECUTED [KRX] 005935 mode=BREAKOUT phase=EXITING exitType=TIMESTOP price=139600.0000 qty=71 reason=EOD_FORCE_SELL pnl=0.07% peakPnl=0.72% holdMs=8280000 high=140500.0000 avgPrice=139500.0000 weightedPnl=0.07% (pending fill)
2026-06-26 09:46:31 INFO  SELL_FILLED_PNL 005935 reason=EOD_FORCE_SELL filledQty=71/71 fillRatio=1.00 weightedPnl=0.07% dailyPnl=0.07%
2026-06-26 09:46:31 INFO  SELL_FILLED 005935 reason=EOD_FORCE_SELL remainingQty=0 phase=NONE exitType=TIMESTOP
2026-06-26 09:46:31 INFO  BUY [KRX] 005935 mode=BREAKOUT price=140500.0000 qty=71 size=1.0000x score=85[A](CONV) | WHY: strongBreakout volBreakout retestOK multiUp vol(5.88x) | VWAP: 0.44%(ABOVE slope=UP) allowedGap=1.50% | TREND: score=3 vel=0.21%/0.14%/0.21% accel=true | VOL: 56553.0000/9617.4000 TO: 7945696500.0000/1348340445.0000 | HIGH: 140500.0000 fromHigh=0.00% | entryNo=1
2026-06-26 09:46:31 INFO  BUY_FILLED 005935 phase=HOLDING
2026-06-26 09:46:31 INFO  SELL [EOD_FORCE_SELL] 005935 pnl=-0.07% time=15:30
2026-06-26 09:46:31 INFO  SELL_EXECUTED [KRX] 005935 mode=BREAKOUT phase=EXITING exitType=TIMESTOP price=140400.0000 qty=71 reason=EOD_FORCE_SELL pnl=-0.07% peakPnl=0.36% holdMs=19620000 high=141000.0000 avgPrice=140500.0000 weightedPnl=-0.07% (pending fill)
2026-06-26 09:46:31 INFO  SELL_FILLED_PNL 005935 reason=EOD_FORCE_SELL filledQty=71/71 fillRatio=1.00 weightedPnl=-0.07% dailyPnl=-0.07%
2026-06-26 09:46:31 INFO  SELL_FILLED 005935 reason=EOD_FORCE_SELL remainingQty=0 phase=NONE exitType=TIMESTOP
2026-06-26 09:46:33 INFO  BUY amount set for 005930: 10000000.00
2026-06-26 09:46:35 INFO  BUY amount set for 047040: 10000000.00
2026-06-26 09:46:35 INFO  BUY [KRX] 047040 mode=VWAP_RECLAIM price=27900.0000 qty=358 size=1.0000x score=70[D] | WHY: dayChg=-2.45% vrScore=87 aboveBars=12 hadBelow=true vol/vol5=2.69x | VWAP: 0.70%(ABOVE slope=DN) allowedGap=3.00% | TREND: score=3 vel=0.54%/0.36%/0.36% accel=true | VOL: 47727.0000/21200.6500 TO: 1331583300.0000/589083025.0000 | HIGH: 27900.0000 fromHigh=0.00% | VR: score=87 aboveBars=12 hadBelow=true vol/vol5=2.69x | entryNo=1
2026-06-26 09:46:35 INFO  BUY_FILLED 047040 phase=HOLDING
2026-06-26 09:46:35 INFO  SELL_EXECUTED [KRX] 047040 mode=VWAP_RECLAIM phase=EXITING exitType=PROFIT price=28550.0000 qty=358 reason=TAKE_PROFIT_VWAP_RECLAIM pnl=2.33% peakPnl=2.33% holdMs=7440000 high=28550.0000 avgPrice=27900.0000 weightedPnl=2.33% (pending fill)
2026-06-26 09:46:35 INFO  SELL_FILLED_PNL 047040 reason=TAKE_PROFIT_VWAP_RECLAIM filledQty=358/358 fillRatio=1.00 weightedPnl=2.33% dailyPnl=2.33%
2026-06-26 09:46:35 INFO  SELL_FILLED 047040 reason=TAKE_PROFIT_VWAP_RECLAIM remainingQty=0 phase=NONE exitType=PROFIT
2026-06-26 09:46:37 INFO  BUY amount set for 010170: 10000000.00
2026-06-26 09:46:38 INFO  BUY amount set for 067310: 10000000.00
2026-06-26 09:46:38 INFO  BUY [KRX] 067310 mode=BREAKOUT price=30200.0000 qty=331 size=1.0000x score=85[A](CONV) | WHY: strongBreakout volBreakout retestOK multiUp vol(7.98x) | VWAP: 0.46%(ABOVE slope=UP) allowedGap=1.50% | TREND: score=3 vel=0.33%/0.17%/0.33% accel=true | VOL: 13489.0000/1690.9500 TO: 407367800.0000/50964987.5000 | HIGH: 30200.0000 fromHigh=0.00% | entryNo=1
2026-06-26 09:46:38 INFO  BUY_FILLED 067310 phase=HOLDING
2026-06-26 09:46:38 INFO  SELL [EOD_FORCE_SELL] 067310 pnl=0.83% time=15:30
2026-06-26 09:46:38 INFO  SELL_EXECUTED [KRX] 067310 mode=BREAKOUT phase=EXITING exitType=TIMESTOP price=30450.0000 qty=331 reason=EOD_FORCE_SELL pnl=0.83% peakPnl=1.49% holdMs=8340000 high=30650.0000 avgPrice=30200.0000 weightedPnl=0.83% (pending fill)
2026-06-26 09:46:38 INFO  SELL_FILLED_PNL 067310 reason=EOD_FORCE_SELL filledQty=331/331 fillRatio=1.00 weightedPnl=0.83% dailyPnl=0.83%
2026-06-26 09:46:38 INFO  SELL_FILLED 067310 reason=EOD_FORCE_SELL remainingQty=0 phase=NONE exitType=TIMESTOP
2026-06-26 09:46:39 INFO  BUY [KRX] 067310 mode=VWAP_RECLAIM price=43050.0000 qty=232 size=1.0000x score=60[D] | WHY: dayChg=6.82% vrScore=87 aboveBars=6 hadBelow=true vol/vol5=2.28x | VWAP: 1.26%(ABOVE slope=DN) allowedGap=3.00% | TREND: score=3 vel=0.58%/0.47%/0.70% accel=true | VOL: 10679.0000/4226.4500 TO: 459730950.0000/179703430.0000 | HIGH: 43100.0000 fromHigh=-0.12% | VR: score=87 aboveBars=6 hadBelow=true vol/vol5=2.28x | entryNo=1
2026-06-26 09:46:39 INFO  BUY_FILLED 067310 phase=HOLDING
2026-06-26 09:46:39 INFO  SELL_EXECUTED [KRX] 067310 mode=VWAP_RECLAIM phase=EXITING exitType=PROFIT price=44200.0000 qty=232 reason=TAKE_PROFIT_VWAP_RECLAIM pnl=2.67% peakPnl=2.67% holdMs=600000 high=44200.0000 avgPrice=43050.0000 weightedPnl=2.67% (pending fill)
2026-06-26 09:46:39 INFO  SELL_FILLED_PNL 067310 reason=TAKE_PROFIT_VWAP_RECLAIM filledQty=232/232 fillRatio=1.00 weightedPnl=2.67% dailyPnl=2.67%
2026-06-26 09:46:39 INFO  SELL_FILLED 067310 reason=TAKE_PROFIT_VWAP_RECLAIM remainingQty=0 phase=NONE exitType=PROFIT
2026-06-26 09:46:40 INFO  BUY amount set for 036930: 10000000.00
2026-06-26 09:46:41 INFO  BUY amount set for 000660: 10000000.00
2026-06-26 09:46:42 INFO  BUY [KRX] 000660 mode=BREAKOUT price=880000.0000 qty=9 size=0.8000x score=85[A](CONV) | WHY: strongBreakout volBreakout retestOK multiUp vol(2.26x) | VWAP: 1.13%(ABOVE slope=UP) allowedGap=1.50% | TREND: score=3 vel=0.46%/0.34%/0.57% accel=true | VOL: 33855.0000/14992.3000 TO: 29792400000.0000/13105070175.0000 | HIGH: 880000.0000 fromHigh=0.00% | entryNo=1
2026-06-26 09:46:42 INFO  BUY_FILLED 000660 phase=HOLDING
2026-06-26 09:46:42 INFO  SELL_EXECUTED [KRX] 000660 mode=BREAKOUT phase=EXITING exitType=PROFIT price=898000.0000 qty=9 reason=TAKE_PROFIT_BREAKOUT pnl=2.05% peakPnl=2.05% holdMs=14460000 high=898000.0000 avgPrice=880000.0000 weightedPnl=1.62% (pending fill)
2026-06-26 09:46:42 INFO  SELL_FILLED_PNL 000660 reason=TAKE_PROFIT_BREAKOUT filledQty=9/9 fillRatio=1.00 weightedPnl=1.62% dailyPnl=1.62%
2026-06-26 09:46:42 INFO  SELL_FILLED 000660 reason=TAKE_PROFIT_BREAKOUT remainingQty=0 phase=NONE exitType=PROFIT
2026-06-26 09:46:42 INFO  BUY [KRX] 000660 mode=BREAKOUT price=881000.0000 qty=11 size=1.0000x score=85[A](CONV) | WHY: strongBreakout volBreakout retestOK multiUp vol(3.11x) | VWAP: 1.15%(ABOVE slope=UP) allowedGap=1.50% | TREND: score=3 vel=0.34%/0.28%/0.34% accel=true | VOL: 13744.0000/4419.6000 TO: 12108464000.0000/3876682050.0000 | HIGH: 882000.0000 fromHigh=-0.11% | entryNo=1
2026-06-26 09:46:42 INFO  BUY_FILLED 000660 phase=HOLDING
2026-06-26 09:46:42 INFO  SELL [EOD_FORCE_SELL] 000660 pnl=-0.57% time=15:30
2026-06-26 09:46:42 INFO  SELL_EXECUTED [KRX] 000660 mode=BREAKOUT phase=EXITING exitType=TIMESTOP price=876000.0000 qty=11 reason=EOD_FORCE_SELL pnl=-0.57% peakPnl=0.45% holdMs=8640000 high=885000.0000 avgPrice=881000.0000 weightedPnl=-0.55% (pending fill)
2026-06-26 09:46:42 INFO  SELL_FILLED_PNL 000660 reason=EOD_FORCE_SELL filledQty=11/11 fillRatio=1.00 weightedPnl=-0.55% dailyPnl=-0.55%
2026-06-26 09:46:42 INFO  SELL_FILLED 000660 reason=EOD_FORCE_SELL remainingQty=0 phase=NONE exitType=TIMESTOP
2026-06-26 09:46:43 INFO  BUY amount set for 006340: 10000000.00
2026-06-26 09:46:44 INFO  BUY [KRX] 006340 mode=BREAKOUT price=11100.0000 qty=900 size=1.0000x score=85[A](CONV) | WHY: strongBreakout volBreakout retestOK multiUp vol(4.76x) | VWAP: 1.08%(ABOVE slope=UP) allowedGap=1.50% | TREND: score=3 vel=0.72%/0.54%/0.72% accel=true | VOL: 14510.0000/3045.2000 TO: 161351200.0000/33690868.5000 | HIGH: 11120.0000 fromHigh=0.00% | entryNo=1
2026-06-26 09:46:44 INFO  BUY_FILLED 006340 phase=HOLDING
2026-06-26 09:46:44 INFO  SELL_EXECUTED [KRX] 006340 mode=BREAKOUT phase=EXITING exitType=VWAP_BREAK price=10930.0000 qty=900 reason=VWAP_BREAK pnl=-1.71% peakPnl=0.72% holdMs=6060000 high=11200.0000 avgPrice=11120.0000 weightedPnl=-1.71% (pending fill)
2026-06-26 09:46:44 INFO  SELL_FILLED_PNL 006340 reason=VWAP_BREAK filledQty=900/900 fillRatio=1.00 weightedPnl=-1.71% dailyPnl=-1.71%
2026-06-26 09:46:44 INFO  SELL_FILLED 006340 reason=VWAP_BREAK remainingQty=0 phase=NONE exitType=VWAP_BREAK
2026-06-26 09:46:45 INFO  BUY amount set for 001740: 10000000.00
2026-06-26 09:46:46 INFO  BUY amount set for 440110: 10000000.00
2026-06-26 09:46:46 INFO  BUY [KRX] 440110 mode=VWAP_RECLAIM price=49750.0000 qty=201 size=1.0000x score=70[D] | WHY: dayChg=0.71% vrScore=88 aboveBars=9 hadBelow=true vol/vol5=2.23x | VWAP: 0.84%(ABOVE slope=DN) allowedGap=3.00% | TREND: score=3 vel=0.71%/0.51%/0.71% accel=true | VOL: 7563.0000/2797.6500 TO: 376259250.0000/138173642.5000 | HIGH: 49800.0000 fromHigh=-0.10% | VR: score=88 aboveBars=9 hadBelow=true vol/vol5=2.23x | entryNo=1
2026-06-26 09:46:46 INFO  BUY_FILLED 440110 phase=HOLDING
2026-06-26 09:46:46 INFO  SELL_EXECUTED [KRX] 440110 mode=VWAP_RECLAIM phase=EXITING exitType=PROFIT price=50900.0000 qty=201 reason=TAKE_PROFIT_VWAP_RECLAIM pnl=2.31% peakPnl=2.31% holdMs=360000 high=50900.0000 avgPrice=49750.0000 weightedPnl=2.31% (pending fill)
2026-06-26 09:46:46 INFO  SELL_FILLED_PNL 440110 reason=TAKE_PROFIT_VWAP_RECLAIM filledQty=201/201 fillRatio=1.00 weightedPnl=2.31% dailyPnl=2.31%
2026-06-26 09:46:46 INFO  SELL_FILLED 440110 reason=TAKE_PROFIT_VWAP_RECLAIM remainingQty=0 phase=NONE exitType=PROFIT
2026-06-26 09:46:48 INFO  BUY amount set for 001440: 10000000.00
2026-06-26 09:46:48 INFO  BUY [KRX] 001440 mode=BREAKOUT price=29750.0000 qty=336 size=1.0000x score=85[A](CONV) | WHY: strongBreakout volBreakout retestOK multiUp vol(7.68x) | VWAP: 1.11%(ABOVE slope=UP) allowedGap=1.50% | TREND: score=3 vel=0.34%/0.17%/0.42% accel=true | VOL: 36571.0000/4760.3500 TO: 1087987250.0000/141386440.0000 | HIGH: 29800.0000 fromHigh=-0.17% | entryNo=1
2026-06-26 09:46:48 INFO  BUY_FILLED 001440 phase=HOLDING
2026-06-26 09:46:48 INFO  SELL_EXECUTED [KRX] 001440 mode=BREAKOUT phase=EXITING exitType=PROFIT price=30400.0000 qty=336 reason=TAKE_PROFIT_BREAKOUT pnl=2.10% peakPnl=2.10% holdMs=8820000 high=30375.0000 avgPrice=29750.0000 weightedPnl=2.10% (pending fill)
2026-06-26 09:46:48 INFO  SELL_FILLED_PNL 001440 reason=TAKE_PROFIT_BREAKOUT filledQty=336/336 fillRatio=1.00 weightedPnl=2.10% dailyPnl=2.10%
2026-06-26 09:46:48 INFO  SELL_FILLED 001440 reason=TAKE_PROFIT_BREAKOUT remainingQty=0 phase=NONE exitType=PROFIT
2026-06-26 09:46:48 INFO  BUY [KRX] 001440 mode=BREAKOUT price=31950.0000 qty=312 size=1.0000x score=85[A](CONV) | WHY: strongBreakout volBreakout retestOK multiUp vol(3.57x) | VWAP: 0.89%(ABOVE slope=UP) allowedGap=1.50% | TREND: score=3 vel=0.47%/0.31%/0.63% accel=true | VOL: 21751.0000/6088.4000 TO: 694944450.0000/193667637.5000 | HIGH: 31950.0000 fromHigh=0.00% | entryNo=1
2026-06-26 09:46:48 INFO  BUY_FILLED 001440 phase=HOLDING
2026-06-26 09:46:48 INFO  SELL [EOD_FORCE_SELL] 001440 pnl=0.16% time=15:30
2026-06-26 09:46:48 INFO  SELL_EXECUTED [KRX] 001440 mode=BREAKOUT phase=EXITING exitType=TIMESTOP price=32000.0000 qty=312 reason=EOD_FORCE_SELL pnl=0.16% peakPnl=0.16% holdMs=7320000 high=32000.0000 avgPrice=31950.0000 weightedPnl=0.16% (pending fill)
2026-06-26 09:46:48 INFO  SELL_FILLED_PNL 001440 reason=EOD_FORCE_SELL filledQty=312/312 fillRatio=1.00 weightedPnl=0.16% dailyPnl=0.16%
2026-06-26 09:46:48 INFO  SELL_FILLED 001440 reason=EOD_FORCE_SELL remainingQty=0 phase=NONE exitType=TIMESTOP
2026-06-26 09:46:50 INFO  BUY amount set for 009155: 10000000.00
2026-06-26 09:46:51 INFO  BUY [KRX] 009155 mode=BREAKOUT price=631000.0000 qty=15 size=1.0000x score=85[A](CONV) | WHY: strongBreakout volBreakout retestOK multiUp vol(10.03x) | VWAP: 0.78%(ABOVE slope=UP) allowedGap=1.50% | TREND: score=3 vel=0.48%/0.32%/0.40% accel=true | VOL: 973.0000/97.0500 TO: 613963000.0000/61088850.0000 | HIGH: 632000.0000 fromHigh=-0.16% | entryNo=1
2026-06-26 09:46:51 INFO  BUY_FILLED 009155 phase=HOLDING
2026-06-26 09:46:51 INFO  SELL [EOD_FORCE_SELL] 009155 pnl=-0.48% time=15:30
2026-06-26 09:46:51 INFO  SELL_EXECUTED [KRX] 009155 mode=BREAKOUT phase=EXITING exitType=TIMESTOP price=628000.0000 qty=15 reason=EOD_FORCE_SELL pnl=-0.48% peakPnl=1.11% holdMs=10560000 high=638000.0000 avgPrice=631000.0000 weightedPnl=-0.45% (pending fill)
2026-06-26 09:46:51 INFO  SELL_FILLED_PNL 009155 reason=EOD_FORCE_SELL filledQty=15/15 fillRatio=1.00 weightedPnl=-0.45% dailyPnl=-0.45%
2026-06-26 09:46:51 INFO  SELL_FILLED 009155 reason=EOD_FORCE_SELL remainingQty=0 phase=NONE exitType=TIMESTOP
2026-06-26 09:46:51 INFO  BUY amount set for 353200: 10000000.00
2026-06-26 09:46:52 INFO  BUY [KRX] 353200 mode=VWAP_RECLAIM price=90000.0000 qty=111 size=1.0000x score=80[B] | WHY: dayChg=2.27% vrScore=88 aboveBars=9 hadBelow=true vol/vol5=2.30x | VWAP: 0.80%(ABOVE slope=UP) allowedGap=3.00% | TREND: score=3 vel=0.67%/0.56%/0.45% accel=true | VOL: 5995.0000/2155.2500 TO: 539550000.0000/192412720.0000 | HIGH: 90000.0000 fromHigh=0.00% | VR: score=88 aboveBars=9 hadBelow=true vol/vol5=2.30x | entryNo=1
2026-06-26 09:46:52 INFO  BUY_FILLED 353200 phase=HOLDING
2026-06-26 09:46:52 INFO  SELL_EXECUTED [KRX] 353200 mode=VWAP_RECLAIM phase=EXITING exitType=STOPLOSS price=89100.0000 qty=111 reason=STOP_LOSS_VWAP_RECLAIM pnl=-1.00% peakPnl=-0.22% holdMs=420000 high=89800.0000 avgPrice=90000.0000 weightedPnl=-1.00% (pending fill)
2026-06-26 09:46:52 INFO  SELL_FILLED_PNL 353200 reason=STOP_LOSS_VWAP_RECLAIM filledQty=111/111 fillRatio=1.00 weightedPnl=-1.00% dailyPnl=-1.00%
2026-06-26 09:46:52 INFO  SELL_FILLED 353200 reason=STOP_LOSS_VWAP_RECLAIM remainingQty=0 phase=NONE exitType=STOPLOSS
2026-06-26 09:46:53 INFO  BUY amount set for 402340: 10000000.00
2026-06-26 09:46:55 INFO  BUY amount set for 043260: 10000000.00
2026-06-26 09:46:56 INFO  BUY amount set for 002070: 10000000.00
2026-06-26 09:46:57 INFO  BUY amount set for 011070: 10000000.00
2026-06-26 09:46:57 INFO  BUY [KRX] 011070 mode=BREAKOUT price=588000.0000 qty=17 size=1.0000x score=85[A](CONV) | WHY: strongBreakout volBreakout retestOK multiUp vol(3.46x) | VWAP: 0.96%(ABOVE slope=UP) allowedGap=1.50% | TREND: score=3 vel=0.51%/0.34%/0.51% accel=true | VOL: 1730.0000/499.9500 TO: 1017240000.0000/292415900.0000 | HIGH: 588000.0000 fromHigh=0.00% | entryNo=1
2026-06-26 09:46:57 INFO  BUY_FILLED 011070 phase=HOLDING
2026-06-26 09:46:57 INFO  SELL [EOD_FORCE_SELL] 011070 pnl=0.68% time=15:30
2026-06-26 09:46:57 INFO  SELL_EXECUTED [KRX] 011070 mode=BREAKOUT phase=EXITING exitType=TIMESTOP price=592000.0000 qty=17 reason=EOD_FORCE_SELL pnl=0.68% peakPnl=1.19% holdMs=9960000 high=595000.0000 avgPrice=588000.0000 weightedPnl=0.68% (pending fill)
2026-06-26 09:46:57 INFO  SELL_FILLED_PNL 011070 reason=EOD_FORCE_SELL filledQty=17/17 fillRatio=1.00 weightedPnl=0.68% dailyPnl=0.68%
2026-06-26 09:46:57 INFO  SELL_FILLED 011070 reason=EOD_FORCE_SELL remainingQty=0 phase=NONE exitType=TIMESTOP
2026-06-26 09:46:58 INFO  BUY [KRX] 011070 mode=BREAKOUT price=708000.0000 qty=11 size=0.8000x score=85[A](CONV) | WHY: strongBreakout volBreakout retestOK multiUp vol(2.27x) | VWAP: 1.19%(ABOVE slope=UP) allowedGap=1.50% | TREND: score=3 vel=0.85%/0.71%/1.29% accel=true | VOL: 2327.0000/1025.0000 TO: 1647516000.0000/714715400.0000 | HIGH: 709000.0000 fromHigh=-0.14% | entryNo=1
2026-06-26 09:46:58 INFO  BUY_FILLED 011070 phase=HOLDING
2026-06-26 09:46:58 INFO  SELL_EXECUTED [KRX] 011070 mode=BREAKOUT phase=EXITING exitType=STOPLOSS price=698000.0000 qty=11 reason=FAILED_BREAKOUT pnl=-1.41% peakPnl=0.14% holdMs=180000 high=709000.0000 avgPrice=708000.0000 weightedPnl=-1.10% (pending fill)
2026-06-26 09:46:58 INFO  SELL_FILLED_PNL 011070 reason=FAILED_BREAKOUT filledQty=11/11 fillRatio=1.00 weightedPnl=-1.10% dailyPnl=-1.10%
2026-06-26 09:46:58 INFO  SELL_FILLED 011070 reason=FAILED_BREAKOUT remainingQty=0 phase=NONE exitType=STOPLOSS
2026-06-26 09:46:58 INFO  BUY [KRX] 011070 mode=BREAKOUT price=855000.0000 qty=11 size=1.0000x score=85[A](CONV) | WHY: strongBreakout volBreakout retestOK multiUp vol(2.37x) | VWAP: 1.16%(ABOVE slope=UP) allowedGap=1.50% | TREND: score=3 vel=0.59%/0.47%/0.35% accel=true | VOL: 1079.0000/454.8500 TO: 922545000.0000/387333100.0000 | HIGH: 855000.0000 fromHigh=0.00% | entryNo=1
2026-06-26 09:46:58 INFO  BUY_FILLED 011070 phase=HOLDING
2026-06-26 09:46:58 INFO  SELL_EXECUTED [KRX] 011070 mode=BREAKOUT phase=EXITING exitType=PROFIT price=873000.0000 qty=11 reason=TAKE_PROFIT_BREAKOUT pnl=2.11% peakPnl=2.11% holdMs=5280000 high=873000.0000 avgPrice=855000.0000 weightedPnl=1.98% (pending fill)
2026-06-26 09:46:58 INFO  SELL_FILLED_PNL 011070 reason=TAKE_PROFIT_BREAKOUT filledQty=11/11 fillRatio=1.00 weightedPnl=1.98% dailyPnl=1.98%
2026-06-26 09:46:58 INFO  SELL_FILLED 011070 reason=TAKE_PROFIT_BREAKOUT remainingQty=0 phase=NONE exitType=PROFIT
2026-06-26 09:46:58 INFO  BUY amount set for 080220: 10000000.00
2026-06-26 09:46:59 INFO  BUY [KRX] 080220 mode=VWAP_RECLAIM price=57400.0000 qty=174 size=1.0000x score=55[D] | WHY: dayChg=1.23% vrScore=88 aboveBars=6 hadBelow=true vol/vol5=2.24x | VWAP: 1.17%(ABOVE slope=UP) allowedGap=3.00% | TREND: score=3 vel=1.23%/0.70%/1.06% accel=true | VOL: 40672.0000/21879.6250 TO: 2334572800.0000/1241310987.5000 | HIGH: 57900.0000 fromHigh=-0.86% | VR: score=88 aboveBars=6 hadBelow=true vol/vol5=2.24x | entryNo=1
2026-06-26 09:46:59 INFO  BUY_FILLED 080220 phase=HOLDING
2026-06-26 09:46:59 INFO  SELL_EXECUTED [KRX] 080220 mode=VWAP_RECLAIM phase=EXITING exitType=STOPLOSS price=56600.0000 qty=174 reason=STOP_LOSS_VWAP_RECLAIM pnl=-1.39% peakPnl=-0.17% holdMs=240000 high=57300.0000 avgPrice=57400.0000 weightedPnl=-1.39% (pending fill)
2026-06-26 09:46:59 INFO  SELL_FILLED_PNL 080220 reason=STOP_LOSS_VWAP_RECLAIM filledQty=174/174 fillRatio=1.00 weightedPnl=-1.39% dailyPnl=-1.39%
2026-06-26 09:46:59 INFO  SELL_FILLED 080220 reason=STOP_LOSS_VWAP_RECLAIM remainingQty=0 phase=NONE exitType=STOPLOSS
2026-06-26 09:47:00 INFO  BUY amount set for 065170: 10000000.00
2026-06-26 09:47:01 INFO  BUY amount set for 320000: 10000000.00
2026-06-26 09:47:02 INFO  BUY amount set for 027360: 10000000.00
2026-06-26 09:47:03 INFO  BUY [KRX] 027360 mode=BREAKOUT price=15550.0000 qty=643 size=1.0000x score=85[A](CONV) | WHY: strongBreakout volBreakout retestOK multiUp vol(2.43x) | VWAP: 0.87%(ABOVE slope=UP) allowedGap=1.50% | TREND: score=3 vel=0.65%/0.39%/0.45% accel=true | VOL: 28199.0000/11582.8500 TO: 439058430.0000/179326683.0000 | HIGH: 15590.0000 fromHigh=-0.13% | entryNo=1
2026-06-26 09:47:03 INFO  BUY_FILLED 027360 phase=HOLDING
2026-06-26 09:47:03 INFO  SELL_EXECUTED [KRX] 027360 mode=BREAKOUT phase=EXITING exitType=PROFIT price=15950.0000 qty=643 reason=TAKE_PROFIT_BREAKOUT pnl=2.31% peakPnl=2.31% holdMs=900000 high=15930.0000 avgPrice=15570.0000 weightedPnl=2.31% (pending fill)
2026-06-26 09:47:03 INFO  SELL_FILLED_PNL 027360 reason=TAKE_PROFIT_BREAKOUT filledQty=643/643 fillRatio=1.00 weightedPnl=2.31% dailyPnl=2.31%
2026-06-26 09:47:03 INFO  SELL_FILLED 027360 reason=TAKE_PROFIT_BREAKOUT remainingQty=0 phase=NONE exitType=PROFIT
2026-06-26 09:47:03 INFO  BUY [KRX] 027360 mode=BREAKOUT price=15550.0000 qty=643 size=1.0000x score=85[A](CONV) | WHY: strongBreakout volBreakout retestOK multiUp vol(3.83x) | VWAP: 0.88%(ABOVE slope=UP) allowedGap=1.50% | TREND: score=3 vel=0.45%/0.32%/0.26% accel=true | VOL: 19998.0000/5219.1000 TO: 311368860.0000/81041021.5000 | HIGH: 15590.0000 fromHigh=-0.13% | entryNo=1
2026-06-26 09:47:03 INFO  BUY_FILLED 027360 phase=HOLDING
2026-06-26 09:47:03 INFO  SELL_EXECUTED [KRX] 027360 mode=BREAKOUT phase=EXITING exitType=VWAP_BREAK price=15300.0000 qty=643 reason=VWAP_BREAK pnl=-1.73% peakPnl=0.06% holdMs=3660000 high=15580.0000 avgPrice=15570.0000 weightedPnl=-1.74% (pending fill)
2026-06-26 09:47:03 INFO  SELL_FILLED_PNL 027360 reason=VWAP_BREAK filledQty=643/643 fillRatio=1.00 weightedPnl=-1.74% dailyPnl=-1.74%
2026-06-26 09:47:03 INFO  SELL_FILLED 027360 reason=VWAP_BREAK remainingQty=0 phase=NONE exitType=VWAP_BREAK
2026-06-26 09:47:04 INFO  BUY amount set for 089030: 10000000.00
2026-06-26 09:47:05 INFO  BUY amount set for 282720: 10000000.00
2026-06-26 09:47:06 INFO  BUY amount set for 033160: 10000000.00
2026-06-26 09:47:08 INFO  BUY amount set for 439960: 10000000.00
2026-06-26 09:47:09 INFO  BUY amount set for 000890: 10000000.00
2026-06-26 09:47:10 INFO  BUY amount set for 403870: 10000000.00
2026-06-26 09:47:11 INFO  BUY amount set for 014950: 10000000.00
2026-06-26 09:47:12 INFO  BUY amount set for 093370: 10000000.00
2026-06-26 09:47:14 INFO  BUY amount set for 475150: 10000000.00
2026-06-26 09:47:14 INFO  BUY [KRX] 475150 mode=VWAP_RECLAIM price=52900.0000 qty=189 size=1.0000x score=73[D] | WHY: dayChg=-1.67% vrScore=88 aboveBars=9 hadBelow=true vol/vol5=2.16x | VWAP: 0.88%(ABOVE slope=UP) allowedGap=3.00% | TREND: score=3 vel=0.57%/0.38%/0.57% accel=true | VOL: 8342.0000/1639.9000 TO: 441291800.0000/86314665.0000 | HIGH: 53000.0000 fromHigh=-0.19% | VR: score=88 aboveBars=9 hadBelow=true vol/vol5=2.16x | entryNo=1
2026-06-26 09:47:14 INFO  BUY_FILLED 475150 phase=HOLDING
2026-06-26 09:47:14 INFO  SELL [EOD_FORCE_SELL] 475150 pnl=0.57% time=15:30
2026-06-26 09:47:14 INFO  SELL_EXECUTED [KRX] 475150 mode=VWAP_RECLAIM phase=EXITING exitType=TIMESTOP price=53200.0000 qty=189 reason=EOD_FORCE_SELL pnl=0.57% peakPnl=0.95% holdMs=11160000 high=53400.0000 avgPrice=52900.0000 weightedPnl=0.57% (pending fill)
2026-06-26 09:47:14 INFO  SELL_FILLED_PNL 475150 reason=EOD_FORCE_SELL filledQty=189/189 fillRatio=1.00 weightedPnl=0.57% dailyPnl=0.57%
2026-06-26 09:47:14 INFO  SELL_FILLED 475150 reason=EOD_FORCE_SELL remainingQty=0 phase=NONE exitType=TIMESTOP
2026-06-26 09:47:15 INFO  BUY amount set for 079650: 10000000.00
2026-06-26 09:47:16 INFO  BUY amount set for 332570: 10000000.00
2026-06-26 09:47:17 INFO  BUY amount set for 209640: 10000000.00
2026-06-26 09:47:18 INFO  BUY amount set for 006220: 10000000.00
2026-06-26 09:47:20 INFO  BUY amount set for 012200: 10000000.00
2026-06-26 09:47:21 INFO  BUY amount set for 031330: 10000000.00
2026-06-26 09:47:23 INFO  BUY amount set for 399720: 10000000.00
2026-06-26 09:47:24 INFO  BUY amount set for 037350: 10000000.00
2026-06-26 09:47:26 INFO  BUY amount set for 279570: 10000000.00
2026-06-26 09:47:26 INFO  BUY [KRX] 279570 mode=VWAP_RECLAIM price=6500.0000 qty=1538 size=1.0000x score=73[D] | WHY: dayChg=5.86% vrScore=88 aboveBars=8 hadBelow=true vol/vol5=2.80x | VWAP: 0.87%(ABOVE slope=UP) allowedGap=3.00% | TREND: score=3 vel=0.46%/0.31%/0.31% accel=true | VOL: 73427.0000/12969.8000 TO: 477275500.0000/83961588.5000 | HIGH: 6520.0000 fromHigh=-0.31% | VR: score=88 aboveBars=8 hadBelow=true vol/vol5=2.80x | entryNo=1
2026-06-26 09:47:26 INFO  BUY_FILLED 279570 phase=HOLDING
2026-06-26 09:47:26 INFO  SELL_EXECUTED [KRX] 279570 mode=VWAP_RECLAIM phase=EXITING exitType=STOPLOSS price=6430.0000 qty=1538 reason=STOP_LOSS_VWAP_RECLAIM pnl=-1.08% peakPnl=-0.15% holdMs=840000 high=6490.0000 avgPrice=6500.0000 weightedPnl=-1.08% (pending fill)
2026-06-26 09:47:26 INFO  SELL_FILLED_PNL 279570 reason=STOP_LOSS_VWAP_RECLAIM filledQty=1538/1538 fillRatio=1.00 weightedPnl=-1.08% dailyPnl=-1.08%
2026-06-26 09:47:26 INFO  SELL_FILLED 279570 reason=STOP_LOSS_VWAP_RECLAIM remainingQty=0 phase=NONE exitType=STOPLOSS
2026-06-26 09:47:27 INFO  BUY [KRX] 279570 mode=BREAKOUT price=5610.0000 qty=1782 size=1.0000x score=85[A](CONV) | WHY: strongBreakout volBreakout retestOK multiUp vol(3.47x) | VWAP: 0.64%(ABOVE slope=UP) allowedGap=1.50% | TREND: score=3 vel=0.54%/0.36%/0.72% accel=true | VOL: 30628.0000/8831.9500 TO: 171823080.0000/48981412.0000 | HIGH: 5610.0000 fromHigh=0.00% | entryNo=1
2026-06-26 09:47:27 INFO  BUY_FILLED 279570 phase=HOLDING
2026-06-26 09:47:27 INFO  SELL_EXECUTED [KRX] 279570 mode=BREAKOUT phase=EXITING exitType=PROFIT price=5740.0000 qty=1782 reason=TAKE_PROFIT_BREAKOUT pnl=2.32% peakPnl=2.32% holdMs=4800000 high=5740.0000 avgPrice=5610.0000 weightedPnl=2.32% (pending fill)
2026-06-26 09:47:27 INFO  SELL_FILLED_PNL 279570 reason=TAKE_PROFIT_BREAKOUT filledQty=1782/1782 fillRatio=1.00 weightedPnl=2.32% dailyPnl=2.32%
2026-06-26 09:47:27 INFO  SELL_FILLED 279570 reason=TAKE_PROFIT_BREAKOUT remainingQty=0 phase=NONE exitType=PROFIT
2026-06-26 09:47:27 INFO  BUY amount set for 482630: 10000000.00
2026-06-26 09:47:29 INFO  BUY amount set for 457370: 10000000.00
2026-06-26 09:47:30 INFO  BUY amount set for 017900: 10000000.00
2026-06-26 09:47:31 INFO  BUY amount set for 094860: 10000000.00
2026-06-26 09:47:32 INFO  BUY amount set for 094820: 10000000.00
2026-06-26 09:47:32 INFO  BUY [KRX] 094820 mode=VWAP_RECLAIM price=18450.0000 qty=542 size=1.0000x score=57[D] | WHY: dayChg=0.71% vrScore=88 aboveBars=12 hadBelow=true vol/vol5=2.02x | VWAP: 0.96%(ABOVE slope=DN) allowedGap=3.00% | TREND: score=3 vel=0.54%/0.44%/0.16% accel=true | VOL: 3426.0000/2253.2500 TO: 63278220.0000/41353075.0000 | HIGH: 18480.0000 fromHigh=-0.05% | VR: score=88 aboveBars=12 hadBelow=true vol/vol5=2.02x | entryNo=1
2026-06-26 09:47:32 INFO  BUY_FILLED 094820 phase=HOLDING
2026-06-26 09:47:32 INFO  SELL_EXECUTED [KRX] 094820 mode=VWAP_RECLAIM phase=EXITING exitType=STOPLOSS price=18270.0000 qty=542 reason=STOP_LOSS_VWAP_RECLAIM pnl=-1.08% peakPnl=-0.49% holdMs=600000 high=18380.0000 avgPrice=18470.0000 weightedPnl=-1.08% (pending fill)
2026-06-26 09:47:32 INFO  SELL_FILLED_PNL 094820 reason=STOP_LOSS_VWAP_RECLAIM filledQty=542/542 fillRatio=1.00 weightedPnl=-1.08% dailyPnl=-1.08%
2026-06-26 09:47:32 INFO  SELL_FILLED 094820 reason=STOP_LOSS_VWAP_RECLAIM remainingQty=0 phase=NONE exitType=STOPLOSS
2026-06-26 09:47:33 INFO  BUY amount set for 493280: 10000000.00
2026-06-26 09:47:35 INFO  BUY amount set for 046390: 10000000.00
2026-06-26 09:47:35 INFO  BUY amount set for 098460: 10000000.00
2026-06-26 09:47:37 INFO  BUY amount set for 006920: 10000000.00
2026-06-26 09:47:38 INFO  BUY amount set for 056090: 10000000.00
2026-06-26 09:47:40 INFO  BUY amount set for 475430: 10000000.00
2026-06-26 13:35:12 INFO  BUY amount set for 000660: 10000000.00
2026-06-26 13:35:12 INFO  BUY [KRX] 000660 mode=BREAKOUT price=880000.0000 qty=9 size=0.8000x score=85[A](CONV) | WHY: strongBreakout volBreakout retestOK multiUp vol(2.26x) | VWAP: 1.13%(ABOVE slope=UP) allowedGap=1.50% | TREND: score=3 vel=0.46%/0.34%/0.57% accel=true | VOL: 33855.0000/14992.3000 TO: 29792400000.0000/13105070175.0000 | HIGH: 880000.0000 fromHigh=0.00% | entryNo=1
2026-06-26 13:35:12 INFO  BUY_FILLED 000660 phase=HOLDING
2026-06-26 13:35:12 INFO  SELL_EXECUTED [KRX] 000660 mode=BREAKOUT phase=EXITING exitType=PROFIT price=898000.0000 qty=9 reason=TAKE_PROFIT_BREAKOUT pnl=2.05% peakPnl=2.05% holdMs=14460000 high=898000.0000 avgPrice=880000.0000 weightedPnl=1.62% (pending fill)
2026-06-26 13:35:12 INFO  SELL_FILLED_PNL 000660 reason=TAKE_PROFIT_BREAKOUT filledQty=9/9 fillRatio=1.00 weightedPnl=1.62% dailyPnl=1.62%
2026-06-26 13:35:12 INFO  SELL_FILLED 000660 reason=TAKE_PROFIT_BREAKOUT remainingQty=0 phase=NONE exitType=PROFIT
2026-06-26 13:35:12 INFO  BUY [KRX] 000660 mode=BREAKOUT price=881000.0000 qty=11 size=1.0000x score=85[A](CONV) | WHY: strongBreakout volBreakout retestOK multiUp vol(3.11x) | VWAP: 1.15%(ABOVE slope=UP) allowedGap=1.50% | TREND: score=3 vel=0.34%/0.28%/0.34% accel=true | VOL: 13744.0000/4419.6000 TO: 12108464000.0000/3876682050.0000 | HIGH: 882000.0000 fromHigh=-0.11% | entryNo=1
2026-06-26 13:35:12 INFO  BUY_FILLED 000660 phase=HOLDING
2026-06-26 13:35:12 INFO  SELL [EOD_FORCE_SELL] 000660 pnl=-0.57% time=15:30
2026-06-26 13:35:12 INFO  SELL_EXECUTED [KRX] 000660 mode=BREAKOUT phase=EXITING exitType=TIMESTOP price=876000.0000 qty=11 reason=EOD_FORCE_SELL pnl=-0.57% peakPnl=0.45% holdMs=8640000 high=885000.0000 avgPrice=881000.0000 weightedPnl=-0.55% (pending fill)
2026-06-26 13:35:12 INFO  SELL_FILLED_PNL 000660 reason=EOD_FORCE_SELL filledQty=11/11 fillRatio=1.00 weightedPnl=-0.55% dailyPnl=-0.55%
2026-06-26 13:35:12 INFO  SELL_FILLED 000660 reason=EOD_FORCE_SELL remainingQty=0 phase=NONE exitType=TIMESTOP
2026-06-26 13:35:14 INFO  BUY amount set for 005930: 10000000.00
2026-06-26 13:35:16 INFO  BUY amount set for 009150: 10000000.00
2026-06-26 13:35:16 INFO  BUY [KRX] 009150 mode=BREAKOUT price=821000.0000 qty=9 size=0.8000x score=85[A](CONV) | WHY: strongBreakout volBreakout retestOK multiUp vol(2.25x) | VWAP: 0.73%(ABOVE slope=UP) allowedGap=1.50% | TREND: score=3 vel=0.61%/0.49%/0.49% accel=true | VOL: 5421.0000/2411.3000 TO: 4450641000.0000/1969790600.0000 | HIGH: 822000.0000 fromHigh=-0.12% | entryNo=1
2026-06-26 13:35:16 INFO  BUY_FILLED 009150 phase=HOLDING
2026-06-26 13:35:16 INFO  SELL [EOD_FORCE_SELL] 009150 pnl=0.73% time=15:30
2026-06-26 13:35:16 INFO  SELL_EXECUTED [KRX] 009150 mode=BREAKOUT phase=EXITING exitType=TIMESTOP price=827000.0000 qty=9 reason=EOD_FORCE_SELL pnl=0.73% peakPnl=1.40% holdMs=21600000 high=832500.0000 avgPrice=821000.0000 weightedPnl=0.54% (pending fill)
2026-06-26 13:35:16 INFO  SELL_FILLED_PNL 009150 reason=EOD_FORCE_SELL filledQty=9/9 fillRatio=1.00 weightedPnl=0.54% dailyPnl=0.54%
2026-06-26 13:35:16 INFO  SELL_FILLED 009150 reason=EOD_FORCE_SELL remainingQty=0 phase=NONE exitType=TIMESTOP
2026-06-26 13:35:18 INFO  BUY amount set for 402340: 10000000.00
2026-06-26 13:35:20 INFO  BUY amount set for 005935: 10000000.00
2026-06-26 13:35:20 INFO  BUY [KRX] 005935 mode=BREAKOUT price=139500.0000 qty=71 size=1.0000x score=85[A](CONV) | WHY: strongBreakout volBreakout retestOK multiUp vol(4.77x) | VWAP: 0.62%(ABOVE slope=UP) allowedGap=1.50% | TREND: score=3 vel=0.22%/0.18%/0.22% accel=true | VOL: 46288.0000/9706.8500 TO: 6457176000.0000/1351788850.0000 | HIGH: 139600.0000 fromHigh=-0.07% | entryNo=1
2026-06-26 13:35:20 INFO  BUY_FILLED 005935 phase=HOLDING
2026-06-26 13:35:20 INFO  SELL [EOD_FORCE_SELL] 005935 pnl=0.07% time=15:30
2026-06-26 13:35:20 INFO  SELL_EXECUTED [KRX] 005935 mode=BREAKOUT phase=EXITING exitType=TIMESTOP price=139600.0000 qty=71 reason=EOD_FORCE_SELL pnl=0.07% peakPnl=0.72% holdMs=8280000 high=140500.0000 avgPrice=139500.0000 weightedPnl=0.07% (pending fill)
2026-06-26 13:35:20 INFO  SELL_FILLED_PNL 005935 reason=EOD_FORCE_SELL filledQty=71/71 fillRatio=1.00 weightedPnl=0.07% dailyPnl=0.07%
2026-06-26 13:35:20 INFO  SELL_FILLED 005935 reason=EOD_FORCE_SELL remainingQty=0 phase=NONE exitType=TIMESTOP
2026-06-26 13:35:20 INFO  BUY [KRX] 005935 mode=BREAKOUT price=140500.0000 qty=71 size=1.0000x score=85[A](CONV) | WHY: strongBreakout volBreakout retestOK multiUp vol(5.88x) | VWAP: 0.44%(ABOVE slope=UP) allowedGap=1.50% | TREND: score=3 vel=0.21%/0.14%/0.21% accel=true | VOL: 56553.0000/9617.4000 TO: 7945696500.0000/1348340445.0000 | HIGH: 140500.0000 fromHigh=0.00% | entryNo=1
2026-06-26 13:35:20 INFO  BUY_FILLED 005935 phase=HOLDING
2026-06-26 13:35:20 INFO  SELL [EOD_FORCE_SELL] 005935 pnl=-0.07% time=15:30
2026-06-26 13:35:20 INFO  SELL_EXECUTED [KRX] 005935 mode=BREAKOUT phase=EXITING exitType=TIMESTOP price=140400.0000 qty=71 reason=EOD_FORCE_SELL pnl=-0.07% peakPnl=0.36% holdMs=19620000 high=141000.0000 avgPrice=140500.0000 weightedPnl=-0.07% (pending fill)
2026-06-26 13:35:20 INFO  SELL_FILLED_PNL 005935 reason=EOD_FORCE_SELL filledQty=71/71 fillRatio=1.00 weightedPnl=-0.07% dailyPnl=-0.07%
2026-06-26 13:35:20 INFO  SELL_FILLED 005935 reason=EOD_FORCE_SELL remainingQty=0 phase=NONE exitType=TIMESTOP
2026-06-26 13:35:21 INFO  BUY amount set for 005380: 10000000.00
2026-06-26 13:35:21 INFO  BUY [KRX] 005380 mode=BREAKOUT price=473500.0000 qty=21 size=1.0000x score=85[A](CONV) | WHY: strongBreakout volBreakout retestOK multiUp vol(2.37x) | VWAP: 0.83%(ABOVE slope=UP) allowedGap=1.50% | TREND: score=3 vel=0.42%/0.32%/0.64% accel=true | VOL: 9295.0000/3923.4000 TO: 4401182500.0000/1845040275.0000 | HIGH: 473500.0000 fromHigh=0.00% | entryNo=1
2026-06-26 13:35:21 INFO  BUY_FILLED 005380 phase=HOLDING
2026-06-26 13:35:21 INFO  SELL_EXECUTED [KRX] 005380 mode=BREAKOUT phase=EXITING exitType=PROFIT price=483500.0000 qty=21 reason=TAKE_PROFIT_BREAKOUT pnl=2.11% peakPnl=2.11% holdMs=6720000 high=483500.0000 avgPrice=473500.0000 weightedPnl=2.10% (pending fill)
2026-06-26 13:35:21 INFO  SELL_FILLED_PNL 005380 reason=TAKE_PROFIT_BREAKOUT filledQty=21/21 fillRatio=1.00 weightedPnl=2.10% dailyPnl=2.10%
2026-06-26 13:35:21 INFO  SELL_FILLED 005380 reason=TAKE_PROFIT_BREAKOUT remainingQty=0 phase=NONE exitType=PROFIT
2026-06-26 13:35:23 INFO  BUY amount set for 036930: 10000000.00
2026-06-26 13:35:25 INFO  BUY amount set for 240810: 10000000.00
2026-06-26 13:35:25 INFO  BUY [KRX] 240810 mode=BREAKOUT price=112000.0000 qty=71 size=0.8000x score=85[A](CONV) | WHY: strongBreakout volBreakout retestOK multiUp vol(2.24x) | VWAP: 1.04%(ABOVE slope=UP) allowedGap=1.50% | TREND: score=3 vel=2.47%/2.10%/2.10% accel=true | VOL: 3328.0000/1485.9000 TO: 372403200.0000/163400865.0000 | HIGH: 111900.0000 fromHigh=0.00% | entryNo=1
2026-06-26 13:35:25 INFO  BUY_FILLED 240810 phase=HOLDING
2026-06-26 13:35:25 INFO  SELL_EXECUTED [KRX] 240810 mode=BREAKOUT phase=EXITING exitType=STOPLOSS price=110400.0000 qty=71 reason=FAILED_BREAKOUT pnl=-1.34% peakPnl=-0.18% holdMs=480000 high=111700.0000 avgPrice=111900.0000 weightedPnl=-1.07% (pending fill)
2026-06-26 13:35:25 INFO  SELL_FILLED_PNL 240810 reason=FAILED_BREAKOUT filledQty=71/71 fillRatio=1.00 weightedPnl=-1.07% dailyPnl=-1.07%
2026-06-26 13:35:25 INFO  SELL_FILLED 240810 reason=FAILED_BREAKOUT remainingQty=0 phase=NONE exitType=STOPLOSS
2026-06-26 13:35:26 INFO  BUY amount set for 034730: 10000000.00
2026-06-26 13:35:27 INFO  BUY [KRX] 034730 mode=BREAKOUT price=373500.0000 qty=26 size=1.0000x score=85[A](CONV) | WHY: strongBreakout volBreakout retestOK multiUp vol(2.76x) | VWAP: 1.20%(ABOVE slope=UP) allowedGap=1.50% | TREND: score=3 vel=0.40%/0.27%/0.81% accel=true | VOL: 948.0000/343.5500 TO: 354078000.0000/127643250.0000 | HIGH: 374000.0000 fromHigh=-0.13% | entryNo=1
2026-06-26 13:35:27 INFO  BUY_FILLED 034730 phase=HOLDING
2026-06-26 13:35:27 INFO  SELL_EXECUTED [KRX] 034730 mode=BREAKOUT phase=EXITING exitType=PROFIT price=383000.0000 qty=26 reason=TAKE_PROFIT_BREAKOUT pnl=2.54% peakPnl=2.54% holdMs=10260000 high=383000.0000 avgPrice=373500.0000 weightedPnl=2.47% (pending fill)
2026-06-26 13:35:27 INFO  SELL_FILLED_PNL 034730 reason=TAKE_PROFIT_BREAKOUT filledQty=26/26 fillRatio=1.00 weightedPnl=2.47% dailyPnl=2.47%
2026-06-26 13:35:27 INFO  SELL_FILLED 034730 reason=TAKE_PROFIT_BREAKOUT remainingQty=0 phase=NONE exitType=PROFIT
2026-06-26 13:35:27 INFO  BUY [KRX] 034730 mode=BREAKOUT price=595000.0000 qty=13 size=0.8000x score=85[A](CONV) | WHY: strongBreakout volBreakout retestOK multiUp vol(2.04x) | VWAP: 0.61%(ABOVE slope=UP) allowedGap=1.50% | TREND: score=3 vel=2.23%/2.06%/0.85% accel=true | VOL: 2880.0000/1409.9474 TO: 1713600000.0000/833843000.0000 | HIGH: 596000.0000 fromHigh=-0.17% | entryNo=1
2026-06-26 13:35:27 INFO  BUY_FILLED 034730 phase=HOLDING
2026-06-26 13:35:27 INFO  SELL_EXECUTED [KRX] 034730 mode=BREAKOUT phase=EXITING exitType=STOPLOSS price=586000.0000 qty=13 reason=FAILED_BREAKOUT pnl=-1.51% peakPnl=-0.50% holdMs=180000 high=592000.0000 avgPrice=595000.0000 weightedPnl=-1.17% (pending fill)
2026-06-26 13:35:27 INFO  SELL_FILLED_PNL 034730 reason=FAILED_BREAKOUT filledQty=13/13 fillRatio=1.00 weightedPnl=-1.17% dailyPnl=-1.17%
2026-06-26 13:35:27 INFO  SELL_FILLED 034730 reason=FAILED_BREAKOUT remainingQty=0 phase=NONE exitType=STOPLOSS
2026-06-26 13:35:28 INFO  BUY amount set for 011070: 10000000.00
2026-06-26 13:35:28 INFO  BUY [KRX] 011070 mode=BREAKOUT price=588000.0000 qty=17 size=1.0000x score=85[A](CONV) | WHY: strongBreakout volBreakout retestOK multiUp vol(3.46x) | VWAP: 0.96%(ABOVE slope=UP) allowedGap=1.50% | TREND: score=3 vel=0.51%/0.34%/0.51% accel=true | VOL: 1730.0000/499.9500 TO: 1017240000.0000/292415900.0000 | HIGH: 588000.0000 fromHigh=0.00% | entryNo=1
2026-06-26 13:35:28 INFO  BUY_FILLED 011070 phase=HOLDING
2026-06-26 13:35:28 INFO  SELL [EOD_FORCE_SELL] 011070 pnl=0.68% time=15:30
2026-06-26 13:35:28 INFO  SELL_EXECUTED [KRX] 011070 mode=BREAKOUT phase=EXITING exitType=TIMESTOP price=592000.0000 qty=17 reason=EOD_FORCE_SELL pnl=0.68% peakPnl=1.19% holdMs=9960000 high=595000.0000 avgPrice=588000.0000 weightedPnl=0.68% (pending fill)
2026-06-26 13:35:28 INFO  SELL_FILLED_PNL 011070 reason=EOD_FORCE_SELL filledQty=17/17 fillRatio=1.00 weightedPnl=0.68% dailyPnl=0.68%
2026-06-26 13:35:28 INFO  SELL_FILLED 011070 reason=EOD_FORCE_SELL remainingQty=0 phase=NONE exitType=TIMESTOP
2026-06-26 13:35:29 INFO  BUY [KRX] 011070 mode=BREAKOUT price=708000.0000 qty=11 size=0.8000x score=85[A](CONV) | WHY: strongBreakout volBreakout retestOK multiUp vol(2.27x) | VWAP: 1.19%(ABOVE slope=UP) allowedGap=1.50% | TREND: score=3 vel=0.85%/0.71%/1.29% accel=true | VOL: 2327.0000/1025.0000 TO: 1647516000.0000/714715400.0000 | HIGH: 709000.0000 fromHigh=-0.14% | entryNo=1
2026-06-26 13:35:29 INFO  BUY_FILLED 011070 phase=HOLDING
2026-06-26 13:35:29 INFO  SELL_EXECUTED [KRX] 011070 mode=BREAKOUT phase=EXITING exitType=STOPLOSS price=698000.0000 qty=11 reason=FAILED_BREAKOUT pnl=-1.41% peakPnl=0.14% holdMs=180000 high=709000.0000 avgPrice=708000.0000 weightedPnl=-1.10% (pending fill)
2026-06-26 13:35:29 INFO  SELL_FILLED_PNL 011070 reason=FAILED_BREAKOUT filledQty=11/11 fillRatio=1.00 weightedPnl=-1.10% dailyPnl=-1.10%
2026-06-26 13:35:29 INFO  SELL_FILLED 011070 reason=FAILED_BREAKOUT remainingQty=0 phase=NONE exitType=STOPLOSS
2026-06-26 13:35:29 INFO  BUY [KRX] 011070 mode=BREAKOUT price=855000.0000 qty=11 size=1.0000x score=85[A](CONV) | WHY: strongBreakout volBreakout retestOK multiUp vol(2.37x) | VWAP: 1.16%(ABOVE slope=UP) allowedGap=1.50% | TREND: score=3 vel=0.59%/0.47%/0.35% accel=true | VOL: 1079.0000/454.8500 TO: 922545000.0000/387333100.0000 | HIGH: 855000.0000 fromHigh=0.00% | entryNo=1
2026-06-26 13:35:29 INFO  BUY_FILLED 011070 phase=HOLDING
2026-06-26 13:35:29 INFO  SELL_EXECUTED [KRX] 011070 mode=BREAKOUT phase=EXITING exitType=PROFIT price=873000.0000 qty=11 reason=TAKE_PROFIT_BREAKOUT pnl=2.11% peakPnl=2.11% holdMs=5280000 high=873000.0000 avgPrice=855000.0000 weightedPnl=1.98% (pending fill)
2026-06-26 13:35:29 INFO  SELL_FILLED_PNL 011070 reason=TAKE_PROFIT_BREAKOUT filledQty=11/11 fillRatio=1.00 weightedPnl=1.98% dailyPnl=1.98%
2026-06-26 13:35:29 INFO  SELL_FILLED 011070 reason=TAKE_PROFIT_BREAKOUT remainingQty=0 phase=NONE exitType=PROFIT
2026-06-26 13:35:29 INFO  BUY amount set for 080220: 10000000.00
2026-06-26 13:35:30 INFO  BUY [KRX] 080220 mode=VWAP_RECLAIM price=57400.0000 qty=174 size=1.0000x score=55[D] | WHY: dayChg=1.23% vrScore=88 aboveBars=6 hadBelow=true vol/vol5=2.24x | VWAP: 1.17%(ABOVE slope=UP) allowedGap=3.00% | TREND: score=3 vel=1.23%/0.70%/1.06% accel=true | VOL: 40672.0000/21879.6250 TO: 2334572800.0000/1241310987.5000 | HIGH: 57900.0000 fromHigh=-0.86% | VR: score=88 aboveBars=6 hadBelow=true vol/vol5=2.24x | entryNo=1
2026-06-26 13:35:30 INFO  BUY_FILLED 080220 phase=HOLDING
2026-06-26 13:35:30 INFO  SELL_EXECUTED [KRX] 080220 mode=VWAP_RECLAIM phase=EXITING exitType=STOPLOSS price=56600.0000 qty=174 reason=STOP_LOSS_VWAP_RECLAIM pnl=-1.39% peakPnl=-0.17% holdMs=240000 high=57300.0000 avgPrice=57400.0000 weightedPnl=-1.39% (pending fill)
2026-06-26 13:35:30 INFO  SELL_FILLED_PNL 080220 reason=STOP_LOSS_VWAP_RECLAIM filledQty=174/174 fillRatio=1.00 weightedPnl=-1.39% dailyPnl=-1.39%
2026-06-26 13:35:30 INFO  SELL_FILLED 080220 reason=STOP_LOSS_VWAP_RECLAIM remainingQty=0 phase=NONE exitType=STOPLOSS
2026-06-26 13:35:31 INFO  BUY amount set for 066570: 10000000.00
2026-06-26 13:35:31 INFO  BUY [KRX] 066570 mode=BREAKOUT price=124000.0000 qty=80 size=1.0000x score=85[A](CONV) | WHY: strongBreakout volBreakout retestOK multiUp vol(2.57x) | VWAP: 0.72%(ABOVE slope=UP) allowedGap=1.50% | TREND: score=3 vel=0.40%/0.32%/0.49% accel=true | VOL: 8865.0000/3453.0500 TO: 1101033000.0000/426036530.0000 | HIGH: 124200.0000 fromHigh=0.00% | entryNo=1
2026-06-26 13:35:31 INFO  BUY_FILLED 066570 phase=HOLDING
2026-06-26 13:35:31 INFO  SELL_EXECUTED [KRX] 066570 mode=BREAKOUT phase=EXITING exitType=PROFIT price=127000.0000 qty=80 reason=TAKE_PROFIT_BREAKOUT pnl=2.09% peakPnl=2.09% holdMs=8820000 high=126800.0000 avgPrice=124200.0000 weightedPnl=2.08% (pending fill)
2026-06-26 13:35:31 INFO  SELL_FILLED_PNL 066570 reason=TAKE_PROFIT_BREAKOUT filledQty=80/80 fillRatio=1.00 weightedPnl=2.08% dailyPnl=2.08%
2026-06-26 13:35:31 INFO  SELL_FILLED 066570 reason=TAKE_PROFIT_BREAKOUT remainingQty=0 phase=NONE exitType=PROFIT
2026-06-26 13:35:33 INFO  BUY amount set for 034020: 10000000.00
2026-06-26 13:35:33 INFO  BUY [KRX] 034020 mode=BREAKOUT price=98600.0000 qty=101 size=1.0000x score=85[A](CONV) | WHY: strongBreakout volBreakout retestOK multiUp vol(6.70x) | VWAP: 0.42%(ABOVE slope=UP) allowedGap=1.50% | TREND: score=3 vel=0.20%/0.10%/0.10% accel=true | VOL: 25046.0000/3740.7500 TO: 2469535600.0000/368354080.0000 | HIGH: 98700.0000 fromHigh=-0.10% | entryNo=1
2026-06-26 13:35:33 INFO  BUY_FILLED 034020 phase=HOLDING
2026-06-26 13:35:33 INFO  SELL [EOD_FORCE_SELL] 034020 pnl=0.71% time=15:30
2026-06-26 13:35:33 INFO  SELL_EXECUTED [KRX] 034020 mode=BREAKOUT phase=EXITING exitType=TIMESTOP price=99300.0000 qty=101 reason=EOD_FORCE_SELL pnl=0.71% peakPnl=0.71% holdMs=9060000 high=99300.0000 avgPrice=98600.0000 weightedPnl=0.71% (pending fill)
2026-06-26 13:35:33 INFO  SELL_FILLED_PNL 034020 reason=EOD_FORCE_SELL filledQty=101/101 fillRatio=1.00 weightedPnl=0.71% dailyPnl=0.71%
2026-06-26 13:35:33 INFO  SELL_FILLED 034020 reason=EOD_FORCE_SELL remainingQty=0 phase=NONE exitType=TIMESTOP
2026-06-26 13:35:34 INFO  BUY [KRX] 034020 mode=BREAKOUT price=91000.0000 qty=109 size=1.0000x score=85[A](CONV) | WHY: strongBreakout volBreakout retestOK multiUp vol(2.38x) | VWAP: 0.92%(ABOVE slope=UP) allowedGap=1.50% | TREND: score=3 vel=1.00%/0.78%/0.89% accel=true | VOL: 16515.0000/6937.9000 TO: 1502865000.0000/625586125.0000 | HIGH: 91000.0000 fromHigh=0.00% | entryNo=1
2026-06-26 13:35:34 INFO  BUY_FILLED 034020 phase=HOLDING
2026-06-26 13:35:34 INFO  SELL_EXECUTED [KRX] 034020 mode=BREAKOUT phase=EXITING exitType=VWAP_BREAK price=89700.0000 qty=109 reason=VWAP_BREAK pnl=-1.43% peakPnl=0.88% holdMs=9060000 high=91800.0000 avgPrice=91000.0000 weightedPnl=-1.42% (pending fill)
2026-06-26 13:35:34 INFO  SELL_FILLED_PNL 034020 reason=VWAP_BREAK filledQty=109/109 fillRatio=1.00 weightedPnl=-1.42% dailyPnl=-1.42%
2026-06-26 13:35:34 INFO  SELL_FILLED 034020 reason=VWAP_BREAK remainingQty=0 phase=NONE exitType=VWAP_BREAK
2026-06-26 13:35:34 INFO  BUY amount set for 028260: 10000000.00
2026-06-26 13:35:36 INFO  BUY amount set for 475150: 10000000.00
2026-06-26 13:35:36 INFO  BUY [KRX] 475150 mode=VWAP_RECLAIM price=52900.0000 qty=189 size=1.0000x score=73[D] | WHY: dayChg=-1.67% vrScore=88 aboveBars=9 hadBelow=true vol/vol5=2.16x | VWAP: 0.88%(ABOVE slope=UP) allowedGap=3.00% | TREND: score=3 vel=0.57%/0.38%/0.57% accel=true | VOL: 8342.0000/1639.9000 TO: 441291800.0000/86314665.0000 | HIGH: 53000.0000 fromHigh=-0.19% | VR: score=88 aboveBars=9 hadBelow=true vol/vol5=2.16x | entryNo=1
2026-06-26 13:35:36 INFO  BUY_FILLED 475150 phase=HOLDING
2026-06-26 13:35:36 INFO  SELL [EOD_FORCE_SELL] 475150 pnl=0.57% time=15:30
2026-06-26 13:35:36 INFO  SELL_EXECUTED [KRX] 475150 mode=VWAP_RECLAIM phase=EXITING exitType=TIMESTOP price=53200.0000 qty=189 reason=EOD_FORCE_SELL pnl=0.57% peakPnl=0.95% holdMs=11160000 high=53400.0000 avgPrice=52900.0000 weightedPnl=0.57% (pending fill)
2026-06-26 13:35:36 INFO  SELL_FILLED_PNL 475150 reason=EOD_FORCE_SELL filledQty=189/189 fillRatio=1.00 weightedPnl=0.57% dailyPnl=0.57%
2026-06-26 13:35:36 INFO  SELL_FILLED 475150 reason=EOD_FORCE_SELL remainingQty=0 phase=NONE exitType=TIMESTOP
2026-06-26 13:35:38 INFO  BUY amount set for 079650: 10000000.00
2026-06-26 13:35:38 INFO  BUY amount set for 035420: 10000000.00
2026-06-26 13:35:39 INFO  BUY [KRX] 035420 mode=BREAKOUT price=199500.0000 qty=50 size=1.0000x score=85[A](CONV) | WHY: strongBreakout volBreakout retestOK multiUp vol(2.41x) | VWAP: 1.06%(ABOVE slope=UP) allowedGap=1.50% | TREND: score=3 vel=0.81%/0.66%/0.73% accel=true | VOL: 12916.0000/5364.4500 TO: 2576742000.0000/1063011955.0000 | HIGH: 199500.0000 fromHigh=0.00% | entryNo=1
2026-06-26 13:35:39 INFO  BUY_FILLED 035420 phase=HOLDING
2026-06-26 13:35:39 INFO  SELL [EOD_FORCE_SELL] 035420 pnl=0.00% time=15:30
2026-06-26 13:35:39 INFO  SELL_EXECUTED [KRX] 035420 mode=BREAKOUT phase=EXITING exitType=TIMESTOP price=199500.0000 qty=50 reason=EOD_FORCE_SELL pnl=0.00% peakPnl=1.00% holdMs=21480000 high=201500.0000 avgPrice=199500.0000 weightedPnl=0.00% (pending fill)
2026-06-26 13:35:39 INFO  SELL_FILLED 035420 reason=EOD_FORCE_SELL remainingQty=0 phase=NONE exitType=TIMESTOP
2026-06-26 13:35:40 INFO  BUY [KRX] 035420 mode=BREAKOUT price=237000.0000 qty=33 size=0.8000x score=87[A](CONV) | WHY: strongBreakout volBreakout retestOK multiUp vol(1.89x) | VWAP: 1.20%(ABOVE slope=UP) allowedGap=1.50% | TREND: score=3 vel=2.60%/2.38%/2.16% accel=true | VOL: 46310.0000/24439.8462 TO: 10975470000.0000/5723725384.6154 | HIGH: 237500.0000 fromHigh=-0.21% | entryNo=1
2026-06-26 13:35:40 INFO  BUY_FILLED 035420 phase=HOLDING
2026-06-26 13:35:40 INFO  SELL_EXECUTED [KRX] 035420 mode=BREAKOUT phase=EXITING exitType=PROFIT price=242000.0000 qty=33 reason=TAKE_PROFIT_BREAKOUT pnl=2.11% peakPnl=2.11% holdMs=600000 high=242000.0000 avgPrice=237000.0000 weightedPnl=1.65% (pending fill)
2026-06-26 13:35:40 INFO  SELL_FILLED_PNL 035420 reason=TAKE_PROFIT_BREAKOUT filledQty=33/33 fillRatio=1.00 weightedPnl=1.65% dailyPnl=1.65%
2026-06-26 13:35:40 INFO  SELL_FILLED 035420 reason=TAKE_PROFIT_BREAKOUT remainingQty=0 phase=NONE exitType=PROFIT
2026-06-26 13:35:40 INFO  BUY amount set for 006400: 10000000.00
2026-06-26 13:35:40 INFO  BUY [KRX] 006400 mode=BREAKOUT price=423500.0000 qty=23 size=1.0000x score=85[A](CONV) | WHY: strongBreakout volBreakout retestOK multiUp vol(5.04x) | VWAP: 0.62%(ABOVE slope=UP) allowedGap=1.50% | TREND: score=3 vel=0.36%/0.24%/0.24% accel=true | VOL: 6209.0000/1231.0000 TO: 2629511500.0000/520373700.0000 | HIGH: 424000.0000 fromHigh=-0.12% | entryNo=1
2026-06-26 13:35:40 INFO  BUY_FILLED 006400 phase=HOLDING
2026-06-26 13:35:40 INFO  SELL_EXECUTED [KRX] 006400 mode=BREAKOUT phase=EXITING exitType=PROFIT price=432000.0000 qty=23 reason=TAKE_PROFIT_BREAKOUT pnl=2.01% peakPnl=2.01% holdMs=5220000 high=432000.0000 avgPrice=423500.0000 weightedPnl=1.95% (pending fill)
2026-06-26 13:35:40 INFO  SELL_FILLED_PNL 006400 reason=TAKE_PROFIT_BREAKOUT filledQty=23/23 fillRatio=1.00 weightedPnl=1.95% dailyPnl=1.95%
2026-06-26 13:35:40 INFO  SELL_FILLED 006400 reason=TAKE_PROFIT_BREAKOUT remainingQty=0 phase=NONE exitType=PROFIT
2026-06-26 13:35:40 INFO  BUY [KRX] 006400 mode=BREAKOUT price=465500.0000 qty=21 size=1.0000x score=85[A](CONV) | WHY: strongBreakout volBreakout retestOK multiUp vol(4.27x) | VWAP: 1.11%(ABOVE slope=UP) allowedGap=1.50% | TREND: score=3 vel=0.32%/0.22%/0.32% accel=true | VOL: 4525.0000/1059.3500 TO: 2106387500.0000/492223562.5000 | HIGH: 466000.0000 fromHigh=-0.11% | entryNo=1
2026-06-26 13:35:40 INFO  BUY_FILLED 006400 phase=HOLDING
2026-06-26 13:35:40 INFO  SELL [EOD_FORCE_SELL] 006400 pnl=1.29% time=15:30
2026-06-26 13:35:40 INFO  SELL_EXECUTED [KRX] 006400 mode=BREAKOUT phase=EXITING exitType=TIMESTOP price=471500.0000 qty=21 reason=EOD_FORCE_SELL pnl=1.29% peakPnl=1.29% holdMs=12360000 high=471500.0000 avgPrice=465500.0000 weightedPnl=1.26% (pending fill)
2026-06-26 13:35:40 INFO  SELL_FILLED_PNL 006400 reason=EOD_FORCE_SELL filledQty=21/21 fillRatio=1.00 weightedPnl=1.26% dailyPnl=1.26%
2026-06-26 13:35:40 INFO  SELL_FILLED 006400 reason=EOD_FORCE_SELL remainingQty=0 phase=NONE exitType=TIMESTOP
2026-06-26 13:35:42 INFO  BUY amount set for 403870: 10000000.00
2026-06-26 13:35:44 INFO  BUY amount set for 012330: 10000000.00
2026-06-26 13:35:45 INFO  BUY amount set for 058730: 10000000.00
2026-06-26 13:35:46 INFO  BUY amount set for 319660: 10000000.00
2026-06-26 13:35:47 INFO  BUY [KRX] 319660 mode=BREAKOUT price=92400.0000 qty=108 size=1.0000x score=85[A](CONV) | WHY: strongBreakout volBreakout retestOK multiUp vol(3.23x) | VWAP: 1.00%(ABOVE slope=UP) allowedGap=1.50% | TREND: score=3 vel=0.22%/0.11%/0.11% accel=true | VOL: 1561.0000/483.1000 TO: 144236400.0000/44505920.0000 | HIGH: 92400.0000 fromHigh=0.00% | entryNo=1
2026-06-26 13:35:47 INFO  BUY_FILLED 319660 phase=HOLDING
2026-06-26 13:35:47 INFO  SELL [EOD_FORCE_SELL] 319660 pnl=0.97% time=15:30
2026-06-26 13:35:47 INFO  SELL_EXECUTED [KRX] 319660 mode=BREAKOUT phase=EXITING exitType=TIMESTOP price=93300.0000 qty=108 reason=EOD_FORCE_SELL pnl=0.97% peakPnl=0.97% holdMs=9180000 high=93300.0000 avgPrice=92400.0000 weightedPnl=0.97% (pending fill)
2026-06-26 13:35:47 INFO  SELL_FILLED_PNL 319660 reason=EOD_FORCE_SELL filledQty=108/108 fillRatio=1.00 weightedPnl=0.97% dailyPnl=0.97%
2026-06-26 13:35:47 INFO  SELL_FILLED 319660 reason=EOD_FORCE_SELL remainingQty=0 phase=NONE exitType=TIMESTOP
2026-06-26 13:35:47 INFO  BUY [KRX] 319660 mode=BREAKOUT price=98800.0000 qty=101 size=1.0000x score=85[A](CONV) | WHY: strongBreakout volBreakout retestOK multiUp vol(5.84x) | VWAP: 1.03%(ABOVE slope=UP) allowedGap=1.50% | TREND: score=3 vel=0.30%/0.20%/0.41% accel=true | VOL: 2786.0000/477.2500 TO: 275256800.0000/47023035.0000 | HIGH: 98800.0000 fromHigh=0.00% | entryNo=1
2026-06-26 13:35:47 INFO  BUY_FILLED 319660 phase=HOLDING
2026-06-26 13:35:47 INFO  SELL_EXECUTED [KRX] 319660 mode=BREAKOUT phase=EXITING exitType=STOPLOSS price=89000.0000 qty=101 reason=EMERGENCY_STOP pnl=-9.92% peakPnl=1.62% holdMs=5580000 high=100400.0000 avgPrice=98800.0000 weightedPnl=-9.90% (pending fill)
2026-06-26 13:35:47 INFO  SELL_FILLED_PNL 319660 reason=EMERGENCY_STOP filledQty=101/101 fillRatio=1.00 weightedPnl=-9.90% dailyPnl=-9.90%
2026-06-26 13:35:47 INFO  SELL_FILLED 319660 reason=EMERGENCY_STOP remainingQty=0 phase=NONE exitType=STOPLOSS
2026-06-26 13:35:47 INFO  BUY [KRX] 319660 mode=BREAKOUT price=115500.0000 qty=86 size=1.0000x score=85[A](CONV) | WHY: strongBreakout volBreakout retestOK multiUp vol(7.15x) | VWAP: 1.10%(ABOVE slope=UP) allowedGap=1.50% | TREND: score=3 vel=0.96%/0.87%/0.87% accel=true | VOL: 3794.0000/530.7500 TO: 437448200.0000/60876765.0000 | HIGH: 115300.0000 fromHigh=0.00% | entryNo=1
2026-06-26 13:35:47 INFO  BUY_FILLED 319660 phase=HOLDING
2026-06-26 13:35:47 INFO  SELL_EXECUTED [KRX] 319660 mode=BREAKOUT phase=EXITING exitType=PROFIT price=117500.0000 qty=86 reason=TAKE_PROFIT_BREAKOUT pnl=2.08% peakPnl=2.08% holdMs=6000000 high=117700.0000 avgPrice=115300.0000 weightedPnl=2.06% (pending fill)
2026-06-26 13:35:47 INFO  SELL_FILLED_PNL 319660 reason=TAKE_PROFIT_BREAKOUT filledQty=86/86 fillRatio=1.00 weightedPnl=2.06% dailyPnl=2.06%
2026-06-26 13:35:47 INFO  SELL_FILLED 319660 reason=TAKE_PROFIT_BREAKOUT remainingQty=0 phase=NONE exitType=PROFIT
2026-06-26 13:35:48 INFO  BUY amount set for 196170: 10000000.00
2026-06-26 13:35:48 INFO  BUY [KRX] 196170 mode=BREAKOUT price=369500.0000 qty=27 size=1.0000x score=85[A](CONV) | WHY: strongBreakout volBreakout retestOK multiUp vol(8.90x) | VWAP: 0.48%(ABOVE slope=UP) allowedGap=1.50% | TREND: score=3 vel=0.41%/0.27%/0.27% accel=true | VOL: 6843.0000/768.7500 TO: 2528488500.0000/283532825.0000 | HIGH: 369500.0000 fromHigh=0.00% | entryNo=1
2026-06-26 13:35:48 INFO  BUY_FILLED 196170 phase=HOLDING
2026-06-26 13:35:48 INFO  SELL [EOD_FORCE_SELL] 196170 pnl=0.95% time=15:30
2026-06-26 13:35:48 INFO  SELL_EXECUTED [KRX] 196170 mode=BREAKOUT phase=EXITING exitType=TIMESTOP price=373000.0000 qty=27 reason=EOD_FORCE_SELL pnl=0.95% peakPnl=1.76% holdMs=8640000 high=376000.0000 avgPrice=369500.0000 weightedPnl=0.95% (pending fill)
2026-06-26 13:35:48 INFO  SELL_FILLED_PNL 196170 reason=EOD_FORCE_SELL filledQty=27/27 fillRatio=1.00 weightedPnl=0.95% dailyPnl=0.95%
2026-06-26 13:35:48 INFO  SELL_FILLED 196170 reason=EOD_FORCE_SELL remainingQty=0 phase=NONE exitType=TIMESTOP
2026-06-26 13:35:48 INFO  BUY [KRX] 196170 mode=BREAKOUT price=362500.0000 qty=27 size=1.0000x score=83[B] | WHY: strongBreakout volBreakout retestOK multiUp vol(3.67x) | VWAP: 0.86%(ABOVE slope=UP) allowedGap=1.50% | TREND: score=3 vel=0.55%/0.42%/0.97% accel=true | VOL: 2473.0000/672.9500 TO: 896462500.0000/242634375.0000 | HIGH: 363500.0000 fromHigh=-0.28% | entryNo=1
2026-06-26 13:35:48 INFO  BUY_FILLED 196170 phase=HOLDING
2026-06-26 13:35:48 INFO  SELL_EXECUTED [KRX] 196170 mode=BREAKOUT phase=EXITING exitType=PROFIT price=370500.0000 qty=27 reason=TAKE_PROFIT_BREAKOUT pnl=2.14% peakPnl=2.14% holdMs=1320000 high=370250.0000 avgPrice=362500.0000 weightedPnl=2.09% (pending fill)
2026-06-26 13:35:48 INFO  SELL_FILLED_PNL 196170 reason=TAKE_PROFIT_BREAKOUT filledQty=27/27 fillRatio=1.00 weightedPnl=2.09% dailyPnl=2.09%
2026-06-26 13:35:48 INFO  SELL_FILLED 196170 reason=TAKE_PROFIT_BREAKOUT remainingQty=0 phase=NONE exitType=PROFIT
2026-06-26 13:35:50 INFO  BUY amount set for 475430: 10000000.00
2026-06-26 13:35:51 INFO  BUY amount set for 095610: 10000000.00
2026-06-26 13:35:51 INFO  BUY [KRX] 095610 mode=BREAKOUT price=64200.0000 qty=124 size=0.8000x score=85[A](CONV) | WHY: strongBreakout volBreakout retestOK multiUp vol(2.05x) | VWAP: 0.86%(ABOVE slope=UP) allowedGap=1.50% | TREND: score=3 vel=0.94%/0.78%/1.10% accel=true | VOL: 1280.0000/623.2500 TO: 82176000.0000/39696745.0000 | HIGH: 64200.0000 fromHigh=0.00% | entryNo=1
2026-06-26 13:35:51 INFO  BUY_FILLED 095610 phase=HOLDING
2026-06-26 13:35:51 INFO  SELL_EXECUTED [KRX] 095610 mode=BREAKOUT phase=EXITING exitType=STOPLOSS price=63500.0000 qty=124 reason=FAILED_BREAKOUT pnl=-1.09% peakPnl=-0.47% holdMs=300000 high=63900.0000 avgPrice=64200.0000 weightedPnl=-0.87% (pending fill)
2026-06-26 13:35:51 INFO  SELL_FILLED_PNL 095610 reason=FAILED_BREAKOUT filledQty=124/124 fillRatio=1.00 weightedPnl=-0.87% dailyPnl=-0.87%
2026-06-26 13:35:51 INFO  SELL_FILLED 095610 reason=FAILED_BREAKOUT remainingQty=0 phase=NONE exitType=STOPLOSS
2026-06-26 13:35:51 INFO  BUY [KRX] 095610 mode=BREAKOUT price=86700.0000 qty=115 size=1.0000x score=83[B] | WHY: strongBreakout volBreakout retestOK multiUp vol(3.14x) | VWAP: 1.19%(ABOVE slope=UP) allowedGap=1.50% | TREND: score=3 vel=0.29%/0.23%/0.35% accel=true | VOL: 4107.0000/1309.0000 TO: 356076900.0000/113126630.0000 | HIGH: 86900.0000 fromHigh=-0.23% | entryNo=1
2026-06-26 13:35:51 INFO  BUY_FILLED 095610 phase=HOLDING
2026-06-26 13:35:51 INFO  SELL_EXECUTED [KRX] 095610 mode=BREAKOUT phase=EXITING exitType=VWAP_BREAK price=85500.0000 qty=115 reason=VWAP_BREAK pnl=-1.38% peakPnl=0.35% holdMs=11640000 high=87000.0000 avgPrice=86700.0000 weightedPnl=-1.38% (pending fill)
2026-06-26 13:35:51 INFO  SELL_FILLED_PNL 095610 reason=VWAP_BREAK filledQty=115/115 fillRatio=1.00 weightedPnl=-1.38% dailyPnl=-1.38%
2026-06-26 13:35:51 INFO  SELL_FILLED 095610 reason=VWAP_BREAK remainingQty=0 phase=NONE exitType=VWAP_BREAK
2026-06-26 13:35:51 INFO  BUY [KRX] 095610 mode=BREAKOUT price=88700.0000 qty=112 size=1.0000x score=85[A](CONV) | WHY: strongBreakout volBreakout retestOK multiUp vol(3.91x) | VWAP: 1.41%(ABOVE slope=UP) allowedGap=1.50% | TREND: score=3 vel=0.34%/0.23%/0.57% accel=true | VOL: 9525.0000/2436.2000 TO: 844867500.0000/213365990.0000 | HIGH: 88900.0000 fromHigh=-0.22% | entryNo=1
2026-06-26 13:35:51 INFO  BUY_FILLED 095610 phase=HOLDING
2026-06-26 13:35:51 INFO  SELL_EXECUTED [KRX] 095610 mode=BREAKOUT phase=EXITING exitType=STOPLOSS price=86900.0000 qty=112 reason=STOP_LOSS_BREAKOUT pnl=-2.03% peakPnl=0.00% holdMs=21360000 high=88700.0000 avgPrice=88700.0000 weightedPnl=-2.02% (pending fill)
2026-06-26 13:35:51 INFO  SELL_FILLED_PNL 095610 reason=STOP_LOSS_BREAKOUT filledQty=112/112 fillRatio=1.00 weightedPnl=-2.02% dailyPnl=-2.02%
2026-06-26 13:35:51 INFO  SELL_FILLED 095610 reason=STOP_LOSS_BREAKOUT remainingQty=0 phase=NONE exitType=STOPLOSS
2026-06-26 13:35:52 INFO  BUY amount set for 018260: 10000000.00
2026-06-26 13:35:53 INFO  BUY [KRX] 018260 mode=BREAKOUT price=152000.0000 qty=65 size=1.0000x score=85[A](CONV) | WHY: strongBreakout volBreakout retestOK multiUp vol(2.82x) | VWAP: 0.60%(ABOVE slope=UP) allowedGap=1.50% | TREND: score=3 vel=0.53%/0.40%/0.60% accel=true | VOL: 1653.0000/585.8500 TO: 250925400.0000/88525642.5000 | HIGH: 151800.0000 fromHigh=0.00% | entryNo=1
2026-06-26 13:35:53 INFO  BUY_FILLED 018260 phase=HOLDING
2026-06-26 13:35:53 INFO  SELL [EOD_FORCE_SELL] 018260 pnl=-0.20% time=15:30
2026-06-26 13:35:53 INFO  SELL_EXECUTED [KRX] 018260 mode=BREAKOUT phase=EXITING exitType=TIMESTOP price=151500.0000 qty=65 reason=EOD_FORCE_SELL pnl=-0.20% peakPnl=0.00% holdMs=21480000 high=151800.0000 avgPrice=151800.0000 weightedPnl=-0.19% (pending fill)
2026-06-26 13:35:53 INFO  SELL_FILLED_PNL 018260 reason=EOD_FORCE_SELL filledQty=65/65 fillRatio=1.00 weightedPnl=-0.19% dailyPnl=-0.19%
2026-06-26 13:35:53 INFO  SELL_FILLED 018260 reason=EOD_FORCE_SELL remainingQty=0 phase=NONE exitType=TIMESTOP
2026-06-26 13:35:53 INFO  BUY [KRX] 018260 mode=BREAKOUT price=171000.0000 qty=46 size=0.8000x score=85[A](CONV) | WHY: strongBreakout volBreakout retestOK multiUp vol(2.19x) | VWAP: 1.08%(ABOVE slope=UP) allowedGap=1.50% | TREND: score=3 vel=0.95%/0.89%/1.01% accel=true | VOL: 2559.0000/1166.6000 TO: 437077200.0000/198000380.0000 | HIGH: 170800.0000 fromHigh=0.00% | entryNo=1
2026-06-26 13:35:53 INFO  BUY_FILLED 018260 phase=HOLDING
2026-06-26 13:35:53 INFO  SELL_EXECUTED [KRX] 018260 mode=BREAKOUT phase=EXITING exitType=PROFIT price=174500.0000 qty=46 reason=TAKE_PROFIT_BREAKOUT pnl=2.28% peakPnl=2.28% holdMs=1800000 high=174700.0000 avgPrice=170800.0000 weightedPnl=1.79% (pending fill)
2026-06-26 13:35:53 INFO  SELL_FILLED_PNL 018260 reason=TAKE_PROFIT_BREAKOUT filledQty=46/46 fillRatio=1.00 weightedPnl=1.79% dailyPnl=1.79%
2026-06-26 13:35:53 INFO  SELL_FILLED 018260 reason=TAKE_PROFIT_BREAKOUT remainingQty=0 phase=NONE exitType=PROFIT
2026-06-26 13:35:53 INFO  BUY [KRX] 018260 mode=BREAKOUT price=196000.0000 qty=51 size=1.0000x score=85[A](CONV) | WHY: strongBreakout volBreakout retestOK multiUp vol(2.51x) | VWAP: 1.04%(ABOVE slope=UP) allowedGap=1.50% | TREND: score=3 vel=0.77%/0.72%/0.26% accel=true | VOL: 3481.0000/1384.4500 TO: 682276000.0000/270891142.5000 | HIGH: 196300.0000 fromHigh=-0.15% | entryNo=1
2026-06-26 13:35:53 INFO  BUY_FILLED 018260 phase=HOLDING
2026-06-26 13:35:53 INFO  SELL [BREAKEVEN_GUARD] 018260 pnl=-0.10% peakPnl=1.58% holdMs=5220000
2026-06-26 13:35:53 INFO  SELL_EXECUTED [KRX] 018260 mode=BREAKOUT phase=EXITING exitType=TRAIL price=195800.0000 qty=51 reason=BREAKEVEN_GUARD pnl=-0.10% peakPnl=1.58% holdMs=5220000 high=199100.0000 avgPrice=196000.0000 weightedPnl=-0.10% (pending fill)
2026-06-26 13:35:53 INFO  SELL_FILLED_PNL 018260 reason=BREAKEVEN_GUARD filledQty=51/51 fillRatio=1.00 weightedPnl=-0.10% dailyPnl=-0.10%
2026-06-26 13:35:53 INFO  SELL_FILLED 018260 reason=BREAKEVEN_GUARD remainingQty=0 phase=NONE exitType=TRAIL
2026-06-26 13:35:54 INFO  BUY amount set for 222800: 10000000.00
2026-06-26 13:35:55 INFO  BUY [KRX] 222800 mode=BREAKOUT price=111000.0000 qty=72 size=0.8000x score=85[A](CONV) | WHY: strongBreakout volBreakout retestOK multiUp vol(2.29x) | VWAP: 1.10%(ABOVE slope=UP) allowedGap=1.50% | TREND: score=3 vel=0.54%/0.27%/1.00% accel=true | VOL: 2153.0000/939.6500 TO: 239198300.0000/103464350.0000 | HIGH: 111200.0000 fromHigh=-0.09% | entryNo=1
2026-06-26 13:35:55 INFO  BUY_FILLED 222800 phase=HOLDING
2026-06-26 13:35:55 INFO  SELL_EXECUTED [KRX] 222800 mode=BREAKOUT phase=EXITING exitType=VWAP_BREAK price=109100.0000 qty=72 reason=VWAP_BREAK pnl=-1.80% peakPnl=0.27% holdMs=3600000 high=111400.0000 avgPrice=111100.0000 weightedPnl=-1.44% (pending fill)
2026-06-26 13:35:55 INFO  SELL_FILLED_PNL 222800 reason=VWAP_BREAK filledQty=72/72 fillRatio=1.00 weightedPnl=-1.44% dailyPnl=-1.44%
2026-06-26 13:35:55 INFO  SELL_FILLED 222800 reason=VWAP_BREAK remainingQty=0 phase=NONE exitType=VWAP_BREAK
2026-06-26 13:35:55 INFO  BUY [KRX] 222800 mode=VWAP_RECLAIM price=102500.0000 qty=97 size=1.0000x score=75[C] | WHY: dayChg=1.19% vrScore=88 aboveBars=8 hadBelow=true vol/vol5=2.28x | VWAP: 0.81%(ABOVE slope=DN) allowedGap=3.00% | TREND: score=3 vel=0.59%/0.49%/0.79% accel=true | VOL: 2701.0000/795.0500 TO: 276312300.0000/80710635.0000 | HIGH: 102300.0000 fromHigh=0.00% | VR: score=88 aboveBars=8 hadBelow=true vol/vol5=2.28x | entryNo=1
2026-06-26 13:35:55 INFO  BUY_FILLED 222800 phase=HOLDING
2026-06-26 13:35:55 INFO  SELL [EOD_FORCE_SELL] 222800 pnl=1.27% time=15:30
2026-06-26 13:35:55 INFO  SELL_EXECUTED [KRX] 222800 mode=VWAP_RECLAIM phase=EXITING exitType=TIMESTOP price=103600.0000 qty=97 reason=EOD_FORCE_SELL pnl=1.27% peakPnl=1.76% holdMs=9000000 high=104100.0000 avgPrice=102300.0000 weightedPnl=1.26% (pending fill)
2026-06-26 13:35:55 INFO  SELL_FILLED_PNL 222800 reason=EOD_FORCE_SELL filledQty=97/97 fillRatio=1.00 weightedPnl=1.26% dailyPnl=1.26%
2026-06-26 13:35:55 INFO  SELL_FILLED 222800 reason=EOD_FORCE_SELL remainingQty=0 phase=NONE exitType=TIMESTOP
2026-06-26 13:35:55 INFO  BUY amount set for 298040: 10000000.00
2026-06-26 13:35:56 INFO  BUY [KRX] 298040 mode=BREAKOUT price=3004000.0000 qty=3 size=1.0000x score=85[A](CONV) | WHY: strongBreakout volBreakout retestOK multiUp vol(9.66x) | VWAP: 0.67%(ABOVE slope=UP) allowedGap=1.50% | TREND: score=3 vel=0.37%/0.30%/0.40% accel=true | VOL: 661.0000/68.4500 TO: 1985644000.0000/205260250.0000 | HIGH: 3005000.0000 fromHigh=-0.03% | entryNo=1
2026-06-26 13:35:56 INFO  BUY_FILLED 298040 phase=HOLDING
2026-06-26 13:35:56 INFO  SELL [EOD_FORCE_SELL] 298040 pnl=0.20% time=15:30
2026-06-26 13:35:56 INFO  SELL_EXECUTED [KRX] 298040 mode=BREAKOUT phase=EXITING exitType=TIMESTOP price=3010000.0000 qty=3 reason=EOD_FORCE_SELL pnl=0.20% peakPnl=0.80% holdMs=13140000 high=3028000.0000 avgPrice=3004000.0000 weightedPnl=0.18% (pending fill)
2026-06-26 13:35:56 INFO  SELL_FILLED_PNL 298040 reason=EOD_FORCE_SELL filledQty=3/3 fillRatio=1.00 weightedPnl=0.18% dailyPnl=0.18%
2026-06-26 13:35:56 INFO  SELL_FILLED 298040 reason=EOD_FORCE_SELL remainingQty=0 phase=NONE exitType=TIMESTOP
2026-06-26 13:35:56 INFO  BUY [KRX] 298040 mode=VWAP_RECLAIM price=3408000.0000 qty=2 size=1.0000x score=80[B] | WHY: dayChg=3.52% vrScore=87 aboveBars=5 hadBelow=true vol/vol5=2.61x | VWAP: 1.08%(ABOVE slope=UP) allowedGap=3.00% | TREND: score=3 vel=0.95%/0.92%/1.61% accel=true | VOL: 1589.0000/578.1765 TO: 5415312000.0000/1949364470.5882 | HIGH: 3409000.0000 fromHigh=-0.03% | VR: score=87 aboveBars=5 hadBelow=true vol/vol5=2.61x | entryNo=1
2026-06-26 13:35:56 INFO  BUY_FILLED 298040 phase=HOLDING
2026-06-26 13:35:56 INFO  SELL_EXECUTED [KRX] 298040 mode=VWAP_RECLAIM phase=EXITING exitType=PROFIT price=3491000.0000 qty=2 reason=TAKE_PROFIT_VWAP_RECLAIM pnl=2.44% peakPnl=2.44% holdMs=1080000 high=3491000.0000 avgPrice=3408000.0000 weightedPnl=1.66% (pending fill)
2026-06-26 13:35:56 INFO  SELL_FILLED_PNL 298040 reason=TAKE_PROFIT_VWAP_RECLAIM filledQty=2/2 fillRatio=1.00 weightedPnl=1.66% dailyPnl=1.66%
2026-06-26 13:35:56 INFO  SELL_FILLED 298040 reason=TAKE_PROFIT_VWAP_RECLAIM remainingQty=0 phase=NONE exitType=PROFIT
2026-06-26 13:35:57 INFO  BUY amount set for 042700: 10000000.00
2026-06-26 13:35:58 INFO  BUY [KRX] 042700 mode=BREAKOUT price=304500.0000 qty=32 size=1.0000x score=85[A](CONV) | WHY: strongBreakout volBreakout retestOK multiUp vol(2.47x) | VWAP: 1.06%(ABOVE slope=UP) allowedGap=1.50% | TREND: score=3 vel=0.83%/0.66%/0.66% accel=true | VOL: 7208.0000/2916.0500 TO: 2194836000.0000/879304575.0000 | HIGH: 304500.0000 fromHigh=0.00% | entryNo=1
2026-06-26 13:35:58 INFO  BUY_FILLED 042700 phase=HOLDING
2026-06-26 13:35:58 INFO  SELL_EXECUTED [KRX] 042700 mode=BREAKOUT phase=EXITING exitType=PROFIT price=311000.0000 qty=32 reason=TAKE_PROFIT_BREAKOUT pnl=2.13% peakPnl=2.13% holdMs=2340000 high=311000.0000 avgPrice=304500.0000 weightedPnl=2.08% (pending fill)
2026-06-26 13:35:58 INFO  SELL_FILLED_PNL 042700 reason=TAKE_PROFIT_BREAKOUT filledQty=32/32 fillRatio=1.00 weightedPnl=2.08% dailyPnl=2.08%
2026-06-26 13:35:58 INFO  SELL_FILLED 042700 reason=TAKE_PROFIT_BREAKOUT remainingQty=0 phase=NONE exitType=PROFIT
2026-06-26 13:35:59 INFO  BUY amount set for 010120: 10000000.00
2026-06-26 13:35:59 INFO  BUY [KRX] 010120 mode=BREAKOUT price=158500.0000 qty=63 size=1.0000x score=85[A](CONV) | WHY: strongBreakout volBreakout retestOK multiUp vol(5.64x) | VWAP: 1.04%(ABOVE slope=UP) allowedGap=1.50% | TREND: score=3 vel=0.51%/0.38%/0.51% accel=true | VOL: 6445.0000/1143.0000 TO: 1022177000.0000/180522450.0000 | HIGH: 158600.0000 fromHigh=0.00% | entryNo=1
2026-06-26 13:35:59 INFO  BUY_FILLED 010120 phase=HOLDING
2026-06-26 13:35:59 INFO  SELL_EXECUTED [KRX] 010120 mode=BREAKOUT phase=EXITING exitType=PROFIT price=162000.0000 qty=63 reason=TAKE_PROFIT_BREAKOUT pnl=2.02% peakPnl=2.02% holdMs=5640000 high=161800.0000 avgPrice=158600.0000 weightedPnl=2.02% (pending fill)
2026-06-26 13:35:59 INFO  SELL_FILLED_PNL 010120 reason=TAKE_PROFIT_BREAKOUT filledQty=63/63 fillRatio=1.00 weightedPnl=2.02% dailyPnl=2.02%
2026-06-26 13:35:59 INFO  SELL_FILLED 010120 reason=TAKE_PROFIT_BREAKOUT remainingQty=0 phase=NONE exitType=PROFIT
2026-06-26 13:35:59 INFO  BUY [KRX] 010120 mode=BREAKOUT price=241500.0000 qty=41 size=1.0000x score=85[A](CONV) | WHY: strongBreakout volBreakout retestOK multiUp vol(2.54x) | VWAP: 1.08%(ABOVE slope=UP) allowedGap=1.50% | TREND: score=3 vel=2.33%/2.11%/2.55% accel=true | VOL: 17204.0000/6777.9000 TO: 4154766000.0000/1612557912.5000 | HIGH: 241500.0000 fromHigh=0.00% | entryNo=1
2026-06-26 13:35:59 INFO  BUY_FILLED 010120 phase=HOLDING
2026-06-26 13:35:59 INFO  SELL_EXECUTED [KRX] 010120 mode=BREAKOUT phase=EXITING exitType=PROFIT price=246500.0000 qty=41 reason=TAKE_PROFIT_BREAKOUT pnl=2.07% peakPnl=2.07% holdMs=4020000 high=246500.0000 avgPrice=241500.0000 weightedPnl=2.05% (pending fill)
2026-06-26 13:35:59 INFO  SELL_FILLED_PNL 010120 reason=TAKE_PROFIT_BREAKOUT filledQty=41/41 fillRatio=1.00 weightedPnl=2.05% dailyPnl=2.05%
2026-06-26 13:35:59 INFO  SELL_FILLED 010120 reason=TAKE_PROFIT_BREAKOUT remainingQty=0 phase=NONE exitType=PROFIT
2026-06-26 13:36:00 INFO  BUY amount set for 089970: 10000000.00
2026-06-26 13:36:00 INFO  BUY [KRX] 089970 mode=VWAP_RECLAIM price=42550.0000 qty=235 size=1.0000x score=56[D] | WHY: dayChg=2.04% vrScore=87 aboveBars=6 hadBelow=true vol/vol5=2.19x | VWAP: 1.38%(ABOVE slope=UP) allowedGap=3.00% | TREND: score=3 vel=1.07%/0.71%/1.55% accel=true | VOL: 4203.0000/3160.4375 TO: 178837650.0000/132641618.7500 | HIGH: 42700.0000 fromHigh=-0.35% | VR: score=87 aboveBars=6 hadBelow=true vol/vol5=2.19x | entryNo=1
2026-06-26 13:36:00 INFO  BUY_FILLED 089970 phase=HOLDING
2026-06-26 13:36:00 INFO  SELL_EXECUTED [KRX] 089970 mode=VWAP_RECLAIM phase=EXITING exitType=STOPLOSS price=41800.0000 qty=235 reason=STOP_LOSS_VWAP_RECLAIM pnl=-1.76% peakPnl=-0.82% holdMs=120000 high=42200.0000 avgPrice=42550.0000 weightedPnl=-1.76% (pending fill)
2026-06-26 13:36:00 INFO  SELL_FILLED_PNL 089970 reason=STOP_LOSS_VWAP_RECLAIM filledQty=235/235 fillRatio=1.00 weightedPnl=-1.76% dailyPnl=-1.76%
2026-06-26 13:36:00 INFO  SELL_FILLED 089970 reason=STOP_LOSS_VWAP_RECLAIM remainingQty=0 phase=NONE exitType=STOPLOSS
2026-06-26 13:36:01 INFO  BUY [KRX] 089970 mode=BREAKOUT price=42700.0000 qty=234 size=1.0000x score=85[A](CONV) | WHY: strongBreakout volBreakout retestOK multiUp vol(2.83x) | VWAP: 1.04%(ABOVE slope=UP) allowedGap=1.50% | TREND: score=3 vel=0.47%/0.35%/0.35% accel=true | VOL: 5105.0000/1804.1000 TO: 217983500.0000/76698002.5000 | HIGH: 42700.0000 fromHigh=0.00% | entryNo=1
2026-06-26 13:36:01 INFO  BUY_FILLED 089970 phase=HOLDING
2026-06-26 13:36:01 INFO  SELL_EXECUTED [KRX] 089970 mode=BREAKOUT phase=EXITING exitType=PROFIT price=43600.0000 qty=234 reason=TAKE_PROFIT_BREAKOUT pnl=2.11% peakPnl=2.11% holdMs=6300000 high=43600.0000 avgPrice=42700.0000 weightedPnl=2.11% (pending fill)
2026-06-26 13:36:01 INFO  SELL_FILLED_PNL 089970 reason=TAKE_PROFIT_BREAKOUT filledQty=234/234 fillRatio=1.00 weightedPnl=2.11% dailyPnl=2.11%
2026-06-26 13:36:01 INFO  SELL_FILLED 089970 reason=TAKE_PROFIT_BREAKOUT remainingQty=0 phase=NONE exitType=PROFIT
2026-06-26 13:36:01 INFO  BUY [KRX] 089970 mode=VWAP_RECLAIM price=65000.0000 qty=153 size=1.0000x score=75[C] | WHY: dayChg=6.91% vrScore=87 aboveBars=9 hadBelow=true vol/vol5=2.33x | VWAP: 1.19%(ABOVE slope=DN) allowedGap=3.00% | TREND: score=3 vel=0.46%/0.31%/0.46% accel=true | VOL: 4238.0000/1000.8500 TO: 275470000.0000/64424120.0000 | HIGH: 65100.0000 fromHigh=-0.15% | VR: score=87 aboveBars=9 hadBelow=true vol/vol5=2.33x | entryNo=1
2026-06-26 13:36:01 INFO  BUY_FILLED 089970 phase=HOLDING
2026-06-26 13:36:01 INFO  SELL_EXECUTED [KRX] 089970 mode=VWAP_RECLAIM phase=EXITING exitType=STOPLOSS price=64300.0000 qty=153 reason=STOP_LOSS_VWAP_RECLAIM pnl=-1.08% peakPnl=-0.15% holdMs=360000 high=64900.0000 avgPrice=65000.0000 weightedPnl=-1.07% (pending fill)
2026-06-26 13:36:01 INFO  SELL_FILLED_PNL 089970 reason=STOP_LOSS_VWAP_RECLAIM filledQty=153/153 fillRatio=1.00 weightedPnl=-1.07% dailyPnl=-1.07%
2026-06-26 13:36:01 INFO  SELL_FILLED 089970 reason=STOP_LOSS_VWAP_RECLAIM remainingQty=0 phase=NONE exitType=STOPLOSS
2026-06-26 13:36:02 INFO  BUY amount set for 012450: 10000000.00
2026-06-26 13:36:02 INFO  BUY [KRX] 012450 mode=BREAKOUT price=1535000.0000 qty=6 size=1.0000x score=85[A](CONV) | WHY: strongBreakout volBreakout retestOK multiUp vol(4.39x) | VWAP: 0.93%(ABOVE slope=UP) allowedGap=1.50% | TREND: score=3 vel=0.39%/0.33%/0.52% accel=true | VOL: 2132.0000/486.1500 TO: 3272620000.0000/743407425.0000 | HIGH: 1535000.0000 fromHigh=0.00% | entryNo=1
2026-06-26 13:36:02 INFO  BUY_FILLED 012450 phase=HOLDING
2026-06-26 13:36:02 INFO  SELL_EXECUTED [KRX] 012450 mode=BREAKOUT phase=EXITING exitType=VWAP_BREAK price=1514000.0000 qty=6 reason=VWAP_BREAK pnl=-1.37% peakPnl=0.39% holdMs=5820000 high=1541000.0000 avgPrice=1535000.0000 weightedPnl=-1.26% (pending fill)
2026-06-26 13:36:02 INFO  SELL_FILLED_PNL 012450 reason=VWAP_BREAK filledQty=6/6 fillRatio=1.00 weightedPnl=-1.26% dailyPnl=-1.26%
2026-06-26 13:36:02 INFO  SELL_FILLED 012450 reason=VWAP_BREAK remainingQty=0 phase=NONE exitType=VWAP_BREAK
2026-06-26 13:36:04 INFO  BUY amount set for 353200: 10000000.00
2026-06-26 13:36:04 INFO  BUY [KRX] 353200 mode=VWAP_RECLAIM price=90000.0000 qty=111 size=1.0000x score=80[B] | WHY: dayChg=2.27% vrScore=88 aboveBars=9 hadBelow=true vol/vol5=2.30x | VWAP: 0.80%(ABOVE slope=UP) allowedGap=3.00% | TREND: score=3 vel=0.67%/0.56%/0.45% accel=true | VOL: 5995.0000/2155.2500 TO: 539550000.0000/192412720.0000 | HIGH: 90000.0000 fromHigh=0.00% | VR: score=88 aboveBars=9 hadBelow=true vol/vol5=2.30x | entryNo=1
2026-06-26 13:36:04 INFO  BUY_FILLED 353200 phase=HOLDING
2026-06-26 13:36:04 INFO  SELL_EXECUTED [KRX] 353200 mode=VWAP_RECLAIM phase=EXITING exitType=STOPLOSS price=89100.0000 qty=111 reason=STOP_LOSS_VWAP_RECLAIM pnl=-1.00% peakPnl=-0.22% holdMs=420000 high=89800.0000 avgPrice=90000.0000 weightedPnl=-1.00% (pending fill)
2026-06-26 13:36:04 INFO  SELL_FILLED_PNL 353200 reason=STOP_LOSS_VWAP_RECLAIM filledQty=111/111 fillRatio=1.00 weightedPnl=-1.00% dailyPnl=-1.00%
2026-06-26 13:36:04 INFO  SELL_FILLED 353200 reason=STOP_LOSS_VWAP_RECLAIM remainingQty=0 phase=NONE exitType=STOPLOSS
2026-06-26 13:36:05 INFO  BUY amount set for 141080: 10000000.00
2026-06-26 13:36:07 INFO  BUY amount set for 079550: 10000000.00
2026-06-26 13:36:08 INFO  BUY [KRX] 079550 mode=BREAKOUT price=704000.0000 qty=11 size=0.8000x score=85[A](CONV) | WHY: strongBreakout volBreakout retestOK multiUp vol(2.06x) | VWAP: 0.75%(ABOVE slope=UP) allowedGap=1.50% | TREND: score=3 vel=1.59%/1.44%/1.73% accel=true | VOL: 1731.0000/838.6500 TO: 1218624000.0000/578703850.0000 | HIGH: 705000.0000 fromHigh=-0.14% | entryNo=1
2026-06-26 13:36:08 INFO  BUY_FILLED 079550 phase=HOLDING
2026-06-26 13:36:08 INFO  SELL [BREAKEVEN_GUARD] 079550 pnl=-0.14% peakPnl=1.70% holdMs=3240000
2026-06-26 13:36:08 INFO  SELL_EXECUTED [KRX] 079550 mode=BREAKOUT phase=EXITING exitType=TRAIL price=703000.0000 qty=11 reason=BREAKEVEN_GUARD pnl=-0.14% peakPnl=1.70% holdMs=3240000 high=716000.0000 avgPrice=704000.0000 weightedPnl=-0.11% (pending fill)
2026-06-26 13:36:08 INFO  SELL_FILLED_PNL 079550 reason=BREAKEVEN_GUARD filledQty=11/11 fillRatio=1.00 weightedPnl=-0.11% dailyPnl=-0.11%
2026-06-26 13:36:08 INFO  SELL_FILLED 079550 reason=BREAKEVEN_GUARD remainingQty=0 phase=NONE exitType=TRAIL
2026-06-26 13:36:09 INFO  BUY amount set for 329180: 10000000.00
2026-06-26 13:36:09 INFO  BUY [KRX] 329180 mode=BREAKOUT price=721000.0000 qty=11 size=0.8000x score=85[A](CONV) | WHY: strongBreakout volBreakout retestOK multiUp vol(2.17x) | VWAP: 0.95%(ABOVE slope=UP) allowedGap=1.50% | TREND: score=3 vel=1.05%/0.98%/0.84% accel=true | VOL: 5907.0000/2721.5000 TO: 4258947000.0000/1948820450.0000 | HIGH: 722000.0000 fromHigh=-0.14% | entryNo=1
2026-06-26 13:36:09 INFO  BUY_FILLED 329180 phase=HOLDING
2026-06-26 13:36:09 INFO  SELL [BREAKEVEN_GUARD] 329180 pnl=-0.42% peakPnl=1.53% holdMs=1140000
2026-06-26 13:36:09 INFO  SELL_EXECUTED [KRX] 329180 mode=BREAKOUT phase=EXITING exitType=TRAIL price=718000.0000 qty=11 reason=BREAKEVEN_GUARD pnl=-0.42% peakPnl=1.53% holdMs=1140000 high=732000.0000 avgPrice=721000.0000 weightedPnl=-0.33% (pending fill)
2026-06-26 13:36:09 INFO  SELL_FILLED_PNL 329180 reason=BREAKEVEN_GUARD filledQty=11/11 fillRatio=1.00 weightedPnl=-0.33% dailyPnl=-0.33%
2026-06-26 13:36:09 INFO  SELL_FILLED 329180 reason=BREAKEVEN_GUARD remainingQty=0 phase=NONE exitType=TRAIL
2026-06-26 13:36:10 INFO  BUY [KRX] 329180 mode=VWAP_RECLAIM price=709000.0000 qty=14 size=1.0000x score=85[A](CONV) | WHY: dayChg=1.87% vrScore=88 aboveBars=5 hadBelow=true vol/vol5=2.64x | VWAP: 1.14%(ABOVE slope=UP) allowedGap=3.00% | TREND: score=3 vel=1.00%/0.57%/2.16% accel=true | VOL: 9989.0000/3013.3750 TO: 7082201000.0000/2112397531.2500 | HIGH: 710000.0000 fromHigh=-0.14% | VR: score=88 aboveBars=5 hadBelow=true vol/vol5=2.64x | entryNo=1
2026-06-26 13:36:10 INFO  BUY_FILLED 329180 phase=HOLDING
2026-06-26 13:36:10 INFO  SELL [BREAKEVEN_GUARD] 329180 pnl=-0.14% peakPnl=1.62% holdMs=1020000
2026-06-26 13:36:10 INFO  SELL_EXECUTED [KRX] 329180 mode=VWAP_RECLAIM phase=EXITING exitType=TRAIL price=708000.0000 qty=14 reason=BREAKEVEN_GUARD pnl=-0.14% peakPnl=1.62% holdMs=1020000 high=720500.0000 avgPrice=709000.0000 weightedPnl=-0.14% (pending fill)
2026-06-26 13:36:10 INFO  SELL_FILLED_PNL 329180 reason=BREAKEVEN_GUARD filledQty=14/14 fillRatio=1.00 weightedPnl=-0.14% dailyPnl=-0.14%
2026-06-26 13:36:10 INFO  SELL_FILLED 329180 reason=BREAKEVEN_GUARD remainingQty=0 phase=NONE exitType=TRAIL
2026-06-26 13:36:10 INFO  BUY [KRX] 329180 mode=BREAKOUT price=622000.0000 qty=16 size=1.0000x score=85[A](CONV) | WHY: strongBreakout volBreakout retestOK multiUp vol(2.39x) | VWAP: 0.78%(ABOVE slope=UP) allowedGap=1.50% | TREND: score=3 vel=0.81%/0.32%/0.97% accel=true | VOL: 2016.0000/842.7000 TO: 1253952000.0000/520505600.0000 | HIGH: 622000.0000 fromHigh=0.00% | entryNo=1
2026-06-26 13:36:10 INFO  BUY_FILLED 329180 phase=HOLDING
2026-06-26 13:36:10 INFO  SELL_EXECUTED [KRX] 329180 mode=BREAKOUT phase=EXITING exitType=PROFIT price=636000.0000 qty=16 reason=TAKE_PROFIT_BREAKOUT pnl=2.25% peakPnl=2.25% holdMs=1980000 high=636000.0000 avgPrice=622000.0000 weightedPnl=2.24% (pending fill)
2026-06-26 13:36:10 INFO  SELL_FILLED_PNL 329180 reason=TAKE_PROFIT_BREAKOUT filledQty=16/16 fillRatio=1.00 weightedPnl=2.24% dailyPnl=2.24%
2026-06-26 13:36:10 INFO  SELL_FILLED 329180 reason=TAKE_PROFIT_BREAKOUT remainingQty=0 phase=NONE exitType=PROFIT
2026-06-26 13:36:10 INFO  BUY amount set for 010170: 10000000.00
2026-06-26 13:36:12 INFO  BUY amount set for 032830: 10000000.00
2026-06-26 13:36:12 INFO  BUY [KRX] 032830 mode=BREAKOUT price=236000.0000 qty=42 size=1.0000x score=85[A](CONV) | WHY: strongBreakout volBreakout retestOK multiUp vol(2.73x) | VWAP: 0.58%(ABOVE slope=UP) allowedGap=1.50% | TREND: score=3 vel=0.64%/0.43%/0.43% accel=true | VOL: 2713.0000/994.6875 TO: 640268000.0000/233402093.7500 | HIGH: 236000.0000 fromHigh=0.00% | entryNo=1
2026-06-26 13:36:12 INFO  BUY_FILLED 032830 phase=HOLDING
2026-06-26 13:36:12 INFO  SELL [EOD_FORCE_SELL] 032830 pnl=-0.42% time=15:30
2026-06-26 13:36:12 INFO  SELL_EXECUTED [KRX] 032830 mode=BREAKOUT phase=EXITING exitType=TIMESTOP price=235000.0000 qty=42 reason=EOD_FORCE_SELL pnl=-0.42% peakPnl=-0.21% holdMs=22500000 high=235500.0000 avgPrice=236000.0000 weightedPnl=-0.42% (pending fill)
2026-06-26 13:36:12 INFO  SELL_FILLED_PNL 032830 reason=EOD_FORCE_SELL filledQty=42/42 fillRatio=1.00 weightedPnl=-0.42% dailyPnl=-0.42%
2026-06-26 13:36:12 INFO  SELL_FILLED 032830 reason=EOD_FORCE_SELL remainingQty=0 phase=NONE exitType=TIMESTOP
2026-06-26 13:36:12 INFO  BUY [KRX] 032830 mode=BREAKOUT price=255000.0000 qty=31 size=0.8000x score=85[A](CONV) | WHY: strongBreakout volBreakout retestOK multiUp vol(2.24x) | VWAP: 0.65%(ABOVE slope=UP) allowedGap=1.50% | TREND: score=3 vel=0.59%/0.39%/0.79% accel=true | VOL: 920.0000/411.4500 TO: 234600000.0000/104186775.0000 | HIGH: 255000.0000 fromHigh=0.00% | entryNo=1
2026-06-26 13:36:12 INFO  BUY_FILLED 032830 phase=HOLDING
2026-06-26 13:36:12 INFO  SELL_EXECUTED [KRX] 032830 mode=BREAKOUT phase=EXITING exitType=VWAP_BREAK price=252500.0000 qty=31 reason=VWAP_BREAK pnl=-0.98% peakPnl=0.78% holdMs=16680000 high=257000.0000 avgPrice=255000.0000 weightedPnl=-0.78% (pending fill)
2026-06-26 13:36:12 INFO  SELL_FILLED_PNL 032830 reason=VWAP_BREAK filledQty=31/31 fillRatio=1.00 weightedPnl=-0.78% dailyPnl=-0.78%
2026-06-26 13:36:12 INFO  SELL_FILLED 032830 reason=VWAP_BREAK remainingQty=0 phase=NONE exitType=VWAP_BREAK
2026-06-26 13:36:13 INFO  BUY [KRX] 032830 mode=BREAKOUT price=385500.0000 qty=25 size=1.0000x score=83[B] | WHY: strongBreakout volBreakout retestOK multiUp vol(9.06x) | VWAP: 1.02%(ABOVE slope=UP) allowedGap=1.50% | TREND: score=3 vel=0.26%/0.19%/0.26% accel=true | VOL: 3729.0000/411.6000 TO: 1437529500.0000/158440862.5000 | HIGH: 386500.0000 fromHigh=-0.26% | entryNo=1
2026-06-26 13:36:13 INFO  BUY_FILLED 032830 phase=HOLDING
2026-06-26 13:36:13 INFO  SELL_EXECUTED [KRX] 032830 mode=BREAKOUT phase=EXITING exitType=PROFIT price=393500.0000 qty=25 reason=TAKE_PROFIT_BREAKOUT pnl=2.08% peakPnl=2.08% holdMs=4380000 high=393500.0000 avgPrice=385500.0000 weightedPnl=2.00% (pending fill)
2026-06-26 13:36:13 INFO  SELL_FILLED_PNL 032830 reason=TAKE_PROFIT_BREAKOUT filledQty=25/25 fillRatio=1.00 weightedPnl=2.00% dailyPnl=2.00%
2026-06-26 13:36:13 INFO  SELL_FILLED 032830 reason=TAKE_PROFIT_BREAKOUT remainingQty=0 phase=NONE exitType=PROFIT
2026-06-26 13:36:14 INFO  BUY amount set for 042660: 10000000.00
2026-06-26 13:36:15 INFO  BUY amount set for 086520: 10000000.00
2026-06-26 13:36:16 INFO  BUY [KRX] 086520 mode=BREAKOUT price=148000.0000 qty=67 size=1.0000x score=85[A](CONV) | WHY: strongBreakout volBreakout retestOK multiUp vol(2.36x) | VWAP: 1.09%(ABOVE slope=UP) allowedGap=1.50% | TREND: score=3 vel=1.30%/1.23%/0.54% accel=true | VOL: 15141.0000/6413.6500 TO: 2243896200.0000/942929780.0000 | HIGH: 148300.0000 fromHigh=-0.07% | entryNo=1
2026-06-26 13:36:16 INFO  BUY_FILLED 086520 phase=HOLDING
2026-06-26 13:36:16 INFO  SELL_EXECUTED [KRX] 086520 mode=BREAKOUT phase=EXITING exitType=VWAP_BREAK price=145800.0000 qty=67 reason=VWAP_BREAK pnl=-1.62% peakPnl=0.74% holdMs=8100000 high=149300.0000 avgPrice=148200.0000 weightedPnl=-1.61% (pending fill)
2026-06-26 13:36:16 INFO  SELL_FILLED_PNL 086520 reason=VWAP_BREAK filledQty=67/67 fillRatio=1.00 weightedPnl=-1.61% dailyPnl=-1.61%
2026-06-26 13:36:16 INFO  SELL_FILLED 086520 reason=VWAP_BREAK remainingQty=0 phase=NONE exitType=VWAP_BREAK
2026-06-26 13:36:16 INFO  BUY [KRX] 086520 mode=BREAKOUT price=147000.0000 qty=54 size=0.8000x score=85[A](CONV) | WHY: strongBreakout volBreakout retestOK multiUp vol(2.07x) | VWAP: 1.26%(ABOVE slope=UP) allowedGap=1.50% | TREND: score=3 vel=0.69%/0.34%/1.52% accel=true | VOL: 17419.0000/8408.3500 TO: 2557109200.0000/1219030505.0000 | HIGH: 147100.0000 fromHigh=-0.20% | entryNo=1
2026-06-26 13:36:16 INFO  BUY_FILLED 086520 phase=HOLDING
2026-06-26 13:36:16 INFO  SELL_EXECUTED [KRX] 086520 mode=BREAKOUT phase=EXITING exitType=VWAP_BREAK price=144200.0000 qty=54 reason=VWAP_BREAK pnl=-1.77% peakPnl=0.54% holdMs=6240000 high=147600.0000 avgPrice=146800.0000 weightedPnl=-1.40% (pending fill)
2026-06-26 13:36:16 INFO  SELL_FILLED_PNL 086520 reason=VWAP_BREAK filledQty=54/54 fillRatio=1.00 weightedPnl=-1.40% dailyPnl=-1.40%
2026-06-26 13:36:16 INFO  SELL_FILLED 086520 reason=VWAP_BREAK remainingQty=0 phase=NONE exitType=VWAP_BREAK
2026-06-26 13:36:16 INFO  BUY [KRX] 086520 mode=BREAKOUT price=158000.0000 qty=63 size=1.0000x score=85[A](CONV) | WHY: strongBreakout volBreakout retestOK multiUp vol(2.46x) | VWAP: 1.01%(ABOVE slope=UP) allowedGap=1.50% | TREND: score=3 vel=0.51%/0.44%/0.76% accel=true | VOL: 9560.0000/3886.4500 TO: 1511436000.0000/610970380.0000 | HIGH: 158100.0000 fromHigh=0.00% | entryNo=1
2026-06-26 13:36:16 INFO  BUY_FILLED 086520 phase=HOLDING
2026-06-26 13:36:16 INFO  SELL [EOD_FORCE_SELL] 086520 pnl=-1.08% time=15:30
2026-06-26 13:36:16 INFO  SELL_EXECUTED [KRX] 086520 mode=BREAKOUT phase=EXITING exitType=TIMESTOP price=156400.0000 qty=63 reason=EOD_FORCE_SELL pnl=-1.08% peakPnl=0.06% holdMs=19920000 high=158200.0000 avgPrice=158100.0000 weightedPnl=-1.07% (pending fill)
2026-06-26 13:36:16 INFO  SELL_FILLED_PNL 086520 reason=EOD_FORCE_SELL filledQty=63/63 fillRatio=1.00 weightedPnl=-1.07% dailyPnl=-1.07%
2026-06-26 13:36:16 INFO  SELL_FILLED 086520 reason=EOD_FORCE_SELL remainingQty=0 phase=NONE exitType=TIMESTOP
2026-06-26 13:36:16 INFO  BUY [KRX] 086520 mode=BREAKOUT price=160000.0000 qty=62 size=1.0000x score=85[A](CONV) | WHY: strongBreakout volBreakout retestOK multiUp vol(2.54x) | VWAP: 1.00%(ABOVE slope=UP) allowedGap=1.50% | TREND: score=3 vel=0.57%/0.50%/0.41% accel=true | VOL: 4694.0000/1849.0000 TO: 751040000.0000/294558125.0000 | HIGH: 160000.0000 fromHigh=0.00% | entryNo=1
2026-06-26 13:36:16 INFO  BUY_FILLED 086520 phase=HOLDING
2026-06-26 13:36:16 INFO  SELL [EOD_FORCE_SELL] 086520 pnl=-0.06% time=15:30
2026-06-26 13:36:16 INFO  SELL_EXECUTED [KRX] 086520 mode=BREAKOUT phase=EXITING exitType=TIMESTOP price=159900.0000 qty=62 reason=EOD_FORCE_SELL pnl=-0.06% peakPnl=0.69% holdMs=7800000 high=161100.0000 avgPrice=160000.0000 weightedPnl=-0.06% (pending fill)
2026-06-26 13:36:16 INFO  SELL_FILLED_PNL 086520 reason=EOD_FORCE_SELL filledQty=62/62 fillRatio=1.00 weightedPnl=-0.06% dailyPnl=-0.06%
2026-06-26 13:36:16 INFO  SELL_FILLED 086520 reason=EOD_FORCE_SELL remainingQty=0 phase=NONE exitType=TIMESTOP
2026-06-26 13:36:17 INFO  BUY [KRX] 086520 mode=BREAKOUT price=108000.0000 qty=92 size=1.0000x score=85[A](CONV) | WHY: strongBreakout volBreakout retestOK multiUp vol(2.47x) | VWAP: 0.85%(ABOVE slope=UP) allowedGap=1.50% | TREND: score=3 vel=0.93%/0.74%/1.03% accel=true | VOL: 13167.0000/5338.1000 TO: 1424669400.0000/571538270.0000 | HIGH: 108400.0000 fromHigh=-0.18% | entryNo=1
2026-06-26 13:36:17 INFO  BUY_FILLED 086520 phase=HOLDING
2026-06-26 13:36:17 INFO  SELL_EXECUTED [KRX] 086520 mode=BREAKOUT phase=EXITING exitType=VWAP_BREAK price=106200.0000 qty=92 reason=VWAP_BREAK pnl=-1.85% peakPnl=1.02% holdMs=660000 high=109300.0000 avgPrice=108200.0000 weightedPnl=-1.84% (pending fill)
2026-06-26 13:36:17 INFO  SELL_FILLED_PNL 086520 reason=VWAP_BREAK filledQty=92/92 fillRatio=1.00 weightedPnl=-1.84% dailyPnl=-1.84%
2026-06-26 13:36:17 INFO  SELL_FILLED 086520 reason=VWAP_BREAK remainingQty=0 phase=NONE exitType=VWAP_BREAK
2026-06-26 13:36:17 INFO  BUY amount set for 005490: 10000000.00
2026-06-26 13:36:19 INFO  BUY [KRX] 005490 mode=BREAKOUT price=349500.0000 qty=22 size=0.8000x score=85[A](CONV) | WHY: strongBreakout volBreakout retestOK multiUp vol(2.17x) | VWAP: 1.05%(ABOVE slope=UP) allowedGap=1.50% | TREND: score=3 vel=0.43%/0.29%/0.43% accel=true | VOL: 2064.0000/950.9000 TO: 721368000.0000/330140725.0000 | HIGH: 350000.0000 fromHigh=-0.14% | entryNo=1
2026-06-26 13:36:19 INFO  BUY_FILLED 005490 phase=HOLDING
2026-06-26 13:36:19 INFO  SELL_EXECUTED [KRX] 005490 mode=BREAKOUT phase=EXITING exitType=PROFIT price=357000.0000 qty=22 reason=TAKE_PROFIT_BREAKOUT pnl=2.07% peakPnl=2.07% holdMs=12960000 high=356750.0000 avgPrice=349500.0000 weightedPnl=1.60% (pending fill)
2026-06-26 13:36:19 INFO  SELL_FILLED_PNL 005490 reason=TAKE_PROFIT_BREAKOUT filledQty=22/22 fillRatio=1.00 weightedPnl=1.60% dailyPnl=1.60%
2026-06-26 13:36:19 INFO  SELL_FILLED 005490 reason=TAKE_PROFIT_BREAKOUT remainingQty=0 phase=NONE exitType=PROFIT
2026-06-26 13:36:19 INFO  BUY amount set for 009155: 10000000.00
2026-06-26 13:36:20 INFO  BUY [KRX] 009155 mode=BREAKOUT price=631000.0000 qty=15 size=1.0000x score=85[A](CONV) | WHY: strongBreakout volBreakout retestOK multiUp vol(10.03x) | VWAP: 0.78%(ABOVE slope=UP) allowedGap=1.50% | TREND: score=3 vel=0.48%/0.32%/0.40% accel=true | VOL: 973.0000/97.0500 TO: 613963000.0000/61088850.0000 | HIGH: 632000.0000 fromHigh=-0.16% | entryNo=1
2026-06-26 13:36:20 INFO  BUY_FILLED 009155 phase=HOLDING
2026-06-26 13:36:20 INFO  SELL [EOD_FORCE_SELL] 009155 pnl=-0.48% time=15:30
2026-06-26 13:36:20 INFO  SELL_EXECUTED [KRX] 009155 mode=BREAKOUT phase=EXITING exitType=TIMESTOP price=628000.0000 qty=15 reason=EOD_FORCE_SELL pnl=-0.48% peakPnl=1.11% holdMs=10560000 high=638000.0000 avgPrice=631000.0000 weightedPnl=-0.45% (pending fill)
2026-06-26 13:36:20 INFO  SELL_FILLED_PNL 009155 reason=EOD_FORCE_SELL filledQty=15/15 fillRatio=1.00 weightedPnl=-0.45% dailyPnl=-0.45%
2026-06-26 13:36:20 INFO  SELL_FILLED 009155 reason=EOD_FORCE_SELL remainingQty=0 phase=NONE exitType=TIMESTOP
2026-06-26 13:36:21 INFO  BUY amount set for 047040: 10000000.00
2026-06-26 13:36:21 INFO  BUY [KRX] 047040 mode=VWAP_RECLAIM price=27900.0000 qty=358 size=1.0000x score=70[D] | WHY: dayChg=-2.45% vrScore=87 aboveBars=12 hadBelow=true vol/vol5=2.69x | VWAP: 0.70%(ABOVE slope=DN) allowedGap=3.00% | TREND: score=3 vel=0.54%/0.36%/0.36% accel=true | VOL: 47727.0000/21200.6500 TO: 1331583300.0000/589083025.0000 | HIGH: 27900.0000 fromHigh=0.00% | VR: score=87 aboveBars=12 hadBelow=true vol/vol5=2.69x | entryNo=1
2026-06-26 13:36:21 INFO  BUY_FILLED 047040 phase=HOLDING
2026-06-26 13:36:21 INFO  SELL_EXECUTED [KRX] 047040 mode=VWAP_RECLAIM phase=EXITING exitType=PROFIT price=28550.0000 qty=358 reason=TAKE_PROFIT_VWAP_RECLAIM pnl=2.33% peakPnl=2.33% holdMs=7440000 high=28550.0000 avgPrice=27900.0000 weightedPnl=2.33% (pending fill)
2026-06-26 13:36:21 INFO  SELL_FILLED_PNL 047040 reason=TAKE_PROFIT_VWAP_RECLAIM filledQty=358/358 fillRatio=1.00 weightedPnl=2.33% dailyPnl=2.33%
2026-06-26 13:36:21 INFO  SELL_FILLED 047040 reason=TAKE_PROFIT_VWAP_RECLAIM remainingQty=0 phase=NONE exitType=PROFIT
2026-06-26 13:36:22 INFO  BUY amount set for 373220: 10000000.00
2026-06-26 13:36:23 INFO  BUY [KRX] 373220 mode=BREAKOUT price=414500.0000 qty=19 size=0.8000x score=85[A](CONV) | WHY: strongBreakout volBreakout retestOK multiUp vol(2.26x) | VWAP: 1.13%(ABOVE slope=UP) allowedGap=1.50% | TREND: score=3 vel=0.61%/0.30%/0.73% accel=true | VOL: 6286.0000/2786.4000 TO: 2605547000.0000/1142968000.0000 | HIGH: 414500.0000 fromHigh=0.00% | entryNo=1
2026-06-26 13:36:23 INFO  BUY_FILLED 373220 phase=HOLDING
2026-06-26 13:36:23 INFO  SELL [EOD_FORCE_SELL] 373220 pnl=1.57% time=15:30
2026-06-26 13:36:23 INFO  SELL_EXECUTED [KRX] 373220 mode=BREAKOUT phase=EXITING exitType=TIMESTOP price=421000.0000 qty=19 reason=EOD_FORCE_SELL pnl=1.57% peakPnl=1.81% holdMs=22200000 high=422000.0000 avgPrice=414500.0000 weightedPnl=1.23% (pending fill)
2026-06-26 13:36:23 INFO  SELL_FILLED_PNL 373220 reason=EOD_FORCE_SELL filledQty=19/19 fillRatio=1.00 weightedPnl=1.23% dailyPnl=1.23%
2026-06-26 13:36:23 INFO  SELL_FILLED 373220 reason=EOD_FORCE_SELL remainingQty=0 phase=NONE exitType=TIMESTOP
2026-06-26 13:36:23 INFO  BUY [KRX] 373220 mode=BREAKOUT price=430000.0000 qty=18 size=0.8000x score=85[A](CONV) | WHY: strongBreakout volBreakout retestOK multiUp vol(2.16x) | VWAP: 1.02%(ABOVE slope=UP) allowedGap=1.50% | TREND: score=3 vel=0.58%/0.35%/0.23% accel=true | VOL: 9694.0000/4485.1500 TO: 4168420000.0000/1917046537.5000 | HIGH: 430000.0000 fromHigh=0.00% | entryNo=1
2026-06-26 13:36:23 INFO  BUY_FILLED 373220 phase=HOLDING
2026-06-26 13:36:23 INFO  SELL [EOD_FORCE_SELL] 373220 pnl=-0.23% time=15:30
2026-06-26 13:36:23 INFO  SELL_EXECUTED [KRX] 373220 mode=BREAKOUT phase=EXITING exitType=TIMESTOP price=429000.0000 qty=18 reason=EOD_FORCE_SELL pnl=-0.23% peakPnl=1.16% holdMs=21540000 high=435000.0000 avgPrice=430000.0000 weightedPnl=-0.18% (pending fill)
2026-06-26 13:36:23 INFO  SELL_FILLED_PNL 373220 reason=EOD_FORCE_SELL filledQty=18/18 fillRatio=1.00 weightedPnl=-0.18% dailyPnl=-0.18%
2026-06-26 13:36:23 INFO  SELL_FILLED 373220 reason=EOD_FORCE_SELL remainingQty=0 phase=NONE exitType=TIMESTOP
2026-06-26 13:36:23 INFO  BUY [KRX] 373220 mode=BREAKOUT price=480500.0000 qty=20 size=1.0000x score=85[A](CONV) | WHY: strongBreakout volBreakout retestOK multiUp vol(8.16x) | VWAP: 0.60%(ABOVE slope=UP) allowedGap=1.50% | TREND: score=3 vel=0.42%/0.31%/0.42% accel=true | VOL: 10638.0000/1303.8000 TO: 5111559000.0000/624771250.0000 | HIGH: 481000.0000 fromHigh=-0.10% | entryNo=1
2026-06-26 13:36:23 INFO  BUY_FILLED 373220 phase=HOLDING
2026-06-26 13:36:23 INFO  SELL [EOD_FORCE_SELL] 373220 pnl=0.31% time=15:30
2026-06-26 13:36:23 INFO  SELL_EXECUTED [KRX] 373220 mode=BREAKOUT phase=EXITING exitType=TIMESTOP price=482000.0000 qty=20 reason=EOD_FORCE_SELL pnl=0.31% peakPnl=1.25% holdMs=8760000 high=486500.0000 avgPrice=480500.0000 weightedPnl=0.30% (pending fill)
2026-06-26 13:36:23 INFO  SELL_FILLED_PNL 373220 reason=EOD_FORCE_SELL filledQty=20/20 fillRatio=1.00 weightedPnl=0.30% dailyPnl=0.30%
2026-06-26 13:36:23 INFO  SELL_FILLED 373220 reason=EOD_FORCE_SELL remainingQty=0 phase=NONE exitType=TIMESTOP
2026-06-26 13:36:24 INFO  BUY amount set for 067310: 10000000.00
2026-06-26 13:36:24 INFO  BUY [KRX] 067310 mode=BREAKOUT price=30200.0000 qty=331 size=1.0000x score=85[A](CONV) | WHY: strongBreakout volBreakout retestOK multiUp vol(7.98x) | VWAP: 0.46%(ABOVE slope=UP) allowedGap=1.50% | TREND: score=3 vel=0.33%/0.17%/0.33% accel=true | VOL: 13489.0000/1690.9500 TO: 407367800.0000/50964987.5000 | HIGH: 30200.0000 fromHigh=0.00% | entryNo=1
2026-06-26 13:36:24 INFO  BUY_FILLED 067310 phase=HOLDING
2026-06-26 13:36:24 INFO  SELL [EOD_FORCE_SELL] 067310 pnl=0.83% time=15:30
2026-06-26 13:36:24 INFO  SELL_EXECUTED [KRX] 067310 mode=BREAKOUT phase=EXITING exitType=TIMESTOP price=30450.0000 qty=331 reason=EOD_FORCE_SELL pnl=0.83% peakPnl=1.49% holdMs=8340000 high=30650.0000 avgPrice=30200.0000 weightedPnl=0.83% (pending fill)
2026-06-26 13:36:24 INFO  SELL_FILLED_PNL 067310 reason=EOD_FORCE_SELL filledQty=331/331 fillRatio=1.00 weightedPnl=0.83% dailyPnl=0.83%
2026-06-26 13:36:24 INFO  SELL_FILLED 067310 reason=EOD_FORCE_SELL remainingQty=0 phase=NONE exitType=TIMESTOP
2026-06-26 13:36:25 INFO  BUY [KRX] 067310 mode=VWAP_RECLAIM price=43050.0000 qty=232 size=1.0000x score=60[D] | WHY: dayChg=6.82% vrScore=87 aboveBars=6 hadBelow=true vol/vol5=2.28x | VWAP: 1.26%(ABOVE slope=DN) allowedGap=3.00% | TREND: score=3 vel=0.58%/0.47%/0.70% accel=true | VOL: 10679.0000/4226.4500 TO: 459730950.0000/179703430.0000 | HIGH: 43100.0000 fromHigh=-0.12% | VR: score=87 aboveBars=6 hadBelow=true vol/vol5=2.28x | entryNo=1
2026-06-26 13:36:25 INFO  BUY_FILLED 067310 phase=HOLDING
2026-06-26 13:36:25 INFO  SELL_EXECUTED [KRX] 067310 mode=VWAP_RECLAIM phase=EXITING exitType=PROFIT price=44200.0000 qty=232 reason=TAKE_PROFIT_VWAP_RECLAIM pnl=2.67% peakPnl=2.67% holdMs=600000 high=44200.0000 avgPrice=43050.0000 weightedPnl=2.67% (pending fill)
2026-06-26 13:36:25 INFO  SELL_FILLED_PNL 067310 reason=TAKE_PROFIT_VWAP_RECLAIM filledQty=232/232 fillRatio=1.00 weightedPnl=2.67% dailyPnl=2.67%
2026-06-26 13:36:25 INFO  SELL_FILLED 067310 reason=TAKE_PROFIT_VWAP_RECLAIM remainingQty=0 phase=NONE exitType=PROFIT
2026-06-26 13:36:26 INFO  BUY amount set for 267260: 10000000.00
2026-06-26 13:36:26 INFO  BUY [KRX] 267260 mode=BREAKOUT price=1064000.0000 qty=9 size=1.0000x score=85[A](CONV) | WHY: strongBreakout volBreakout retestOK multiUp vol(4.28x) | VWAP: 0.48%(ABOVE slope=UP) allowedGap=1.50% | TREND: score=3 vel=0.28%/0.19%/0.28% accel=true | VOL: 1411.0000/329.5500 TO: 1501304000.0000/349827100.0000 | HIGH: 1066000.0000 fromHigh=-0.19% | entryNo=1
2026-06-26 13:36:26 INFO  BUY_FILLED 267260 phase=HOLDING
2026-06-26 13:36:26 INFO  SELL_EXECUTED [KRX] 267260 mode=BREAKOUT phase=EXITING exitType=PROFIT price=1086000.0000 qty=9 reason=TAKE_PROFIT_BREAKOUT pnl=2.07% peakPnl=2.07% holdMs=14580000 high=1086000.0000 avgPrice=1064000.0000 weightedPnl=1.98% (pending fill)
2026-06-26 13:36:26 INFO  SELL_FILLED_PNL 267260 reason=TAKE_PROFIT_BREAKOUT filledQty=9/9 fillRatio=1.00 weightedPnl=1.98% dailyPnl=1.98%
2026-06-26 13:36:26 INFO  SELL_FILLED 267260 reason=TAKE_PROFIT_BREAKOUT remainingQty=0 phase=NONE exitType=PROFIT
2026-06-26 13:36:26 INFO  BUY [KRX] 267260 mode=BREAKOUT price=1060000.0000 qty=9 size=1.0000x score=85[A](CONV) | WHY: strongBreakout volBreakout retestOK multiUp vol(4.00x) | VWAP: 1.05%(ABOVE slope=UP) allowedGap=1.50% | TREND: score=3 vel=0.24%/0.19%/0.28% accel=true | VOL: 673.0000/168.3000 TO: 713380000.0000/177955625.0000 | HIGH: 1060000.0000 fromHigh=0.00% | entryNo=1
2026-06-26 13:36:26 INFO  BUY_FILLED 267260 phase=HOLDING
2026-06-26 13:36:26 INFO  SELL_EXECUTED [KRX] 267260 mode=BREAKOUT phase=EXITING exitType=PROFIT price=1083000.0000 qty=9 reason=TAKE_PROFIT_BREAKOUT pnl=2.17% peakPnl=2.17% holdMs=8400000 high=1083000.0000 avgPrice=1060000.0000 weightedPnl=2.07% (pending fill)
2026-06-26 13:36:26 INFO  SELL_FILLED_PNL 267260 reason=TAKE_PROFIT_BREAKOUT filledQty=9/9 fillRatio=1.00 weightedPnl=2.07% dailyPnl=2.07%
2026-06-26 13:36:26 INFO  SELL_FILLED 267260 reason=TAKE_PROFIT_BREAKOUT remainingQty=0 phase=NONE exitType=PROFIT
2026-06-26 13:36:27 INFO  BUY amount set for 105560: 10000000.00
2026-06-26 13:36:28 INFO  BUY [KRX] 105560 mode=BREAKOUT price=159000.0000 qty=62 size=1.0000x score=85[A](CONV) | WHY: strongBreakout volBreakout retestOK multiUp vol(3.02x) | VWAP: 0.91%(ABOVE slope=UP) allowedGap=1.50% | TREND: score=3 vel=0.25%/0.19%/0.51% accel=true | VOL: 16067.0000/5322.3500 TO: 2554653000.0000/842528255.0000 | HIGH: 159100.0000 fromHigh=-0.06% | entryNo=1
2026-06-26 13:36:28 INFO  BUY_FILLED 105560 phase=HOLDING
2026-06-26 13:36:28 INFO  SELL [EOD_FORCE_SELL] 105560 pnl=0.63% time=15:30
2026-06-26 13:36:28 INFO  SELL_EXECUTED [KRX] 105560 mode=BREAKOUT phase=EXITING exitType=TIMESTOP price=160000.0000 qty=62 reason=EOD_FORCE_SELL pnl=0.63% peakPnl=1.26% holdMs=21120000 high=161000.0000 avgPrice=159000.0000 weightedPnl=0.62% (pending fill)
2026-06-26 13:36:28 INFO  SELL_FILLED_PNL 105560 reason=EOD_FORCE_SELL filledQty=62/62 fillRatio=1.00 weightedPnl=0.62% dailyPnl=0.62%
2026-06-26 13:36:28 INFO  SELL_FILLED 105560 reason=EOD_FORCE_SELL remainingQty=0 phase=NONE exitType=TIMESTOP
2026-06-26 13:36:29 INFO  BUY amount set for 000270: 10000000.00
2026-06-26 13:36:29 INFO  BUY [KRX] 000270 mode=BREAKOUT price=160000.0000 qty=62 size=1.0000x score=85[A](CONV) | WHY: strongBreakout volBreakout retestOK multiUp vol(3.38x) | VWAP: 1.19%(ABOVE slope=UP) allowedGap=1.50% | TREND: score=3 vel=0.25%/0.19%/0.19% accel=true | VOL: 7985.0000/2363.7500 TO: 1278398500.0000/377349090.0000 | HIGH: 160300.0000 fromHigh=-0.12% | entryNo=1
2026-06-26 13:36:29 INFO  BUY_FILLED 000270 phase=HOLDING
2026-06-26 13:36:29 INFO  SELL [EOD_FORCE_SELL] 000270 pnl=-1.69% time=15:30
2026-06-26 13:36:29 INFO  SELL_EXECUTED [KRX] 000270 mode=BREAKOUT phase=EXITING exitType=TIMESTOP price=157400.0000 qty=62 reason=EOD_FORCE_SELL pnl=-1.69% peakPnl=-0.12% holdMs=19140000 high=159900.0000 avgPrice=160100.0000 weightedPnl=-1.67% (pending fill)
2026-06-26 13:36:29 INFO  SELL_FILLED_PNL 000270 reason=EOD_FORCE_SELL filledQty=62/62 fillRatio=1.00 weightedPnl=-1.67% dailyPnl=-1.67%
2026-06-26 13:36:29 INFO  SELL_FILLED 000270 reason=EOD_FORCE_SELL remainingQty=0 phase=NONE exitType=TIMESTOP
2026-06-26 13:36:31 INFO  BUY amount set for 000890: 10000000.00
2026-06-26 13:36:32 INFO  BUY amount set for 006800: 10000000.00
2026-06-26 13:36:32 INFO  BUY [KRX] 006800 mode=BREAKOUT price=67400.0000 qty=148 size=1.0000x score=85[A](CONV) | WHY: strongBreakout volBreakout retestOK multiUp vol(3.00x) | VWAP: 0.69%(ABOVE slope=UP) allowedGap=1.50% | TREND: score=3 vel=0.45%/0.30%/0.45% accel=true | VOL: 43450.0000/14463.6000 TO: 2928530000.0000/970899560.0000 | HIGH: 67500.0000 fromHigh=-0.15% | entryNo=1
2026-06-26 13:36:32 INFO  BUY_FILLED 006800 phase=HOLDING
2026-06-26 13:36:32 INFO  SELL_EXECUTED [KRX] 006800 mode=BREAKOUT phase=EXITING exitType=PROFIT price=69000.0000 qty=148 reason=TAKE_PROFIT_BREAKOUT pnl=2.37% peakPnl=2.37% holdMs=4560000 high=69000.0000 avgPrice=67400.0000 weightedPnl=2.37% (pending fill)
2026-06-26 13:36:32 INFO  SELL_FILLED_PNL 006800 reason=TAKE_PROFIT_BREAKOUT filledQty=148/148 fillRatio=1.00 weightedPnl=2.37% dailyPnl=2.37%
2026-06-26 13:36:32 INFO  SELL_FILLED 006800 reason=TAKE_PROFIT_BREAKOUT remainingQty=0 phase=NONE exitType=PROFIT
